******************************************************************************
                  TI ARM Linker PC v20.2.7                     
******************************************************************************
>> Linked Sun Feb 11 23:51:05 2024

OUTPUT FILE NAME:   <proj3.out>
ENTRY POINT SYMBOL: "_c_int00_noargs"  address: 00006d7d


MEMORY CONFIGURATION

         name            origin    length      used     unused   attr    fill
----------------------  --------  ---------  --------  --------  ----  --------
  MAIN                  00000000   00040000  0000781c  000387e4  R  X
  INFO                  00200000   00004000  00000000  00004000  R  X
  SRAM_CODE             01000000   00010000  00007c7c  00008384  RW X
  SRAM_DATA             20000000   00010000  00007c7c  00008384  RW  


SEGMENT ALLOCATION MAP

run origin  load origin   length   init length attrs members
----------  ----------- ---------- ----------- ----- -------
00000000    00000000    00007820   00007820    r-x
  00000000    00000000    000000e4   000000e4    r-- .intvecs
  000000e4    000000e4    00007220   00007220    r-x .text
  00007308    00007308    00000460   00000460    r-- .const
  00007768    00007768    000000b8   000000b8    r-- .cinit
20000000    20000000    00007a80   00000000    rw-
  20000000    20000000    0000745c   00000000    rw- .bss
  20007460    20007460    00000400   00000000    rw- .sysmem
  20007860    20007860    00000220   00000000    rw- .data
2000fe00    2000fe00    00000200   00000000    rw-
  2000fe00    2000fe00    00000200   00000000    rw- .stack


SECTION ALLOCATION MAP

 output                                  attributes/
section   page    origin      length       input sections
--------  ----  ----------  ----------   ----------------
.intvecs   0    00000000    000000e4     
                  00000000    000000e4     startup_msp432p401r_ccs.obj (.intvecs:retain)

.text      0    000000e4    00007220     
                  000000e4    00000a4e     rtsv7M4_T_le_v4SPD16_eabi.lib : _printfi.c.obj (.text:__TI_printfi)
                  00000b32    00000002                                   : _lock.c.obj (.text:_nop)
                  00000b34    00000a10     gps.obj (.text)
                  00001544    000008e0     main.obj (.text)
                  00001e24    00000738     rtsv7M4_T_le_v4SPD16_eabi.lib : k_rem_pio2.c.obj (.text:__kernel_rem_pio2)
                  0000255c    00000662     race.obj (.text)
                  00002bbe    00000002     rtsv7M4_T_le_v4SPD16_eabi.lib : div0.asm.obj (.text)
                  00002bc0    000005e0                                   : s_sin.c.obj (.text:sin)
                  000031a0    000005dc                                   : s_cos.c.obj (.text:cos)
                  0000377c    00000460                                   : strtod.c.obj (.text:strtod)
                  00003bdc    00000334     system_msp432p401r.obj (.text)
                  00003f10    000002ec     rtsv7M4_T_le_v4SPD16_eabi.lib : s_atan.c.obj (.text:atan)
                  000041fc    00000270                                   : _printfi.c.obj (.text:_pconv_a)
                  0000446c    000001e4                                   : e_atan2.c.obj (.text:atan2)
                  00004650    000001d0                                   : _printfi.c.obj (.text:_pconv_g)
                  00004820    000001b6                                   : fd_add_t2.asm.obj (.text)
                  000049d6    00000002     --HOLE-- [fill = 0]
                  000049d8    00000174                                   : k_sin.c.obj (.text:__kernel_sin)
                  00004b4c    00000170                                   : k_cos.c.obj (.text:__kernel_cos)
                  00004cbc    00000158                                   : e_sqrt.c.obj (.text:sqrt)
                  00004e14    00000144     msp432p4xx_driverlib.lib : timer_a.o (.text:privateTimer_AProcessClockSourceDivider)
                  00004f58    0000013c     rtsv7M4_T_le_v4SPD16_eabi.lib : _printfi.c.obj (.text:_pconv_e)
                  00005094    00000136                                   : fd_div_t2.asm.obj (.text)
                  000051ca    00000002     --HOLE-- [fill = 0]
                  000051cc    00000124                                   : _printfi.c.obj (.text:fcvt)
                  000052f0    0000011c     msp432p4xx_driverlib.lib : uart.o (.text:UART_initModule)
                  0000540c    00000114     rtsv7M4_T_le_v4SPD16_eabi.lib : fputs.c.obj (.text:fputs)
                  00005520    00000110                                   : s_scalbn.c.obj (.text:scalbn)
                  00005630    00000100                                   : memory.c.obj (.text:aligned_alloc)
                  00005730    000000fc                                   : fd_mul_t2.asm.obj (.text)
                  0000582c    000000f8                                   : s_floor.c.obj (.text:floor)
                  00005924    000000e4                                   : memory.c.obj (.text:free)
                  00005a08    000000dc                                   : setvbuf.c.obj (.text:setvbuf)
                  00005ae4    000000b1                                   : _printfi.c.obj (.text:_ltostr)
                  00005b95    00000001     --HOLE-- [fill = 0]
                  00005b96    0000009c                                   : memcpy_t2.asm.obj (.text)
                  00005c32    00000096                                   : ull_div_t2.asm.obj (.text)
                  00005cc8    0000008c                                   : fputc.c.obj (.text:fputc)
                  00005d54    00000088     msp432p4xx_driverlib.lib : gpio.o (.text:GPIO_setAsPeripheralModuleFunctionInputPin)
                  00005ddc    00000086     rtsv7M4_T_le_v4SPD16_eabi.lib : fd_cmp_t2.asm.obj (.text:__aeabi_cdcmple)
                  00005e62    00000086                                   : fd_cmp_t2.asm.obj (.text:__aeabi_cdrcmple)
                  00005ee8    00000084     msp432p4xx_driverlib.lib : gpio.o (.text:GPIO_getEnabledInterruptStatus)
                  00005f6c    00000080                              : interrupt.o (.text:Interrupt_enableInterrupt)
                  00005fec    0000007a     rtsv7M4_T_le_v4SPD16_eabi.lib : memset_t2.asm.obj (.text)
                  00006066    00000002     --HOLE-- [fill = 0]
                  00006068    00000074                                   : fclose.c.obj (.text:__TI_closefile)
                  000060dc    00000070                                   : memory.c.obj (.text:split)
                  0000614c    0000006e                                   : _printfi.c.obj (.text:_mcpy)
                  000061ba    0000006e                                   : fd_tos_t2.asm.obj (.text)
                  00006228    0000006c                                   : hostrename.c.obj (.text:HOSTrename)
                  00006294    00000068                                   : hostlseek.c.obj (.text:HOSTlseek)
                  000062fc    00000068     msp432p4xx_driverlib.lib : timer_a.o (.text:Timer_A_configureUpMode)
                  00006364    00000068     rtsv7M4_T_le_v4SPD16_eabi.lib : copy_decompress_lzss.c.obj (.text:decompress:lzss:__TI_decompress_lzss)
                  000063cc    00000068                                   : printf.c.obj (.text:printf)
                  00006434    00000064     msp432p4xx_driverlib.lib : uart.o (.text:UART_getEnabledInterruptStatus)
                  00006498    00000064     rtsv7M4_T_le_v4SPD16_eabi.lib : s_frexp.c.obj (.text:frexp)
                  000064fc    00000064                                   : fseek.c.obj (.text:fseek)
                  00006560    00000062                                   : _io_perm.c.obj (.text:__TI_wrt_ok)
                  000065c2    00000002     --HOLE-- [fill = 0]
                  000065c4    00000060                                   : hostopen.c.obj (.text:HOSTopen)
                  00006624    0000005c                                   : close.c.obj (.text:close)
                  00006680    00000058     msp432p4xx_driverlib.lib : gpio.o (.text:GPIO_setAsInputPinWithPullUpResistor)
                  000066d8    00000058     rtsv7M4_T_le_v4SPD16_eabi.lib : hostread.c.obj (.text:HOSTread)
                  00006730    00000058                                   : hostwrite.c.obj (.text:HOSTwrite)
                  00006788    00000056                                   : _printfi.c.obj (.text:_pconv_f)
                  000067de    00000054                                   : _ltoa.c.obj (.text:__TI_ltoa)
                  00006832    00000052                                   : _printfi.c.obj (.text:_ecpy)
                  00006884    0000004c                                   : fflush.c.obj (.text:__TI_doflush)
                  000068d0    0000004c                                   : atoi.c.obj (.text:atoi)
                  0000691c    00000048                                   : exit.c.obj (.text:exit)
                  00006964    00000048                                   : fd_toi_t2.asm.obj (.text)
                  000069ac    00000044                                   : hostclose.c.obj (.text:HOSTclose)
                  000069f0    00000044                                   : hostunlink.c.obj (.text:HOSTunlink)
                  00006a34    00000044                                   : autoinit.c.obj (.text:__TI_auto_init_nobinit_nopinit:__TI_auto_init_nobinit_nopinit)
                  00006a78    00000044                                   : getdevice.c.obj (.text:getdevice)
                  00006abc    00000040     msp432p4xx_driverlib.lib : gpio.o (.text:GPIO_setAsOutputPin)
                  00006afc    00000040     rtsv7M4_T_le_v4SPD16_eabi.lib : u_divt2.asm.obj (.text)
                  00006b3c    00000040                                   : sprintf.c.obj (.text:sprintf)
                  00006b7c    00000040                                   : strtok.c.obj (.text:strtok)
                  00006bbc    0000003e                                   : _printfi.c.obj (.text:_fcpy)
                  00006bfa    00000002     --HOLE-- [fill = 0]
                  00006bfc    0000003c     msp432p4xx_driverlib.lib : gpio.o (.text:GPIO_interruptEdgeSelect)
                  00006c38    00000038     rtsv7M4_T_le_v4SPD16_eabi.lib : trgmsg.c.obj (.text:__TI_writemsg)
                  00006c70    00000038                                   : fs_tod_t2.asm.obj (.text)
                  00006ca8    00000036                                   : strncpy.c.obj (.text:strncpy)
                  00006cde    00000002     --HOLE-- [fill = 0]
                  00006ce0    00000034     msp432p4xx_driverlib.lib : uart.o (.text:UART_transmitData)
                  00006d14    00000034     rtsv7M4_T_le_v4SPD16_eabi.lib : fopen.c.obj (.text:__TI_cleanup)
                  00006d48    00000034                                   : trgmsg.c.obj (.text:__TI_readmsg)
                  00006d7c    00000034                                   : boot_cortex_m.c.obj (.text:_c_int00_noargs:_c_int00_noargs)
                  00006db0    00000030     msp432p4xx_driverlib.lib : gpio.o (.text:GPIO_getInputPinValue)
                  00006de0    00000030                              : uart.o (.text:UART_disableInterrupt)
                  00006e10    00000030                              : uart.o (.text:UART_enableInterrupt)
                  00006e40    00000030                              : uart.o (.text:UART_receiveData)
                  00006e70    00000030     rtsv7M4_T_le_v4SPD16_eabi.lib : getdevice.c.obj (.text:finddevice)
                  00006ea0    0000002e                                   : i_tofd_t2.asm.obj (.text)
                  00006ece    00000002     --HOLE-- [fill = 0]
                  00006ed0    0000002c     msp432p4xx_driverlib.lib : timer_a.o (.text:Timer_A_clearCaptureCompareInterrupt)
                  00006efc    0000002c     rtsv7M4_T_le_v4SPD16_eabi.lib : strncmp.c.obj (.text:strncmp)
                  00006f28    0000002c                                   : unlink.c.obj (.text:unlink)
                  00006f54    0000002a                                   : strspn.c.obj (.text:strspn)
                  00006f7e    00000002     --HOLE-- [fill = 0]
                  00006f80    00000028     msp432p4xx_driverlib.lib : gpio.o (.text:GPIO_clearInterruptFlag)
                  00006fa8    00000028                              : gpio.o (.text:GPIO_enableInterrupt)
                  00006fd0    00000028                              : gpio.o (.text:GPIO_setOutputHighOnPin)
                  00006ff8    00000028                              : gpio.o (.text:GPIO_setOutputLowOnPin)
                  00007020    00000028     rtsv7M4_T_le_v4SPD16_eabi.lib : memory.c.obj (.text:free_list_insert)
                  00007048    00000028                                   : lseek.c.obj (.text:lseek)
                  00007070    00000028                                   : write.c.obj (.text:write)
                  00007098    00000024     msp432p4xx_driverlib.lib : gpio.o (.text:GPIO_getInterruptStatus)
                  000070bc    00000024                              : wdt_a.o (.text:WDT_A_holdTimer)
                  000070e0    00000024     rtsv7M4_T_le_v4SPD16_eabi.lib : strcspn.c.obj (.text:strcspn)
                  00007104    00000020                                   : memchr.c.obj (.text:memchr)
                  00007124    0000001e                                   : strcat.c.obj (.text:strcat)
                  00007142    00000002     --HOLE-- [fill = 0]
                  00007144    0000001c                                   : memory.c.obj (.text:free_list_remove)
                  00007160    0000001c                                   : memccpy.c.obj (.text:memccpy)
                  0000717c    0000001a                                   : s_copysign.c.obj (.text:copysign)
                  00007196    00000018     msp432p4xx_driverlib.lib : uart.o (.text:UART_getInterruptStatus)
                  000071ae    00000018     rtsv7M4_T_le_v4SPD16_eabi.lib : sprintf.c.obj (.text:_outs)
                  000071c6    00000018                                   : strcmp.c.obj (.text:strcmp)
                  000071de    00000016     msp432p4xx_driverlib.lib : timer_a.o (.text:Timer_A_startCounter)
                  000071f4    00000016                              : uart.o (.text:UART_clearInterruptFlag)
                  0000720a    00000016                              : uart.o (.text:UART_enableModule)
                  00007220    00000016     rtsv7M4_T_le_v4SPD16_eabi.lib : strchr.c.obj (.text:strchr)
                  00007236    00000014                                   : strcpy.c.obj (.text:strcpy)
                  0000724a    00000014                                   : strlen.c.obj (.text:strlen)
                  0000725e    00000012                                   : atof.c.obj (.text:atof)
                  00007270    00000012                                   : wcslen.c.obj (.text:wcslen)
                  00007282    00000002     --HOLE-- [fill = 0]
                  00007284    00000010     msp432p4xx_driverlib.lib : interrupt.o (.text:Interrupt_disableSleepOnIsrExit)
                  00007294    00000010                              : interrupt.o (.text:Interrupt_enableMaster)
                  000072a4    0000000e     rtsv7M4_T_le_v4SPD16_eabi.lib : copy_decompress_none.c.obj (.text:decompress:none:__TI_decompress_none)
                  000072b2    0000000e     startup_msp432p401r_ccs.obj (.text)
                  000072c0    0000000c     msp432p4xx_driverlib.lib : cpu.o (.text:CPU_cpsie)
                  000072cc    0000000c     rtsv7M4_T_le_v4SPD16_eabi.lib : copy_zero_init.c.obj (.text:decompress:ZI:__TI_zero_init)
                  000072d8    0000000a                                   : sprintf.c.obj (.text:_outc)
                  000072e2    00000002     --HOLE-- [fill = 0]
                  000072e4    00000008                                   : errno.c.obj (.text:__aeabi_errno_addr)
                  000072ec    00000008                                   : memory.c.obj (.text:malloc)
                  000072f4    00000004                                   : printf.c.obj (.text:_outc)
                  000072f8    00000004                                   : printf.c.obj (.text:_outs)
                  000072fc    00000004                                   : pre_init.c.obj (.text:_system_pre_init)
                  00007300    00000004                                   : exit.c.obj (.text:abort:abort)

.const     0    00007308    00000460     
                  00007308    00000158     rtsv7M4_T_le_v4SPD16_eabi.lib : k_rem_pio2.c.obj (.const:$O1$$)
                  00007460    00000101                                   : ctype.c.obj (.const:.string:_ctypes_)
                  00007561    00000007     --HOLE-- [fill = 0]
                  00007568    000000c8                                   : strtod.c.obj (.const:$O1$$)
                  00007630    00000098                                   : s_atan.c.obj (.const:$O1$$)
                  000076c8    00000030     msp432p4xx_driverlib.lib : gpio.o (.const:GPIO_PORT_TO_BASE)
                  000076f8    00000028     main.obj (.const:uartConfig0)
                  00007720    00000028     main.obj (.const:uartConfig1)
                  00007748    00000018     main.obj (.const:upConfig)
                  00007760    00000008     msp432p4xx_driverlib.lib : interrupt.o (.const:g_pulEnRegs)

.cinit     0    00007768    000000b8     
                  00007768    0000008d     (.cinit..data.load) [load image, compression = lzss]
                  000077f5    00000003     --HOLE-- [fill = 0]
                  000077f8    0000000c     (__TI_handler_table)
                  00007804    00000004     --HOLE-- [fill = 0]
                  00007808    00000008     (.cinit..bss.load) [load image, compression = zero_init]
                  00007810    00000010     (__TI_cinit_table)

.init_array 
*          0    00000000    00000000     UNINITIALIZED

.binit     0    00000000    00000000     

.bss       0    20000000    0000745c     UNINITIALIZED
                  20000000    00007178     (.common:race)
                  20007178    00000120     rtsv7M4_T_le_v4SPD16_eabi.lib : trgmsg.c.obj (.bss:_CIOBUF_)
                  20007298    000000c4     (.common:gps)
                  2000735c    000000a0     (.common:__TI_tmpnams)
                  200073fc    00000014     race.obj (.bss:buffer$1)
                  20007410    00000014     race.obj (.bss:buffer$2)
                  20007424    0000000c     gps.obj (.bss:buffer_pos_to_decimal$1)
                  20007430    0000000c     gps.obj (.bss:buffer_set_position$2)
                  2000743c    0000000c     gps.obj (.bss:buffer_temporal_separator$3)
                  20007448    0000000c     race.obj (.bss:time$3)
                  20007454    00000008     (.common:parmbuf)

.sysmem    0    20007460    00000400     UNINITIALIZED
                  20007460    00000010     rtsv7M4_T_le_v4SPD16_eabi.lib : memory.c.obj (.sysmem)
                  20007470    000003f0     --HOLE--

.data      0    20007860    00000220     UNINITIALIZED
                  20007860    000000f0     rtsv7M4_T_le_v4SPD16_eabi.lib : defs.c.obj (.data:_ftable)
                  20007950    00000078                                   : host_device.c.obj (.data:_device)
                  200079c8    00000050                                   : host_device.c.obj (.data:_stream)
                  20007a18    00000028     main.obj (.data:fsm)
                  20007a40    00000010     rtsv7M4_T_le_v4SPD16_eabi.lib : defs.c.obj (.data)
                  20007a50    0000000c                                   : exit.c.obj (.data:$O1$$)
                  20007a5c    00000008                                   : _lock.c.obj (.data:$O1$$)
                  20007a64    00000008                                   : memory.c.obj (.data:$O1$$)
                  20007a6c    00000007     main.obj (.data)
                  20007a73    00000001     --HOLE--
                  20007a74    00000004     rtsv7M4_T_le_v4SPD16_eabi.lib : errno.c.obj (.data)
                  20007a78    00000004                                   : strtok.c.obj (.data)
                  20007a7c    00000004     system_msp432p401r.obj (.data)

.stack     0    2000fe00    00000200     UNINITIALIZED
                  2000fe00    00000004     rtsv7M4_T_le_v4SPD16_eabi.lib : boot_cortex_m.c.obj (.stack)
                  2000fe04    000001fc     --HOLE--

__llvm_prf_cnts 
*          0    20000000    00000000     UNINITIALIZED

MODULE SUMMARY

       Module                        code    ro data   rw data
       ------                        ----    -------   -------
    .\
       main.obj                      2272    104       58582  
       gps.obj                       2576    0         72     
       race.obj                      1634    0         104    
       system_msp432p401r.obj        820     0         8      
       startup_msp432p401r_ccs.obj   14      228       0      
    +--+-----------------------------+-------+---------+---------+
       Total:                        7316    332       58766  
                                                              
    C:/ti/simplelink_msp432p4_sdk_3_40_01_02/source/ti/devices/msp432p4xx/driverlib/ccs/msp432p4xx_driverlib.lib
       gpio.o                        724     48        0      
       uart.o                        648     0         0      
       timer_a.o                     494     0         0      
       interrupt.o                   160     8         0      
       wdt_a.o                       36      0         0      
       cpu.o                         12      0         0      
    +--+-----------------------------+-------+---------+---------+
       Total:                        2074    56        0      
                                                              
    C:\ti\ccs1250\ccs\tools\compiler\ti-cgt-arm_20.2.7.LTS\lib\rtsv7M4_T_le_v4SPD16_eabi.lib
       _printfi.c.obj                4851    0         0      
       k_rem_pio2.c.obj              1848    344       0      
       s_sin.c.obj                   1504    0         0      
       s_cos.c.obj                   1500    0         0      
       strtod.c.obj                  1120    200       0      
       s_atan.c.obj                  748     152       0      
       defs.c.obj                    0       0         832    
       memory.c.obj                  672     0         16     
       trgmsg.c.obj                  108     0         576    
       e_atan2.c.obj                 484     0         0      
       fd_add_t2.asm.obj             438     0         0      
       host_device.c.obj             0       0         400    
       k_sin.c.obj                   372     0         0      
       k_cos.c.obj                   368     0         0      
       e_sqrt.c.obj                  344     0         0      
       fd_div_t2.asm.obj             310     0         0      
       fputs.c.obj                   276     0         0      
       s_scalbn.c.obj                272     0         0      
       fd_cmp_t2.asm.obj             268     0         0      
       ctype.c.obj                   0       257       0      
       fd_mul_t2.asm.obj             252     0         0      
       s_floor.c.obj                 248     0         0      
       setvbuf.c.obj                 220     0         0      
       memcpy_t2.asm.obj             156     0         0      
       ull_div_t2.asm.obj            150     0         0      
       fputc.c.obj                   140     0         0      
       memset_t2.asm.obj             122     0         0      
       fclose.c.obj                  116     0         0      
       getdevice.c.obj               116     0         0      
       hostopen.c.obj                96      0         16     
       printf.c.obj                  112     0         0      
       fd_tos_t2.asm.obj             110     0         0      
       hostrename.c.obj              108     0         0      
       copy_decompress_lzss.c.obj    104     0         0      
       hostlseek.c.obj               104     0         0      
       exit.c.obj                    76      0         24     
       fseek.c.obj                   100     0         0      
       s_frexp.c.obj                 100     0         0      
       _io_perm.c.obj                98      0         0      
       sprintf.c.obj                 98      0         0      
       close.c.obj                   92      0         0      
       hostread.c.obj                88      0         0      
       hostwrite.c.obj               88      0         0      
       _ltoa.c.obj                   84      0         0      
       atoi.c.obj                    76      0         0      
       fflush.c.obj                  76      0         0      
       fd_toi_t2.asm.obj             72      0         0      
       strtok.c.obj                  64      0         8      
       autoinit.c.obj                68      0         0      
       hostclose.c.obj               68      0         0      
       hostunlink.c.obj              68      0         0      
       u_divt2.asm.obj               64      0         0      
       fs_tod_t2.asm.obj             56      0         0      
       strncpy.c.obj                 54      0         0      
       boot_cortex_m.c.obj           52      0         0      
       fopen.c.obj                   52      0         0      
       i_tofd_t2.asm.obj             46      0         0      
       strncmp.c.obj                 44      0         0      
       unlink.c.obj                  44      0         0      
       strspn.c.obj                  42      0         0      
       lseek.c.obj                   40      0         0      
       write.c.obj                   40      0         0      
       strcspn.c.obj                 36      0         0      
       memchr.c.obj                  32      0         0      
       strcat.c.obj                  30      0         0      
       memccpy.c.obj                 28      0         0      
       s_copysign.c.obj              26      0         0      
       strcmp.c.obj                  24      0         0      
       strchr.c.obj                  22      0         0      
       strcpy.c.obj                  20      0         0      
       strlen.c.obj                  20      0         0      
       _lock.c.obj                   2       0         16     
       atof.c.obj                    18      0         0      
       wcslen.c.obj                  18      0         0      
       errno.c.obj                   8       0         8      
       copy_decompress_none.c.obj    14      0         0      
       copy_zero_init.c.obj          12      0         0      
       pre_init.c.obj                4       0         0      
       div0.asm.obj                  2       0         0      
    +--+-----------------------------+-------+---------+---------+
       Total:                        19803   953       1896   
                                                              
       Heap:                         0       0         2048   
       Stack:                        0       0         1024   
       Linker Generated:             0       177       0      
    +--+-----------------------------+-------+---------+---------+
       Grand Total:                  29193   1518      63734  


LINKER GENERATED COPY TABLES

__TI_cinit_table @ 00007810 records: 2, size/record: 8, table size: 16
	.data: load addr=00007768, load size=0000008d bytes, run addr=20007860, run size=00000220 bytes, compression=lzss
	.bss: load addr=00007808, load size=00000008 bytes, run addr=20000000, run size=0000745c bytes, compression=zero_init


LINKER GENERATED HANDLER TABLE

__TI_handler_table @ 000077f8 records: 3, size/record: 4, table size: 12
	index: 0, handler: __TI_decompress_lzss
	index: 1, handler: __TI_decompress_none
	index: 2, handler: __TI_zero_init


GLOBAL SYMBOLS: SORTED ALPHABETICALLY BY Name 

address   name                                      
-------   ----                                      
000072bf  ADC14_IRQHandler                          
000072bf  AES256_IRQHandler                         
000072bf  BusFault_Handler                          
00007301  C$$EXIT                                   
00006c67  C$$IO$$                                   
000072bf  COMP_E0_IRQHandler                        
000072bf  COMP_E1_IRQHandler                        
000072c1  CPU_cpsie                                 
000072bf  CS_IRQHandler                             
000072bf  DMA_ERR_IRQHandler                        
000072bf  DMA_INT0_IRQHandler                       
000072bf  DMA_INT1_IRQHandler                       
000072bf  DMA_INT2_IRQHandler                       
000072bf  DMA_INT3_IRQHandler                       
000072bf  DebugMon_Handler                          
000072bf  Default_Handler                           
000072bf  EUSCIA0_IRQHandler                        
000072bf  EUSCIA1_IRQHandler                        
00001d41  EUSCIA2_IRQHandler                        
00001d41  EUSCIA2_IRQHandler                        
000072bf  EUSCIA3_IRQHandler                        
000072bf  EUSCIB0_IRQHandler                        
000072bf  EUSCIB1_IRQHandler                        
000072bf  EUSCIB2_IRQHandler                        
000072bf  EUSCIB3_IRQHandler                        
000072bf  FLCTL_IRQHandler                          
000072bf  FPU_IRQHandler                            
00006f81  GPIO_clearInterruptFlag                   
00006fa9  GPIO_enableInterrupt                      
000018a1  GPIO_enable_interrupt_all_buttons         
000018ed  GPIO_enable_leds                          
00001879  GPIO_enable_pullup_all_buttons            
00005ee9  GPIO_getEnabledInterruptStatus            
00006db1  GPIO_getInputPinValue                     
00007099  GPIO_getInterruptStatus                   
00006bfd  GPIO_interruptEdgeSelect                  
00006681  GPIO_setAsInputPinWithPullUpResistor      
00006abd  GPIO_setAsOutputPin                       
00005d55  GPIO_setAsPeripheralModuleFunctionInputPin
00006fd1  GPIO_setOutputHighOnPin                   
00006ff9  GPIO_setOutputLowOnPin                    
000069ad  HOSTclose                                 
00006295  HOSTlseek                                 
000065c5  HOSTopen                                  
000066d9  HOSTread                                  
00006229  HOSTrename                                
000069f1  HOSTunlink                                
00006731  HOSTwrite                                 
000072bf  HardFault_Handler                         
00001bf7  INTERRUPT_enable                          
00007285  Interrupt_disableSleepOnIsrExit           
00005f6d  Interrupt_enableInterrupt                 
00007295  Interrupt_enableMaster                    
00001945  LED_set_color                             
000072bf  MemManage_Handler                         
000072bf  NMI_Handler                               
000072bf  PCM_IRQHandler                            
00001d05  PORT1_IRQHandler                          
00001d05  PORT1_IRQHandler                          
000072bf  PORT2_IRQHandler                          
00001ccd  PORT3_IRQHandler                          
00001ccd  PORT3_IRQHandler                          
000072bf  PORT4_IRQHandler                          
00001c8d  PORT5_IRQHandler                          
00001c8d  PORT5_IRQHandler                          
000072bf  PORT6_IRQHandler                          
000072bf  PSS_IRQHandler                            
000072bf  PendSV_Handler                            
00001c1d  RACE_set_run_values                       
000072bf  RTC_C_IRQHandler                          
000072b3  Reset_Handler                             
000072bf  SVC_Handler                               
000072bf  SysTick_Handler                           
20007a7c  SystemCoreClock                           
00003bdd  SystemCoreClockUpdate                     
00003e55  SystemInit                                
000072bf  T32_INT1_IRQHandler                       
000072bf  T32_INT2_IRQHandler                       
000072bf  T32_INTC_IRQHandler                       
000072bf  TA0_0_IRQHandler                          
000072bf  TA0_N_IRQHandler                          
00001c53  TA1_0_IRQHandler                          
00001c53  TA1_0_IRQHandler                          
000072bf  TA1_N_IRQHandler                          
000072bf  TA2_0_IRQHandler                          
000072bf  TA2_N_IRQHandler                          
000072bf  TA3_0_IRQHandler                          
000072bf  TA3_N_IRQHandler                          
00006ed1  Timer_A_clearCaptureCompareInterrupt      
000062fd  Timer_A_configureUpMode                   
000071df  Timer_A_startCounter                      
00001a27  UART0_config                              
00001b55  UART0_transmit_gps_data                   
00001a4d  UART2_config                              
000071f5  UART_clearInterruptFlag                   
00006de1  UART_disableInterrupt                     
00006e11  UART_enableInterrupt                      
0000720b  UART_enableModule                         
00006435  UART_getEnabledInterruptStatus            
00007197  UART_getInterruptStatus                   
000052f1  UART_initModule                           
00006e41  UART_receiveData                          
00006ce1  UART_transmitData                         
00001ab9  UART_transmit_all_data_race               
00001a81  UART_transmit_string                      
000072bf  UsageFault_Handler                        
4000480c  WDTCTL_SYM                                
000072bf  WDT_A_IRQHandler                          
000070bd  WDT_A_holdTimer                           
20007178  __CIOBUF_                                 
20010000  __STACK_END                               
00000200  __STACK_SIZE                              
00000400  __SYSMEM_SIZE                             
00007810  __TI_CINIT_Base                           
00007820  __TI_CINIT_Limit                          
000077f8  __TI_Handler_Table_Base                   
00007804  __TI_Handler_Table_Limit                  
00006a35  __TI_auto_init_nobinit_nopinit            
00006d15  __TI_cleanup                              
20007a50  __TI_cleanup_ptr                          
00006069  __TI_closefile                            
00006365  __TI_decompress_lzss                      
000072a5  __TI_decompress_none                      
00006885  __TI_doflush                              
20007a54  __TI_dtors_ptr                            
20007a58  __TI_enable_exit_profile_output           
20007a40  __TI_ft_end                               
000067df  __TI_ltoa                                 
ffffffff  __TI_pprof_out_hndl                       
000000e5  __TI_printfi                              
ffffffff  __TI_prof_data_size                       
ffffffff  __TI_prof_data_start                      
00006d49  __TI_readmsg                              
00000000  __TI_static_base__                        
2000735c  __TI_tmpnams                              
00006c39  __TI_writemsg                             
00006561  __TI_wrt_ok                               
000072cd  __TI_zero_init                            
00005ddd  __aeabi_cdcmpeq                           
00005ddd  __aeabi_cdcmple                           
00005e63  __aeabi_cdrcmple                          
000061bb  __aeabi_d2f                               
00006965  __aeabi_d2iz                              
0000482b  __aeabi_dadd                              
00005095  __aeabi_ddiv                              
00005731  __aeabi_dmul                              
00004821  __aeabi_dsub                              
000072e5  __aeabi_errno_addr                        
00006c71  __aeabi_f2d                               
00006ea1  __aeabi_i2d                               
00002bbf  __aeabi_idiv0                             
00002bbf  __aeabi_ldiv0                             
00005fed  __aeabi_memclr                            
00005fed  __aeabi_memclr4                           
00005fed  __aeabi_memclr8                           
00005b97  __aeabi_memcpy                            
00005b97  __aeabi_memcpy4                           
00005b97  __aeabi_memcpy8                           
00005fef  __aeabi_memset                            
00005fef  __aeabi_memset4                           
00005fef  __aeabi_memset8                           
20007a4c  __aeabi_stderr                            
20007a44  __aeabi_stdin                             
20007a48  __aeabi_stdout                            
00006afd  __aeabi_uidiv                             
00006afd  __aeabi_uidivmod                          
00005c33  __aeabi_uldivmod                          
ffffffff  __binit__                                 
ffffffff  __c_args__                                
00004b4d  __kernel_cos                              
00001e25  __kernel_rem_pio2                         
000049d9  __kernel_sin                              
UNDEFED   __mpu_init                                
2000fe00  __stack                                   
20000000  __start___llvm_prf_cnts                   
20000000  __stop___llvm_prf_cnts                    
00006d7d  _c_int00_noargs                           
00007460  _ctypes_                                  
20007950  _device                                   
20007860  _ftable                                   
20007a5c  _lock                                     
00000b33  _nop                                      
200079c8  _stream                                   
20007460  _sys_memory                               
UNDEFED   _system_post_cinit                        
000072fd  _system_pre_init                          
20007a60  _unlock                                   
00007301  abort                                     
00005631  aligned_alloc                             
00003f11  atan                                      
0000446d  atan2                                     
0000446d  atan2l                                    
00003f11  atanl                                     
0000725f  atof                                      
000068d1  atoi                                      
ffffffff  binit                                     
00006625  close                                     
0000717d  copysign                                  
0000717d  copysignl                                 
000031a1  cos                                       
000031a1  cosl                                      
20007a6c  current_state                             
20007a70  down                                      
20007a74  errno                                     
0000691d  exit                                      
00006e71  finddevice                                
00002717  float_to_string                           
0000582d  floor                                     
0000582d  floorl                                    
000017f9  fn_ARRIVED                                
000015d7  fn_FIXING                                 
000015e9  fn_IDLE                                   
00001727  fn_PAUSE                                  
00001645  fn_RUNNING                                
00005cc9  fputc                                     
0000540d  fputs                                     
00005925  free                                      
00006499  frexp                                     
00006499  frexpl                                    
000064fd  fseek                                     
20007a18  fsm                                       
00000ea9  get_distance_m                            
0000107d  get_seconds_from_time                     
00006a79  getdevice                                 
20007298  gps                                       
00001283  gps_data_valid                            
00001191  gps_encode                                
00001309  gps_get_altitude                          
00001317  gps_get_date                              
000012a1  gps_get_fix                               
00001433  gps_get_instant_speed                     
000013ed  gps_get_last_altitude                     
0000134f  gps_get_last_distance                     
00001333  gps_get_last_seconds                      
000012e5  gps_get_latitude                          
000012f3  gps_get_longitude                         
000012cd  gps_get_positions                         
00001325  gps_get_time                              
000010f9  gps_init                                  
00001489  gps_print_struct                          
00002733  int_to_string                             
00000000  interruptVectors                          
00005521  ldexp                                     
00005521  ldexpl                                    
00007049  lseek                                     
00001545  main                                      
000072ed  malloc                                    
00005631  memalign                                  
00007161  memccpy                                   
00007105  memchr                                    
00005b97  memcpy                                    
00005ff5  memset                                    
20007454  parmbuf                                   
000063cd  printf                                    
00005cc9  putc                                      
20000000  race                                      
000027e9  race_get_avg_speed                        
000027cb  race_get_distance                         
00002821  race_get_heigh_difference                 
000027bb  race_get_instant_speed                    
000027db  race_get_run_time                         
000027a1  race_get_start_date                       
0000278f  race_get_start_done                       
000027ad  race_get_start_time                       
0000255d  race_init                                 
00002931  race_make_data_string                     
0000284d  race_make_data_title                      
00002a7d  race_print_struct                         
00002641  race_set_distance                         
00002661  race_set_heigh_difference                 
000025d1  race_set_instant_speed                    
00002613  race_set_pause_duration                   
0000268f  race_set_positions                        
000025e5  race_set_run_duration                     
000025b5  race_set_start_date_time                  
000026fd  race_set_start_run                        
00006f29  remove                                    
20007a71  restart                                   
00005521  scalbn                                    
00005521  scalbnl                                   
00005a09  setvbuf                                   
00002bc1  sin                                       
00002bc1  sinl                                      
00006b3d  sprintf                                   
00004cbd  sqrt                                      
00004cbd  sqrtl                                     
00007125  strcat                                    
00007221  strchr                                    
000071c7  strcmp                                    
00007237  strcpy                                    
000070e1  strcspn                                   
0000724b  strlen                                    
00006efd  strncmp                                   
00006ca9  strncpy                                   
00006f55  strspn                                    
0000377d  strtod                                    
00006b7d  strtok                                    
0000377d  strtold                                   
20007a6d  timer_a_edge                              
20007a72  transmitted                               
000076f8  uartConfig0                               
00007720  uartConfig1                               
00006f29  unlink                                    
20007a6f  up                                        
00007748  upConfig                                  
00007271  wcslen                                    
20007a6e  wifi_conn                                 
00007071  write                                     


GLOBAL SYMBOLS: SORTED BY Symbol Address 

address   name                                      
-------   ----                                      
00000000  __TI_static_base__                        
00000000  interruptVectors                          
000000e5  __TI_printfi                              
00000200  __STACK_SIZE                              
00000400  __SYSMEM_SIZE                             
00000b33  _nop                                      
00000ea9  get_distance_m                            
0000107d  get_seconds_from_time                     
000010f9  gps_init                                  
00001191  gps_encode                                
00001283  gps_data_valid                            
000012a1  gps_get_fix                               
000012cd  gps_get_positions                         
000012e5  gps_get_latitude                          
000012f3  gps_get_longitude                         
00001309  gps_get_altitude                          
00001317  gps_get_date                              
00001325  gps_get_time                              
00001333  gps_get_last_seconds                      
0000134f  gps_get_last_distance                     
000013ed  gps_get_last_altitude                     
00001433  gps_get_instant_speed                     
00001489  gps_print_struct                          
00001545  main                                      
000015d7  fn_FIXING                                 
000015e9  fn_IDLE                                   
00001645  fn_RUNNING                                
00001727  fn_PAUSE                                  
000017f9  fn_ARRIVED                                
00001879  GPIO_enable_pullup_all_buttons            
000018a1  GPIO_enable_interrupt_all_buttons         
000018ed  GPIO_enable_leds                          
00001945  LED_set_color                             
00001a27  UART0_config                              
00001a4d  UART2_config                              
00001a81  UART_transmit_string                      
00001ab9  UART_transmit_all_data_race               
00001b55  UART0_transmit_gps_data                   
00001bf7  INTERRUPT_enable                          
00001c1d  RACE_set_run_values                       
00001c53  TA1_0_IRQHandler                          
00001c53  TA1_0_IRQHandler                          
00001c8d  PORT5_IRQHandler                          
00001c8d  PORT5_IRQHandler                          
00001ccd  PORT3_IRQHandler                          
00001ccd  PORT3_IRQHandler                          
00001d05  PORT1_IRQHandler                          
00001d05  PORT1_IRQHandler                          
00001d41  EUSCIA2_IRQHandler                        
00001d41  EUSCIA2_IRQHandler                        
00001e25  __kernel_rem_pio2                         
0000255d  race_init                                 
000025b5  race_set_start_date_time                  
000025d1  race_set_instant_speed                    
000025e5  race_set_run_duration                     
00002613  race_set_pause_duration                   
00002641  race_set_distance                         
00002661  race_set_heigh_difference                 
0000268f  race_set_positions                        
000026fd  race_set_start_run                        
00002717  float_to_string                           
00002733  int_to_string                             
0000278f  race_get_start_done                       
000027a1  race_get_start_date                       
000027ad  race_get_start_time                       
000027bb  race_get_instant_speed                    
000027cb  race_get_distance                         
000027db  race_get_run_time                         
000027e9  race_get_avg_speed                        
00002821  race_get_heigh_difference                 
0000284d  race_make_data_title                      
00002931  race_make_data_string                     
00002a7d  race_print_struct                         
00002bbf  __aeabi_idiv0                             
00002bbf  __aeabi_ldiv0                             
00002bc1  sin                                       
00002bc1  sinl                                      
000031a1  cos                                       
000031a1  cosl                                      
0000377d  strtod                                    
0000377d  strtold                                   
00003bdd  SystemCoreClockUpdate                     
00003e55  SystemInit                                
00003f11  atan                                      
00003f11  atanl                                     
0000446d  atan2                                     
0000446d  atan2l                                    
00004821  __aeabi_dsub                              
0000482b  __aeabi_dadd                              
000049d9  __kernel_sin                              
00004b4d  __kernel_cos                              
00004cbd  sqrt                                      
00004cbd  sqrtl                                     
00005095  __aeabi_ddiv                              
000052f1  UART_initModule                           
0000540d  fputs                                     
00005521  ldexp                                     
00005521  ldexpl                                    
00005521  scalbn                                    
00005521  scalbnl                                   
00005631  aligned_alloc                             
00005631  memalign                                  
00005731  __aeabi_dmul                              
0000582d  floor                                     
0000582d  floorl                                    
00005925  free                                      
00005a09  setvbuf                                   
00005b97  __aeabi_memcpy                            
00005b97  __aeabi_memcpy4                           
00005b97  __aeabi_memcpy8                           
00005b97  memcpy                                    
00005c33  __aeabi_uldivmod                          
00005cc9  fputc                                     
00005cc9  putc                                      
00005d55  GPIO_setAsPeripheralModuleFunctionInputPin
00005ddd  __aeabi_cdcmpeq                           
00005ddd  __aeabi_cdcmple                           
00005e63  __aeabi_cdrcmple                          
00005ee9  GPIO_getEnabledInterruptStatus            
00005f6d  Interrupt_enableInterrupt                 
00005fed  __aeabi_memclr                            
00005fed  __aeabi_memclr4                           
00005fed  __aeabi_memclr8                           
00005fef  __aeabi_memset                            
00005fef  __aeabi_memset4                           
00005fef  __aeabi_memset8                           
00005ff5  memset                                    
00006069  __TI_closefile                            
000061bb  __aeabi_d2f                               
00006229  HOSTrename                                
00006295  HOSTlseek                                 
000062fd  Timer_A_configureUpMode                   
00006365  __TI_decompress_lzss                      
000063cd  printf                                    
00006435  UART_getEnabledInterruptStatus            
00006499  frexp                                     
00006499  frexpl                                    
000064fd  fseek                                     
00006561  __TI_wrt_ok                               
000065c5  HOSTopen                                  
00006625  close                                     
00006681  GPIO_setAsInputPinWithPullUpResistor      
000066d9  HOSTread                                  
00006731  HOSTwrite                                 
000067df  __TI_ltoa                                 
00006885  __TI_doflush                              
000068d1  atoi                                      
0000691d  exit                                      
00006965  __aeabi_d2iz                              
000069ad  HOSTclose                                 
000069f1  HOSTunlink                                
00006a35  __TI_auto_init_nobinit_nopinit            
00006a79  getdevice                                 
00006abd  GPIO_setAsOutputPin                       
00006afd  __aeabi_uidiv                             
00006afd  __aeabi_uidivmod                          
00006b3d  sprintf                                   
00006b7d  strtok                                    
00006bfd  GPIO_interruptEdgeSelect                  
00006c39  __TI_writemsg                             
00006c67  C$$IO$$                                   
00006c71  __aeabi_f2d                               
00006ca9  strncpy                                   
00006ce1  UART_transmitData                         
00006d15  __TI_cleanup                              
00006d49  __TI_readmsg                              
00006d7d  _c_int00_noargs                           
00006db1  GPIO_getInputPinValue                     
00006de1  UART_disableInterrupt                     
00006e11  UART_enableInterrupt                      
00006e41  UART_receiveData                          
00006e71  finddevice                                
00006ea1  __aeabi_i2d                               
00006ed1  Timer_A_clearCaptureCompareInterrupt      
00006efd  strncmp                                   
00006f29  remove                                    
00006f29  unlink                                    
00006f55  strspn                                    
00006f81  GPIO_clearInterruptFlag                   
00006fa9  GPIO_enableInterrupt                      
00006fd1  GPIO_setOutputHighOnPin                   
00006ff9  GPIO_setOutputLowOnPin                    
00007049  lseek                                     
00007071  write                                     
00007099  GPIO_getInterruptStatus                   
000070bd  WDT_A_holdTimer                           
000070e1  strcspn                                   
00007105  memchr                                    
00007125  strcat                                    
00007161  memccpy                                   
0000717d  copysign                                  
0000717d  copysignl                                 
00007197  UART_getInterruptStatus                   
000071c7  strcmp                                    
000071df  Timer_A_startCounter                      
000071f5  UART_clearInterruptFlag                   
0000720b  UART_enableModule                         
00007221  strchr                                    
00007237  strcpy                                    
0000724b  strlen                                    
0000725f  atof                                      
00007271  wcslen                                    
00007285  Interrupt_disableSleepOnIsrExit           
00007295  Interrupt_enableMaster                    
000072a5  __TI_decompress_none                      
000072b3  Reset_Handler                             
000072bf  ADC14_IRQHandler                          
000072bf  AES256_IRQHandler                         
000072bf  BusFault_Handler                          
000072bf  COMP_E0_IRQHandler                        
000072bf  COMP_E1_IRQHandler                        
000072bf  CS_IRQHandler                             
000072bf  DMA_ERR_IRQHandler                        
000072bf  DMA_INT0_IRQHandler                       
000072bf  DMA_INT1_IRQHandler                       
000072bf  DMA_INT2_IRQHandler                       
000072bf  DMA_INT3_IRQHandler                       
000072bf  DebugMon_Handler                          
000072bf  Default_Handler                           
000072bf  EUSCIA0_IRQHandler                        
000072bf  EUSCIA1_IRQHandler                        
000072bf  EUSCIA3_IRQHandler                        
000072bf  EUSCIB0_IRQHandler                        
000072bf  EUSCIB1_IRQHandler                        
000072bf  EUSCIB2_IRQHandler                        
000072bf  EUSCIB3_IRQHandler                        
000072bf  FLCTL_IRQHandler                          
000072bf  FPU_IRQHandler                            
000072bf  HardFault_Handler                         
000072bf  MemManage_Handler                         
000072bf  NMI_Handler                               
000072bf  PCM_IRQHandler                            
000072bf  PORT2_IRQHandler                          
000072bf  PORT4_IRQHandler                          
000072bf  PORT6_IRQHandler                          
000072bf  PSS_IRQHandler                            
000072bf  PendSV_Handler                            
000072bf  RTC_C_IRQHandler                          
000072bf  SVC_Handler                               
000072bf  SysTick_Handler                           
000072bf  T32_INT1_IRQHandler                       
000072bf  T32_INT2_IRQHandler                       
000072bf  T32_INTC_IRQHandler                       
000072bf  TA0_0_IRQHandler                          
000072bf  TA0_N_IRQHandler                          
000072bf  TA1_N_IRQHandler                          
000072bf  TA2_0_IRQHandler                          
000072bf  TA2_N_IRQHandler                          
000072bf  TA3_0_IRQHandler                          
000072bf  TA3_N_IRQHandler                          
000072bf  UsageFault_Handler                        
000072bf  WDT_A_IRQHandler                          
000072c1  CPU_cpsie                                 
000072cd  __TI_zero_init                            
000072e5  __aeabi_errno_addr                        
000072ed  malloc                                    
000072fd  _system_pre_init                          
00007301  C$$EXIT                                   
00007301  abort                                     
00007460  _ctypes_                                  
000076f8  uartConfig0                               
00007720  uartConfig1                               
00007748  upConfig                                  
000077f8  __TI_Handler_Table_Base                   
00007804  __TI_Handler_Table_Limit                  
00007810  __TI_CINIT_Base                           
00007820  __TI_CINIT_Limit                          
20000000  __start___llvm_prf_cnts                   
20000000  __stop___llvm_prf_cnts                    
20000000  race                                      
20007178  __CIOBUF_                                 
20007298  gps                                       
2000735c  __TI_tmpnams                              
20007454  parmbuf                                   
20007460  _sys_memory                               
20007860  _ftable                                   
20007950  _device                                   
200079c8  _stream                                   
20007a18  fsm                                       
20007a40  __TI_ft_end                               
20007a44  __aeabi_stdin                             
20007a48  __aeabi_stdout                            
20007a4c  __aeabi_stderr                            
20007a50  __TI_cleanup_ptr                          
20007a54  __TI_dtors_ptr                            
20007a58  __TI_enable_exit_profile_output           
20007a5c  _lock                                     
20007a60  _unlock                                   
20007a6c  current_state                             
20007a6d  timer_a_edge                              
20007a6e  wifi_conn                                 
20007a6f  up                                        
20007a70  down                                      
20007a71  restart                                   
20007a72  transmitted                               
20007a74  errno                                     
20007a7c  SystemCoreClock                           
2000fe00  __stack                                   
20010000  __STACK_END                               
4000480c  WDTCTL_SYM                                
ffffffff  __TI_pprof_out_hndl                       
ffffffff  __TI_prof_data_size                       
ffffffff  __TI_prof_data_start                      
ffffffff  __binit__                                 
ffffffff  __c_args__                                
ffffffff  binit                                     
UNDEFED   __mpu_init                                
UNDEFED   _system_post_cinit                        

[308 symbols]
