******************************************************************************
                  TI ARM Linker PC v20.2.7                     
******************************************************************************
>> Linked Mon Feb 19 02:17:08 2024

OUTPUT FILE NAME:   <prova_I.out>
ENTRY POINT SYMBOL: "_c_int00_noargs"  address: 000093fd


MEMORY CONFIGURATION

         name            origin    length      used     unused   attr    fill
----------------------  --------  ---------  --------  --------  ----  --------
  MAIN                  00000000   00040000  0000b40c  00034bf4  R  X
  INFO                  00200000   00004000  00000000  00004000  R  X
  SRAM_CODE             01000000   00010000  00007e30  000081d0  RW X
  SRAM_DATA             20000000   00010000  00007e30  000081d0  RW  


SEGMENT ALLOCATION MAP

run origin  load origin   length   init length attrs members
----------  ----------- ---------- ----------- ----- -------
00000000    00000000    0000b410   0000b410    r-x
  00000000    00000000    000000e4   000000e4    r-- .intvecs
  000000e4    000000e4    00009afc   00009afc    r-x .text
  00009be0    00009be0    000016dc   000016dc    r-- .const
  0000b2c0    0000b2c0    00000150   00000150    r-- .cinit
20000000    20000000    00007c30   00000000    rw-
  20000000    20000000    00007508   00000000    rw- .bss
  20007508    20007508    00000400   00000000    rw- .sysmem
  20007908    20007908    00000328   00000000    rw- .data
2000fe00    2000fe00    00000200   00000000    rw-
  2000fe00    2000fe00    00000200   00000000    rw- .stack


SECTION ALLOCATION MAP

 output                                  attributes/
section   page    origin      length       input sections
--------  ----  ----------  ----------   ----------------
.intvecs   0    00000000    000000e4     
                  00000000    000000e4     startup_msp432p401r_ccs.obj (.intvecs:retain)

.text      0    000000e4    00009afc     
                  000000e4    00001398     main.obj (.text)
                  0000147c    00000a4e     rtsv7M4_T_le_v4SPD16_eabi.lib : _printfi.c.obj (.text:__TI_printfi)
                  00001eca    00000002                                   : _lock.c.obj (.text:_nop)
                  00001ecc    00000a24     gps.obj (.text)
                  000028f0    00000738     rtsv7M4_T_le_v4SPD16_eabi.lib : k_rem_pio2.c.obj (.text:__kernel_rem_pio2)
                  00003028    00000680     Crystalfontz128x128_ST7735.obj (.text)
                  000036a8    00000652     race.obj (.text)
                  00003cfa    00000002     rtsv7M4_T_le_v4SPD16_eabi.lib : div0.asm.obj (.text)
                  00003cfc    000005e0                                   : s_sin.c.obj (.text:sin)
                  000042dc    000005dc                                   : s_cos.c.obj (.text:cos)
                  000048b8    00000590     graphics_functions.obj (.text)
                  00004e48    0000047e     grlib.a : string.obj (.text:Graphics_drawString)
                  000052c6    00000002     --HOLE-- [fill = 0]
                  000052c8    00000460     rtsv7M4_T_le_v4SPD16_eabi.lib : strtod.c.obj (.text:strtod)
                  00005728    00000334     system_msp432p401r.obj (.text)
                  00005a5c    000002ec     rtsv7M4_T_le_v4SPD16_eabi.lib : s_atan.c.obj (.text:atan)
                  00005d48    00000270                                   : _printfi.c.obj (.text:_pconv_a)
                  00005fb8    000001e4                                   : e_atan2.c.obj (.text:atan2)
                  0000619c    000001d0                                   : _printfi.c.obj (.text:_pconv_g)
                  0000636c    000001b6                                   : fd_add_t2.asm.obj (.text)
                  00006522    00000002     --HOLE-- [fill = 0]
                  00006524    00000174                                   : k_sin.c.obj (.text:__kernel_sin)
                  00006698    00000170                                   : k_cos.c.obj (.text:__kernel_cos)
                  00006808    00000160     msp432p4xx_driverlib.lib : adc14.o (.text:_getIndexForMemRegister)
                  00006968    00000158     rtsv7M4_T_le_v4SPD16_eabi.lib : e_sqrt.c.obj (.text:sqrt)
                  00006ac0    00000144     msp432p4xx_driverlib.lib : timer_a.o (.text:privateTimer_AProcessClockSourceDivider)
                  00006c04    0000013c     rtsv7M4_T_le_v4SPD16_eabi.lib : _printfi.c.obj (.text:_pconv_e)
                  00006d40    00000136                                   : fd_div_t2.asm.obj (.text)
                  00006e76    00000002     --HOLE-- [fill = 0]
                  00006e78    00000124                                   : _printfi.c.obj (.text:fcvt)
                  00006f9c    0000011c     msp432p4xx_driverlib.lib : uart.o (.text:UART_initModule)
                  000070b8    00000114     rtsv7M4_T_le_v4SPD16_eabi.lib : fputs.c.obj (.text:fputs)
                  000071cc    00000112     grlib.a : rectangle.obj (.text:Graphics_fillRectangle)
                  000072de    00000002     --HOLE-- [fill = 0]
                  000072e0    00000110     rtsv7M4_T_le_v4SPD16_eabi.lib : s_scalbn.c.obj (.text:scalbn)
                  000073f0    00000100                                   : memory.c.obj (.text:aligned_alloc)
                  000074f0    000000fc                                   : fd_mul_t2.asm.obj (.text)
                  000075ec    000000fa     grlib.a : string.obj (.text:Graphics_getStringWidth)
                  000076e6    00000002     --HOLE-- [fill = 0]
                  000076e8    000000f8     rtsv7M4_T_le_v4SPD16_eabi.lib : s_floor.c.obj (.text:floor)
                  000077e0    000000e4                                   : memory.c.obj (.text:free)
                  000078c4    000000dc                                   : setvbuf.c.obj (.text:setvbuf)
                  000079a0    000000cc     HAL_MSP_EXP432P401R_Crystalfontz128x128_ST7735.obj (.text)
                  00007a6c    000000b4     msp432p4xx_driverlib.lib : adc14.o (.text:ADC14_configureConversionMemory)
                  00007b20    000000b4                              : adc14.o (.text:ADC14_configureMultiSequenceMode)
                  00007bd4    000000b1     rtsv7M4_T_le_v4SPD16_eabi.lib : _printfi.c.obj (.text:_ltostr)
                  00007c85    00000001     --HOLE-- [fill = 0]
                  00007c86    000000b0     msp432p4xx_driverlib.lib : spi.o (.text:SPI_initMaster)
                  00007d36    000000a2     grlib.a : rectangle.obj (.text:Graphics_drawRectangle)
                  00007dd8    0000009c             : line.obj (.text:Graphics_drawLineH)
                  00007e74    0000009c             : line.obj (.text:Graphics_drawLineV)
                  00007f10    0000009c     rtsv7M4_T_le_v4SPD16_eabi.lib : memcpy_t2.asm.obj (.text)
                  00007fac    00000096                                   : ull_div_t2.asm.obj (.text)
                  00008042    00000002     --HOLE-- [fill = 0]
                  00008044    0000008c                                   : fputc.c.obj (.text:fputc)
                  000080d0    00000088     msp432p4xx_driverlib.lib : gpio.o (.text:GPIO_setAsPeripheralModuleFunctionInputPin)
                  00008158    00000088                              : gpio.o (.text:GPIO_setAsPeripheralModuleFunctionOutputPin)
                  000081e0    00000086     rtsv7M4_T_le_v4SPD16_eabi.lib : fd_cmp_t2.asm.obj (.text:__aeabi_cdcmple)
                  00008266    00000086                                   : fd_cmp_t2.asm.obj (.text:__aeabi_cdrcmple)
                  000082ec    00000084     msp432p4xx_driverlib.lib : gpio.o (.text:GPIO_getEnabledInterruptStatus)
                  00008370    00000080                              : interrupt.o (.text:Interrupt_enableInterrupt)
                  000083f0    0000007a     rtsv7M4_T_le_v4SPD16_eabi.lib : memset_t2.asm.obj (.text)
                  0000846a    00000002     --HOLE-- [fill = 0]
                  0000846c    00000074                                   : fclose.c.obj (.text:__TI_closefile)
                  000084e0    00000070                                   : memory.c.obj (.text:split)
                  00008550    0000006e                                   : _printfi.c.obj (.text:_mcpy)
                  000085be    0000006e                                   : fd_tos_t2.asm.obj (.text)
                  0000862c    0000006c                                   : hostrename.c.obj (.text:HOSTrename)
                  00008698    00000068                                   : hostlseek.c.obj (.text:HOSTlseek)
                  00008700    00000068     msp432p4xx_driverlib.lib : timer_a.o (.text:Timer_A_configureUpMode)
                  00008768    00000068     rtsv7M4_T_le_v4SPD16_eabi.lib : copy_decompress_lzss.c.obj (.text:decompress:lzss:__TI_decompress_lzss)
                  000087d0    00000068                                   : printf.c.obj (.text:printf)
                  00008838    00000064     msp432p4xx_driverlib.lib : uart.o (.text:UART_getEnabledInterruptStatus)
                  0000889c    00000064     rtsv7M4_T_le_v4SPD16_eabi.lib : s_frexp.c.obj (.text:frexp)
                  00008900    00000064                                   : fseek.c.obj (.text:fseek)
                  00008964    00000062                                   : _io_perm.c.obj (.text:__TI_wrt_ok)
                  000089c6    00000002     --HOLE-- [fill = 0]
                  000089c8    00000060                                   : hostopen.c.obj (.text:HOSTopen)
                  00008a28    0000005c                                   : close.c.obj (.text:close)
                  00008a84    00000058     msp432p4xx_driverlib.lib : gpio.o (.text:GPIO_setAsInputPinWithPullUpResistor)
                  00008adc    00000058     rtsv7M4_T_le_v4SPD16_eabi.lib : hostread.c.obj (.text:HOSTread)
                  00008b34    00000058                                   : hostwrite.c.obj (.text:HOSTwrite)
                  00008b8c    00000056                                   : _printfi.c.obj (.text:_pconv_f)
                  00008be2    00000002     --HOLE-- [fill = 0]
                  00008be4    00000054     msp432p4xx_driverlib.lib : adc14.o (.text:ADC14_initModule)
                  00008c38    00000054     rtsv7M4_T_le_v4SPD16_eabi.lib : _ltoa.c.obj (.text:__TI_ltoa)
                  00008c8c    00000052     grlib.a : context.obj (.text:Graphics_initContext)
                  00008cde    00000052     rtsv7M4_T_le_v4SPD16_eabi.lib : _printfi.c.obj (.text:_ecpy)
                  00008d30    0000004c                                   : fflush.c.obj (.text:__TI_doflush)
                  00008d7c    0000004c                                   : atoi.c.obj (.text:atoi)
                  00008dc8    00000048     grlib.a : string.obj (.text:Graphics_drawStringCentered)
                  00008e10    00000048     rtsv7M4_T_le_v4SPD16_eabi.lib : exit.c.obj (.text:exit)
                  00008e58    00000048                                   : fd_toi_t2.asm.obj (.text)
                  00008ea0    00000044                                   : hostclose.c.obj (.text:HOSTclose)
                  00008ee4    00000044                                   : hostunlink.c.obj (.text:HOSTunlink)
                  00008f28    00000044                                   : autoinit.c.obj (.text:__TI_auto_init_nobinit_nopinit:__TI_auto_init_nobinit_nopinit)
                  00008f6c    00000044                                   : getdevice.c.obj (.text:getdevice)
                  00008fb0    00000040     msp432p4xx_driverlib.lib : gpio.o (.text:GPIO_setAsOutputPin)
                  00008ff0    00000040     grlib.a : string.obj (.text:Graphics_getNumberOfLeadingZeros)
                  00009030    00000040     msp432p4xx_driverlib.lib : spi.o (.text:is_A_Module)
                  00009070    00000040     rtsv7M4_T_le_v4SPD16_eabi.lib : u_divt2.asm.obj (.text)
                  000090b0    00000040                                   : sprintf.c.obj (.text:sprintf)
                  000090f0    00000040                                   : strtok.c.obj (.text:strtok)
                  00009130    0000003e                                   : _printfi.c.obj (.text:_fcpy)
                  0000916e    00000002     --HOLE-- [fill = 0]
                  00009170    0000003c     msp432p4xx_driverlib.lib : gpio.o (.text:GPIO_interruptEdgeSelect)
                  000091ac    00000038                              : adc14.o (.text:ADC14_getEnabledInterruptStatus)
                  000091e4    00000038     rtsv7M4_T_le_v4SPD16_eabi.lib : trgmsg.c.obj (.text:__TI_writemsg)
                  0000921c    00000038                                   : fs_tod_t2.asm.obj (.text)
                  00009254    00000036     grlib.a : display.obj (.text:Graphics_drawHorizontalLineOnDisplay)
                  0000928a    00000036             : display.obj (.text:Graphics_drawVerticalLineOnDisplay)
                  000092c0    00000036     rtsv7M4_T_le_v4SPD16_eabi.lib : strncpy.c.obj (.text:strncpy)
                  000092f6    00000002     --HOLE-- [fill = 0]
                  000092f8    00000034     msp432p4xx_driverlib.lib : adc14.o (.text:ADC14_enableSampleTimer)
                  0000932c    00000034                              : cs.o (.text:CS_setDCOCenteredFrequency)
                  00009360    00000034                              : uart.o (.text:UART_transmitData)
                  00009394    00000034     rtsv7M4_T_le_v4SPD16_eabi.lib : fopen.c.obj (.text:__TI_cleanup)
                  000093c8    00000034                                   : trgmsg.c.obj (.text:__TI_readmsg)
                  000093fc    00000034                                   : boot_cortex_m.c.obj (.text:_c_int00_noargs:_c_int00_noargs)
                  00009430    00000030     msp432p4xx_driverlib.lib : adc14.o (.text:ADC14_clearInterruptFlag)
                  00009460    00000030                              : adc14.o (.text:ADC14_enableInterrupt)
                  00009490    00000030                              : gpio.o (.text:GPIO_getInputPinValue)
                  000094c0    00000030                              : uart.o (.text:UART_disableInterrupt)
                  000094f0    00000030                              : uart.o (.text:UART_enableInterrupt)
                  00009520    00000030                              : uart.o (.text:UART_receiveData)
                  00009550    00000030     rtsv7M4_T_le_v4SPD16_eabi.lib : getdevice.c.obj (.text:finddevice)
                  00009580    0000002e                                   : i_tofd_t2.asm.obj (.text)
                  000095ae    00000002     --HOLE-- [fill = 0]
                  000095b0    0000002c     msp432p4xx_driverlib.lib : adc14.o (.text:ADC14_getInterruptStatus)
                  000095dc    0000002c                              : adc14.o (.text:ADC14_toggleConversionTrigger)
                  00009608    0000002c     grlib.a : display.obj (.text:Graphics_drawPixelOnDisplay)
                  00009634    0000002c     msp432p4xx_driverlib.lib : timer_a.o (.text:Timer_A_clearCaptureCompareInterrupt)
                  00009660    0000002c     rtsv7M4_T_le_v4SPD16_eabi.lib : strncmp.c.obj (.text:strncmp)
                  0000968c    0000002c                                   : unlink.c.obj (.text:unlink)
                  000096b8    0000002a                                   : strspn.c.obj (.text:strspn)
                  000096e2    00000002     --HOLE-- [fill = 0]
                  000096e4    00000028     msp432p4xx_driverlib.lib : adc14.o (.text:ADC14_enableConversion)
                  0000970c    00000028                              : adc14.o (.text:ADC14_getResult)
                  00009734    00000028                              : gpio.o (.text:GPIO_clearInterruptFlag)
                  0000975c    00000028                              : gpio.o (.text:GPIO_enableInterrupt)
                  00009784    00000028                              : gpio.o (.text:GPIO_setOutputHighOnPin)
                  000097ac    00000028                              : gpio.o (.text:GPIO_setOutputLowOnPin)
                  000097d4    00000028     rtsv7M4_T_le_v4SPD16_eabi.lib : memory.c.obj (.text:free_list_insert)
                  000097fc    00000028                                   : lseek.c.obj (.text:lseek)
                  00009824    00000028                                   : write.c.obj (.text:write)
                  0000984c    00000024     msp432p4xx_driverlib.lib : gpio.o (.text:GPIO_getInterruptStatus)
                  00009870    00000024                              : wdt_a.o (.text:WDT_A_holdTimer)
                  00009894    00000024     rtsv7M4_T_le_v4SPD16_eabi.lib : strcspn.c.obj (.text:strcspn)
                  000098b8    00000020                                   : memchr.c.obj (.text:memchr)
                  000098d8    0000001e     grlib.a : display.obj (.text:Graphics_fillRectangleOnDisplay)
                  000098f6    0000001e     rtsv7M4_T_le_v4SPD16_eabi.lib : strcat.c.obj (.text:strcat)
                  00009914    0000001c     msp432p4xx_driverlib.lib : spi.o (.text:SPI_enableModule)
                  00009930    0000001c     rtsv7M4_T_le_v4SPD16_eabi.lib : memory.c.obj (.text:free_list_remove)
                  0000994c    0000001c                                   : memccpy.c.obj (.text:memccpy)
                  00009968    0000001a     grlib.a : display.obj (.text:Graphics_clearDisplayOnDisplay)
                  00009982    0000001a             : context.obj (.text:Graphics_setBackgroundColor)
                  0000999c    0000001a             : context.obj (.text:Graphics_setFont)
                  000099b6    0000001a     rtsv7M4_T_le_v4SPD16_eabi.lib : s_copysign.c.obj (.text:copysign)
                  000099d0    00000018     msp432p4xx_driverlib.lib : uart.o (.text:UART_getInterruptStatus)
                  000099e8    00000018     rtsv7M4_T_le_v4SPD16_eabi.lib : sprintf.c.obj (.text:_outs)
                  00009a00    00000018                                   : strcmp.c.obj (.text:strcmp)
                  00009a18    00000016     msp432p4xx_driverlib.lib : spi.o (.text:EUSCI_A_SPI_enable)
                  00009a2e    00000016                              : spi.o (.text:EUSCI_B_SPI_enable)
                  00009a44    00000016     grlib.a : context.obj (.text:Graphics_setForegroundColor)
                  00009a5a    00000016             : display.obj (.text:Graphics_translateColorOnDisplay)
                  00009a70    00000016     msp432p4xx_driverlib.lib : timer_a.o (.text:Timer_A_startCounter)
                  00009a86    00000016                              : uart.o (.text:UART_clearInterruptFlag)
                  00009a9c    00000016                              : uart.o (.text:UART_enableModule)
                  00009ab2    00000016     rtsv7M4_T_le_v4SPD16_eabi.lib : strchr.c.obj (.text:strchr)
                  00009ac8    00000014                                   : strcpy.c.obj (.text:strcpy)
                  00009adc    00000014                                   : strlen.c.obj (.text:strlen)
                  00009af0    00000012     grlib.a : context.obj (.text:Graphics_clearDisplay)
                  00009b02    00000012     rtsv7M4_T_le_v4SPD16_eabi.lib : atof.c.obj (.text:atof)
                  00009b14    00000012                                   : wcslen.c.obj (.text:wcslen)
                  00009b26    00000002     --HOLE-- [fill = 0]
                  00009b28    00000010     msp432p4xx_driverlib.lib : adc14.o (.text:ADCIsConversionRunning)
                  00009b38    00000010                              : interrupt.o (.text:Interrupt_disableMaster)
                  00009b48    00000010                              : interrupt.o (.text:Interrupt_disableSleepOnIsrExit)
                  00009b58    00000010                              : interrupt.o (.text:Interrupt_enableMaster)
                  00009b68    0000000e     rtsv7M4_T_le_v4SPD16_eabi.lib : copy_decompress_none.c.obj (.text:decompress:none:__TI_decompress_none)
                  00009b76    0000000e     startup_msp432p401r_ccs.obj (.text)
                  00009b84    0000000c     msp432p4xx_driverlib.lib : adc14.o (.text:ADC14_enableModule)
                  00009b90    0000000c                              : cpu.o (.text:CPU_cpsid)
                  00009b9c    0000000c                              : cpu.o (.text:CPU_cpsie)
                  00009ba8    0000000c     rtsv7M4_T_le_v4SPD16_eabi.lib : copy_zero_init.c.obj (.text:decompress:ZI:__TI_zero_init)
                  00009bb4    0000000a                                   : sprintf.c.obj (.text:_outc)
                  00009bbe    00000002     --HOLE-- [fill = 0]
                  00009bc0    00000008                                   : errno.c.obj (.text:__aeabi_errno_addr)
                  00009bc8    00000008                                   : memory.c.obj (.text:malloc)
                  00009bd0    00000004                                   : printf.c.obj (.text:_outc)
                  00009bd4    00000004                                   : printf.c.obj (.text:_outs)
                  00009bd8    00000004                                   : pre_init.c.obj (.text:_system_pre_init)
                  00009bdc    00000004                                   : exit.c.obj (.text:abort:abort)

.const     0    00009be0    000016dc     
                  00009be0    00000615     grlib.a : fontcmtt14.obj (.const:.string:g_pucCmtt14Data)
                  0000a1f5    00000609             : fontcmss14.obj (.const:.string:g_pucCmss14Data)
                  0000a7fe    000002f8             : fontfixed6x8.obj (.const:.string:g_pucFontFixed6x8Data)
                  0000aaf6    00000002     --HOLE-- [fill = 0]
                  0000aaf8    00000158     rtsv7M4_T_le_v4SPD16_eabi.lib : k_rem_pio2.c.obj (.const:$O1$$)
                  0000ac50    00000101                                   : ctype.c.obj (.const:.string:_ctypes_)
                  0000ad51    00000007     --HOLE-- [fill = 0]
                  0000ad58    000000c8                                   : strtod.c.obj (.const:$O1$$)
                  0000ae20    000000c8     grlib.a : fontcmss14.obj (.const:g_sFontCmss14)
                  0000aee8    000000c8             : fontcmtt14.obj (.const:g_sFontCmtt14)
                  0000afb0    000000c8             : fontfixed6x8.obj (.const:g_sFontFixed6x8)
                  0000b078    00000098     rtsv7M4_T_le_v4SPD16_eabi.lib : s_atan.c.obj (.const:$O1$$)
                  0000b110    00000080     msp432p4xx_driverlib.lib : adc14.o (.const:_ctlRegs)
                  0000b190    00000046     main.obj (.const:.string)
                  0000b1d6    00000002     --HOLE-- [fill = 0]
                  0000b1d8    00000030     msp432p4xx_driverlib.lib : gpio.o (.const:GPIO_PORT_TO_BASE)
                  0000b208    00000028     main.obj (.const:uartConfig0)
                  0000b230    00000028     main.obj (.const:uartConfig1)
                  0000b258    00000020     Crystalfontz128x128_ST7735.obj (.const:g_sCrystalfontz128x128_funcs)
                  0000b278    0000001c     HAL_MSP_EXP432P401R_Crystalfontz128x128_ST7735.obj (.const:$P$T0$1)
                  0000b294    00000018     main.obj (.const:upConfig)
                  0000b2ac    00000008     Crystalfontz128x128_ST7735.obj (.const:$P$T0$1)
                  0000b2b4    00000008     msp432p4xx_driverlib.lib : interrupt.o (.const:g_pulEnRegs)

.cinit     0    0000b2c0    00000150     
                  0000b2c0    00000126     (.cinit..data.load) [load image, compression = lzss]
                  0000b3e6    00000002     --HOLE-- [fill = 0]
                  0000b3e8    0000000c     (__TI_handler_table)
                  0000b3f4    00000004     --HOLE-- [fill = 0]
                  0000b3f8    00000008     (.cinit..bss.load) [load image, compression = zero_init]
                  0000b400    00000010     (__TI_cinit_table)

.init_array 
*          0    00000000    00000000     UNINITIALIZED

.binit     0    00000000    00000000     

.bss       0    20000000    00007508     UNINITIALIZED
                  20000000    00007178     (.common:race)
                  20007178    00000120     rtsv7M4_T_le_v4SPD16_eabi.lib : trgmsg.c.obj (.bss:_CIOBUF_)
                  20007298    000000c4     (.common:gps)
                  2000735c    000000a0     (.common:__TI_tmpnams)
                  200073fc    00000064     race.obj (.bss:str$4)
                  20007460    0000001c     (.common:g_sContext)
                  2000747c    00000014     race.obj (.bss:buffer$1)
                  20007490    00000014     race.obj (.bss:buffer$2)
                  200074a4    00000014     graphics_functions.obj (.bss:output_str$1)
                  200074b8    0000000c     gps.obj (.bss:buffer_pos_to_decimal$1)
                  200074c4    0000000c     gps.obj (.bss:buffer_set_position$2)
                  200074d0    0000000c     gps.obj (.bss:buffer_temporal_separator$3)
                  200074dc    0000000c     race.obj (.bss:time$3)
                  200074e8    00000008     graphics_functions.obj (.bss:last_five$2)
                  200074f0    00000008     (.common:parmbuf)
                  200074f8    00000004     main.obj (.bss:resultsBuffer)
                  200074fc    00000002     (.common:Lcd_ScreenHeigth)
                  200074fe    00000002     (.common:Lcd_ScreenWidth)
                  20007500    00000002     (.common:Lcd_TouchTrim)
                  20007502    00000001     (.common:Lcd_FlagRead)
                  20007503    00000001     (.common:Lcd_FontSolid)
                  20007504    00000001     (.common:Lcd_Orientation)
                  20007505    00000001     (.common:Lcd_PenSolid)
                  20007506    00000001     (.common:current_state)
                  20007507    00000001     (.common:event)

.sysmem    0    20007508    00000400     UNINITIALIZED
                  20007508    00000010     rtsv7M4_T_le_v4SPD16_eabi.lib : memory.c.obj (.sysmem)
                  20007518    000003f0     --HOLE--

.data      0    20007908    00000328     UNINITIALIZED
                  20007908    000000f0     rtsv7M4_T_le_v4SPD16_eabi.lib : defs.c.obj (.data:_ftable)
                  200079f8    00000078                                   : host_device.c.obj (.data:_device)
                  20007a70    00000050                                   : host_device.c.obj (.data:_stream)
                  20007ac0    00000050     main.obj (.data:ds)
                  20007b10    00000028     main.obj (.data:fsm)
                  20007b38    00000028     main.obj (.data:fsm_arrived)
                  20007b60    00000018     main.obj (.data:fsm_run)
                  20007b78    00000012     main.obj (.data)
                  20007b8a    00000002     --HOLE--
                  20007b8c    00000010     Crystalfontz128x128_ST7735.obj (.data:g_sCrystalfontz128x128)
                  20007b9c    00000010     rtsv7M4_T_le_v4SPD16_eabi.lib : defs.c.obj (.data)
                  20007bac    0000000c                                   : exit.c.obj (.data:$O1$$)
                  20007bb8    0000000c     main.obj (.data:circular_buffer)
                  20007bc4    00000008     rtsv7M4_T_le_v4SPD16_eabi.lib : _lock.c.obj (.data:$O1$$)
                  20007bcc    00000008                                   : memory.c.obj (.data:$O1$$)
                  20007bd4    00000008     graphics_functions.obj (.data:back_rect)
                  20007bdc    00000008     main.obj (.data:back_rect)
                  20007be4    00000008     graphics_functions.obj (.data:l_rect)
                  20007bec    00000008     main.obj (.data:l_rect)
                  20007bf4    00000008     graphics_functions.obj (.data:main_rect)
                  20007bfc    00000008     main.obj (.data:main_rect)
                  20007c04    00000008     graphics_functions.obj (.data:r_rect)
                  20007c0c    00000008     main.obj (.data:r_rect)
                  20007c14    00000008     graphics_functions.obj (.data:up_rect)
                  20007c1c    00000008     main.obj (.data:up_rect)
                  20007c24    00000004     rtsv7M4_T_le_v4SPD16_eabi.lib : errno.c.obj (.data)
                  20007c28    00000004                                   : strtok.c.obj (.data)
                  20007c2c    00000004     system_msp432p401r.obj (.data)

.stack     0    2000fe00    00000200     UNINITIALIZED
                  2000fe00    00000004     rtsv7M4_T_le_v4SPD16_eabi.lib : boot_cortex_m.c.obj (.stack)
                  2000fe04    000001fc     --HOLE--

__llvm_prf_cnts 
*          0    20000000    00000000     UNINITIALIZED

MODULE SUMMARY

       Module                                               code    ro data   rw data
       ------                                               ----    -------   -------
    .\
       main.obj                                             5016    174       59008  
       gps.obj                                              2596    0         72     
       race.obj                                             1618    0         304    
       graphics_functions.obj                               1424    0         192    
       system_msp432p401r.obj                               820     0         8      
       startup_msp432p401r_ccs.obj                          14      228       0      
    +--+----------------------------------------------------+-------+---------+---------+
       Total:                                               11488   402       59584  
                                                                                     
    .\LcdDriver\
       Crystalfontz128x128_ST7735.obj                       1664    40        52     
       HAL_MSP_EXP432P401R_Crystalfontz128x128_ST7735.obj   204     28        0      
    +--+----------------------------------------------------+-------+---------+---------+
       Total:                                               1868    68        52     
                                                                                     
    C:/ti/simplelink_msp432p4_sdk_3_40_01_02/source/ti/devices/msp432p4xx/driverlib/ccs/msp432p4xx_driverlib.lib
       adc14.o                                              1196    128       0      
       gpio.o                                               860     48        0      
       uart.o                                               648     0         0      
       timer_a.o                                            494     0         0      
       spi.o                                                312     0         0      
       interrupt.o                                          176     8         0      
       cs.o                                                 52      0         0      
       wdt_a.o                                              36      0         0      
       cpu.o                                                24      0         0      
    +--+----------------------------------------------------+-------+---------+---------+
       Total:                                               3798    184       0      
                                                                                     
    C:/ti/simplelink_msp432p4_sdk_3_40_01_02/source/ti/grlib/lib/ccs/m4/grlib.a
       fontcmtt14.obj                                       0       1757      0      
       fontcmss14.obj                                       0       1745      0      
       string.obj                                           1536    0         0      
       fontfixed6x8.obj                                     0       960       0      
       rectangle.obj                                        436     0         0      
       line.obj                                             312     0         0      
       display.obj                                          230     0         0      
       context.obj                                          174     0         0      
    +--+----------------------------------------------------+-------+---------+---------+
       Total:                                               2688    4462      0      
                                                                                     
    C:\ti\ccs1250\ccs\tools\compiler\ti-cgt-arm_20.2.7.LTS\lib\rtsv7M4_T_le_v4SPD16_eabi.lib
       _printfi.c.obj                                       4851    0         0      
       k_rem_pio2.c.obj                                     1848    344       0      
       s_sin.c.obj                                          1504    0         0      
       s_cos.c.obj                                          1500    0         0      
       strtod.c.obj                                         1120    200       0      
       s_atan.c.obj                                         748     152       0      
       defs.c.obj                                           0       0         832    
       memory.c.obj                                         672     0         16     
       trgmsg.c.obj                                         108     0         576    
       e_atan2.c.obj                                        484     0         0      
       fd_add_t2.asm.obj                                    438     0         0      
       host_device.c.obj                                    0       0         400    
       k_sin.c.obj                                          372     0         0      
       k_cos.c.obj                                          368     0         0      
       e_sqrt.c.obj                                         344     0         0      
       fd_div_t2.asm.obj                                    310     0         0      
       fputs.c.obj                                          276     0         0      
       s_scalbn.c.obj                                       272     0         0      
       fd_cmp_t2.asm.obj                                    268     0         0      
       ctype.c.obj                                          0       257       0      
       fd_mul_t2.asm.obj                                    252     0         0      
       s_floor.c.obj                                        248     0         0      
       setvbuf.c.obj                                        220     0         0      
       memcpy_t2.asm.obj                                    156     0         0      
       ull_div_t2.asm.obj                                   150     0         0      
       fputc.c.obj                                          140     0         0      
       memset_t2.asm.obj                                    122     0         0      
       fclose.c.obj                                         116     0         0      
       getdevice.c.obj                                      116     0         0      
       hostopen.c.obj                                       96      0         16     
       printf.c.obj                                         112     0         0      
       fd_tos_t2.asm.obj                                    110     0         0      
       hostrename.c.obj                                     108     0         0      
       copy_decompress_lzss.c.obj                           104     0         0      
       hostlseek.c.obj                                      104     0         0      
       exit.c.obj                                           76      0         24     
       fseek.c.obj                                          100     0         0      
       s_frexp.c.obj                                        100     0         0      
       _io_perm.c.obj                                       98      0         0      
       sprintf.c.obj                                        98      0         0      
       close.c.obj                                          92      0         0      
       hostread.c.obj                                       88      0         0      
       hostwrite.c.obj                                      88      0         0      
       _ltoa.c.obj                                          84      0         0      
       atoi.c.obj                                           76      0         0      
       fflush.c.obj                                         76      0         0      
       fd_toi_t2.asm.obj                                    72      0         0      
       strtok.c.obj                                         64      0         8      
       autoinit.c.obj                                       68      0         0      
       hostclose.c.obj                                      68      0         0      
       hostunlink.c.obj                                     68      0         0      
       u_divt2.asm.obj                                      64      0         0      
       fs_tod_t2.asm.obj                                    56      0         0      
       strncpy.c.obj                                        54      0         0      
       boot_cortex_m.c.obj                                  52      0         0      
       fopen.c.obj                                          52      0         0      
       i_tofd_t2.asm.obj                                    46      0         0      
       strncmp.c.obj                                        44      0         0      
       unlink.c.obj                                         44      0         0      
       strspn.c.obj                                         42      0         0      
       lseek.c.obj                                          40      0         0      
       write.c.obj                                          40      0         0      
       strcspn.c.obj                                        36      0         0      
       memchr.c.obj                                         32      0         0      
       strcat.c.obj                                         30      0         0      
       memccpy.c.obj                                        28      0         0      
       s_copysign.c.obj                                     26      0         0      
       strcmp.c.obj                                         24      0         0      
       strchr.c.obj                                         22      0         0      
       strcpy.c.obj                                         20      0         0      
       strlen.c.obj                                         20      0         0      
       _lock.c.obj                                          2       0         16     
       atof.c.obj                                           18      0         0      
       wcslen.c.obj                                         18      0         0      
       errno.c.obj                                          8       0         8      
       copy_decompress_none.c.obj                           14      0         0      
       copy_zero_init.c.obj                                 12      0         0      
       pre_init.c.obj                                       4       0         0      
       div0.asm.obj                                         2       0         0      
    +--+----------------------------------------------------+-------+---------+---------+
       Total:                                               19803   953       1896   
                                                                                     
       Heap:                                                0       0         2048   
       Stack:                                               0       0         1024   
       Linker Generated:                                    0       330       0      
    +--+----------------------------------------------------+-------+---------+---------+
       Grand Total:                                         39645   6399      64604  


LINKER GENERATED COPY TABLES

__TI_cinit_table @ 0000b400 records: 2, size/record: 8, table size: 16
	.data: load addr=0000b2c0, load size=00000126 bytes, run addr=20007908, run size=00000328 bytes, compression=lzss
	.bss: load addr=0000b3f8, load size=00000008 bytes, run addr=20000000, run size=00007508 bytes, compression=zero_init


LINKER GENERATED HANDLER TABLE

__TI_handler_table @ 0000b3e8 records: 3, size/record: 4, table size: 12
	index: 0, handler: __TI_decompress_lzss
	index: 1, handler: __TI_decompress_none
	index: 2, handler: __TI_zero_init


GLOBAL SYMBOLS: SORTED ALPHABETICALLY BY Name 

address   name                                       
-------   ----                                       
00000e69  ADC14_IRQHandler                           
00000e69  ADC14_IRQHandler                           
00009431  ADC14_clearInterruptFlag                   
00007a6d  ADC14_configureConversionMemory            
00007b21  ADC14_configureMultiSequenceMode           
000096e5  ADC14_enableConversion                     
00009461  ADC14_enableInterrupt                      
00009b85  ADC14_enableModule                         
000092f9  ADC14_enableSampleTimer                    
000091ad  ADC14_getEnabledInterruptStatus            
000095b1  ADC14_getInterruptStatus                   
0000970d  ADC14_getResult                            
00008be5  ADC14_initModule                           
000095dd  ADC14_toggleConversionTrigger              
00009b83  AES256_IRQHandler                          
00009b83  BusFault_Handler                           
00009bdd  C$$EXIT                                    
00009213  C$$IO$$                                    
00009b83  COMP_E0_IRQHandler                         
00009b83  COMP_E1_IRQHandler                         
00009b91  CPU_cpsid                                  
00009b9d  CPU_cpsie                                  
00009b83  CS_IRQHandler                              
0000932d  CS_setDCOCenteredFrequency                 
00003029  Crystalfontz128x128_Init                   
0000313d  Crystalfontz128x128_SetDrawFrame           
0000326b  Crystalfontz128x128_SetOrientation         
00009b83  DMA_ERR_IRQHandler                         
00009b83  DMA_INT0_IRQHandler                        
00009b83  DMA_INT1_IRQHandler                        
00009b83  DMA_INT2_IRQHandler                        
00009b83  DMA_INT3_IRQHandler                        
00009b83  DebugMon_Handler                           
00009b83  Default_Handler                            
00009b83  EUSCIA0_IRQHandler                         
00009b83  EUSCIA1_IRQHandler                         
00000e2d  EUSCIA2_IRQHandler                         
00000e2d  EUSCIA2_IRQHandler                         
00009b83  EUSCIA3_IRQHandler                         
00009b83  EUSCIB0_IRQHandler                         
00009b83  EUSCIB1_IRQHandler                         
00009b83  EUSCIB2_IRQHandler                         
00009b83  EUSCIB3_IRQHandler                         
00009a19  EUSCI_A_SPI_enable                         
00009a2f  EUSCI_B_SPI_enable                         
00009b83  FLCTL_IRQHandler                           
00009b83  FPU_IRQHandler                             
00009735  GPIO_clearInterruptFlag                    
0000975d  GPIO_enableInterrupt                       
00000f91  GPIO_enable_interrupt_all_buttons          
00000fdd  GPIO_enable_leds                           
00000f6d  GPIO_enable_pullup_all_buttons             
000082ed  GPIO_getEnabledInterruptStatus             
00009491  GPIO_getInputPinValue                      
0000984d  GPIO_getInterruptStatus                    
00009171  GPIO_interruptEdgeSelect                   
00008a85  GPIO_setAsInputPinWithPullUpResistor       
00008fb1  GPIO_setAsOutputPin                        
000080d1  GPIO_setAsPeripheralModuleFunctionInputPin 
00008159  GPIO_setAsPeripheralModuleFunctionOutputPin
00009785  GPIO_setOutputHighOnPin                    
000097ad  GPIO_setOutputLowOnPin                     
00009af1  Graphics_clearDisplay                      
00009969  Graphics_clearDisplayOnDisplay             
00009255  Graphics_drawHorizontalLineOnDisplay       
00007dd9  Graphics_drawLineH                         
00007e75  Graphics_drawLineV                         
00009609  Graphics_drawPixelOnDisplay                
00007d37  Graphics_drawRectangle                     
00004e49  Graphics_drawString                        
00008dc9  Graphics_drawStringCentered                
0000928b  Graphics_drawVerticalLineOnDisplay         
000071cd  Graphics_fillRectangle                     
000098d9  Graphics_fillRectangleOnDisplay            
000075ed  Graphics_getStringWidth                    
00008c8d  Graphics_initContext                       
00009983  Graphics_setBackgroundColor                
0000999d  Graphics_setFont                           
00009a45  Graphics_setForegroundColor                
00009a5b  Graphics_translateColorOnDisplay           
000079a1  HAL_LCD_PortInit                           
000079d1  HAL_LCD_SpiInit                            
00007a07  HAL_LCD_writeCommand                       
00007a37  HAL_LCD_writeData                          
00008ea1  HOSTclose                                  
00008699  HOSTlseek                                  
000089c9  HOSTopen                                   
00008add  HOSTread                                   
0000862d  HOSTrename                                 
00008ee5  HOSTunlink                                 
00008b35  HOSTwrite                                  
00009b83  HardFault_Handler                          
000012f7  INTERRUPT_enable                           
00009b39  Interrupt_disableMaster                    
00009b49  Interrupt_disableSleepOnIsrExit            
00008371  Interrupt_enableInterrupt                  
00009b59  Interrupt_enableMaster                     
0000103d  LED_set_color                              
20007502  Lcd_FlagRead                               
20007503  Lcd_FontSolid                              
20007504  Lcd_Orientation                            
20007505  Lcd_PenSolid                               
200074fc  Lcd_ScreenHeigth                           
200074fe  Lcd_ScreenWidth                            
20007500  Lcd_TouchTrim                              
00009b83  MemManage_Handler                          
00009b83  NMI_Handler                                
00009b83  PCM_IRQHandler                             
00000dfd  PORT1_IRQHandler                           
00000dfd  PORT1_IRQHandler                           
00009b83  PORT2_IRQHandler                           
00000dc5  PORT3_IRQHandler                           
00000dc5  PORT3_IRQHandler                           
00009b83  PORT4_IRQHandler                           
00000d7f  PORT5_IRQHandler                           
00000d7f  PORT5_IRQHandler                           
00009b83  PORT6_IRQHandler                           
00009b83  PSS_IRQHandler                             
00009b83  PendSV_Handler                             
0000131d  RACE_set_run_values                        
00009b83  RTC_C_IRQHandler                           
00009b77  Reset_Handler                              
00009915  SPI_enableModule                           
00007c87  SPI_initMaster                             
00009b83  SVC_Handler                                
00009b83  SysTick_Handler                            
20007c2c  SystemCoreClock                            
00005729  SystemCoreClockUpdate                      
000059a1  SystemInit                                 
00009b83  T32_INT1_IRQHandler                        
00009b83  T32_INT2_IRQHandler                        
00009b83  T32_INTC_IRQHandler                        
00009b83  TA0_0_IRQHandler                           
00009b83  TA0_N_IRQHandler                           
00000d45  TA1_0_IRQHandler                           
00000d45  TA1_0_IRQHandler                           
00009b83  TA1_N_IRQHandler                           
00009b83  TA2_0_IRQHandler                           
00009b83  TA2_N_IRQHandler                           
00009b83  TA3_0_IRQHandler                           
00009b83  TA3_N_IRQHandler                           
00009635  Timer_A_clearCaptureCompareInterrupt       
00008701  Timer_A_configureUpMode                    
00009a71  Timer_A_startCounter                       
0000111f  UART0_config                               
00001255  UART0_transmit_gps_data                    
0000114d  UART2_config                               
00009a87  UART_clearInterruptFlag                    
000094c1  UART_disableInterrupt                      
000094f1  UART_enableInterrupt                       
00009a9d  UART_enableModule                          
00008839  UART_getEnabledInterruptStatus             
000099d1  UART_getInterruptStatus                    
00006f9d  UART_initModule                            
00009521  UART_receiveData                           
00009361  UART_transmitData                          
000011b9  UART_transmit_all_data_race                
00001181  UART_transmit_string                       
00009b83  UsageFault_Handler                         
4000480c  WDTCTL_SYM                                 
00009b83  WDT_A_IRQHandler                           
00009871  WDT_A_holdTimer                            
20007178  __CIOBUF_                                  
20010000  __STACK_END                                
00000200  __STACK_SIZE                               
00000400  __SYSMEM_SIZE                              
0000b400  __TI_CINIT_Base                            
0000b410  __TI_CINIT_Limit                           
0000b3e8  __TI_Handler_Table_Base                    
0000b3f4  __TI_Handler_Table_Limit                   
00008f29  __TI_auto_init_nobinit_nopinit             
00009395  __TI_cleanup                               
20007bac  __TI_cleanup_ptr                           
0000846d  __TI_closefile                             
00008769  __TI_decompress_lzss                       
00009b69  __TI_decompress_none                       
00008d31  __TI_doflush                               
20007bb0  __TI_dtors_ptr                             
20007bb4  __TI_enable_exit_profile_output            
20007b9c  __TI_ft_end                                
00008c39  __TI_ltoa                                  
ffffffff  __TI_pprof_out_hndl                        
0000147d  __TI_printfi                               
ffffffff  __TI_prof_data_size                        
ffffffff  __TI_prof_data_start                       
000093c9  __TI_readmsg                               
00000000  __TI_static_base__                         
2000735c  __TI_tmpnams                               
000091e5  __TI_writemsg                              
00008965  __TI_wrt_ok                                
00009ba9  __TI_zero_init                             
000081e1  __aeabi_cdcmpeq                            
000081e1  __aeabi_cdcmple                            
00008267  __aeabi_cdrcmple                           
000085bf  __aeabi_d2f                                
00008e59  __aeabi_d2iz                               
00006377  __aeabi_dadd                               
00006d41  __aeabi_ddiv                               
000074f1  __aeabi_dmul                               
0000636d  __aeabi_dsub                               
00009bc1  __aeabi_errno_addr                         
0000921d  __aeabi_f2d                                
00009581  __aeabi_i2d                                
00003cfb  __aeabi_idiv0                              
00003cfb  __aeabi_ldiv0                              
000083f1  __aeabi_memclr                             
000083f1  __aeabi_memclr4                            
000083f1  __aeabi_memclr8                            
00007f11  __aeabi_memcpy                             
00007f11  __aeabi_memcpy4                            
00007f11  __aeabi_memcpy8                            
000083f3  __aeabi_memset                             
000083f3  __aeabi_memset4                            
000083f3  __aeabi_memset8                            
20007ba8  __aeabi_stderr                             
20007ba0  __aeabi_stdin                              
20007ba4  __aeabi_stdout                             
00009071  __aeabi_uidiv                              
00009071  __aeabi_uidivmod                           
00007fad  __aeabi_uldivmod                           
ffffffff  __binit__                                  
ffffffff  __c_args__                                 
00006699  __kernel_cos                               
000028f1  __kernel_rem_pio2                          
00006525  __kernel_sin                               
UNDEFED   __mpu_init                                 
2000fe00  __stack                                    
20000000  __start___llvm_prf_cnts                    
20000000  __stop___llvm_prf_cnts                     
00001353  _adcInit                                   
000093fd  _c_int00_noargs                            
0000ac50  _ctypes_                                   
200079f8  _device                                    
20007908  _ftable                                    
000013c1  _graphicsInit                              
000013fb  _hwInit                                    
20007bc4  _lock                                      
00001ecb  _nop                                       
20007a70  _stream                                    
20007508  _sys_memory                                
UNDEFED   _system_post_cinit                         
00009bd9  _system_pre_init                           
20007bc8  _unlock                                    
00009bdd  abort                                      
000073f1  aligned_alloc                              
00005a5d  atan                                       
00005fb9  atan2                                      
00005fb9  atan2l                                     
00005a5d  atanl                                      
00009b03  atof                                       
00008d7d  atoi                                       
20007b7e  b                                          
ffffffff  binit                                      
000048dd  change_position_l                          
000048b9  change_position_r                          
20007b89  chg_dsp                                    
20007bb8  circular_buffer                            
00008a29  close                                      
000099b7  copysign                                   
000099b7  copysignl                                  
000042dd  cos                                        
000042dd  cosl                                       
20007506  current_state                              
20007b7a  current_state_arrived                      
20007b79  current_state_run                          
000049a9  draw_data                                  
00004acd  draw_page                                  
20007ac0  ds                                         
20007c24  errno                                      
20007507  event                                      
00008e11  exit                                       
00009551  finddevice                                 
00003863  float_to_string                            
000076e9  floor                                      
000076e9  floorl                                     
00000551  fn_ARRIVED                                 
0000062d  fn_DESELECT                                
00000189  fn_FIXING                                  
000001b1  fn_IDLE                                    
000008b5  fn_LEFT                                    
00000a4d  fn_PAGE0                                   
00000a89  fn_PAGE1                                   
00000b2d  fn_PAGE2                                   
00000bf9  fn_PAGE3                                   
00000ca1  fn_PAGE4                                   
00000419  fn_PAUSE                                   
000006e5  fn_RIGHT                                   
00000251  fn_RUNNING                                 
00008045  fputc                                      
000070b9  fputs                                      
000077e1  free                                       
0000889d  frexp                                      
0000889d  frexpl                                     
00008901  fseek                                      
20007b10  fsm                                        
20007b38  fsm_arrived                                
20007b60  fsm_run                                    
20007460  g_sContext                                 
20007b8c  g_sCrystalfontz128x128                     
0000b258  g_sCrystalfontz128x128_funcs               
0000ae20  g_sFontCmss14                              
0000aee8  g_sFontCmtt14                              
0000afb0  g_sFontFixed6x8                            
00002241  get_distance_m                             
00002415  get_seconds_from_time                      
00008f6d  getdevice                                  
20007298  gps                                        
00002613  gps_data_valid                             
00002529  gps_encode                                 
000026af  gps_get_altitude                           
000026bd  gps_get_date                               
00002651  gps_get_fix                                
000027db  gps_get_instant_speed                      
00002793  gps_get_last_altitude                      
000026fd  gps_get_last_distance                      
000026d9  gps_get_last_seconds                       
0000268b  gps_get_latitude                           
000026a1  gps_get_longitude                          
00002673  gps_get_positions                          
000026cb  gps_get_time                               
00002491  gps_init                                   
00002831  gps_print_struct                           
00002631  gps_set_data_valid                         
0000387f  int_to_string                              
00000000  interruptVectors                           
20007b78  jevent                                     
20007b84  joystick_pressed                           
00004d11  lcd_running_pause_page                     
00004c39  lcd_show_state                             
000072e1  ldexp                                      
000072e1  ldexpl                                     
000097fd  lseek                                      
00004901  m_to_km                                    
000000e5  main                                       
00009bc9  malloc                                     
000073f1  memalign                                   
0000994d  memccpy                                    
000098b9  memchr                                     
00007f11  memcpy                                     
000083f9  memset                                     
20007b88  page_drawn                                 
200074f0  parmbuf                                    
20007b80  pos                                        
000087d1  printf                                     
00008045  putc                                       
20000000  race                                       
00003935  race_get_avg_speed                         
00003917  race_get_distance                          
0000396d  race_get_heigh_difference                  
00003907  race_get_instant_speed                     
00003927  race_get_run_time                          
000038ed  race_get_start_date                        
000038db  race_get_start_done                        
000038f9  race_get_start_time                        
000036a9  race_init                                  
00003a65  race_make_data_string                      
00003999  race_make_data_title                       
00003bb9  race_print_struct                          
0000378d  race_set_distance                          
000037ad  race_set_heigh_difference                  
0000371d  race_set_instant_speed                     
0000375f  race_set_pause_duration                    
000037db  race_set_positions                         
00003731  race_set_run_duration                      
00003701  race_set_start_date_time                   
00003849  race_set_start_run                         
0000968d  remove                                     
00004943  resize_string                              
20007b7f  running_pause_entered                      
000072e1  scalbn                                     
000072e1  scalbnl                                    
000078c5  setvbuf                                    
00003cfd  sin                                        
00003cfd  sinl                                       
000090b1  sprintf                                    
00006969  sqrt                                       
00006969  sqrtl                                      
000098f7  strcat                                     
00009ab3  strchr                                     
00009a01  strcmp                                     
00009ac9  strcpy                                     
00009895  strcspn                                    
00009add  strlen                                     
00009661  strncmp                                    
000092c1  strncpy                                    
000096b9  strspn                                     
000052c9  strtod                                     
000090f1  strtok                                     
000052c9  strtold                                    
20007b7b  timer_a_edge                               
20007b7d  transmitted                                
0000b208  uartConfig0                                
0000b230  uartConfig1                                
0000968d  unlink                                     
0000b294  upConfig                                   
00009b15  wcslen                                     
20007b7c  wifi_conn                                  
00009825  write                                      


GLOBAL SYMBOLS: SORTED BY Symbol Address 

address   name                                       
-------   ----                                       
00000000  __TI_static_base__                         
00000000  interruptVectors                           
000000e5  main                                       
00000189  fn_FIXING                                  
000001b1  fn_IDLE                                    
00000200  __STACK_SIZE                               
00000251  fn_RUNNING                                 
00000400  __SYSMEM_SIZE                              
00000419  fn_PAUSE                                   
00000551  fn_ARRIVED                                 
0000062d  fn_DESELECT                                
000006e5  fn_RIGHT                                   
000008b5  fn_LEFT                                    
00000a4d  fn_PAGE0                                   
00000a89  fn_PAGE1                                   
00000b2d  fn_PAGE2                                   
00000bf9  fn_PAGE3                                   
00000ca1  fn_PAGE4                                   
00000d45  TA1_0_IRQHandler                           
00000d45  TA1_0_IRQHandler                           
00000d7f  PORT5_IRQHandler                           
00000d7f  PORT5_IRQHandler                           
00000dc5  PORT3_IRQHandler                           
00000dc5  PORT3_IRQHandler                           
00000dfd  PORT1_IRQHandler                           
00000dfd  PORT1_IRQHandler                           
00000e2d  EUSCIA2_IRQHandler                         
00000e2d  EUSCIA2_IRQHandler                         
00000e69  ADC14_IRQHandler                           
00000e69  ADC14_IRQHandler                           
00000f6d  GPIO_enable_pullup_all_buttons             
00000f91  GPIO_enable_interrupt_all_buttons          
00000fdd  GPIO_enable_leds                           
0000103d  LED_set_color                              
0000111f  UART0_config                               
0000114d  UART2_config                               
00001181  UART_transmit_string                       
000011b9  UART_transmit_all_data_race                
00001255  UART0_transmit_gps_data                    
000012f7  INTERRUPT_enable                           
0000131d  RACE_set_run_values                        
00001353  _adcInit                                   
000013c1  _graphicsInit                              
000013fb  _hwInit                                    
0000147d  __TI_printfi                               
00001ecb  _nop                                       
00002241  get_distance_m                             
00002415  get_seconds_from_time                      
00002491  gps_init                                   
00002529  gps_encode                                 
00002613  gps_data_valid                             
00002631  gps_set_data_valid                         
00002651  gps_get_fix                                
00002673  gps_get_positions                          
0000268b  gps_get_latitude                           
000026a1  gps_get_longitude                          
000026af  gps_get_altitude                           
000026bd  gps_get_date                               
000026cb  gps_get_time                               
000026d9  gps_get_last_seconds                       
000026fd  gps_get_last_distance                      
00002793  gps_get_last_altitude                      
000027db  gps_get_instant_speed                      
00002831  gps_print_struct                           
000028f1  __kernel_rem_pio2                          
00003029  Crystalfontz128x128_Init                   
0000313d  Crystalfontz128x128_SetDrawFrame           
0000326b  Crystalfontz128x128_SetOrientation         
000036a9  race_init                                  
00003701  race_set_start_date_time                   
0000371d  race_set_instant_speed                     
00003731  race_set_run_duration                      
0000375f  race_set_pause_duration                    
0000378d  race_set_distance                          
000037ad  race_set_heigh_difference                  
000037db  race_set_positions                         
00003849  race_set_start_run                         
00003863  float_to_string                            
0000387f  int_to_string                              
000038db  race_get_start_done                        
000038ed  race_get_start_date                        
000038f9  race_get_start_time                        
00003907  race_get_instant_speed                     
00003917  race_get_distance                          
00003927  race_get_run_time                          
00003935  race_get_avg_speed                         
0000396d  race_get_heigh_difference                  
00003999  race_make_data_title                       
00003a65  race_make_data_string                      
00003bb9  race_print_struct                          
00003cfb  __aeabi_idiv0                              
00003cfb  __aeabi_ldiv0                              
00003cfd  sin                                        
00003cfd  sinl                                       
000042dd  cos                                        
000042dd  cosl                                       
000048b9  change_position_r                          
000048dd  change_position_l                          
00004901  m_to_km                                    
00004943  resize_string                              
000049a9  draw_data                                  
00004acd  draw_page                                  
00004c39  lcd_show_state                             
00004d11  lcd_running_pause_page                     
00004e49  Graphics_drawString                        
000052c9  strtod                                     
000052c9  strtold                                    
00005729  SystemCoreClockUpdate                      
000059a1  SystemInit                                 
00005a5d  atan                                       
00005a5d  atanl                                      
00005fb9  atan2                                      
00005fb9  atan2l                                     
0000636d  __aeabi_dsub                               
00006377  __aeabi_dadd                               
00006525  __kernel_sin                               
00006699  __kernel_cos                               
00006969  sqrt                                       
00006969  sqrtl                                      
00006d41  __aeabi_ddiv                               
00006f9d  UART_initModule                            
000070b9  fputs                                      
000071cd  Graphics_fillRectangle                     
000072e1  ldexp                                      
000072e1  ldexpl                                     
000072e1  scalbn                                     
000072e1  scalbnl                                    
000073f1  aligned_alloc                              
000073f1  memalign                                   
000074f1  __aeabi_dmul                               
000075ed  Graphics_getStringWidth                    
000076e9  floor                                      
000076e9  floorl                                     
000077e1  free                                       
000078c5  setvbuf                                    
000079a1  HAL_LCD_PortInit                           
000079d1  HAL_LCD_SpiInit                            
00007a07  HAL_LCD_writeCommand                       
00007a37  HAL_LCD_writeData                          
00007a6d  ADC14_configureConversionMemory            
00007b21  ADC14_configureMultiSequenceMode           
00007c87  SPI_initMaster                             
00007d37  Graphics_drawRectangle                     
00007dd9  Graphics_drawLineH                         
00007e75  Graphics_drawLineV                         
00007f11  __aeabi_memcpy                             
00007f11  __aeabi_memcpy4                            
00007f11  __aeabi_memcpy8                            
00007f11  memcpy                                     
00007fad  __aeabi_uldivmod                           
00008045  fputc                                      
00008045  putc                                       
000080d1  GPIO_setAsPeripheralModuleFunctionInputPin 
00008159  GPIO_setAsPeripheralModuleFunctionOutputPin
000081e1  __aeabi_cdcmpeq                            
000081e1  __aeabi_cdcmple                            
00008267  __aeabi_cdrcmple                           
000082ed  GPIO_getEnabledInterruptStatus             
00008371  Interrupt_enableInterrupt                  
000083f1  __aeabi_memclr                             
000083f1  __aeabi_memclr4                            
000083f1  __aeabi_memclr8                            
000083f3  __aeabi_memset                             
000083f3  __aeabi_memset4                            
000083f3  __aeabi_memset8                            
000083f9  memset                                     
0000846d  __TI_closefile                             
000085bf  __aeabi_d2f                                
0000862d  HOSTrename                                 
00008699  HOSTlseek                                  
00008701  Timer_A_configureUpMode                    
00008769  __TI_decompress_lzss                       
000087d1  printf                                     
00008839  UART_getEnabledInterruptStatus             
0000889d  frexp                                      
0000889d  frexpl                                     
00008901  fseek                                      
00008965  __TI_wrt_ok                                
000089c9  HOSTopen                                   
00008a29  close                                      
00008a85  GPIO_setAsInputPinWithPullUpResistor       
00008add  HOSTread                                   
00008b35  HOSTwrite                                  
00008be5  ADC14_initModule                           
00008c39  __TI_ltoa                                  
00008c8d  Graphics_initContext                       
00008d31  __TI_doflush                               
00008d7d  atoi                                       
00008dc9  Graphics_drawStringCentered                
00008e11  exit                                       
00008e59  __aeabi_d2iz                               
00008ea1  HOSTclose                                  
00008ee5  HOSTunlink                                 
00008f29  __TI_auto_init_nobinit_nopinit             
00008f6d  getdevice                                  
00008fb1  GPIO_setAsOutputPin                        
00009071  __aeabi_uidiv                              
00009071  __aeabi_uidivmod                           
000090b1  sprintf                                    
000090f1  strtok                                     
00009171  GPIO_interruptEdgeSelect                   
000091ad  ADC14_getEnabledInterruptStatus            
000091e5  __TI_writemsg                              
00009213  C$$IO$$                                    
0000921d  __aeabi_f2d                                
00009255  Graphics_drawHorizontalLineOnDisplay       
0000928b  Graphics_drawVerticalLineOnDisplay         
000092c1  strncpy                                    
000092f9  ADC14_enableSampleTimer                    
0000932d  CS_setDCOCenteredFrequency                 
00009361  UART_transmitData                          
00009395  __TI_cleanup                               
000093c9  __TI_readmsg                               
000093fd  _c_int00_noargs                            
00009431  ADC14_clearInterruptFlag                   
00009461  ADC14_enableInterrupt                      
00009491  GPIO_getInputPinValue                      
000094c1  UART_disableInterrupt                      
000094f1  UART_enableInterrupt                       
00009521  UART_receiveData                           
00009551  finddevice                                 
00009581  __aeabi_i2d                                
000095b1  ADC14_getInterruptStatus                   
000095dd  ADC14_toggleConversionTrigger              
00009609  Graphics_drawPixelOnDisplay                
00009635  Timer_A_clearCaptureCompareInterrupt       
00009661  strncmp                                    
0000968d  remove                                     
0000968d  unlink                                     
000096b9  strspn                                     
000096e5  ADC14_enableConversion                     
0000970d  ADC14_getResult                            
00009735  GPIO_clearInterruptFlag                    
0000975d  GPIO_enableInterrupt                       
00009785  GPIO_setOutputHighOnPin                    
000097ad  GPIO_setOutputLowOnPin                     
000097fd  lseek                                      
00009825  write                                      
0000984d  GPIO_getInterruptStatus                    
00009871  WDT_A_holdTimer                            
00009895  strcspn                                    
000098b9  memchr                                     
000098d9  Graphics_fillRectangleOnDisplay            
000098f7  strcat                                     
00009915  SPI_enableModule                           
0000994d  memccpy                                    
00009969  Graphics_clearDisplayOnDisplay             
00009983  Graphics_setBackgroundColor                
0000999d  Graphics_setFont                           
000099b7  copysign                                   
000099b7  copysignl                                  
000099d1  UART_getInterruptStatus                    
00009a01  strcmp                                     
00009a19  EUSCI_A_SPI_enable                         
00009a2f  EUSCI_B_SPI_enable                         
00009a45  Graphics_setForegroundColor                
00009a5b  Graphics_translateColorOnDisplay           
00009a71  Timer_A_startCounter                       
00009a87  UART_clearInterruptFlag                    
00009a9d  UART_enableModule                          
00009ab3  strchr                                     
00009ac9  strcpy                                     
00009add  strlen                                     
00009af1  Graphics_clearDisplay                      
00009b03  atof                                       
00009b15  wcslen                                     
00009b39  Interrupt_disableMaster                    
00009b49  Interrupt_disableSleepOnIsrExit            
00009b59  Interrupt_enableMaster                     
00009b69  __TI_decompress_none                       
00009b77  Reset_Handler                              
00009b83  AES256_IRQHandler                          
00009b83  BusFault_Handler                           
00009b83  COMP_E0_IRQHandler                         
00009b83  COMP_E1_IRQHandler                         
00009b83  CS_IRQHandler                              
00009b83  DMA_ERR_IRQHandler                         
00009b83  DMA_INT0_IRQHandler                        
00009b83  DMA_INT1_IRQHandler                        
00009b83  DMA_INT2_IRQHandler                        
00009b83  DMA_INT3_IRQHandler                        
00009b83  DebugMon_Handler                           
00009b83  Default_Handler                            
00009b83  EUSCIA0_IRQHandler                         
00009b83  EUSCIA1_IRQHandler                         
00009b83  EUSCIA3_IRQHandler                         
00009b83  EUSCIB0_IRQHandler                         
00009b83  EUSCIB1_IRQHandler                         
00009b83  EUSCIB2_IRQHandler                         
00009b83  EUSCIB3_IRQHandler                         
00009b83  FLCTL_IRQHandler                           
00009b83  FPU_IRQHandler                             
00009b83  HardFault_Handler                          
00009b83  MemManage_Handler                          
00009b83  NMI_Handler                                
00009b83  PCM_IRQHandler                             
00009b83  PORT2_IRQHandler                           
00009b83  PORT4_IRQHandler                           
00009b83  PORT6_IRQHandler                           
00009b83  PSS_IRQHandler                             
00009b83  PendSV_Handler                             
00009b83  RTC_C_IRQHandler                           
00009b83  SVC_Handler                                
00009b83  SysTick_Handler                            
00009b83  T32_INT1_IRQHandler                        
00009b83  T32_INT2_IRQHandler                        
00009b83  T32_INTC_IRQHandler                        
00009b83  TA0_0_IRQHandler                           
00009b83  TA0_N_IRQHandler                           
00009b83  TA1_N_IRQHandler                           
00009b83  TA2_0_IRQHandler                           
00009b83  TA2_N_IRQHandler                           
00009b83  TA3_0_IRQHandler                           
00009b83  TA3_N_IRQHandler                           
00009b83  UsageFault_Handler                         
00009b83  WDT_A_IRQHandler                           
00009b85  ADC14_enableModule                         
00009b91  CPU_cpsid                                  
00009b9d  CPU_cpsie                                  
00009ba9  __TI_zero_init                             
00009bc1  __aeabi_errno_addr                         
00009bc9  malloc                                     
00009bd9  _system_pre_init                           
00009bdd  C$$EXIT                                    
00009bdd  abort                                      
0000ac50  _ctypes_                                   
0000ae20  g_sFontCmss14                              
0000aee8  g_sFontCmtt14                              
0000afb0  g_sFontFixed6x8                            
0000b208  uartConfig0                                
0000b230  uartConfig1                                
0000b258  g_sCrystalfontz128x128_funcs               
0000b294  upConfig                                   
0000b3e8  __TI_Handler_Table_Base                    
0000b3f4  __TI_Handler_Table_Limit                   
0000b400  __TI_CINIT_Base                            
0000b410  __TI_CINIT_Limit                           
20000000  __start___llvm_prf_cnts                    
20000000  __stop___llvm_prf_cnts                     
20000000  race                                       
20007178  __CIOBUF_                                  
20007298  gps                                        
2000735c  __TI_tmpnams                               
20007460  g_sContext                                 
200074f0  parmbuf                                    
200074fc  Lcd_ScreenHeigth                           
200074fe  Lcd_ScreenWidth                            
20007500  Lcd_TouchTrim                              
20007502  Lcd_FlagRead                               
20007503  Lcd_FontSolid                              
20007504  Lcd_Orientation                            
20007505  Lcd_PenSolid                               
20007506  current_state                              
20007507  event                                      
20007508  _sys_memory                                
20007908  _ftable                                    
200079f8  _device                                    
20007a70  _stream                                    
20007ac0  ds                                         
20007b10  fsm                                        
20007b38  fsm_arrived                                
20007b60  fsm_run                                    
20007b78  jevent                                     
20007b79  current_state_run                          
20007b7a  current_state_arrived                      
20007b7b  timer_a_edge                               
20007b7c  wifi_conn                                  
20007b7d  transmitted                                
20007b7e  b                                          
20007b7f  running_pause_entered                      
20007b80  pos                                        
20007b84  joystick_pressed                           
20007b88  page_drawn                                 
20007b89  chg_dsp                                    
20007b8c  g_sCrystalfontz128x128                     
20007b9c  __TI_ft_end                                
20007ba0  __aeabi_stdin                              
20007ba4  __aeabi_stdout                             
20007ba8  __aeabi_stderr                             
20007bac  __TI_cleanup_ptr                           
20007bb0  __TI_dtors_ptr                             
20007bb4  __TI_enable_exit_profile_output            
20007bb8  circular_buffer                            
20007bc4  _lock                                      
20007bc8  _unlock                                    
20007c24  errno                                      
20007c2c  SystemCoreClock                            
2000fe00  __stack                                    
20010000  __STACK_END                                
4000480c  WDTCTL_SYM                                 
ffffffff  __TI_pprof_out_hndl                        
ffffffff  __TI_prof_data_size                        
ffffffff  __TI_prof_data_start                       
ffffffff  __binit__                                  
ffffffff  __c_args__                                 
ffffffff  binit                                      
UNDEFED   __mpu_init                                 
UNDEFED   _system_post_cinit                         

[398 symbols]
