<?xml version="1.0" encoding="ISO-8859-1" ?>
<link_info>
   <banner>TI ARM Linker PC v20.2.7.LTS</banner>
   <copyright>Copyright (c) 1996-2018 Texas Instruments Incorporated</copyright>
   <link_time>0x65d11f2e</link_time>
   <link_errors>0x0</link_errors>
   <output_file>prova_I.out</output_file>
   <entry_point>
      <name>_c_int00_noargs</name>
      <address>0x9145</address>
   </entry_point>
   <input_file_list>
      <input_file id="fl-2">
         <path>.\</path>
         <kind>object</kind>
         <file>gps.obj</file>
         <name>gps.obj</name>
      </input_file>
      <input_file id="fl-3">
         <path>.\</path>
         <kind>object</kind>
         <file>main.obj</file>
         <name>main.obj</name>
      </input_file>
      <input_file id="fl-4">
         <path>.\</path>
         <kind>object</kind>
         <file>race.obj</file>
         <name>race.obj</name>
      </input_file>
      <input_file id="fl-5">
         <path>.\</path>
         <kind>object</kind>
         <file>startup_msp432p401r_ccs.obj</file>
         <name>startup_msp432p401r_ccs.obj</name>
      </input_file>
      <input_file id="fl-6">
         <path>.\</path>
         <kind>object</kind>
         <file>system_msp432p401r.obj</file>
         <name>system_msp432p401r.obj</name>
      </input_file>
      <input_file id="fl-7">
         <path>.\LcdDriver\</path>
         <kind>object</kind>
         <file>Crystalfontz128x128_ST7735.obj</file>
         <name>Crystalfontz128x128_ST7735.obj</name>
      </input_file>
      <input_file id="fl-8">
         <path>.\LcdDriver\</path>
         <kind>object</kind>
         <file>HAL_MSP_EXP432P401R_Crystalfontz128x128_ST7735.obj</file>
         <name>HAL_MSP_EXP432P401R_Crystalfontz128x128_ST7735.obj</name>
      </input_file>
      <input_file id="fl-e">
         <kind>object</kind>
         <file>&lt;internal&gt;</file>
         <name>&lt;internal&gt;</name>
      </input_file>
      <input_file id="fl-c4">
         <path>C:\ti\ccs1250\ccs\tools\compiler\ti-cgt-arm_20.2.7.LTS\lib\</path>
         <kind>archive</kind>
         <file>rtsv7M4_T_le_v4SPD16_eabi.lib</file>
         <name>e_atan2.c.obj</name>
      </input_file>
      <input_file id="fl-c5">
         <path>C:\ti\ccs1250\ccs\tools\compiler\ti-cgt-arm_20.2.7.LTS\lib\</path>
         <kind>archive</kind>
         <file>rtsv7M4_T_le_v4SPD16_eabi.lib</file>
         <name>e_sqrt.c.obj</name>
      </input_file>
      <input_file id="fl-c6">
         <path>C:\ti\ccs1250\ccs\tools\compiler\ti-cgt-arm_20.2.7.LTS\lib\</path>
         <kind>archive</kind>
         <file>rtsv7M4_T_le_v4SPD16_eabi.lib</file>
         <name>s_atan.c.obj</name>
      </input_file>
      <input_file id="fl-c7">
         <path>C:\ti\ccs1250\ccs\tools\compiler\ti-cgt-arm_20.2.7.LTS\lib\</path>
         <kind>archive</kind>
         <file>rtsv7M4_T_le_v4SPD16_eabi.lib</file>
         <name>s_cos.c.obj</name>
      </input_file>
      <input_file id="fl-c8">
         <path>C:\ti\ccs1250\ccs\tools\compiler\ti-cgt-arm_20.2.7.LTS\lib\</path>
         <kind>archive</kind>
         <file>rtsv7M4_T_le_v4SPD16_eabi.lib</file>
         <name>s_sin.c.obj</name>
      </input_file>
      <input_file id="fl-c9">
         <path>C:\ti\ccs1250\ccs\tools\compiler\ti-cgt-arm_20.2.7.LTS\lib\</path>
         <kind>archive</kind>
         <file>rtsv7M4_T_le_v4SPD16_eabi.lib</file>
         <name>printf.c.obj</name>
      </input_file>
      <input_file id="fl-ca">
         <path>C:\ti\ccs1250\ccs\tools\compiler\ti-cgt-arm_20.2.7.LTS\lib\</path>
         <kind>archive</kind>
         <file>rtsv7M4_T_le_v4SPD16_eabi.lib</file>
         <name>_printfi.c.obj</name>
      </input_file>
      <input_file id="fl-cb">
         <path>C:\ti\ccs1250\ccs\tools\compiler\ti-cgt-arm_20.2.7.LTS\lib\</path>
         <kind>archive</kind>
         <file>rtsv7M4_T_le_v4SPD16_eabi.lib</file>
         <name>sprintf.c.obj</name>
      </input_file>
      <input_file id="fl-cc">
         <path>C:\ti\ccs1250\ccs\tools\compiler\ti-cgt-arm_20.2.7.LTS\lib\</path>
         <kind>archive</kind>
         <file>rtsv7M4_T_le_v4SPD16_eabi.lib</file>
         <name>fputc.c.obj</name>
      </input_file>
      <input_file id="fl-cd">
         <path>C:\ti\ccs1250\ccs\tools\compiler\ti-cgt-arm_20.2.7.LTS\lib\</path>
         <kind>archive</kind>
         <file>rtsv7M4_T_le_v4SPD16_eabi.lib</file>
         <name>fputs.c.obj</name>
      </input_file>
      <input_file id="fl-ce">
         <path>C:\ti\ccs1250\ccs\tools\compiler\ti-cgt-arm_20.2.7.LTS\lib\</path>
         <kind>archive</kind>
         <file>rtsv7M4_T_le_v4SPD16_eabi.lib</file>
         <name>_io_perm.c.obj</name>
      </input_file>
      <input_file id="fl-cf">
         <path>C:\ti\ccs1250\ccs\tools\compiler\ti-cgt-arm_20.2.7.LTS\lib\</path>
         <kind>archive</kind>
         <file>rtsv7M4_T_le_v4SPD16_eabi.lib</file>
         <name>setvbuf.c.obj</name>
      </input_file>
      <input_file id="fl-d0">
         <path>C:\ti\ccs1250\ccs\tools\compiler\ti-cgt-arm_20.2.7.LTS\lib\</path>
         <kind>archive</kind>
         <file>rtsv7M4_T_le_v4SPD16_eabi.lib</file>
         <name>fd_add_t2.asm.obj</name>
      </input_file>
      <input_file id="fl-d1">
         <path>C:\ti\ccs1250\ccs\tools\compiler\ti-cgt-arm_20.2.7.LTS\lib\</path>
         <kind>archive</kind>
         <file>rtsv7M4_T_le_v4SPD16_eabi.lib</file>
         <name>fd_cmp_t2.asm.obj</name>
      </input_file>
      <input_file id="fl-d2">
         <path>C:\ti\ccs1250\ccs\tools\compiler\ti-cgt-arm_20.2.7.LTS\lib\</path>
         <kind>archive</kind>
         <file>rtsv7M4_T_le_v4SPD16_eabi.lib</file>
         <name>fd_div_t2.asm.obj</name>
      </input_file>
      <input_file id="fl-d3">
         <path>C:\ti\ccs1250\ccs\tools\compiler\ti-cgt-arm_20.2.7.LTS\lib\</path>
         <kind>archive</kind>
         <file>rtsv7M4_T_le_v4SPD16_eabi.lib</file>
         <name>fd_mul_t2.asm.obj</name>
      </input_file>
      <input_file id="fl-d4">
         <path>C:\ti\ccs1250\ccs\tools\compiler\ti-cgt-arm_20.2.7.LTS\lib\</path>
         <kind>archive</kind>
         <file>rtsv7M4_T_le_v4SPD16_eabi.lib</file>
         <name>fd_toi_t2.asm.obj</name>
      </input_file>
      <input_file id="fl-d5">
         <path>C:\ti\ccs1250\ccs\tools\compiler\ti-cgt-arm_20.2.7.LTS\lib\</path>
         <kind>archive</kind>
         <file>rtsv7M4_T_le_v4SPD16_eabi.lib</file>
         <name>fd_tos_t2.asm.obj</name>
      </input_file>
      <input_file id="fl-d6">
         <path>C:\ti\ccs1250\ccs\tools\compiler\ti-cgt-arm_20.2.7.LTS\lib\</path>
         <kind>archive</kind>
         <file>rtsv7M4_T_le_v4SPD16_eabi.lib</file>
         <name>fs_tod_t2.asm.obj</name>
      </input_file>
      <input_file id="fl-d7">
         <path>C:\ti\ccs1250\ccs\tools\compiler\ti-cgt-arm_20.2.7.LTS\lib\</path>
         <kind>archive</kind>
         <file>rtsv7M4_T_le_v4SPD16_eabi.lib</file>
         <name>i_tofd_t2.asm.obj</name>
      </input_file>
      <input_file id="fl-d8">
         <path>C:\ti\ccs1250\ccs\tools\compiler\ti-cgt-arm_20.2.7.LTS\lib\</path>
         <kind>archive</kind>
         <file>rtsv7M4_T_le_v4SPD16_eabi.lib</file>
         <name>memcpy_t2.asm.obj</name>
      </input_file>
      <input_file id="fl-d9">
         <path>C:\ti\ccs1250\ccs\tools\compiler\ti-cgt-arm_20.2.7.LTS\lib\</path>
         <kind>archive</kind>
         <file>rtsv7M4_T_le_v4SPD16_eabi.lib</file>
         <name>memset_t2.asm.obj</name>
      </input_file>
      <input_file id="fl-da">
         <path>C:\ti\ccs1250\ccs\tools\compiler\ti-cgt-arm_20.2.7.LTS\lib\</path>
         <kind>archive</kind>
         <file>rtsv7M4_T_le_v4SPD16_eabi.lib</file>
         <name>u_divt2.asm.obj</name>
      </input_file>
      <input_file id="fl-db">
         <path>C:\ti\ccs1250\ccs\tools\compiler\ti-cgt-arm_20.2.7.LTS\lib\</path>
         <kind>archive</kind>
         <file>rtsv7M4_T_le_v4SPD16_eabi.lib</file>
         <name>ull_div_t2.asm.obj</name>
      </input_file>
      <input_file id="fl-dc">
         <path>C:\ti\ccs1250\ccs\tools\compiler\ti-cgt-arm_20.2.7.LTS\lib\</path>
         <kind>archive</kind>
         <file>rtsv7M4_T_le_v4SPD16_eabi.lib</file>
         <name>copy_zero_init.c.obj</name>
      </input_file>
      <input_file id="fl-dd">
         <path>C:\ti\ccs1250\ccs\tools\compiler\ti-cgt-arm_20.2.7.LTS\lib\</path>
         <kind>archive</kind>
         <file>rtsv7M4_T_le_v4SPD16_eabi.lib</file>
         <name>copy_decompress_none.c.obj</name>
      </input_file>
      <input_file id="fl-de">
         <path>C:\ti\ccs1250\ccs\tools\compiler\ti-cgt-arm_20.2.7.LTS\lib\</path>
         <kind>archive</kind>
         <file>rtsv7M4_T_le_v4SPD16_eabi.lib</file>
         <name>copy_decompress_lzss.c.obj</name>
      </input_file>
      <input_file id="fl-df">
         <path>C:\ti\ccs1250\ccs\tools\compiler\ti-cgt-arm_20.2.7.LTS\lib\</path>
         <kind>archive</kind>
         <file>rtsv7M4_T_le_v4SPD16_eabi.lib</file>
         <name>exit.c.obj</name>
      </input_file>
      <input_file id="fl-e0">
         <path>C:\ti\ccs1250\ccs\tools\compiler\ti-cgt-arm_20.2.7.LTS\lib\</path>
         <kind>archive</kind>
         <file>rtsv7M4_T_le_v4SPD16_eabi.lib</file>
         <name>_lock.c.obj</name>
      </input_file>
      <input_file id="fl-e1">
         <path>C:\ti\ccs1250\ccs\tools\compiler\ti-cgt-arm_20.2.7.LTS\lib\</path>
         <kind>archive</kind>
         <file>rtsv7M4_T_le_v4SPD16_eabi.lib</file>
         <name>_ltoa.c.obj</name>
      </input_file>
      <input_file id="fl-e2">
         <path>C:\ti\ccs1250\ccs\tools\compiler\ti-cgt-arm_20.2.7.LTS\lib\</path>
         <kind>archive</kind>
         <file>rtsv7M4_T_le_v4SPD16_eabi.lib</file>
         <name>atof.c.obj</name>
      </input_file>
      <input_file id="fl-e3">
         <path>C:\ti\ccs1250\ccs\tools\compiler\ti-cgt-arm_20.2.7.LTS\lib\</path>
         <kind>archive</kind>
         <file>rtsv7M4_T_le_v4SPD16_eabi.lib</file>
         <name>atoi.c.obj</name>
      </input_file>
      <input_file id="fl-e4">
         <path>C:\ti\ccs1250\ccs\tools\compiler\ti-cgt-arm_20.2.7.LTS\lib\</path>
         <kind>archive</kind>
         <file>rtsv7M4_T_le_v4SPD16_eabi.lib</file>
         <name>ctype.c.obj</name>
      </input_file>
      <input_file id="fl-e5">
         <path>C:\ti\ccs1250\ccs\tools\compiler\ti-cgt-arm_20.2.7.LTS\lib\</path>
         <kind>archive</kind>
         <file>rtsv7M4_T_le_v4SPD16_eabi.lib</file>
         <name>defs.c.obj</name>
      </input_file>
      <input_file id="fl-e6">
         <path>C:\ti\ccs1250\ccs\tools\compiler\ti-cgt-arm_20.2.7.LTS\lib\</path>
         <kind>archive</kind>
         <file>rtsv7M4_T_le_v4SPD16_eabi.lib</file>
         <name>memccpy.c.obj</name>
      </input_file>
      <input_file id="fl-e7">
         <path>C:\ti\ccs1250\ccs\tools\compiler\ti-cgt-arm_20.2.7.LTS\lib\</path>
         <kind>archive</kind>
         <file>rtsv7M4_T_le_v4SPD16_eabi.lib</file>
         <name>memchr.c.obj</name>
      </input_file>
      <input_file id="fl-e8">
         <path>C:\ti\ccs1250\ccs\tools\compiler\ti-cgt-arm_20.2.7.LTS\lib\</path>
         <kind>archive</kind>
         <file>rtsv7M4_T_le_v4SPD16_eabi.lib</file>
         <name>memory.c.obj</name>
      </input_file>
      <input_file id="fl-e9">
         <path>C:\ti\ccs1250\ccs\tools\compiler\ti-cgt-arm_20.2.7.LTS\lib\</path>
         <kind>archive</kind>
         <file>rtsv7M4_T_le_v4SPD16_eabi.lib</file>
         <name>rand.c.obj</name>
      </input_file>
      <input_file id="fl-ea">
         <path>C:\ti\ccs1250\ccs\tools\compiler\ti-cgt-arm_20.2.7.LTS\lib\</path>
         <kind>archive</kind>
         <file>rtsv7M4_T_le_v4SPD16_eabi.lib</file>
         <name>strcat.c.obj</name>
      </input_file>
      <input_file id="fl-eb">
         <path>C:\ti\ccs1250\ccs\tools\compiler\ti-cgt-arm_20.2.7.LTS\lib\</path>
         <kind>archive</kind>
         <file>rtsv7M4_T_le_v4SPD16_eabi.lib</file>
         <name>strchr.c.obj</name>
      </input_file>
      <input_file id="fl-ec">
         <path>C:\ti\ccs1250\ccs\tools\compiler\ti-cgt-arm_20.2.7.LTS\lib\</path>
         <kind>archive</kind>
         <file>rtsv7M4_T_le_v4SPD16_eabi.lib</file>
         <name>strcmp.c.obj</name>
      </input_file>
      <input_file id="fl-ed">
         <path>C:\ti\ccs1250\ccs\tools\compiler\ti-cgt-arm_20.2.7.LTS\lib\</path>
         <kind>archive</kind>
         <file>rtsv7M4_T_le_v4SPD16_eabi.lib</file>
         <name>strcpy.c.obj</name>
      </input_file>
      <input_file id="fl-ee">
         <path>C:\ti\ccs1250\ccs\tools\compiler\ti-cgt-arm_20.2.7.LTS\lib\</path>
         <kind>archive</kind>
         <file>rtsv7M4_T_le_v4SPD16_eabi.lib</file>
         <name>strlen.c.obj</name>
      </input_file>
      <input_file id="fl-ef">
         <path>C:\ti\ccs1250\ccs\tools\compiler\ti-cgt-arm_20.2.7.LTS\lib\</path>
         <kind>archive</kind>
         <file>rtsv7M4_T_le_v4SPD16_eabi.lib</file>
         <name>strncmp.c.obj</name>
      </input_file>
      <input_file id="fl-f0">
         <path>C:\ti\ccs1250\ccs\tools\compiler\ti-cgt-arm_20.2.7.LTS\lib\</path>
         <kind>archive</kind>
         <file>rtsv7M4_T_le_v4SPD16_eabi.lib</file>
         <name>strncpy.c.obj</name>
      </input_file>
      <input_file id="fl-f1">
         <path>C:\ti\ccs1250\ccs\tools\compiler\ti-cgt-arm_20.2.7.LTS\lib\</path>
         <kind>archive</kind>
         <file>rtsv7M4_T_le_v4SPD16_eabi.lib</file>
         <name>strtod.c.obj</name>
      </input_file>
      <input_file id="fl-f2">
         <path>C:\ti\ccs1250\ccs\tools\compiler\ti-cgt-arm_20.2.7.LTS\lib\</path>
         <kind>archive</kind>
         <file>rtsv7M4_T_le_v4SPD16_eabi.lib</file>
         <name>strtok.c.obj</name>
      </input_file>
      <input_file id="fl-f3">
         <path>C:\ti\ccs1250\ccs\tools\compiler\ti-cgt-arm_20.2.7.LTS\lib\</path>
         <kind>archive</kind>
         <file>rtsv7M4_T_le_v4SPD16_eabi.lib</file>
         <name>k_rem_pio2.c.obj</name>
      </input_file>
      <input_file id="fl-f4">
         <path>C:\ti\ccs1250\ccs\tools\compiler\ti-cgt-arm_20.2.7.LTS\lib\</path>
         <kind>archive</kind>
         <file>rtsv7M4_T_le_v4SPD16_eabi.lib</file>
         <name>boot_cortex_m.c.obj</name>
      </input_file>
      <input_file id="fl-f5">
         <path>C:\ti\ccs1250\ccs\tools\compiler\ti-cgt-arm_20.2.7.LTS\lib\</path>
         <kind>archive</kind>
         <file>rtsv7M4_T_le_v4SPD16_eabi.lib</file>
         <name>write.c.obj</name>
      </input_file>
      <input_file id="fl-f6">
         <path>C:\ti\ccs1250\ccs\tools\compiler\ti-cgt-arm_20.2.7.LTS\lib\</path>
         <kind>archive</kind>
         <file>rtsv7M4_T_le_v4SPD16_eabi.lib</file>
         <name>host_device.c.obj</name>
      </input_file>
      <input_file id="fl-f7">
         <path>C:\ti\ccs1250\ccs\tools\compiler\ti-cgt-arm_20.2.7.LTS\lib\</path>
         <kind>archive</kind>
         <file>rtsv7M4_T_le_v4SPD16_eabi.lib</file>
         <name>errno.c.obj</name>
      </input_file>
      <input_file id="fl-f8">
         <path>C:\ti\ccs1250\ccs\tools\compiler\ti-cgt-arm_20.2.7.LTS\lib\</path>
         <kind>archive</kind>
         <file>rtsv7M4_T_le_v4SPD16_eabi.lib</file>
         <name>wcslen.c.obj</name>
      </input_file>
      <input_file id="fl-f9">
         <path>C:\ti\ccs1250\ccs\tools\compiler\ti-cgt-arm_20.2.7.LTS\lib\</path>
         <kind>archive</kind>
         <file>rtsv7M4_T_le_v4SPD16_eabi.lib</file>
         <name>k_cos.c.obj</name>
      </input_file>
      <input_file id="fl-fa">
         <path>C:\ti\ccs1250\ccs\tools\compiler\ti-cgt-arm_20.2.7.LTS\lib\</path>
         <kind>archive</kind>
         <file>rtsv7M4_T_le_v4SPD16_eabi.lib</file>
         <name>k_sin.c.obj</name>
      </input_file>
      <input_file id="fl-fb">
         <path>C:\ti\ccs1250\ccs\tools\compiler\ti-cgt-arm_20.2.7.LTS\lib\</path>
         <kind>archive</kind>
         <file>rtsv7M4_T_le_v4SPD16_eabi.lib</file>
         <name>s_floor.c.obj</name>
      </input_file>
      <input_file id="fl-fc">
         <path>C:\ti\ccs1250\ccs\tools\compiler\ti-cgt-arm_20.2.7.LTS\lib\</path>
         <kind>archive</kind>
         <file>rtsv7M4_T_le_v4SPD16_eabi.lib</file>
         <name>s_frexp.c.obj</name>
      </input_file>
      <input_file id="fl-fd">
         <path>C:\ti\ccs1250\ccs\tools\compiler\ti-cgt-arm_20.2.7.LTS\lib\</path>
         <kind>archive</kind>
         <file>rtsv7M4_T_le_v4SPD16_eabi.lib</file>
         <name>s_scalbn.c.obj</name>
      </input_file>
      <input_file id="fl-fe">
         <path>C:\ti\ccs1250\ccs\tools\compiler\ti-cgt-arm_20.2.7.LTS\lib\</path>
         <kind>archive</kind>
         <file>rtsv7M4_T_le_v4SPD16_eabi.lib</file>
         <name>fflush.c.obj</name>
      </input_file>
      <input_file id="fl-ff">
         <path>C:\ti\ccs1250\ccs\tools\compiler\ti-cgt-arm_20.2.7.LTS\lib\</path>
         <kind>archive</kind>
         <file>rtsv7M4_T_le_v4SPD16_eabi.lib</file>
         <name>fopen.c.obj</name>
      </input_file>
      <input_file id="fl-100">
         <path>C:\ti\ccs1250\ccs\tools\compiler\ti-cgt-arm_20.2.7.LTS\lib\</path>
         <kind>archive</kind>
         <file>rtsv7M4_T_le_v4SPD16_eabi.lib</file>
         <name>fseek.c.obj</name>
      </input_file>
      <input_file id="fl-101">
         <path>C:\ti\ccs1250\ccs\tools\compiler\ti-cgt-arm_20.2.7.LTS\lib\</path>
         <kind>archive</kind>
         <file>rtsv7M4_T_le_v4SPD16_eabi.lib</file>
         <name>div0.asm.obj</name>
      </input_file>
      <input_file id="fl-102">
         <path>C:\ti\ccs1250\ccs\tools\compiler\ti-cgt-arm_20.2.7.LTS\lib\</path>
         <kind>archive</kind>
         <file>rtsv7M4_T_le_v4SPD16_eabi.lib</file>
         <name>autoinit.c.obj</name>
      </input_file>
      <input_file id="fl-103">
         <path>C:\ti\ccs1250\ccs\tools\compiler\ti-cgt-arm_20.2.7.LTS\lib\</path>
         <kind>archive</kind>
         <file>rtsv7M4_T_le_v4SPD16_eabi.lib</file>
         <name>pre_init.c.obj</name>
      </input_file>
      <input_file id="fl-104">
         <path>C:\ti\ccs1250\ccs\tools\compiler\ti-cgt-arm_20.2.7.LTS\lib\</path>
         <kind>archive</kind>
         <file>rtsv7M4_T_le_v4SPD16_eabi.lib</file>
         <name>cpy_tbl.c.obj</name>
      </input_file>
      <input_file id="fl-105">
         <path>C:\ti\ccs1250\ccs\tools\compiler\ti-cgt-arm_20.2.7.LTS\lib\</path>
         <kind>archive</kind>
         <file>rtsv7M4_T_le_v4SPD16_eabi.lib</file>
         <name>args_main.c.obj</name>
      </input_file>
      <input_file id="fl-106">
         <path>C:\ti\ccs1250\ccs\tools\compiler\ti-cgt-arm_20.2.7.LTS\lib\</path>
         <kind>archive</kind>
         <file>rtsv7M4_T_le_v4SPD16_eabi.lib</file>
         <name>strcspn.c.obj</name>
      </input_file>
      <input_file id="fl-107">
         <path>C:\ti\ccs1250\ccs\tools\compiler\ti-cgt-arm_20.2.7.LTS\lib\</path>
         <kind>archive</kind>
         <file>rtsv7M4_T_le_v4SPD16_eabi.lib</file>
         <name>strspn.c.obj</name>
      </input_file>
      <input_file id="fl-108">
         <path>C:\ti\ccs1250\ccs\tools\compiler\ti-cgt-arm_20.2.7.LTS\lib\</path>
         <kind>archive</kind>
         <file>rtsv7M4_T_le_v4SPD16_eabi.lib</file>
         <name>hostclose.c.obj</name>
      </input_file>
      <input_file id="fl-109">
         <path>C:\ti\ccs1250\ccs\tools\compiler\ti-cgt-arm_20.2.7.LTS\lib\</path>
         <kind>archive</kind>
         <file>rtsv7M4_T_le_v4SPD16_eabi.lib</file>
         <name>hostlseek.c.obj</name>
      </input_file>
      <input_file id="fl-10a">
         <path>C:\ti\ccs1250\ccs\tools\compiler\ti-cgt-arm_20.2.7.LTS\lib\</path>
         <kind>archive</kind>
         <file>rtsv7M4_T_le_v4SPD16_eabi.lib</file>
         <name>hostopen.c.obj</name>
      </input_file>
      <input_file id="fl-10b">
         <path>C:\ti\ccs1250\ccs\tools\compiler\ti-cgt-arm_20.2.7.LTS\lib\</path>
         <kind>archive</kind>
         <file>rtsv7M4_T_le_v4SPD16_eabi.lib</file>
         <name>hostread.c.obj</name>
      </input_file>
      <input_file id="fl-10c">
         <path>C:\ti\ccs1250\ccs\tools\compiler\ti-cgt-arm_20.2.7.LTS\lib\</path>
         <kind>archive</kind>
         <file>rtsv7M4_T_le_v4SPD16_eabi.lib</file>
         <name>hostrename.c.obj</name>
      </input_file>
      <input_file id="fl-10d">
         <path>C:\ti\ccs1250\ccs\tools\compiler\ti-cgt-arm_20.2.7.LTS\lib\</path>
         <kind>archive</kind>
         <file>rtsv7M4_T_le_v4SPD16_eabi.lib</file>
         <name>hostunlink.c.obj</name>
      </input_file>
      <input_file id="fl-10e">
         <path>C:\ti\ccs1250\ccs\tools\compiler\ti-cgt-arm_20.2.7.LTS\lib\</path>
         <kind>archive</kind>
         <file>rtsv7M4_T_le_v4SPD16_eabi.lib</file>
         <name>hostwrite.c.obj</name>
      </input_file>
      <input_file id="fl-10f">
         <path>C:\ti\ccs1250\ccs\tools\compiler\ti-cgt-arm_20.2.7.LTS\lib\</path>
         <kind>archive</kind>
         <file>rtsv7M4_T_le_v4SPD16_eabi.lib</file>
         <name>trgmsg.c.obj</name>
      </input_file>
      <input_file id="fl-110">
         <path>C:\ti\ccs1250\ccs\tools\compiler\ti-cgt-arm_20.2.7.LTS\lib\</path>
         <kind>archive</kind>
         <file>rtsv7M4_T_le_v4SPD16_eabi.lib</file>
         <name>open.c.obj</name>
      </input_file>
      <input_file id="fl-111">
         <path>C:\ti\ccs1250\ccs\tools\compiler\ti-cgt-arm_20.2.7.LTS\lib\</path>
         <kind>archive</kind>
         <file>rtsv7M4_T_le_v4SPD16_eabi.lib</file>
         <name>lseek.c.obj</name>
      </input_file>
      <input_file id="fl-112">
         <path>C:\ti\ccs1250\ccs\tools\compiler\ti-cgt-arm_20.2.7.LTS\lib\</path>
         <kind>archive</kind>
         <file>rtsv7M4_T_le_v4SPD16_eabi.lib</file>
         <name>s_copysign.c.obj</name>
      </input_file>
      <input_file id="fl-113">
         <path>C:\ti\ccs1250\ccs\tools\compiler\ti-cgt-arm_20.2.7.LTS\lib\</path>
         <kind>archive</kind>
         <file>rtsv7M4_T_le_v4SPD16_eabi.lib</file>
         <name>fclose.c.obj</name>
      </input_file>
      <input_file id="fl-114">
         <path>C:\ti\ccs1250\ccs\tools\compiler\ti-cgt-arm_20.2.7.LTS\lib\</path>
         <kind>archive</kind>
         <file>rtsv7M4_T_le_v4SPD16_eabi.lib</file>
         <name>getdevice.c.obj</name>
      </input_file>
      <input_file id="fl-115">
         <path>C:\ti\ccs1250\ccs\tools\compiler\ti-cgt-arm_20.2.7.LTS\lib\</path>
         <kind>archive</kind>
         <file>rtsv7M4_T_le_v4SPD16_eabi.lib</file>
         <name>remove.c.obj</name>
      </input_file>
      <input_file id="fl-116">
         <path>C:\ti\ccs1250\ccs\tools\compiler\ti-cgt-arm_20.2.7.LTS\lib\</path>
         <kind>archive</kind>
         <file>rtsv7M4_T_le_v4SPD16_eabi.lib</file>
         <name>close.c.obj</name>
      </input_file>
      <input_file id="fl-117">
         <path>C:\ti\ccs1250\ccs\tools\compiler\ti-cgt-arm_20.2.7.LTS\lib\</path>
         <kind>archive</kind>
         <file>rtsv7M4_T_le_v4SPD16_eabi.lib</file>
         <name>unlink.c.obj</name>
      </input_file>
      <input_file id="fl-118">
         <path>C:\ti\simplelink_msp432p4_sdk_3_40_01_02\source\ti\devices\msp432p4xx\driverlib\ccs\</path>
         <kind>archive</kind>
         <file>msp432p4xx_driverlib.lib</file>
         <name>adc14.o</name>
      </input_file>
      <input_file id="fl-119">
         <path>C:\ti\simplelink_msp432p4_sdk_3_40_01_02\source\ti\devices\msp432p4xx\driverlib\ccs\</path>
         <kind>archive</kind>
         <file>msp432p4xx_driverlib.lib</file>
         <name>cs.o</name>
      </input_file>
      <input_file id="fl-11a">
         <path>C:\ti\simplelink_msp432p4_sdk_3_40_01_02\source\ti\devices\msp432p4xx\driverlib\ccs\</path>
         <kind>archive</kind>
         <file>msp432p4xx_driverlib.lib</file>
         <name>gpio.o</name>
      </input_file>
      <input_file id="fl-11b">
         <path>C:\ti\simplelink_msp432p4_sdk_3_40_01_02\source\ti\devices\msp432p4xx\driverlib\ccs\</path>
         <kind>archive</kind>
         <file>msp432p4xx_driverlib.lib</file>
         <name>interrupt.o</name>
      </input_file>
      <input_file id="fl-11c">
         <path>C:\ti\simplelink_msp432p4_sdk_3_40_01_02\source\ti\devices\msp432p4xx\driverlib\ccs\</path>
         <kind>archive</kind>
         <file>msp432p4xx_driverlib.lib</file>
         <name>spi.o</name>
      </input_file>
      <input_file id="fl-11d">
         <path>C:\ti\simplelink_msp432p4_sdk_3_40_01_02\source\ti\devices\msp432p4xx\driverlib\ccs\</path>
         <kind>archive</kind>
         <file>msp432p4xx_driverlib.lib</file>
         <name>sysctl_a.o</name>
      </input_file>
      <input_file id="fl-11e">
         <path>C:\ti\simplelink_msp432p4_sdk_3_40_01_02\source\ti\devices\msp432p4xx\driverlib\ccs\</path>
         <kind>archive</kind>
         <file>msp432p4xx_driverlib.lib</file>
         <name>timer_a.o</name>
      </input_file>
      <input_file id="fl-11f">
         <path>C:\ti\simplelink_msp432p4_sdk_3_40_01_02\source\ti\devices\msp432p4xx\driverlib\ccs\</path>
         <kind>archive</kind>
         <file>msp432p4xx_driverlib.lib</file>
         <name>uart.o</name>
      </input_file>
      <input_file id="fl-120">
         <path>C:\ti\simplelink_msp432p4_sdk_3_40_01_02\source\ti\devices\msp432p4xx\driverlib\ccs\</path>
         <kind>archive</kind>
         <file>msp432p4xx_driverlib.lib</file>
         <name>wdt_a.o</name>
      </input_file>
      <input_file id="fl-121">
         <path>C:\ti\simplelink_msp432p4_sdk_3_40_01_02\source\ti\devices\msp432p4xx\driverlib\ccs\</path>
         <kind>archive</kind>
         <file>msp432p4xx_driverlib.lib</file>
         <name>cpu.o</name>
      </input_file>
      <input_file id="fl-122">
         <path>C:\ti\simplelink_msp432p4_sdk_3_40_01_02\source\ti\grlib\lib\ccs\m4\</path>
         <kind>archive</kind>
         <file>grlib.a</file>
         <name>context.obj</name>
      </input_file>
      <input_file id="fl-123">
         <path>C:\ti\simplelink_msp432p4_sdk_3_40_01_02\source\ti\grlib\lib\ccs\m4\</path>
         <kind>archive</kind>
         <file>grlib.a</file>
         <name>display.obj</name>
      </input_file>
      <input_file id="fl-124">
         <path>C:\ti\simplelink_msp432p4_sdk_3_40_01_02\source\ti\grlib\lib\ccs\m4\</path>
         <kind>archive</kind>
         <file>grlib.a</file>
         <name>fontcmss14.obj</name>
      </input_file>
      <input_file id="fl-125">
         <path>C:\ti\simplelink_msp432p4_sdk_3_40_01_02\source\ti\grlib\lib\ccs\m4\</path>
         <kind>archive</kind>
         <file>grlib.a</file>
         <name>fontcmtt14.obj</name>
      </input_file>
      <input_file id="fl-126">
         <path>C:\ti\simplelink_msp432p4_sdk_3_40_01_02\source\ti\grlib\lib\ccs\m4\</path>
         <kind>archive</kind>
         <file>grlib.a</file>
         <name>fontfixed6x8.obj</name>
      </input_file>
      <input_file id="fl-127">
         <path>C:\ti\simplelink_msp432p4_sdk_3_40_01_02\source\ti\grlib\lib\ccs\m4\</path>
         <kind>archive</kind>
         <file>grlib.a</file>
         <name>rectangle.obj</name>
      </input_file>
      <input_file id="fl-128">
         <path>C:\ti\simplelink_msp432p4_sdk_3_40_01_02\source\ti\grlib\lib\ccs\m4\</path>
         <kind>archive</kind>
         <file>grlib.a</file>
         <name>string.obj</name>
      </input_file>
      <input_file id="fl-129">
         <path>C:\ti\simplelink_msp432p4_sdk_3_40_01_02\source\ti\grlib\lib\ccs\m4\</path>
         <kind>archive</kind>
         <file>grlib.a</file>
         <name>line.obj</name>
      </input_file>
   </input_file_list>
   <object_component_list>
      <object_component id="oc-26">
         <name>.intvecs:retain</name>
         <load_address>0x0</load_address>
         <run_address>0x0</run_address>
         <size>0xe4</size>
         <input_file_ref idref="fl-5"/>
      </object_component>
      <object_component id="oc-70">
         <name>.text</name>
         <load_address>0xe4</load_address>
         <run_address>0xe4</run_address>
         <size>0x1670</size>
         <input_file_ref idref="fl-3"/>
      </object_component>
      <object_component id="oc-2d5">
         <name>.text:__TI_printfi</name>
         <load_address>0x1754</load_address>
         <run_address>0x1754</run_address>
         <size>0xa4e</size>
         <input_file_ref idref="fl-ca"/>
      </object_component>
      <object_component id="oc-4af">
         <name>.text:_nop</name>
         <load_address>0x21a2</load_address>
         <run_address>0x21a2</run_address>
         <size>0x2</size>
         <input_file_ref idref="fl-e0"/>
      </object_component>
      <object_component id="oc-188">
         <name>.text</name>
         <load_address>0x21a4</load_address>
         <run_address>0x21a4</run_address>
         <size>0xa24</size>
         <input_file_ref idref="fl-2"/>
      </object_component>
      <object_component id="oc-5b6">
         <name>.text:__kernel_rem_pio2</name>
         <load_address>0x2bc8</load_address>
         <run_address>0x2bc8</run_address>
         <size>0x738</size>
         <input_file_ref idref="fl-f3"/>
      </object_component>
      <object_component id="oc-14c">
         <name>.text</name>
         <load_address>0x3300</load_address>
         <run_address>0x3300</run_address>
         <size>0x680</size>
         <input_file_ref idref="fl-7"/>
      </object_component>
      <object_component id="oc-18e">
         <name>.text</name>
         <load_address>0x3980</load_address>
         <run_address>0x3980</run_address>
         <size>0x652</size>
         <input_file_ref idref="fl-4"/>
      </object_component>
      <object_component id="oc-5ea">
         <name>.text</name>
         <load_address>0x3fd2</load_address>
         <run_address>0x3fd2</run_address>
         <size>0x2</size>
         <input_file_ref idref="fl-101"/>
      </object_component>
      <object_component id="oc-3fb">
         <name>.text:sin</name>
         <load_address>0x3fd4</load_address>
         <run_address>0x3fd4</run_address>
         <size>0x5e0</size>
         <input_file_ref idref="fl-c8"/>
      </object_component>
      <object_component id="oc-401">
         <name>.text:cos</name>
         <load_address>0x45b4</load_address>
         <run_address>0x45b4</run_address>
         <size>0x5dc</size>
         <input_file_ref idref="fl-c7"/>
      </object_component>
      <object_component id="oc-302">
         <name>.text:Graphics_drawString</name>
         <load_address>0x4b90</load_address>
         <run_address>0x4b90</run_address>
         <size>0x47e</size>
         <input_file_ref idref="fl-128"/>
      </object_component>
      <object_component id="oc-2ee">
         <name>.text:strtod</name>
         <load_address>0x5010</load_address>
         <run_address>0x5010</run_address>
         <size>0x460</size>
         <input_file_ref idref="fl-f1"/>
      </object_component>
      <object_component id="oc-ac">
         <name>.text</name>
         <load_address>0x5470</load_address>
         <run_address>0x5470</run_address>
         <size>0x334</size>
         <input_file_ref idref="fl-6"/>
      </object_component>
      <object_component id="oc-5cd">
         <name>.text:atan</name>
         <load_address>0x57a4</load_address>
         <run_address>0x57a4</run_address>
         <size>0x2ec</size>
         <input_file_ref idref="fl-c6"/>
      </object_component>
      <object_component id="oc-4d8">
         <name>.text:_pconv_a</name>
         <load_address>0x5a90</load_address>
         <run_address>0x5a90</run_address>
         <size>0x270</size>
         <input_file_ref idref="fl-ca"/>
      </object_component>
      <object_component id="oc-40d">
         <name>.text:atan2</name>
         <load_address>0x5d00</load_address>
         <run_address>0x5d00</run_address>
         <size>0x1e4</size>
         <input_file_ref idref="fl-c4"/>
      </object_component>
      <object_component id="oc-4c6">
         <name>.text:_pconv_g</name>
         <load_address>0x5ee4</load_address>
         <run_address>0x5ee4</run_address>
         <size>0x1d0</size>
         <input_file_ref idref="fl-ca"/>
      </object_component>
      <object_component id="oc-3f0">
         <name>.text</name>
         <load_address>0x60b4</load_address>
         <run_address>0x60b4</run_address>
         <size>0x1b6</size>
         <input_file_ref idref="fl-d0"/>
      </object_component>
      <object_component id="oc-5ab">
         <name>.text:__kernel_sin</name>
         <load_address>0x626c</load_address>
         <run_address>0x626c</run_address>
         <size>0x174</size>
         <input_file_ref idref="fl-fa"/>
      </object_component>
      <object_component id="oc-5bc">
         <name>.text:__kernel_cos</name>
         <load_address>0x63e0</load_address>
         <run_address>0x63e0</run_address>
         <size>0x170</size>
         <input_file_ref idref="fl-f9"/>
      </object_component>
      <object_component id="oc-379">
         <name>.text:_getIndexForMemRegister</name>
         <load_address>0x6550</load_address>
         <run_address>0x6550</run_address>
         <size>0x160</size>
         <input_file_ref idref="fl-118"/>
      </object_component>
      <object_component id="oc-407">
         <name>.text:sqrt</name>
         <load_address>0x66b0</load_address>
         <run_address>0x66b0</run_address>
         <size>0x158</size>
         <input_file_ref idref="fl-c5"/>
      </object_component>
      <object_component id="oc-435">
         <name>.text:privateTimer_AProcessClockSourceDivider</name>
         <load_address>0x6808</load_address>
         <run_address>0x6808</run_address>
         <size>0x144</size>
         <input_file_ref idref="fl-11e"/>
      </object_component>
      <object_component id="oc-4d2">
         <name>.text:_pconv_e</name>
         <load_address>0x694c</load_address>
         <run_address>0x694c</run_address>
         <size>0x13c</size>
         <input_file_ref idref="fl-ca"/>
      </object_component>
      <object_component id="oc-3eb">
         <name>.text</name>
         <load_address>0x6a88</load_address>
         <run_address>0x6a88</run_address>
         <size>0x136</size>
         <input_file_ref idref="fl-d2"/>
      </object_component>
      <object_component id="oc-64d">
         <name>.text:fcvt</name>
         <load_address>0x6bc0</load_address>
         <run_address>0x6bc0</run_address>
         <size>0x124</size>
         <input_file_ref idref="fl-ca"/>
      </object_component>
      <object_component id="oc-1ea">
         <name>.text:UART_initModule</name>
         <load_address>0x6ce4</load_address>
         <run_address>0x6ce4</run_address>
         <size>0x11c</size>
         <input_file_ref idref="fl-11f"/>
      </object_component>
      <object_component id="oc-6f9">
         <name>.text:fputs</name>
         <load_address>0x6e00</load_address>
         <run_address>0x6e00</run_address>
         <size>0x114</size>
         <input_file_ref idref="fl-cd"/>
      </object_component>
      <object_component id="oc-fd">
         <name>.text:Graphics_fillRectangle</name>
         <load_address>0x6f14</load_address>
         <run_address>0x6f14</run_address>
         <size>0x112</size>
         <input_file_ref idref="fl-127"/>
      </object_component>
      <object_component id="oc-500">
         <name>.text:scalbn</name>
         <load_address>0x7028</load_address>
         <run_address>0x7028</run_address>
         <size>0x110</size>
         <input_file_ref idref="fl-fd"/>
      </object_component>
      <object_component id="oc-5f0">
         <name>.text:aligned_alloc</name>
         <load_address>0x7138</load_address>
         <run_address>0x7138</run_address>
         <size>0x100</size>
         <input_file_ref idref="fl-e8"/>
      </object_component>
      <object_component id="oc-3f5">
         <name>.text</name>
         <load_address>0x7238</load_address>
         <run_address>0x7238</run_address>
         <size>0xfc</size>
         <input_file_ref idref="fl-d3"/>
      </object_component>
      <object_component id="oc-2fc">
         <name>.text:Graphics_getStringWidth</name>
         <load_address>0x7334</load_address>
         <run_address>0x7334</run_address>
         <size>0xfa</size>
         <input_file_ref idref="fl-128"/>
      </object_component>
      <object_component id="oc-6d4">
         <name>.text:floor</name>
         <load_address>0x7430</load_address>
         <run_address>0x7430</run_address>
         <size>0xf8</size>
         <input_file_ref idref="fl-fb"/>
      </object_component>
      <object_component id="oc-1ff">
         <name>.text:free</name>
         <load_address>0x7528</load_address>
         <run_address>0x7528</run_address>
         <size>0xe4</size>
         <input_file_ref idref="fl-e8"/>
      </object_component>
      <object_component id="oc-799">
         <name>.text:setvbuf</name>
         <load_address>0x760c</load_address>
         <run_address>0x760c</run_address>
         <size>0xdc</size>
         <input_file_ref idref="fl-cf"/>
      </object_component>
      <object_component id="oc-394">
         <name>.text</name>
         <load_address>0x76e8</load_address>
         <run_address>0x76e8</run_address>
         <size>0xcc</size>
         <input_file_ref idref="fl-8"/>
      </object_component>
      <object_component id="oc-122">
         <name>.text:ADC14_configureConversionMemory</name>
         <load_address>0x77b4</load_address>
         <run_address>0x77b4</run_address>
         <size>0xb4</size>
         <input_file_ref idref="fl-118"/>
      </object_component>
      <object_component id="oc-11c">
         <name>.text:ADC14_configureMultiSequenceMode</name>
         <load_address>0x7868</load_address>
         <run_address>0x7868</run_address>
         <size>0xb4</size>
         <input_file_ref idref="fl-118"/>
      </object_component>
      <object_component id="oc-4bb">
         <name>.text:_ltostr</name>
         <load_address>0x791c</load_address>
         <run_address>0x791c</run_address>
         <size>0xb1</size>
         <input_file_ref idref="fl-ca"/>
      </object_component>
      <object_component id="oc-562">
         <name>.text:SPI_initMaster</name>
         <load_address>0x79ce</load_address>
         <run_address>0x79ce</run_address>
         <size>0xb0</size>
         <input_file_ref idref="fl-11c"/>
      </object_component>
      <object_component id="oc-e8">
         <name>.text:Graphics_drawRectangle</name>
         <load_address>0x7a7e</load_address>
         <run_address>0x7a7e</run_address>
         <size>0xa2</size>
         <input_file_ref idref="fl-127"/>
      </object_component>
      <object_component id="oc-311">
         <name>.text:Graphics_drawLineH</name>
         <load_address>0x7b20</load_address>
         <run_address>0x7b20</run_address>
         <size>0x9c</size>
         <input_file_ref idref="fl-129"/>
      </object_component>
      <object_component id="oc-317">
         <name>.text:Graphics_drawLineV</name>
         <load_address>0x7bbc</load_address>
         <run_address>0x7bbc</run_address>
         <size>0x9c</size>
         <input_file_ref idref="fl-129"/>
      </object_component>
      <object_component id="oc-3a">
         <name>.text</name>
         <load_address>0x7c58</load_address>
         <run_address>0x7c58</run_address>
         <size>0x9c</size>
         <input_file_ref idref="fl-d8"/>
      </object_component>
      <object_component id="oc-62e">
         <name>.text</name>
         <load_address>0x7cf4</load_address>
         <run_address>0x7cf4</run_address>
         <size>0x96</size>
         <input_file_ref idref="fl-db"/>
      </object_component>
      <object_component id="oc-700">
         <name>.text:fputc</name>
         <load_address>0x7d8c</load_address>
         <run_address>0x7d8c</run_address>
         <size>0x8c</size>
         <input_file_ref idref="fl-cc"/>
      </object_component>
      <object_component id="oc-10a">
         <name>.text:GPIO_setAsPeripheralModuleFunctionInputPin</name>
         <load_address>0x7e18</load_address>
         <run_address>0x7e18</run_address>
         <size>0x88</size>
         <input_file_ref idref="fl-11a"/>
      </object_component>
      <object_component id="oc-55c">
         <name>.text:GPIO_setAsPeripheralModuleFunctionOutputPin</name>
         <load_address>0x7ea0</load_address>
         <run_address>0x7ea0</run_address>
         <size>0x88</size>
         <input_file_ref idref="fl-11a"/>
      </object_component>
      <object_component id="oc-4c1">
         <name>.text:__aeabi_cdcmple</name>
         <load_address>0x7f28</load_address>
         <run_address>0x7f28</run_address>
         <size>0x86</size>
         <input_file_ref idref="fl-d1"/>
      </object_component>
      <object_component id="oc-635">
         <name>.text:__aeabi_cdrcmple</name>
         <load_address>0x7fae</load_address>
         <run_address>0x7fae</run_address>
         <size>0x86</size>
         <input_file_ref idref="fl-d1"/>
      </object_component>
      <object_component id="oc-211">
         <name>.text:GPIO_getEnabledInterruptStatus</name>
         <load_address>0x8034</load_address>
         <run_address>0x8034</run_address>
         <size>0x84</size>
         <input_file_ref idref="fl-11a"/>
      </object_component>
      <object_component id="oc-12e">
         <name>.text:Interrupt_enableInterrupt</name>
         <load_address>0x80b8</load_address>
         <run_address>0x80b8</run_address>
         <size>0x80</size>
         <input_file_ref idref="fl-11b"/>
      </object_component>
      <object_component id="oc-94">
         <name>.text</name>
         <load_address>0x8138</load_address>
         <run_address>0x8138</run_address>
         <size>0x7a</size>
         <input_file_ref idref="fl-d9"/>
      </object_component>
      <object_component id="oc-7df">
         <name>.text:__TI_closefile</name>
         <load_address>0x81b4</load_address>
         <run_address>0x81b4</run_address>
         <size>0x74</size>
         <input_file_ref idref="fl-113"/>
      </object_component>
      <object_component id="oc-70f">
         <name>.text:split</name>
         <load_address>0x8228</load_address>
         <run_address>0x8228</run_address>
         <size>0x70</size>
         <input_file_ref idref="fl-e8"/>
      </object_component>
      <object_component id="oc-646">
         <name>.text:_mcpy</name>
         <load_address>0x8298</load_address>
         <run_address>0x8298</run_address>
         <size>0x6e</size>
         <input_file_ref idref="fl-ca"/>
      </object_component>
      <object_component id="oc-c5">
         <name>.text</name>
         <load_address>0x8306</load_address>
         <run_address>0x8306</run_address>
         <size>0x6e</size>
         <input_file_ref idref="fl-d5"/>
      </object_component>
      <object_component id="oc-80f">
         <name>.text:HOSTrename</name>
         <load_address>0x8374</load_address>
         <run_address>0x8374</run_address>
         <size>0x6c</size>
         <input_file_ref idref="fl-10c"/>
      </object_component>
      <object_component id="oc-803">
         <name>.text:HOSTlseek</name>
         <load_address>0x83e0</load_address>
         <run_address>0x83e0</run_address>
         <size>0x68</size>
         <input_file_ref idref="fl-109"/>
      </object_component>
      <object_component id="oc-19a">
         <name>.text:Timer_A_configureUpMode</name>
         <load_address>0x8448</load_address>
         <run_address>0x8448</run_address>
         <size>0x68</size>
         <input_file_ref idref="fl-11e"/>
      </object_component>
      <object_component id="oc-17">
         <name>.text:decompress:lzss:__TI_decompress_lzss</name>
         <load_address>0x84b0</load_address>
         <run_address>0x84b0</run_address>
         <size>0x68</size>
         <input_file_ref idref="fl-de"/>
      </object_component>
      <object_component id="oc-41b">
         <name>.text:printf</name>
         <load_address>0x8518</load_address>
         <run_address>0x8518</run_address>
         <size>0x68</size>
         <input_file_ref idref="fl-c9"/>
      </object_component>
      <object_component id="oc-21d">
         <name>.text:UART_getEnabledInterruptStatus</name>
         <load_address>0x8580</load_address>
         <run_address>0x8580</run_address>
         <size>0x64</size>
         <input_file_ref idref="fl-11f"/>
      </object_component>
      <object_component id="oc-65b">
         <name>.text:frexp</name>
         <load_address>0x85e4</load_address>
         <run_address>0x85e4</run_address>
         <size>0x64</size>
         <input_file_ref idref="fl-fc"/>
      </object_component>
      <object_component id="oc-793">
         <name>.text:fseek</name>
         <load_address>0x8648</load_address>
         <run_address>0x8648</run_address>
         <size>0x64</size>
         <input_file_ref idref="fl-100"/>
      </object_component>
      <object_component id="oc-76c">
         <name>.text:__TI_wrt_ok</name>
         <load_address>0x86ac</load_address>
         <run_address>0x86ac</run_address>
         <size>0x62</size>
         <input_file_ref idref="fl-ce"/>
      </object_component>
      <object_component id="oc-7eb">
         <name>.text:HOSTopen</name>
         <load_address>0x8710</load_address>
         <run_address>0x8710</run_address>
         <size>0x60</size>
         <input_file_ref idref="fl-10a"/>
      </object_component>
      <object_component id="oc-81b">
         <name>.text:close</name>
         <load_address>0x8770</load_address>
         <run_address>0x8770</run_address>
         <size>0x5c</size>
         <input_file_ref idref="fl-116"/>
      </object_component>
      <object_component id="oc-194">
         <name>.text:GPIO_setAsInputPinWithPullUpResistor</name>
         <load_address>0x87cc</load_address>
         <run_address>0x87cc</run_address>
         <size>0x58</size>
         <input_file_ref idref="fl-11a"/>
      </object_component>
      <object_component id="oc-7f7">
         <name>.text:HOSTread</name>
         <load_address>0x8824</load_address>
         <run_address>0x8824</run_address>
         <size>0x58</size>
         <input_file_ref idref="fl-10b"/>
      </object_component>
      <object_component id="oc-7fd">
         <name>.text:HOSTwrite</name>
         <load_address>0x887c</load_address>
         <run_address>0x887c</run_address>
         <size>0x58</size>
         <input_file_ref idref="fl-10e"/>
      </object_component>
      <object_component id="oc-4cc">
         <name>.text:_pconv_f</name>
         <load_address>0x88d4</load_address>
         <run_address>0x88d4</run_address>
         <size>0x56</size>
         <input_file_ref idref="fl-ca"/>
      </object_component>
      <object_component id="oc-116">
         <name>.text:ADC14_initModule</name>
         <load_address>0x892c</load_address>
         <run_address>0x892c</run_address>
         <size>0x54</size>
         <input_file_ref idref="fl-118"/>
      </object_component>
      <object_component id="oc-63a">
         <name>.text:__TI_ltoa</name>
         <load_address>0x8980</load_address>
         <run_address>0x8980</run_address>
         <size>0x54</size>
         <input_file_ref idref="fl-e1"/>
      </object_component>
      <object_component id="oc-152">
         <name>.text:Graphics_initContext</name>
         <load_address>0x89d4</load_address>
         <run_address>0x89d4</run_address>
         <size>0x52</size>
         <input_file_ref idref="fl-122"/>
      </object_component>
      <object_component id="oc-640">
         <name>.text:_ecpy</name>
         <load_address>0x8a26</load_address>
         <run_address>0x8a26</run_address>
         <size>0x52</size>
         <input_file_ref idref="fl-ca"/>
      </object_component>
      <object_component id="oc-778">
         <name>.text:__TI_doflush</name>
         <load_address>0x8a78</load_address>
         <run_address>0x8a78</run_address>
         <size>0x4c</size>
         <input_file_ref idref="fl-fe"/>
      </object_component>
      <object_component id="oc-413">
         <name>.text:atoi</name>
         <load_address>0x8ac4</load_address>
         <run_address>0x8ac4</run_address>
         <size>0x4c</size>
         <input_file_ref idref="fl-e3"/>
      </object_component>
      <object_component id="oc-db">
         <name>.text:Graphics_drawStringCentered</name>
         <load_address>0x8b10</load_address>
         <run_address>0x8b10</run_address>
         <size>0x48</size>
         <input_file_ref idref="fl-128"/>
      </object_component>
      <object_component id="oc-292">
         <name>.text:exit</name>
         <load_address>0x8b58</load_address>
         <run_address>0x8b58</run_address>
         <size>0x48</size>
         <input_file_ref idref="fl-df"/>
      </object_component>
      <object_component id="oc-5a6">
         <name>.text</name>
         <load_address>0x8ba0</load_address>
         <run_address>0x8ba0</run_address>
         <size>0x48</size>
         <input_file_ref idref="fl-d4"/>
      </object_component>
      <object_component id="oc-7f1">
         <name>.text:HOSTclose</name>
         <load_address>0x8be8</load_address>
         <run_address>0x8be8</run_address>
         <size>0x44</size>
         <input_file_ref idref="fl-108"/>
      </object_component>
      <object_component id="oc-809">
         <name>.text:HOSTunlink</name>
         <load_address>0x8c2c</load_address>
         <run_address>0x8c2c</run_address>
         <size>0x44</size>
         <input_file_ref idref="fl-10d"/>
      </object_component>
      <object_component id="oc-298">
         <name>.text:__TI_auto_init_nobinit_nopinit:__TI_auto_init_nobinit_nopinit</name>
         <load_address>0x8c70</load_address>
         <run_address>0x8c70</run_address>
         <size>0x44</size>
         <input_file_ref idref="fl-102"/>
      </object_component>
      <object_component id="oc-84a">
         <name>.text:getdevice</name>
         <load_address>0x8cb4</load_address>
         <run_address>0x8cb4</run_address>
         <size>0x44</size>
         <input_file_ref idref="fl-114"/>
      </object_component>
      <object_component id="oc-1d8">
         <name>.text:GPIO_setAsOutputPin</name>
         <load_address>0x8cf8</load_address>
         <run_address>0x8cf8</run_address>
         <size>0x40</size>
         <input_file_ref idref="fl-11a"/>
      </object_component>
      <object_component id="oc-516">
         <name>.text:Graphics_getNumberOfLeadingZeros</name>
         <load_address>0x8d38</load_address>
         <run_address>0x8d38</run_address>
         <size>0x40</size>
         <input_file_ref idref="fl-128"/>
      </object_component>
      <object_component id="oc-6a8">
         <name>.text:is_A_Module</name>
         <load_address>0x8d78</load_address>
         <run_address>0x8d78</run_address>
         <size>0x40</size>
         <input_file_ref idref="fl-11c"/>
      </object_component>
      <object_component id="oc-423">
         <name>.text</name>
         <load_address>0x8db8</load_address>
         <run_address>0x8db8</run_address>
         <size>0x40</size>
         <input_file_ref idref="fl-da"/>
      </object_component>
      <object_component id="oc-b9">
         <name>.text:sprintf</name>
         <load_address>0x8df8</load_address>
         <run_address>0x8df8</run_address>
         <size>0x40</size>
         <input_file_ref idref="fl-cb"/>
      </object_component>
      <object_component id="oc-3d3">
         <name>.text:strtok</name>
         <load_address>0x8e38</load_address>
         <run_address>0x8e38</run_address>
         <size>0x40</size>
         <input_file_ref idref="fl-f2"/>
      </object_component>
      <object_component id="oc-653">
         <name>.text:_fcpy</name>
         <load_address>0x8e78</load_address>
         <run_address>0x8e78</run_address>
         <size>0x3e</size>
         <input_file_ref idref="fl-ca"/>
      </object_component>
      <object_component id="oc-1cf">
         <name>.text:GPIO_interruptEdgeSelect</name>
         <load_address>0x8eb8</load_address>
         <run_address>0x8eb8</run_address>
         <size>0x3c</size>
         <input_file_ref idref="fl-11a"/>
      </object_component>
      <object_component id="oc-235">
         <name>.text:ADC14_getEnabledInterruptStatus</name>
         <load_address>0x8ef4</load_address>
         <run_address>0x8ef4</run_address>
         <size>0x38</size>
         <input_file_ref idref="fl-118"/>
      </object_component>
      <object_component id="oc-82c">
         <name>.text:__TI_writemsg</name>
         <load_address>0x8f2c</load_address>
         <run_address>0x8f2c</run_address>
         <size>0x38</size>
         <input_file_ref idref="fl-10f"/>
      </object_component>
      <object_component id="oc-ca">
         <name>.text</name>
         <load_address>0x8f64</load_address>
         <run_address>0x8f64</run_address>
         <size>0x38</size>
         <input_file_ref idref="fl-d6"/>
      </object_component>
      <object_component id="oc-52f">
         <name>.text:Graphics_drawHorizontalLineOnDisplay</name>
         <load_address>0x8f9c</load_address>
         <run_address>0x8f9c</run_address>
         <size>0x36</size>
         <input_file_ref idref="fl-123"/>
      </object_component>
      <object_component id="oc-537">
         <name>.text:Graphics_drawVerticalLineOnDisplay</name>
         <load_address>0x8fd2</load_address>
         <run_address>0x8fd2</run_address>
         <size>0x36</size>
         <input_file_ref idref="fl-123"/>
      </object_component>
      <object_component id="oc-3e5">
         <name>.text:strncpy</name>
         <load_address>0x9008</load_address>
         <run_address>0x9008</run_address>
         <size>0x36</size>
         <input_file_ref idref="fl-f0"/>
      </object_component>
      <object_component id="oc-13a">
         <name>.text:ADC14_enableSampleTimer</name>
         <load_address>0x9040</load_address>
         <run_address>0x9040</run_address>
         <size>0x34</size>
         <input_file_ref idref="fl-118"/>
      </object_component>
      <object_component id="oc-182">
         <name>.text:CS_setDCOCenteredFrequency</name>
         <load_address>0x9074</load_address>
         <run_address>0x9074</run_address>
         <size>0x34</size>
         <input_file_ref idref="fl-119"/>
      </object_component>
      <object_component id="oc-1f6">
         <name>.text:UART_transmitData</name>
         <load_address>0x90a8</load_address>
         <run_address>0x90a8</run_address>
         <size>0x34</size>
         <input_file_ref idref="fl-11f"/>
      </object_component>
      <object_component id="oc-7b6">
         <name>.text:__TI_cleanup</name>
         <load_address>0x90dc</load_address>
         <run_address>0x90dc</run_address>
         <size>0x34</size>
         <input_file_ref idref="fl-ff"/>
      </object_component>
      <object_component id="oc-832">
         <name>.text:__TI_readmsg</name>
         <load_address>0x9110</load_address>
         <run_address>0x9110</run_address>
         <size>0x34</size>
         <input_file_ref idref="fl-10f"/>
      </object_component>
      <object_component id="oc-58">
         <name>.text:_c_int00_noargs:_c_int00_noargs</name>
         <load_address>0x9144</load_address>
         <run_address>0x9144</run_address>
         <size>0x34</size>
         <input_file_ref idref="fl-f4"/>
      </object_component>
      <object_component id="oc-b3">
         <name>.text:rand</name>
         <load_address>0x9178</load_address>
         <run_address>0x9178</run_address>
         <size>0x34</size>
         <input_file_ref idref="fl-e9"/>
      </object_component>
      <object_component id="oc-23b">
         <name>.text:ADC14_clearInterruptFlag</name>
         <load_address>0x91ac</load_address>
         <run_address>0x91ac</run_address>
         <size>0x30</size>
         <input_file_ref idref="fl-118"/>
      </object_component>
      <object_component id="oc-128">
         <name>.text:ADC14_enableInterrupt</name>
         <load_address>0x91dc</load_address>
         <run_address>0x91dc</run_address>
         <size>0x30</size>
         <input_file_ref idref="fl-118"/>
      </object_component>
      <object_component id="oc-205">
         <name>.text:GPIO_getInputPinValue</name>
         <load_address>0x920c</load_address>
         <run_address>0x920c</run_address>
         <size>0x30</size>
         <input_file_ref idref="fl-11a"/>
      </object_component>
      <object_component id="oc-1bd">
         <name>.text:UART_disableInterrupt</name>
         <load_address>0x923c</load_address>
         <run_address>0x923c</run_address>
         <size>0x30</size>
         <input_file_ref idref="fl-11f"/>
      </object_component>
      <object_component id="oc-1c3">
         <name>.text:UART_enableInterrupt</name>
         <load_address>0x926c</load_address>
         <run_address>0x926c</run_address>
         <size>0x30</size>
         <input_file_ref idref="fl-11f"/>
      </object_component>
      <object_component id="oc-223">
         <name>.text:UART_receiveData</name>
         <load_address>0x929c</load_address>
         <run_address>0x929c</run_address>
         <size>0x30</size>
         <input_file_ref idref="fl-11f"/>
      </object_component>
      <object_component id="oc-86a">
         <name>.text:finddevice</name>
         <load_address>0x92cc</load_address>
         <run_address>0x92cc</run_address>
         <size>0x30</size>
         <input_file_ref idref="fl-114"/>
      </object_component>
      <object_component id="oc-5b1">
         <name>.text</name>
         <load_address>0x92fc</load_address>
         <run_address>0x92fc</run_address>
         <size>0x2e</size>
         <input_file_ref idref="fl-d7"/>
      </object_component>
      <object_component id="oc-480">
         <name>.text:ADC14_getInterruptStatus</name>
         <load_address>0x932c</load_address>
         <run_address>0x932c</run_address>
         <size>0x2c</size>
         <input_file_ref idref="fl-118"/>
      </object_component>
      <object_component id="oc-146">
         <name>.text:ADC14_toggleConversionTrigger</name>
         <load_address>0x9358</load_address>
         <run_address>0x9358</run_address>
         <size>0x2c</size>
         <input_file_ref idref="fl-118"/>
      </object_component>
      <object_component id="oc-51c">
         <name>.text:Graphics_drawPixelOnDisplay</name>
         <load_address>0x9384</load_address>
         <run_address>0x9384</run_address>
         <size>0x2c</size>
         <input_file_ref idref="fl-123"/>
      </object_component>
      <object_component id="oc-20b">
         <name>.text:Timer_A_clearCaptureCompareInterrupt</name>
         <load_address>0x93b0</load_address>
         <run_address>0x93b0</run_address>
         <size>0x2c</size>
         <input_file_ref idref="fl-11e"/>
      </object_component>
      <object_component id="oc-3cd">
         <name>.text:strncmp</name>
         <load_address>0x93dc</load_address>
         <run_address>0x93dc</run_address>
         <size>0x2c</size>
         <input_file_ref idref="fl-ef"/>
      </object_component>
      <object_component id="oc-821">
         <name>.text:unlink</name>
         <load_address>0x9408</load_address>
         <run_address>0x9408</run_address>
         <size>0x2c</size>
         <input_file_ref idref="fl-117"/>
      </object_component>
      <object_component id="oc-58c">
         <name>.text:strspn</name>
         <load_address>0x9434</load_address>
         <run_address>0x9434</run_address>
         <size>0x2a</size>
         <input_file_ref idref="fl-107"/>
      </object_component>
      <object_component id="oc-140">
         <name>.text:ADC14_enableConversion</name>
         <load_address>0x9460</load_address>
         <run_address>0x9460</run_address>
         <size>0x28</size>
         <input_file_ref idref="fl-118"/>
      </object_component>
      <object_component id="oc-241">
         <name>.text:ADC14_getResult</name>
         <load_address>0x9488</load_address>
         <run_address>0x9488</run_address>
         <size>0x28</size>
         <input_file_ref idref="fl-118"/>
      </object_component>
      <object_component id="oc-217">
         <name>.text:GPIO_clearInterruptFlag</name>
         <load_address>0x94b0</load_address>
         <run_address>0x94b0</run_address>
         <size>0x28</size>
         <input_file_ref idref="fl-11a"/>
      </object_component>
      <object_component id="oc-1c9">
         <name>.text:GPIO_enableInterrupt</name>
         <load_address>0x94d8</load_address>
         <run_address>0x94d8</run_address>
         <size>0x28</size>
         <input_file_ref idref="fl-11a"/>
      </object_component>
      <object_component id="oc-1e4">
         <name>.text:GPIO_setOutputHighOnPin</name>
         <load_address>0x9500</load_address>
         <run_address>0x9500</run_address>
         <size>0x28</size>
         <input_file_ref idref="fl-11a"/>
      </object_component>
      <object_component id="oc-1de">
         <name>.text:GPIO_setOutputLowOnPin</name>
         <load_address>0x9528</load_address>
         <run_address>0x9528</run_address>
         <size>0x28</size>
         <input_file_ref idref="fl-11a"/>
      </object_component>
      <object_component id="oc-465">
         <name>.text:free_list_insert</name>
         <load_address>0x9550</load_address>
         <run_address>0x9550</run_address>
         <size>0x28</size>
         <input_file_ref idref="fl-e8"/>
      </object_component>
      <object_component id="oc-7ae">
         <name>.text:lseek</name>
         <load_address>0x9578</load_address>
         <run_address>0x9578</run_address>
         <size>0x28</size>
         <input_file_ref idref="fl-111"/>
      </object_component>
      <object_component id="oc-77e">
         <name>.text:write</name>
         <load_address>0x95a0</load_address>
         <run_address>0x95a0</run_address>
         <size>0x28</size>
         <input_file_ref idref="fl-f5"/>
      </object_component>
      <object_component id="oc-46e">
         <name>.text:GPIO_getInterruptStatus</name>
         <load_address>0x95c8</load_address>
         <run_address>0x95c8</run_address>
         <size>0x24</size>
         <input_file_ref idref="fl-11a"/>
      </object_component>
      <object_component id="oc-164">
         <name>.text:WDT_A_holdTimer</name>
         <load_address>0x95ec</load_address>
         <run_address>0x95ec</run_address>
         <size>0x24</size>
         <input_file_ref idref="fl-120"/>
      </object_component>
      <object_component id="oc-592">
         <name>.text:strcspn</name>
         <load_address>0x9610</load_address>
         <run_address>0x9610</run_address>
         <size>0x24</size>
         <input_file_ref idref="fl-106"/>
      </object_component>
      <object_component id="oc-772">
         <name>.text:memchr</name>
         <load_address>0x9634</load_address>
         <run_address>0x9634</run_address>
         <size>0x20</size>
         <input_file_ref idref="fl-e7"/>
      </object_component>
      <object_component id="oc-355">
         <name>.text:Graphics_fillRectangleOnDisplay</name>
         <load_address>0x9654</load_address>
         <run_address>0x9654</run_address>
         <size>0x1e</size>
         <input_file_ref idref="fl-123"/>
      </object_component>
      <object_component id="oc-3df">
         <name>.text:strcat</name>
         <load_address>0x9672</load_address>
         <run_address>0x9672</run_address>
         <size>0x1e</size>
         <input_file_ref idref="fl-ea"/>
      </object_component>
      <object_component id="oc-568">
         <name>.text:SPI_enableModule</name>
         <load_address>0x9690</load_address>
         <run_address>0x9690</run_address>
         <size>0x1c</size>
         <input_file_ref idref="fl-11c"/>
      </object_component>
      <object_component id="oc-45f">
         <name>.text:free_list_remove</name>
         <load_address>0x96ac</load_address>
         <run_address>0x96ac</run_address>
         <size>0x1c</size>
         <input_file_ref idref="fl-e8"/>
      </object_component>
      <object_component id="oc-4de">
         <name>.text:memccpy</name>
         <load_address>0x96c8</load_address>
         <run_address>0x96c8</run_address>
         <size>0x1c</size>
         <input_file_ref idref="fl-e6"/>
      </object_component>
      <object_component id="oc-3a9">
         <name>.text:Graphics_clearDisplayOnDisplay</name>
         <load_address>0x96e4</load_address>
         <run_address>0x96e4</run_address>
         <size>0x1a</size>
         <input_file_ref idref="fl-123"/>
      </object_component>
      <object_component id="oc-158">
         <name>.text:Graphics_setBackgroundColor</name>
         <load_address>0x96fe</load_address>
         <run_address>0x96fe</run_address>
         <size>0x1a</size>
         <input_file_ref idref="fl-122"/>
      </object_component>
      <object_component id="oc-ee">
         <name>.text:Graphics_setFont</name>
         <load_address>0x9718</load_address>
         <run_address>0x9718</run_address>
         <size>0x1a</size>
         <input_file_ref idref="fl-122"/>
      </object_component>
      <object_component id="oc-687">
         <name>.text:copysign</name>
         <load_address>0x9732</load_address>
         <run_address>0x9732</run_address>
         <size>0x1a</size>
         <input_file_ref idref="fl-112"/>
      </object_component>
      <object_component id="oc-476">
         <name>.text:UART_getInterruptStatus</name>
         <load_address>0x974c</load_address>
         <run_address>0x974c</run_address>
         <size>0x18</size>
         <input_file_ref idref="fl-11f"/>
      </object_component>
      <object_component id="oc-2db">
         <name>.text:_outs</name>
         <load_address>0x9764</load_address>
         <run_address>0x9764</run_address>
         <size>0x18</size>
         <input_file_ref idref="fl-cb"/>
      </object_component>
      <object_component id="oc-3d9">
         <name>.text:strcmp</name>
         <load_address>0x977c</load_address>
         <run_address>0x977c</run_address>
         <size>0x18</size>
         <input_file_ref idref="fl-ec"/>
      </object_component>
      <object_component id="oc-6b0">
         <name>.text:EUSCI_A_SPI_enable</name>
         <load_address>0x9794</load_address>
         <run_address>0x9794</run_address>
         <size>0x16</size>
         <input_file_ref idref="fl-11c"/>
      </object_component>
      <object_component id="oc-6b6">
         <name>.text:EUSCI_B_SPI_enable</name>
         <load_address>0x97aa</load_address>
         <run_address>0x97aa</run_address>
         <size>0x16</size>
         <input_file_ref idref="fl-11c"/>
      </object_component>
      <object_component id="oc-103">
         <name>.text:Graphics_setForegroundColor</name>
         <load_address>0x97c0</load_address>
         <run_address>0x97c0</run_address>
         <size>0x16</size>
         <input_file_ref idref="fl-122"/>
      </object_component>
      <object_component id="oc-361">
         <name>.text:Graphics_translateColorOnDisplay</name>
         <load_address>0x97d6</load_address>
         <run_address>0x97d6</run_address>
         <size>0x16</size>
         <input_file_ref idref="fl-123"/>
      </object_component>
      <object_component id="oc-1a0">
         <name>.text:Timer_A_startCounter</name>
         <load_address>0x97ec</load_address>
         <run_address>0x97ec</run_address>
         <size>0x16</size>
         <input_file_ref idref="fl-11e"/>
      </object_component>
      <object_component id="oc-229">
         <name>.text:UART_clearInterruptFlag</name>
         <load_address>0x9802</load_address>
         <run_address>0x9802</run_address>
         <size>0x16</size>
         <input_file_ref idref="fl-11f"/>
      </object_component>
      <object_component id="oc-1f0">
         <name>.text:UART_enableModule</name>
         <load_address>0x9818</load_address>
         <run_address>0x9818</run_address>
         <size>0x16</size>
         <input_file_ref idref="fl-11f"/>
      </object_component>
      <object_component id="oc-661">
         <name>.text:strchr</name>
         <load_address>0x982e</load_address>
         <run_address>0x982e</run_address>
         <size>0x16</size>
         <input_file_ref idref="fl-eb"/>
      </object_component>
      <object_component id="oc-d5">
         <name>.text:strcpy</name>
         <load_address>0x9844</load_address>
         <run_address>0x9844</run_address>
         <size>0x14</size>
         <input_file_ref idref="fl-ed"/>
      </object_component>
      <object_component id="oc-cf">
         <name>.text:strlen</name>
         <load_address>0x9858</load_address>
         <run_address>0x9858</run_address>
         <size>0x14</size>
         <input_file_ref idref="fl-ee"/>
      </object_component>
      <object_component id="oc-15e">
         <name>.text:Graphics_clearDisplay</name>
         <load_address>0x986c</load_address>
         <run_address>0x986c</run_address>
         <size>0x12</size>
         <input_file_ref idref="fl-122"/>
      </object_component>
      <object_component id="oc-bf">
         <name>.text:atof</name>
         <load_address>0x987e</load_address>
         <run_address>0x987e</run_address>
         <size>0x12</size>
         <input_file_ref idref="fl-e2"/>
      </object_component>
      <object_component id="oc-4e4">
         <name>.text:wcslen</name>
         <load_address>0x9890</load_address>
         <run_address>0x9890</run_address>
         <size>0x12</size>
         <input_file_ref idref="fl-f8"/>
      </object_component>
      <object_component id="oc-372">
         <name>.text:ADCIsConversionRunning</name>
         <load_address>0x98a4</load_address>
         <run_address>0x98a4</run_address>
         <size>0x10</size>
         <input_file_ref idref="fl-118"/>
      </object_component>
      <object_component id="oc-16a">
         <name>.text:Interrupt_disableMaster</name>
         <load_address>0x98b4</load_address>
         <run_address>0x98b4</run_address>
         <size>0x10</size>
         <input_file_ref idref="fl-11b"/>
      </object_component>
      <object_component id="oc-22f">
         <name>.text:Interrupt_disableSleepOnIsrExit</name>
         <load_address>0x98c4</load_address>
         <run_address>0x98c4</run_address>
         <size>0x10</size>
         <input_file_ref idref="fl-11b"/>
      </object_component>
      <object_component id="oc-134">
         <name>.text:Interrupt_enableMaster</name>
         <load_address>0x98d4</load_address>
         <run_address>0x98d4</run_address>
         <size>0x10</size>
         <input_file_ref idref="fl-11b"/>
      </object_component>
      <object_component id="oc-1d">
         <name>.text:decompress:none:__TI_decompress_none</name>
         <load_address>0x98e4</load_address>
         <run_address>0x98e4</run_address>
         <size>0xe</size>
         <input_file_ref idref="fl-dd"/>
      </object_component>
      <object_component id="oc-6a">
         <name>.text</name>
         <load_address>0x98f2</load_address>
         <run_address>0x98f2</run_address>
         <size>0xe</size>
         <input_file_ref idref="fl-5"/>
      </object_component>
      <object_component id="oc-110">
         <name>.text:ADC14_enableModule</name>
         <load_address>0x9900</load_address>
         <run_address>0x9900</run_address>
         <size>0xc</size>
         <input_file_ref idref="fl-118"/>
      </object_component>
      <object_component id="oc-3b1">
         <name>.text:CPU_cpsid</name>
         <load_address>0x990c</load_address>
         <run_address>0x990c</run_address>
         <size>0xc</size>
         <input_file_ref idref="fl-121"/>
      </object_component>
      <object_component id="oc-38a">
         <name>.text:CPU_cpsie</name>
         <load_address>0x9918</load_address>
         <run_address>0x9918</run_address>
         <size>0xc</size>
         <input_file_ref idref="fl-121"/>
      </object_component>
      <object_component id="oc-4c">
         <name>.text:decompress:ZI:__TI_zero_init</name>
         <load_address>0x9924</load_address>
         <run_address>0x9924</run_address>
         <size>0xc</size>
         <input_file_ref idref="fl-dc"/>
      </object_component>
      <object_component id="oc-2e1">
         <name>.text:_outc</name>
         <load_address>0x9930</load_address>
         <run_address>0x9930</run_address>
         <size>0xa</size>
         <input_file_ref idref="fl-cb"/>
      </object_component>
      <object_component id="oc-4ea">
         <name>.text:__aeabi_errno_addr</name>
         <load_address>0x993c</load_address>
         <run_address>0x993c</run_address>
         <size>0x8</size>
         <input_file_ref idref="fl-f7"/>
      </object_component>
      <object_component id="oc-42a">
         <name>.text:malloc</name>
         <load_address>0x9944</load_address>
         <run_address>0x9944</run_address>
         <size>0x8</size>
         <input_file_ref idref="fl-e8"/>
      </object_component>
      <object_component id="oc-5e0">
         <name>.text:_outc</name>
         <load_address>0x994c</load_address>
         <run_address>0x994c</run_address>
         <size>0x4</size>
         <input_file_ref idref="fl-c9"/>
      </object_component>
      <object_component id="oc-5da">
         <name>.text:_outs</name>
         <load_address>0x9950</load_address>
         <run_address>0x9950</run_address>
         <size>0x4</size>
         <input_file_ref idref="fl-c9"/>
      </object_component>
      <object_component id="oc-9a">
         <name>.text:_system_pre_init</name>
         <load_address>0x9954</load_address>
         <run_address>0x9954</run_address>
         <size>0x4</size>
         <input_file_ref idref="fl-103"/>
      </object_component>
      <object_component id="oc-28c">
         <name>.text:abort:abort</name>
         <load_address>0x9958</load_address>
         <run_address>0x9958</run_address>
         <size>0x4</size>
         <input_file_ref idref="fl-df"/>
      </object_component>
      <object_component id="oc-3c0">
         <name>.const:.string:g_pucCmtt14Data</name>
         <load_address>0x9960</load_address>
         <run_address>0x9960</run_address>
         <size>0x615</size>
         <input_file_ref idref="fl-125"/>
      </object_component>
      <object_component id="oc-459">
         <name>.const:.string:g_pucCmss14Data</name>
         <load_address>0x9f75</load_address>
         <run_address>0x9f75</run_address>
         <size>0x609</size>
         <input_file_ref idref="fl-124"/>
      </object_component>
      <object_component id="oc-3ba">
         <name>.const:.string:g_pucFontFixed6x8Data</name>
         <load_address>0xa57e</load_address>
         <run_address>0xa57e</run_address>
         <size>0x2f8</size>
         <input_file_ref idref="fl-126"/>
      </object_component>
      <object_component id="oc-6da">
         <name>.const:$O1$$</name>
         <load_address>0xa878</load_address>
         <run_address>0xa878</run_address>
         <size>0x158</size>
         <input_file_ref idref="fl-f3"/>
      </object_component>
      <object_component id="oc-506">
         <name>.const:.string:_ctypes_</name>
         <load_address>0xa9d0</load_address>
         <run_address>0xa9d0</run_address>
         <size>0x101</size>
         <input_file_ref idref="fl-e4"/>
      </object_component>
      <object_component id="oc-509">
         <name>.const:$O1$$</name>
         <load_address>0xaad8</load_address>
         <run_address>0xaad8</run_address>
         <size>0xc8</size>
         <input_file_ref idref="fl-f1"/>
      </object_component>
      <object_component id="oc-1fc">
         <name>.const:g_sFontCmss14</name>
         <load_address>0xaba0</load_address>
         <run_address>0xaba0</run_address>
         <size>0xc8</size>
         <input_file_ref idref="fl-124"/>
      </object_component>
      <object_component id="oc-176">
         <name>.const:g_sFontCmtt14</name>
         <load_address>0xac68</load_address>
         <run_address>0xac68</run_address>
         <size>0xc8</size>
         <input_file_ref idref="fl-125"/>
      </object_component>
      <object_component id="oc-173">
         <name>.const:g_sFontFixed6x8</name>
         <load_address>0xad30</load_address>
         <run_address>0xad30</run_address>
         <size>0xc8</size>
         <input_file_ref idref="fl-126"/>
      </object_component>
      <object_component id="oc-6ed">
         <name>.const:$O1$$</name>
         <load_address>0xadf8</load_address>
         <run_address>0xadf8</run_address>
         <size>0x98</size>
         <input_file_ref idref="fl-c6"/>
      </object_component>
      <object_component id="oc-37f">
         <name>.const:_ctlRegs</name>
         <load_address>0xae90</load_address>
         <run_address>0xae90</run_address>
         <size>0x80</size>
         <input_file_ref idref="fl-118"/>
      </object_component>
      <object_component id="oc-321">
         <name>.const:.string</name>
         <load_address>0xaf10</load_address>
         <run_address>0xaf10</run_address>
         <size>0x46</size>
         <input_file_ref idref="fl-3"/>
      </object_component>
      <object_component id="oc-368">
         <name>.const:GPIO_PORT_TO_BASE</name>
         <load_address>0xaf58</load_address>
         <run_address>0xaf58</run_address>
         <size>0x30</size>
         <input_file_ref idref="fl-11a"/>
      </object_component>
      <object_component id="oc-1af">
         <name>.const:uartConfig0</name>
         <load_address>0xaf88</load_address>
         <run_address>0xaf88</run_address>
         <size>0x28</size>
[...]
         <value>0x20007178</value>
         <object_component_ref idref="oc-854"/>
      </symbol>
      <symbol id="sm-e16">
         <name>__TI_writemsg</name>
         <value>0x8f2d</value>
         <object_component_ref idref="oc-82c"/>
      </symbol>
      <symbol id="sm-e27">
         <name>lseek</name>
         <value>0x9579</value>
         <object_component_ref idref="oc-7ae"/>
      </symbol>
      <symbol id="sm-e31">
         <name>copysign</name>
         <value>0x9733</value>
         <object_component_ref idref="oc-687"/>
      </symbol>
      <symbol id="sm-e32">
         <name>copysignl</name>
         <value>0x9733</value>
         <object_component_ref idref="oc-687"/>
      </symbol>
      <symbol id="sm-e47">
         <name>__TI_closefile</name>
         <value>0x81b5</value>
         <object_component_ref idref="oc-7df"/>
      </symbol>
      <symbol id="sm-e6a">
         <name>finddevice</name>
         <value>0x92cd</value>
         <object_component_ref idref="oc-86a"/>
      </symbol>
      <symbol id="sm-e6b">
         <name>getdevice</name>
         <value>0x8cb5</value>
         <object_component_ref idref="oc-84a"/>
      </symbol>
      <symbol id="sm-e80">
         <name>close</name>
         <value>0x8771</value>
         <object_component_ref idref="oc-81b"/>
      </symbol>
      <symbol id="sm-e90">
         <name>unlink</name>
         <value>0x9409</value>
         <object_component_ref idref="oc-821"/>
      </symbol>
      <symbol id="sm-f9b">
         <name>ADC14_enableInterrupt</name>
         <value>0x91dd</value>
         <object_component_ref idref="oc-128"/>
      </symbol>
      <symbol id="sm-f9c">
         <name>ADC14_getInterruptStatus</name>
         <value>0x932d</value>
         <object_component_ref idref="oc-480"/>
      </symbol>
      <symbol id="sm-f9d">
         <name>ADC14_enableSampleTimer</name>
         <value>0x9041</value>
         <object_component_ref idref="oc-13a"/>
      </symbol>
      <symbol id="sm-f9e">
         <name>ADC14_enableConversion</name>
         <value>0x9461</value>
         <object_component_ref idref="oc-140"/>
      </symbol>
      <symbol id="sm-f9f">
         <name>ADC14_toggleConversionTrigger</name>
         <value>0x9359</value>
         <object_component_ref idref="oc-146"/>
      </symbol>
      <symbol id="sm-fa0">
         <name>ADC14_getEnabledInterruptStatus</name>
         <value>0x8ef5</value>
         <object_component_ref idref="oc-235"/>
      </symbol>
      <symbol id="sm-fa1">
         <name>ADC14_initModule</name>
         <value>0x892d</value>
         <object_component_ref idref="oc-116"/>
      </symbol>
      <symbol id="sm-fa2">
         <name>ADC14_configureMultiSequenceMode</name>
         <value>0x7869</value>
         <object_component_ref idref="oc-11c"/>
      </symbol>
      <symbol id="sm-fa3">
         <name>ADC14_clearInterruptFlag</name>
         <value>0x91ad</value>
         <object_component_ref idref="oc-23b"/>
      </symbol>
      <symbol id="sm-fa4">
         <name>ADC14_configureConversionMemory</name>
         <value>0x77b5</value>
         <object_component_ref idref="oc-122"/>
      </symbol>
      <symbol id="sm-fa5">
         <name>ADC14_enableModule</name>
         <value>0x9901</value>
         <object_component_ref idref="oc-110"/>
      </symbol>
      <symbol id="sm-fa6">
         <name>ADC14_getResult</name>
         <value>0x9489</value>
         <object_component_ref idref="oc-241"/>
      </symbol>
      <symbol id="sm-fb4">
         <name>CS_setDCOCenteredFrequency</name>
         <value>0x9075</value>
         <object_component_ref idref="oc-182"/>
      </symbol>
      <symbol id="sm-104f">
         <name>GPIO_setOutputHighOnPin</name>
         <value>0x9501</value>
         <object_component_ref idref="oc-1e4"/>
      </symbol>
      <symbol id="sm-1050">
         <name>GPIO_setAsInputPinWithPullUpResistor</name>
         <value>0x87cd</value>
         <object_component_ref idref="oc-194"/>
      </symbol>
      <symbol id="sm-1051">
         <name>GPIO_getInterruptStatus</name>
         <value>0x95c9</value>
         <object_component_ref idref="oc-46e"/>
      </symbol>
      <symbol id="sm-1052">
         <name>GPIO_enableInterrupt</name>
         <value>0x94d9</value>
         <object_component_ref idref="oc-1c9"/>
      </symbol>
      <symbol id="sm-1053">
         <name>GPIO_getEnabledInterruptStatus</name>
         <value>0x8035</value>
         <object_component_ref idref="oc-211"/>
      </symbol>
      <symbol id="sm-1054">
         <name>GPIO_setAsOutputPin</name>
         <value>0x8cf9</value>
         <object_component_ref idref="oc-1d8"/>
      </symbol>
      <symbol id="sm-1055">
         <name>GPIO_interruptEdgeSelect</name>
         <value>0x8eb9</value>
         <object_component_ref idref="oc-1cf"/>
      </symbol>
      <symbol id="sm-1056">
         <name>GPIO_setOutputLowOnPin</name>
         <value>0x9529</value>
         <object_component_ref idref="oc-1de"/>
      </symbol>
      <symbol id="sm-1057">
         <name>GPIO_clearInterruptFlag</name>
         <value>0x94b1</value>
         <object_component_ref idref="oc-217"/>
      </symbol>
      <symbol id="sm-1058">
         <name>GPIO_setAsPeripheralModuleFunctionOutputPin</name>
         <value>0x7ea1</value>
         <object_component_ref idref="oc-55c"/>
      </symbol>
      <symbol id="sm-1059">
         <name>GPIO_getInputPinValue</name>
         <value>0x920d</value>
         <object_component_ref idref="oc-205"/>
      </symbol>
      <symbol id="sm-105a">
         <name>GPIO_setAsPeripheralModuleFunctionInputPin</name>
         <value>0x7e19</value>
         <object_component_ref idref="oc-10a"/>
      </symbol>
      <symbol id="sm-1093">
         <name>Interrupt_disableMaster</name>
         <value>0x98b5</value>
         <object_component_ref idref="oc-16a"/>
      </symbol>
      <symbol id="sm-1094">
         <name>Interrupt_enableMaster</name>
         <value>0x98d5</value>
         <object_component_ref idref="oc-134"/>
      </symbol>
      <symbol id="sm-1095">
         <name>Interrupt_enableInterrupt</name>
         <value>0x80b9</value>
         <object_component_ref idref="oc-12e"/>
      </symbol>
      <symbol id="sm-1096">
         <name>Interrupt_disableSleepOnIsrExit</name>
         <value>0x98c5</value>
         <object_component_ref idref="oc-22f"/>
      </symbol>
      <symbol id="sm-10d5">
         <name>EUSCI_B_SPI_enable</name>
         <value>0x97ab</value>
         <object_component_ref idref="oc-6b6"/>
      </symbol>
      <symbol id="sm-10d6">
         <name>SPI_enableModule</name>
         <value>0x9691</value>
         <object_component_ref idref="oc-568"/>
      </symbol>
      <symbol id="sm-10d7">
         <name>EUSCI_A_SPI_enable</name>
         <value>0x9795</value>
         <object_component_ref idref="oc-6b0"/>
      </symbol>
      <symbol id="sm-10d8">
         <name>SPI_initMaster</name>
         <value>0x79cf</value>
         <object_component_ref idref="oc-562"/>
      </symbol>
      <symbol id="sm-1119">
         <name>Timer_A_clearCaptureCompareInterrupt</name>
         <value>0x93b1</value>
         <object_component_ref idref="oc-20b"/>
      </symbol>
      <symbol id="sm-111a">
         <name>Timer_A_startCounter</name>
         <value>0x97ed</value>
         <object_component_ref idref="oc-1a0"/>
      </symbol>
      <symbol id="sm-111b">
         <name>Timer_A_configureUpMode</name>
         <value>0x8449</value>
         <object_component_ref idref="oc-19a"/>
      </symbol>
      <symbol id="sm-118d">
         <name>UART_enableInterrupt</name>
         <value>0x926d</value>
         <object_component_ref idref="oc-1c3"/>
      </symbol>
      <symbol id="sm-118e">
         <name>UART_receiveData</name>
         <value>0x929d</value>
         <object_component_ref idref="oc-223"/>
      </symbol>
      <symbol id="sm-118f">
         <name>UART_enableModule</name>
         <value>0x9819</value>
         <object_component_ref idref="oc-1f0"/>
      </symbol>
      <symbol id="sm-1190">
         <name>UART_getEnabledInterruptStatus</name>
         <value>0x8581</value>
         <object_component_ref idref="oc-21d"/>
      </symbol>
      <symbol id="sm-1191">
         <name>UART_transmitData</name>
         <value>0x90a9</value>
         <object_component_ref idref="oc-1f6"/>
      </symbol>
      <symbol id="sm-1192">
         <name>UART_getInterruptStatus</name>
         <value>0x974d</value>
         <object_component_ref idref="oc-476"/>
      </symbol>
      <symbol id="sm-1193">
         <name>UART_initModule</name>
         <value>0x6ce5</value>
         <object_component_ref idref="oc-1ea"/>
      </symbol>
      <symbol id="sm-1194">
         <name>UART_clearInterruptFlag</name>
         <value>0x9803</value>
         <object_component_ref idref="oc-229"/>
      </symbol>
      <symbol id="sm-1195">
         <name>UART_disableInterrupt</name>
         <value>0x923d</value>
         <object_component_ref idref="oc-1bd"/>
      </symbol>
      <symbol id="sm-11a1">
         <name>WDT_A_holdTimer</name>
         <value>0x95ed</value>
         <object_component_ref idref="oc-164"/>
      </symbol>
      <symbol id="sm-11b3">
         <name>CPU_cpsie</name>
         <value>0x9919</value>
         <object_component_ref idref="oc-38a"/>
      </symbol>
      <symbol id="sm-11b4">
         <name>CPU_cpsid</name>
         <value>0x990d</value>
         <object_component_ref idref="oc-3b1"/>
      </symbol>
      <symbol id="sm-11e6">
         <name>Graphics_setBackgroundColor</name>
         <value>0x96ff</value>
         <object_component_ref idref="oc-158"/>
      </symbol>
      <symbol id="sm-11e7">
         <name>Graphics_setFont</name>
         <value>0x9719</value>
         <object_component_ref idref="oc-ee"/>
      </symbol>
      <symbol id="sm-11e8">
         <name>Graphics_initContext</name>
         <value>0x89d5</value>
         <object_component_ref idref="oc-152"/>
      </symbol>
      <symbol id="sm-11e9">
         <name>Graphics_setForegroundColor</name>
         <value>0x97c1</value>
         <object_component_ref idref="oc-103"/>
      </symbol>
      <symbol id="sm-11ea">
         <name>Graphics_clearDisplay</name>
         <value>0x986d</value>
         <object_component_ref idref="oc-15e"/>
      </symbol>
      <symbol id="sm-121f">
         <name>Graphics_clearDisplayOnDisplay</name>
         <value>0x96e5</value>
         <object_component_ref idref="oc-3a9"/>
      </symbol>
      <symbol id="sm-1220">
         <name>Graphics_drawPixelOnDisplay</name>
         <value>0x9385</value>
         <object_component_ref idref="oc-51c"/>
      </symbol>
      <symbol id="sm-1221">
         <name>Graphics_translateColorOnDisplay</name>
         <value>0x97d7</value>
         <object_component_ref idref="oc-361"/>
      </symbol>
      <symbol id="sm-1222">
         <name>Graphics_drawHorizontalLineOnDisplay</name>
         <value>0x8f9d</value>
         <object_component_ref idref="oc-52f"/>
      </symbol>
      <symbol id="sm-1223">
         <name>Graphics_drawVerticalLineOnDisplay</name>
         <value>0x8fd3</value>
         <object_component_ref idref="oc-537"/>
      </symbol>
      <symbol id="sm-1224">
         <name>Graphics_fillRectangleOnDisplay</name>
         <value>0x9655</value>
         <object_component_ref idref="oc-355"/>
      </symbol>
      <symbol id="sm-1236">
         <name>g_sFontCmss14</name>
         <value>0xaba0</value>
         <object_component_ref idref="oc-1fc"/>
      </symbol>
      <symbol id="sm-1248">
         <name>g_sFontCmtt14</name>
         <value>0xac68</value>
         <object_component_ref idref="oc-176"/>
      </symbol>
      <symbol id="sm-125a">
         <name>g_sFontFixed6x8</name>
         <value>0xad30</value>
         <object_component_ref idref="oc-173"/>
      </symbol>
      <symbol id="sm-127a">
         <name>Graphics_drawRectangle</name>
         <value>0x7a7f</value>
         <object_component_ref idref="oc-e8"/>
      </symbol>
      <symbol id="sm-127b">
         <name>Graphics_fillRectangle</name>
         <value>0x6f15</value>
         <object_component_ref idref="oc-fd"/>
      </symbol>
      <symbol id="sm-12d3">
         <name>Graphics_drawStringCentered</name>
         <value>0x8b11</value>
         <object_component_ref idref="oc-db"/>
      </symbol>
      <symbol id="sm-12d4">
         <name>Graphics_drawString</name>
         <value>0x4b91</value>
         <object_component_ref idref="oc-302"/>
      </symbol>
      <symbol id="sm-12d5">
         <name>Graphics_getStringWidth</name>
         <value>0x7335</value>
         <object_component_ref idref="oc-2fc"/>
      </symbol>
      <symbol id="sm-12f6">
         <name>Graphics_drawLineH</name>
         <value>0x7b21</value>
         <object_component_ref idref="oc-311"/>
      </symbol>
      <symbol id="sm-12f7">
         <name>Graphics_drawLineV</name>
         <value>0x7bbd</value>
         <object_component_ref idref="oc-317"/>
      </symbol>
      <symbol id="sm-12f8">
         <name>__TI_static_base__</name>
         <value>0x0</value>
      </symbol>
      <symbol id="sm-12fb">
         <name>__mpu_init</name>
         <value>0x0</value>
      </symbol>
      <symbol id="sm-12fc">
         <name>_system_post_cinit</name>
         <value>0x0</value>
      </symbol>
      <symbol id="sm-12fd">
         <name>NMI_Handler</name>
         <value>0x98ff</value>
      </symbol>
      <symbol id="sm-12fe">
         <name>HardFault_Handler</name>
         <value>0x98ff</value>
      </symbol>
      <symbol id="sm-12ff">
         <name>MemManage_Handler</name>
         <value>0x98ff</value>
      </symbol>
      <symbol id="sm-1300">
         <name>BusFault_Handler</name>
         <value>0x98ff</value>
      </symbol>
      <symbol id="sm-1301">
         <name>UsageFault_Handler</name>
         <value>0x98ff</value>
      </symbol>
      <symbol id="sm-1302">
         <name>SVC_Handler</name>
         <value>0x98ff</value>
      </symbol>
      <symbol id="sm-1303">
         <name>DebugMon_Handler</name>
         <value>0x98ff</value>
      </symbol>
      <symbol id="sm-1304">
         <name>PendSV_Handler</name>
         <value>0x98ff</value>
      </symbol>
      <symbol id="sm-1305">
         <name>SysTick_Handler</name>
         <value>0x98ff</value>
      </symbol>
      <symbol id="sm-1306">
         <name>PSS_IRQHandler</name>
         <value>0x98ff</value>
      </symbol>
      <symbol id="sm-1307">
         <name>CS_IRQHandler</name>
         <value>0x98ff</value>
      </symbol>
      <symbol id="sm-1308">
         <name>PCM_IRQHandler</name>
         <value>0x98ff</value>
      </symbol>
      <symbol id="sm-1309">
         <name>WDT_A_IRQHandler</name>
         <value>0x98ff</value>
      </symbol>
      <symbol id="sm-130a">
         <name>FPU_IRQHandler</name>
         <value>0x98ff</value>
      </symbol>
      <symbol id="sm-130b">
         <name>FLCTL_IRQHandler</name>
         <value>0x98ff</value>
      </symbol>
      <symbol id="sm-130c">
         <name>COMP_E0_IRQHandler</name>
         <value>0x98ff</value>
      </symbol>
      <symbol id="sm-130d">
         <name>COMP_E1_IRQHandler</name>
         <value>0x98ff</value>
      </symbol>
      <symbol id="sm-130e">
         <name>TA0_0_IRQHandler</name>
         <value>0x98ff</value>
      </symbol>
      <symbol id="sm-130f">
         <name>TA0_N_IRQHandler</name>
         <value>0x98ff</value>
      </symbol>
      <symbol id="sm-1310">
         <name>TA1_0_IRQHandler</name>
         <value>0x107f</value>
      </symbol>
      <symbol id="sm-1311">
         <name>TA1_N_IRQHandler</name>
         <value>0x98ff</value>
      </symbol>
      <symbol id="sm-1312">
         <name>TA2_0_IRQHandler</name>
         <value>0x98ff</value>
      </symbol>
      <symbol id="sm-1313">
         <name>TA2_N_IRQHandler</name>
         <value>0x98ff</value>
      </symbol>
      <symbol id="sm-1314">
         <name>TA3_0_IRQHandler</name>
         <value>0x98ff</value>
      </symbol>
      <symbol id="sm-1315">
         <name>TA3_N_IRQHandler</name>
         <value>0x98ff</value>
      </symbol>
      <symbol id="sm-1316">
         <name>EUSCIA0_IRQHandler</name>
         <value>0x98ff</value>
      </symbol>
      <symbol id="sm-1317">
         <name>EUSCIA1_IRQHandler</name>
         <value>0x98ff</value>
      </symbol>
      <symbol id="sm-1318">
         <name>EUSCIA2_IRQHandler</name>
         <value>0x1165</value>
      </symbol>
      <symbol id="sm-1319">
         <name>EUSCIA3_IRQHandler</name>
         <value>0x98ff</value>
      </symbol>
      <symbol id="sm-131a">
         <name>EUSCIB0_IRQHandler</name>
         <value>0x98ff</value>
      </symbol>
      <symbol id="sm-131b">
         <name>EUSCIB1_IRQHandler</name>
         <value>0x98ff</value>
      </symbol>
      <symbol id="sm-131c">
         <name>EUSCIB2_IRQHandler</name>
         <value>0x98ff</value>
      </symbol>
      <symbol id="sm-131d">
         <name>EUSCIB3_IRQHandler</name>
         <value>0x98ff</value>
      </symbol>
      <symbol id="sm-131e">
         <name>ADC14_IRQHandler</name>
         <value>0x11ed</value>
      </symbol>
      <symbol id="sm-131f">
         <name>T32_INT1_IRQHandler</name>
         <value>0x98ff</value>
      </symbol>
      <symbol id="sm-1320">
         <name>T32_INT2_IRQHandler</name>
         <value>0x98ff</value>
      </symbol>
      <symbol id="sm-1321">
         <name>T32_INTC_IRQHandler</name>
         <value>0x98ff</value>
      </symbol>
      <symbol id="sm-1322">
         <name>AES256_IRQHandler</name>
         <value>0x98ff</value>
      </symbol>
      <symbol id="sm-1323">
         <name>RTC_C_IRQHandler</name>
         <value>0x98ff</value>
      </symbol>
      <symbol id="sm-1324">
         <name>DMA_ERR_IRQHandler</name>
         <value>0x98ff</value>
      </symbol>
      <symbol id="sm-1325">
         <name>DMA_INT3_IRQHandler</name>
         <value>0x98ff</value>
      </symbol>
      <symbol id="sm-1326">
         <name>DMA_INT2_IRQHandler</name>
         <value>0x98ff</value>
      </symbol>
      <symbol id="sm-1327">
         <name>DMA_INT1_IRQHandler</name>
         <value>0x98ff</value>
      </symbol>
      <symbol id="sm-1328">
         <name>DMA_INT0_IRQHandler</name>
         <value>0x98ff</value>
      </symbol>
      <symbol id="sm-1329">
         <name>PORT1_IRQHandler</name>
         <value>0x1135</value>
      </symbol>
      <symbol id="sm-132a">
         <name>PORT2_IRQHandler</name>
         <value>0x98ff</value>
      </symbol>
      <symbol id="sm-132b">
         <name>PORT3_IRQHandler</name>
         <value>0x10fd</value>
      </symbol>
      <symbol id="sm-132c">
         <name>PORT4_IRQHandler</name>
         <value>0x98ff</value>
      </symbol>
      <symbol id="sm-132d">
         <name>PORT5_IRQHandler</name>
         <value>0x10b9</value>
      </symbol>
      <symbol id="sm-132e">
         <name>PORT6_IRQHandler</name>
         <value>0x98ff</value>
      </symbol>
      <symbol id="sm-132f">
         <name>remove</name>
         <value>0x9409</value>
      </symbol>
   </symbol_table>
   <title>Link successful</title>
</link_info>
