******************************************************************************
                  TI ARM Linker PC v20.2.7                     
******************************************************************************
>> Linked Fri Feb 16 22:07:59 2024

OUTPUT FILE NAME:   <prova_I.out>
ENTRY POINT SYMBOL: "_c_int00_noargs"  address: 0000910d


MEMORY CONFIGURATION

         name            origin    length      used     unused   attr    fill
----------------------  --------  ---------  --------  --------  ----  --------
  MAIN                  00000000   00040000  0000b130  00034ed0  R  X
  INFO                  00200000   00004000  00000000  00004000  R  X
  SRAM_CODE             01000000   00010000  00007df3  0000820d  RW X
  SRAM_DATA             20000000   00010000  00007df3  0000820d  RW  


SEGMENT ALLOCATION MAP

run origin  load origin   length   init length attrs members
----------  ----------- ---------- ----------- ----- -------
00000000    00000000    0000b138   0000b138    r-x
  00000000    00000000    000000e4   000000e4    r-- .intvecs
  000000e4    000000e4    00009840   00009840    r-x .text
  00009928    00009928    000016dc   000016dc    r-- .const
  0000b008    0000b008    00000130   00000130    r-- .cinit
20000000    20000000    00007bf4   00000000    rw-
  20000000    20000000    00007517   00000000    rw- .bss
  20007518    20007518    00000400   00000000    rw- .sysmem
  20007918    20007918    000002dc   00000000    rw- .data
2000fe00    2000fe00    00000200   00000000    rw-
  2000fe00    2000fe00    00000200   00000000    rw- .stack


SECTION ALLOCATION MAP

 output                                  attributes/
section   page    origin      length       input sections
--------  ----  ----------  ----------   ----------------
.intvecs   0    00000000    000000e4     
                  00000000    000000e4     startup_msp432p401r_ccs.obj (.intvecs:retain)

.text      0    000000e4    00009840     
                  000000e4    00001638     main.obj (.text)
                  0000171c    00000a4e     rtsv7M4_T_le_v4SPD16_eabi.lib : _printfi.c.obj (.text:__TI_printfi)
                  0000216a    00000002                                   : _lock.c.obj (.text:_nop)
                  0000216c    00000a24     gps.obj (.text)
                  00002b90    00000738     rtsv7M4_T_le_v4SPD16_eabi.lib : k_rem_pio2.c.obj (.text:__kernel_rem_pio2)
                  000032c8    00000680     Crystalfontz128x128_ST7735.obj (.text)
                  00003948    00000652     race.obj (.text)
                  00003f9a    00000002     rtsv7M4_T_le_v4SPD16_eabi.lib : div0.asm.obj (.text)
                  00003f9c    000005e0                                   : s_sin.c.obj (.text:sin)
                  0000457c    000005dc                                   : s_cos.c.obj (.text:cos)
                  00004b58    0000047e     grlib.a : string.obj (.text:Graphics_drawString)
                  00004fd6    00000002     --HOLE-- [fill = 0]
                  00004fd8    00000460     rtsv7M4_T_le_v4SPD16_eabi.lib : strtod.c.obj (.text:strtod)
                  00005438    00000334     system_msp432p401r.obj (.text)
                  0000576c    000002ec     rtsv7M4_T_le_v4SPD16_eabi.lib : s_atan.c.obj (.text:atan)
                  00005a58    00000270                                   : _printfi.c.obj (.text:_pconv_a)
                  00005cc8    000001e4                                   : e_atan2.c.obj (.text:atan2)
                  00005eac    000001d0                                   : _printfi.c.obj (.text:_pconv_g)
                  0000607c    000001b6                                   : fd_add_t2.asm.obj (.text)
                  00006232    00000002     --HOLE-- [fill = 0]
                  00006234    00000174                                   : k_sin.c.obj (.text:__kernel_sin)
                  000063a8    00000170                                   : k_cos.c.obj (.text:__kernel_cos)
                  00006518    00000160     msp432p4xx_driverlib.lib : adc14.o (.text:_getIndexForMemRegister)
                  00006678    00000158     rtsv7M4_T_le_v4SPD16_eabi.lib : e_sqrt.c.obj (.text:sqrt)
                  000067d0    00000144     msp432p4xx_driverlib.lib : timer_a.o (.text:privateTimer_AProcessClockSourceDivider)
                  00006914    0000013c     rtsv7M4_T_le_v4SPD16_eabi.lib : _printfi.c.obj (.text:_pconv_e)
                  00006a50    00000136                                   : fd_div_t2.asm.obj (.text)
                  00006b86    00000002     --HOLE-- [fill = 0]
                  00006b88    00000124                                   : _printfi.c.obj (.text:fcvt)
                  00006cac    0000011c     msp432p4xx_driverlib.lib : uart.o (.text:UART_initModule)
                  00006dc8    00000114     rtsv7M4_T_le_v4SPD16_eabi.lib : fputs.c.obj (.text:fputs)
                  00006edc    00000112     grlib.a : rectangle.obj (.text:Graphics_fillRectangle)
                  00006fee    00000002     --HOLE-- [fill = 0]
                  00006ff0    00000110     rtsv7M4_T_le_v4SPD16_eabi.lib : s_scalbn.c.obj (.text:scalbn)
                  00007100    00000100                                   : memory.c.obj (.text:aligned_alloc)
                  00007200    000000fc                                   : fd_mul_t2.asm.obj (.text)
                  000072fc    000000fa     grlib.a : string.obj (.text:Graphics_getStringWidth)
                  000073f6    00000002     --HOLE-- [fill = 0]
                  000073f8    000000f8     rtsv7M4_T_le_v4SPD16_eabi.lib : s_floor.c.obj (.text:floor)
                  000074f0    000000e4                                   : memory.c.obj (.text:free)
                  000075d4    000000dc                                   : setvbuf.c.obj (.text:setvbuf)
                  000076b0    000000cc     HAL_MSP_EXP432P401R_Crystalfontz128x128_ST7735.obj (.text)
                  0000777c    000000b4     msp432p4xx_driverlib.lib : adc14.o (.text:ADC14_configureConversionMemory)
                  00007830    000000b4                              : adc14.o (.text:ADC14_configureMultiSequenceMode)
                  000078e4    000000b1     rtsv7M4_T_le_v4SPD16_eabi.lib : _printfi.c.obj (.text:_ltostr)
                  00007995    00000001     --HOLE-- [fill = 0]
                  00007996    000000b0     msp432p4xx_driverlib.lib : spi.o (.text:SPI_initMaster)
                  00007a46    000000a2     grlib.a : rectangle.obj (.text:Graphics_drawRectangle)
                  00007ae8    0000009c             : line.obj (.text:Graphics_drawLineH)
                  00007b84    0000009c             : line.obj (.text:Graphics_drawLineV)
                  00007c20    0000009c     rtsv7M4_T_le_v4SPD16_eabi.lib : memcpy_t2.asm.obj (.text)
                  00007cbc    00000096                                   : ull_div_t2.asm.obj (.text)
                  00007d52    00000002     --HOLE-- [fill = 0]
                  00007d54    0000008c                                   : fputc.c.obj (.text:fputc)
                  00007de0    00000088     msp432p4xx_driverlib.lib : gpio.o (.text:GPIO_setAsPeripheralModuleFunctionInputPin)
                  00007e68    00000088                              : gpio.o (.text:GPIO_setAsPeripheralModuleFunctionOutputPin)
                  00007ef0    00000086     rtsv7M4_T_le_v4SPD16_eabi.lib : fd_cmp_t2.asm.obj (.text:__aeabi_cdcmple)
                  00007f76    00000086                                   : fd_cmp_t2.asm.obj (.text:__aeabi_cdrcmple)
                  00007ffc    00000084     msp432p4xx_driverlib.lib : gpio.o (.text:GPIO_getEnabledInterruptStatus)
                  00008080    00000080                              : interrupt.o (.text:Interrupt_enableInterrupt)
                  00008100    0000007a     rtsv7M4_T_le_v4SPD16_eabi.lib : memset_t2.asm.obj (.text)
                  0000817a    00000002     --HOLE-- [fill = 0]
                  0000817c    00000074                                   : fclose.c.obj (.text:__TI_closefile)
                  000081f0    00000070                                   : memory.c.obj (.text:split)
                  00008260    0000006e                                   : _printfi.c.obj (.text:_mcpy)
                  000082ce    0000006e                                   : fd_tos_t2.asm.obj (.text)
                  0000833c    0000006c                                   : hostrename.c.obj (.text:HOSTrename)
                  000083a8    00000068                                   : hostlseek.c.obj (.text:HOSTlseek)
                  00008410    00000068     msp432p4xx_driverlib.lib : timer_a.o (.text:Timer_A_configureUpMode)
                  00008478    00000068     rtsv7M4_T_le_v4SPD16_eabi.lib : copy_decompress_lzss.c.obj (.text:decompress:lzss:__TI_decompress_lzss)
                  000084e0    00000068                                   : printf.c.obj (.text:printf)
                  00008548    00000064     msp432p4xx_driverlib.lib : uart.o (.text:UART_getEnabledInterruptStatus)
                  000085ac    00000064     rtsv7M4_T_le_v4SPD16_eabi.lib : s_frexp.c.obj (.text:frexp)
                  00008610    00000064                                   : fseek.c.obj (.text:fseek)
                  00008674    00000062                                   : _io_perm.c.obj (.text:__TI_wrt_ok)
                  000086d6    00000002     --HOLE-- [fill = 0]
                  000086d8    00000060                                   : hostopen.c.obj (.text:HOSTopen)
                  00008738    0000005c                                   : close.c.obj (.text:close)
                  00008794    00000058     msp432p4xx_driverlib.lib : gpio.o (.text:GPIO_setAsInputPinWithPullUpResistor)
                  000087ec    00000058     rtsv7M4_T_le_v4SPD16_eabi.lib : hostread.c.obj (.text:HOSTread)
                  00008844    00000058                                   : hostwrite.c.obj (.text:HOSTwrite)
                  0000889c    00000056                                   : _printfi.c.obj (.text:_pconv_f)
                  000088f2    00000002     --HOLE-- [fill = 0]
                  000088f4    00000054     msp432p4xx_driverlib.lib : adc14.o (.text:ADC14_initModule)
                  00008948    00000054     rtsv7M4_T_le_v4SPD16_eabi.lib : _ltoa.c.obj (.text:__TI_ltoa)
                  0000899c    00000052     grlib.a : context.obj (.text:Graphics_initContext)
                  000089ee    00000052     rtsv7M4_T_le_v4SPD16_eabi.lib : _printfi.c.obj (.text:_ecpy)
                  00008a40    0000004c                                   : fflush.c.obj (.text:__TI_doflush)
                  00008a8c    0000004c                                   : atoi.c.obj (.text:atoi)
                  00008ad8    00000048     grlib.a : string.obj (.text:Graphics_drawStringCentered)
                  00008b20    00000048     rtsv7M4_T_le_v4SPD16_eabi.lib : exit.c.obj (.text:exit)
                  00008b68    00000048                                   : fd_toi_t2.asm.obj (.text)
                  00008bb0    00000044                                   : hostclose.c.obj (.text:HOSTclose)
                  00008bf4    00000044                                   : hostunlink.c.obj (.text:HOSTunlink)
                  00008c38    00000044                                   : autoinit.c.obj (.text:__TI_auto_init_nobinit_nopinit:__TI_auto_init_nobinit_nopinit)
                  00008c7c    00000044                                   : getdevice.c.obj (.text:getdevice)
                  00008cc0    00000040     msp432p4xx_driverlib.lib : gpio.o (.text:GPIO_setAsOutputPin)
                  00008d00    00000040     grlib.a : string.obj (.text:Graphics_getNumberOfLeadingZeros)
                  00008d40    00000040     msp432p4xx_driverlib.lib : spi.o (.text:is_A_Module)
                  00008d80    00000040     rtsv7M4_T_le_v4SPD16_eabi.lib : u_divt2.asm.obj (.text)
                  00008dc0    00000040                                   : sprintf.c.obj (.text:sprintf)
                  00008e00    00000040                                   : strtok.c.obj (.text:strtok)
                  00008e40    0000003e                                   : _printfi.c.obj (.text:_fcpy)
                  00008e7e    00000002     --HOLE-- [fill = 0]
                  00008e80    0000003c     msp432p4xx_driverlib.lib : gpio.o (.text:GPIO_interruptEdgeSelect)
                  00008ebc    00000038                              : adc14.o (.text:ADC14_getEnabledInterruptStatus)
                  00008ef4    00000038     rtsv7M4_T_le_v4SPD16_eabi.lib : trgmsg.c.obj (.text:__TI_writemsg)
                  00008f2c    00000038                                   : fs_tod_t2.asm.obj (.text)
                  00008f64    00000036     grlib.a : display.obj (.text:Graphics_drawHorizontalLineOnDisplay)
                  00008f9a    00000036             : display.obj (.text:Graphics_drawVerticalLineOnDisplay)
                  00008fd0    00000036     rtsv7M4_T_le_v4SPD16_eabi.lib : strncpy.c.obj (.text:strncpy)
                  00009006    00000002     --HOLE-- [fill = 0]
                  00009008    00000034     msp432p4xx_driverlib.lib : adc14.o (.text:ADC14_enableSampleTimer)
                  0000903c    00000034                              : cs.o (.text:CS_setDCOCenteredFrequency)
                  00009070    00000034                              : uart.o (.text:UART_transmitData)
                  000090a4    00000034     rtsv7M4_T_le_v4SPD16_eabi.lib : fopen.c.obj (.text:__TI_cleanup)
                  000090d8    00000034                                   : trgmsg.c.obj (.text:__TI_readmsg)
                  0000910c    00000034                                   : boot_cortex_m.c.obj (.text:_c_int00_noargs:_c_int00_noargs)
                  00009140    00000034                                   : rand.c.obj (.text:rand)
                  00009174    00000030     msp432p4xx_driverlib.lib : adc14.o (.text:ADC14_clearInterruptFlag)
                  000091a4    00000030                              : adc14.o (.text:ADC14_enableInterrupt)
                  000091d4    00000030                              : gpio.o (.text:GPIO_getInputPinValue)
                  00009204    00000030                              : uart.o (.text:UART_disableInterrupt)
                  00009234    00000030                              : uart.o (.text:UART_enableInterrupt)
                  00009264    00000030                              : uart.o (.text:UART_receiveData)
                  00009294    00000030     rtsv7M4_T_le_v4SPD16_eabi.lib : getdevice.c.obj (.text:finddevice)
                  000092c4    0000002e                                   : i_tofd_t2.asm.obj (.text)
                  000092f2    00000002     --HOLE-- [fill = 0]
                  000092f4    0000002c     msp432p4xx_driverlib.lib : adc14.o (.text:ADC14_getInterruptStatus)
                  00009320    0000002c                              : adc14.o (.text:ADC14_toggleConversionTrigger)
                  0000934c    0000002c     grlib.a : display.obj (.text:Graphics_drawPixelOnDisplay)
                  00009378    0000002c     msp432p4xx_driverlib.lib : timer_a.o (.text:Timer_A_clearCaptureCompareInterrupt)
                  000093a4    0000002c     rtsv7M4_T_le_v4SPD16_eabi.lib : strncmp.c.obj (.text:strncmp)
                  000093d0    0000002c                                   : unlink.c.obj (.text:unlink)
                  000093fc    0000002a                                   : strspn.c.obj (.text:strspn)
                  00009426    00000002     --HOLE-- [fill = 0]
                  00009428    00000028     msp432p4xx_driverlib.lib : adc14.o (.text:ADC14_enableConversion)
                  00009450    00000028                              : adc14.o (.text:ADC14_getResult)
                  00009478    00000028                              : gpio.o (.text:GPIO_clearInterruptFlag)
                  000094a0    00000028                              : gpio.o (.text:GPIO_enableInterrupt)
                  000094c8    00000028                              : gpio.o (.text:GPIO_setOutputHighOnPin)
                  000094f0    00000028                              : gpio.o (.text:GPIO_setOutputLowOnPin)
                  00009518    00000028     rtsv7M4_T_le_v4SPD16_eabi.lib : memory.c.obj (.text:free_list_insert)
                  00009540    00000028                                   : lseek.c.obj (.text:lseek)
                  00009568    00000028                                   : write.c.obj (.text:write)
                  00009590    00000024     msp432p4xx_driverlib.lib : gpio.o (.text:GPIO_getInterruptStatus)
                  000095b4    00000024                              : wdt_a.o (.text:WDT_A_holdTimer)
                  000095d8    00000024     rtsv7M4_T_le_v4SPD16_eabi.lib : strcspn.c.obj (.text:strcspn)
                  000095fc    00000020                                   : memchr.c.obj (.text:memchr)
                  0000961c    0000001e     grlib.a : display.obj (.text:Graphics_fillRectangleOnDisplay)
                  0000963a    0000001e     rtsv7M4_T_le_v4SPD16_eabi.lib : strcat.c.obj (.text:strcat)
                  00009658    0000001c     msp432p4xx_driverlib.lib : spi.o (.text:SPI_enableModule)
                  00009674    0000001c     rtsv7M4_T_le_v4SPD16_eabi.lib : memory.c.obj (.text:free_list_remove)
                  00009690    0000001c                                   : memccpy.c.obj (.text:memccpy)
                  000096ac    0000001a     grlib.a : display.obj (.text:Graphics_clearDisplayOnDisplay)
                  000096c6    0000001a             : context.obj (.text:Graphics_setBackgroundColor)
                  000096e0    0000001a             : context.obj (.text:Graphics_setFont)
                  000096fa    0000001a     rtsv7M4_T_le_v4SPD16_eabi.lib : s_copysign.c.obj (.text:copysign)
                  00009714    00000018     msp432p4xx_driverlib.lib : uart.o (.text:UART_getInterruptStatus)
                  0000972c    00000018     rtsv7M4_T_le_v4SPD16_eabi.lib : sprintf.c.obj (.text:_outs)
                  00009744    00000018                                   : strcmp.c.obj (.text:strcmp)
                  0000975c    00000016     msp432p4xx_driverlib.lib : spi.o (.text:EUSCI_A_SPI_enable)
                  00009772    00000016                              : spi.o (.text:EUSCI_B_SPI_enable)
                  00009788    00000016     grlib.a : context.obj (.text:Graphics_setForegroundColor)
                  0000979e    00000016             : display.obj (.text:Graphics_translateColorOnDisplay)
                  000097b4    00000016     msp432p4xx_driverlib.lib : timer_a.o (.text:Timer_A_startCounter)
                  000097ca    00000016                              : uart.o (.text:UART_clearInterruptFlag)
                  000097e0    00000016                              : uart.o (.text:UART_enableModule)
                  000097f6    00000016     rtsv7M4_T_le_v4SPD16_eabi.lib : strchr.c.obj (.text:strchr)
                  0000980c    00000014                                   : strcpy.c.obj (.text:strcpy)
                  00009820    00000014                                   : strlen.c.obj (.text:strlen)
                  00009834    00000012     grlib.a : context.obj (.text:Graphics_clearDisplay)
                  00009846    00000012     rtsv7M4_T_le_v4SPD16_eabi.lib : atof.c.obj (.text:atof)
                  00009858    00000012                                   : wcslen.c.obj (.text:wcslen)
                  0000986a    00000002     --HOLE-- [fill = 0]
                  0000986c    00000010     msp432p4xx_driverlib.lib : adc14.o (.text:ADCIsConversionRunning)
                  0000987c    00000010                              : interrupt.o (.text:Interrupt_disableMaster)
                  0000988c    00000010                              : interrupt.o (.text:Interrupt_disableSleepOnIsrExit)
                  0000989c    00000010                              : interrupt.o (.text:Interrupt_enableMaster)
                  000098ac    0000000e     rtsv7M4_T_le_v4SPD16_eabi.lib : copy_decompress_none.c.obj (.text:decompress:none:__TI_decompress_none)
                  000098ba    0000000e     startup_msp432p401r_ccs.obj (.text)
                  000098c8    0000000c     msp432p4xx_driverlib.lib : adc14.o (.text:ADC14_enableModule)
                  000098d4    0000000c                              : cpu.o (.text:CPU_cpsid)
                  000098e0    0000000c                              : cpu.o (.text:CPU_cpsie)
                  000098ec    0000000c     rtsv7M4_T_le_v4SPD16_eabi.lib : copy_zero_init.c.obj (.text:decompress:ZI:__TI_zero_init)
                  000098f8    0000000a                                   : sprintf.c.obj (.text:_outc)
                  00009902    00000002     --HOLE-- [fill = 0]
                  00009904    00000008                                   : errno.c.obj (.text:__aeabi_errno_addr)
                  0000990c    00000008                                   : memory.c.obj (.text:malloc)
                  00009914    00000004                                   : printf.c.obj (.text:_outc)
                  00009918    00000004                                   : printf.c.obj (.text:_outs)
                  0000991c    00000004                                   : pre_init.c.obj (.text:_system_pre_init)
                  00009920    00000004                                   : exit.c.obj (.text:abort:abort)

.const     0    00009928    000016dc     
                  00009928    00000615     grlib.a : fontcmtt14.obj (.const:.string:g_pucCmtt14Data)
                  00009f3d    00000609             : fontcmss14.obj (.const:.string:g_pucCmss14Data)
                  0000a546    000002f8             : fontfixed6x8.obj (.const:.string:g_pucFontFixed6x8Data)
                  0000a83e    00000002     --HOLE-- [fill = 0]
                  0000a840    00000158     rtsv7M4_T_le_v4SPD16_eabi.lib : k_rem_pio2.c.obj (.const:$O1$$)
                  0000a998    00000101                                   : ctype.c.obj (.const:.string:_ctypes_)
                  0000aa99    00000007     --HOLE-- [fill = 0]
                  0000aaa0    000000c8                                   : strtod.c.obj (.const:$O1$$)
                  0000ab68    000000c8     grlib.a : fontcmss14.obj (.const:g_sFontCmss14)
                  0000ac30    000000c8             : fontcmtt14.obj (.const:g_sFontCmtt14)
                  0000acf8    000000c8             : fontfixed6x8.obj (.const:g_sFontFixed6x8)
                  0000adc0    00000098     rtsv7M4_T_le_v4SPD16_eabi.lib : s_atan.c.obj (.const:$O1$$)
                  0000ae58    00000080     msp432p4xx_driverlib.lib : adc14.o (.const:_ctlRegs)
                  0000aed8    00000046     main.obj (.const:.string)
                  0000af1e    00000002     --HOLE-- [fill = 0]
                  0000af20    00000030     msp432p4xx_driverlib.lib : gpio.o (.const:GPIO_PORT_TO_BASE)
                  0000af50    00000028     main.obj (.const:uartConfig0)
                  0000af78    00000028     main.obj (.const:uartConfig1)
                  0000afa0    00000020     Crystalfontz128x128_ST7735.obj (.const:g_sCrystalfontz128x128_funcs)
                  0000afc0    0000001c     HAL_MSP_EXP432P401R_Crystalfontz128x128_ST7735.obj (.const:$P$T0$1)
                  0000afdc    00000018     main.obj (.const:upConfig)
                  0000aff4    00000008     Crystalfontz128x128_ST7735.obj (.const:$P$T0$1)
                  0000affc    00000008     msp432p4xx_driverlib.lib : interrupt.o (.const:g_pulEnRegs)

.cinit     0    0000b008    00000130     
                  0000b008    00000106     (.cinit..data.load) [load image, compression = lzss]
                  0000b10e    00000002     --HOLE-- [fill = 0]
                  0000b110    0000000c     (__TI_handler_table)
                  0000b11c    00000004     --HOLE-- [fill = 0]
                  0000b120    00000008     (.cinit..bss.load) [load image, compression = zero_init]
                  0000b128    00000010     (__TI_cinit_table)

.init_array 
*          0    00000000    00000000     UNINITIALIZED

.binit     0    00000000    00000000     

.bss       0    20000000    00007517     UNINITIALIZED
                  20000000    00007178     (.common:race)
                  20007178    00000120     rtsv7M4_T_le_v4SPD16_eabi.lib : trgmsg.c.obj (.bss:_CIOBUF_)
                  20007298    000000c4     (.common:gps)
                  2000735c    000000a0     (.common:__TI_tmpnams)
                  200073fc    00000064     race.obj (.bss:str$4)
                  20007460    0000001c     (.common:g_sContext)
                  2000747c    00000014     race.obj (.bss:buffer$1)
                  20007490    00000014     race.obj (.bss:buffer$2)
                  200074a4    00000014     main.obj (.bss:output_str$3)
                  200074b8    0000000c     gps.obj (.bss:buffer_pos_to_decimal$1)
                  200074c4    0000000c     gps.obj (.bss:buffer_set_position$2)
                  200074d0    0000000c     gps.obj (.bss:buffer_temporal_separator$3)
                  200074dc    0000000c     race.obj (.bss:time$3)
                  200074e8    00000008     main.obj (.bss:last_five$4)
                  200074f0    00000008     main.obj (.bss:str$1)
                  200074f8    00000008     main.obj (.bss:str$2)
                  20007500    00000008     (.common:parmbuf)
                  20007508    00000004     main.obj (.bss:resultsBuffer)
                  2000750c    00000002     (.common:Lcd_ScreenHeigth)
                  2000750e    00000002     (.common:Lcd_ScreenWidth)
                  20007510    00000002     (.common:Lcd_TouchTrim)
                  20007512    00000001     (.common:Lcd_FlagRead)
                  20007513    00000001     (.common:Lcd_FontSolid)
                  20007514    00000001     (.common:Lcd_Orientation)
                  20007515    00000001     (.common:Lcd_PenSolid)
                  20007516    00000001     (.common:event)

.sysmem    0    20007518    00000400     UNINITIALIZED
                  20007518    00000010     rtsv7M4_T_le_v4SPD16_eabi.lib : memory.c.obj (.sysmem)
                  20007528    000003f0     --HOLE--

.data      0    20007918    000002dc     UNINITIALIZED
                  20007918    000000f0     rtsv7M4_T_le_v4SPD16_eabi.lib : defs.c.obj (.data:_ftable)
                  20007a08    00000078                                   : host_device.c.obj (.data:_device)
                  20007a80    00000050                                   : host_device.c.obj (.data:_stream)
                  20007ad0    00000050     main.obj (.data:ds)
                  20007b20    00000028     main.obj (.data:fsm)
                  20007b48    00000018     main.obj (.data:fsm_run)
                  20007b60    00000013     main.obj (.data)
                  20007b73    00000001     --HOLE--
                  20007b74    00000010     Crystalfontz128x128_ST7735.obj (.data:g_sCrystalfontz128x128)
                  20007b84    00000010     rtsv7M4_T_le_v4SPD16_eabi.lib : defs.c.obj (.data)
                  20007b94    0000000c                                   : exit.c.obj (.data:$O1$$)
                  20007ba0    0000000c     main.obj (.data:circular_buffer)
                  20007bac    00000008     rtsv7M4_T_le_v4SPD16_eabi.lib : _lock.c.obj (.data:$O1$$)
                  20007bb4    00000008                                   : memory.c.obj (.data:$O1$$)
                  20007bbc    00000008     main.obj (.data:back_rect)
                  20007bc4    00000008     main.obj (.data:l_rect)
                  20007bcc    00000008     main.obj (.data:main_rect)
                  20007bd4    00000008     main.obj (.data:r_rect)
                  20007bdc    00000008     main.obj (.data:up_rect)
                  20007be4    00000004     rtsv7M4_T_le_v4SPD16_eabi.lib : errno.c.obj (.data)
                  20007be8    00000004                                   : rand.c.obj (.data)
                  20007bec    00000004                                   : strtok.c.obj (.data)
                  20007bf0    00000004     system_msp432p401r.obj (.data)

.stack     0    2000fe00    00000200     UNINITIALIZED
                  2000fe00    00000004     rtsv7M4_T_le_v4SPD16_eabi.lib : boot_cortex_m.c.obj (.stack)
                  2000fe04    000001fc     --HOLE--

__llvm_prf_cnts 
*          0    20000000    00000000     UNINITIALIZED

MODULE SUMMARY

       Module                                               code    ro data   rw data
       ------                                               ----    -------   -------
    .\
       main.obj                                             5688    174       59072  
       gps.obj                                              2596    0         72     
       race.obj                                             1618    0         304    
       system_msp432p401r.obj                               820     0         8      
       startup_msp432p401r_ccs.obj                          14      228       0      
    +--+----------------------------------------------------+-------+---------+---------+
       Total:                                               10736   402       59456  
                                                                                     
    .\LcdDriver\
       Crystalfontz128x128_ST7735.obj                       1664    40        52     
       HAL_MSP_EXP432P401R_Crystalfontz128x128_ST7735.obj   204     28        0      
    +--+----------------------------------------------------+-------+---------+---------+
       Total:                                               1868    68        52     
                                                                                     
    C:/ti/simplelink_msp432p4_sdk_3_40_01_02/source/ti/devices/msp432p4xx/driverlib/ccs/msp432p4xx_driverlib.lib
       adc14.o                                              1196    128       0      
       gpio.o                                               860     48        0      
       uart.o                                               648     0         0      
       timer_a.o                                            494     0         0      
       spi.o                                                312     0         0      
       interrupt.o                                          176     8         0      
       cs.o                                                 52      0         0      
       wdt_a.o                                              36      0         0      
       cpu.o                                                24      0         0      
    +--+----------------------------------------------------+-------+---------+---------+
       Total:                                               3798    184       0      
                                                                                     
    C:/ti/simplelink_msp432p4_sdk_3_40_01_02/source/ti/grlib/lib/ccs/m4/grlib.a
       fontcmtt14.obj                                       0       1757      0      
       fontcmss14.obj                                       0       1745      0      
       string.obj                                           1536    0         0      
       fontfixed6x8.obj                                     0       960       0      
       rectangle.obj                                        436     0         0      
       line.obj                                             312     0         0      
       display.obj                                          230     0         0      
       context.obj                                          174     0         0      
    +--+----------------------------------------------------+-------+---------+---------+
       Total:                                               2688    4462      0      
                                                                                     
    C:\ti\ccs1250\ccs\tools\compiler\ti-cgt-arm_20.2.7.LTS\lib\rtsv7M4_T_le_v4SPD16_eabi.lib
       _printfi.c.obj                                       4851    0         0      
       k_rem_pio2.c.obj                                     1848    344       0      
       s_sin.c.obj                                          1504    0         0      
       s_cos.c.obj                                          1500    0         0      
       strtod.c.obj                                         1120    200       0      
       s_atan.c.obj                                         748     152       0      
       defs.c.obj                                           0       0         832    
       memory.c.obj                                         672     0         16     
       trgmsg.c.obj                                         108     0         576    
       e_atan2.c.obj                                        484     0         0      
       fd_add_t2.asm.obj                                    438     0         0      
       host_device.c.obj                                    0       0         400    
       k_sin.c.obj                                          372     0         0      
       k_cos.c.obj                                          368     0         0      
       e_sqrt.c.obj                                         344     0         0      
       fd_div_t2.asm.obj                                    310     0         0      
       fputs.c.obj                                          276     0         0      
       s_scalbn.c.obj                                       272     0         0      
       fd_cmp_t2.asm.obj                                    268     0         0      
       ctype.c.obj                                          0       257       0      
       fd_mul_t2.asm.obj                                    252     0         0      
       s_floor.c.obj                                        248     0         0      
       setvbuf.c.obj                                        220     0         0      
       memcpy_t2.asm.obj                                    156     0         0      
       ull_div_t2.asm.obj                                   150     0         0      
       fputc.c.obj                                          140     0         0      
       memset_t2.asm.obj                                    122     0         0      
       fclose.c.obj                                         116     0         0      
       getdevice.c.obj                                      116     0         0      
       hostopen.c.obj                                       96      0         16     
       printf.c.obj                                         112     0         0      
       fd_tos_t2.asm.obj                                    110     0         0      
       hostrename.c.obj                                     108     0         0      
       copy_decompress_lzss.c.obj                           104     0         0      
       hostlseek.c.obj                                      104     0         0      
       exit.c.obj                                           76      0         24     
       fseek.c.obj                                          100     0         0      
       s_frexp.c.obj                                        100     0         0      
       _io_perm.c.obj                                       98      0         0      
       sprintf.c.obj                                        98      0         0      
       close.c.obj                                          92      0         0      
       hostread.c.obj                                       88      0         0      
       hostwrite.c.obj                                      88      0         0      
       _ltoa.c.obj                                          84      0         0      
       atoi.c.obj                                           76      0         0      
       fflush.c.obj                                         76      0         0      
       fd_toi_t2.asm.obj                                    72      0         0      
       strtok.c.obj                                         64      0         8      
       autoinit.c.obj                                       68      0         0      
       hostclose.c.obj                                      68      0         0      
       hostunlink.c.obj                                     68      0         0      
       u_divt2.asm.obj                                      64      0         0      
       rand.c.obj                                           52      0         8      
       fs_tod_t2.asm.obj                                    56      0         0      
       strncpy.c.obj                                        54      0         0      
       boot_cortex_m.c.obj                                  52      0         0      
       fopen.c.obj                                          52      0         0      
       i_tofd_t2.asm.obj                                    46      0         0      
       strncmp.c.obj                                        44      0         0      
       unlink.c.obj                                         44      0         0      
       strspn.c.obj                                         42      0         0      
       lseek.c.obj                                          40      0         0      
       write.c.obj                                          40      0         0      
       strcspn.c.obj                                        36      0         0      
       memchr.c.obj                                         32      0         0      
       strcat.c.obj                                         30      0         0      
       memccpy.c.obj                                        28      0         0      
       s_copysign.c.obj                                     26      0         0      
       strcmp.c.obj                                         24      0         0      
       strchr.c.obj                                         22      0         0      
       strcpy.c.obj                                         20      0         0      
       strlen.c.obj                                         20      0         0      
       _lock.c.obj                                          2       0         16     
       atof.c.obj                                           18      0         0      
       wcslen.c.obj                                         18      0         0      
       errno.c.obj                                          8       0         8      
       copy_decompress_none.c.obj                           14      0         0      
       copy_zero_init.c.obj                                 12      0         0      
       pre_init.c.obj                                       4       0         0      
       div0.asm.obj                                         2       0         0      
    +--+----------------------------------------------------+-------+---------+---------+
       Total:                                               19855   953       1904   
                                                                                     
       Heap:                                                0       0         2048   
       Stack:                                               0       0         1024   
       Linker Generated:                                    0       298       0      
    +--+----------------------------------------------------+-------+---------+---------+
       Grand Total:                                         38945   6367      64484  


LINKER GENERATED COPY TABLES

__TI_cinit_table @ 0000b128 records: 2, size/record: 8, table size: 16
	.data: load addr=0000b008, load size=00000106 bytes, run addr=20007918, run size=000002dc bytes, compression=lzss
	.bss: load addr=0000b120, load size=00000008 bytes, run addr=20000000, run size=00007517 bytes, compression=zero_init


LINKER GENERATED HANDLER TABLE

__TI_handler_table @ 0000b110 records: 3, size/record: 4, table size: 12
	index: 0, handler: __TI_decompress_lzss
	index: 1, handler: __TI_decompress_none
	index: 2, handler: __TI_zero_init


GLOBAL SYMBOLS: SORTED ALPHABETICALLY BY Name 

address   name                                       
-------   ----                                       
000011b5  ADC14_IRQHandler                           
000011b5  ADC14_IRQHandler                           
00009175  ADC14_clearInterruptFlag                   
0000777d  ADC14_configureConversionMemory            
00007831  ADC14_configureMultiSequenceMode           
00009429  ADC14_enableConversion                     
000091a5  ADC14_enableInterrupt                      
000098c9  ADC14_enableModule                         
00009009  ADC14_enableSampleTimer                    
00008ebd  ADC14_getEnabledInterruptStatus            
000092f5  ADC14_getInterruptStatus                   
00009451  ADC14_getResult                            
000088f5  ADC14_initModule                           
00009321  ADC14_toggleConversionTrigger              
000098c7  AES256_IRQHandler                          
000098c7  BusFault_Handler                           
00009921  C$$EXIT                                    
00008f23  C$$IO$$                                    
000098c7  COMP_E0_IRQHandler                         
000098c7  COMP_E1_IRQHandler                         
000098d5  CPU_cpsid                                  
000098e1  CPU_cpsie                                  
000098c7  CS_IRQHandler                              
0000903d  CS_setDCOCenteredFrequency                 
000032c9  Crystalfontz128x128_Init                   
000033dd  Crystalfontz128x128_SetDrawFrame           
0000350b  Crystalfontz128x128_SetOrientation         
000098c7  DMA_ERR_IRQHandler                         
000098c7  DMA_INT0_IRQHandler                        
000098c7  DMA_INT1_IRQHandler                        
000098c7  DMA_INT2_IRQHandler                        
000098c7  DMA_INT3_IRQHandler                        
000098c7  DebugMon_Handler                           
000098c7  Default_Handler                            
000098c7  EUSCIA0_IRQHandler                         
000098c7  EUSCIA1_IRQHandler                         
0000112d  EUSCIA2_IRQHandler                         
0000112d  EUSCIA2_IRQHandler                         
000098c7  EUSCIA3_IRQHandler                         
000098c7  EUSCIB0_IRQHandler                         
000098c7  EUSCIB1_IRQHandler                         
000098c7  EUSCIB2_IRQHandler                         
000098c7  EUSCIB3_IRQHandler                         
0000975d  EUSCI_A_SPI_enable                         
00009773  EUSCI_B_SPI_enable                         
000098c7  FLCTL_IRQHandler                           
000098c7  FPU_IRQHandler                             
00009479  GPIO_clearInterruptFlag                    
000094a1  GPIO_enableInterrupt                       
00000c6d  GPIO_enable_interrupt_all_buttons          
00000cb9  GPIO_enable_leds                           
00000c45  GPIO_enable_pullup_all_buttons             
00007ffd  GPIO_getEnabledInterruptStatus             
000091d5  GPIO_getInputPinValue                      
00009591  GPIO_getInterruptStatus                    
00008e81  GPIO_interruptEdgeSelect                   
00008795  GPIO_setAsInputPinWithPullUpResistor       
00008cc1  GPIO_setAsOutputPin                        
00007de1  GPIO_setAsPeripheralModuleFunctionInputPin 
00007e69  GPIO_setAsPeripheralModuleFunctionOutputPin
000094c9  GPIO_setOutputHighOnPin                    
000094f1  GPIO_setOutputLowOnPin                     
00009835  Graphics_clearDisplay                      
000096ad  Graphics_clearDisplayOnDisplay             
00008f65  Graphics_drawHorizontalLineOnDisplay       
00007ae9  Graphics_drawLineH                         
00007b85  Graphics_drawLineV                         
0000934d  Graphics_drawPixelOnDisplay                
00007a47  Graphics_drawRectangle                     
00004b59  Graphics_drawString                        
00008ad9  Graphics_drawStringCentered                
00008f9b  Graphics_drawVerticalLineOnDisplay         
00006edd  Graphics_fillRectangle                     
0000961d  Graphics_fillRectangleOnDisplay            
000072fd  Graphics_getStringWidth                    
0000899d  Graphics_initContext                       
000096c7  Graphics_setBackgroundColor                
000096e1  Graphics_setFont                           
00009789  Graphics_setForegroundColor                
0000979f  Graphics_translateColorOnDisplay           
000076b1  HAL_LCD_PortInit                           
000076e1  HAL_LCD_SpiInit                            
00007717  HAL_LCD_writeCommand                       
00007747  HAL_LCD_writeData                          
00008bb1  HOSTclose                                  
000083a9  HOSTlseek                                  
000086d9  HOSTopen                                   
000087ed  HOSTread                                   
0000833d  HOSTrename                                 
00008bf5  HOSTunlink                                 
00008845  HOSTwrite                                  
000098c7  HardFault_Handler                          
00000feb  INTERRUPT_enable                           
0000987d  Interrupt_disableMaster                    
0000988d  Interrupt_disableSleepOnIsrExit            
00008081  Interrupt_enableInterrupt                  
0000989d  Interrupt_enableMaster                     
00000d0d  LED_set_color                              
20007512  Lcd_FlagRead                               
20007513  Lcd_FontSolid                              
20007514  Lcd_Orientation                            
20007515  Lcd_PenSolid                               
2000750c  Lcd_ScreenHeigth                           
2000750e  Lcd_ScreenWidth                            
20007510  Lcd_TouchTrim                              
000098c7  MemManage_Handler                          
000098c7  NMI_Handler                                
000098c7  PCM_IRQHandler                             
000010fd  PORT1_IRQHandler                           
000010fd  PORT1_IRQHandler                           
000098c7  PORT2_IRQHandler                           
000010c5  PORT3_IRQHandler                           
000010c5  PORT3_IRQHandler                           
000098c7  PORT4_IRQHandler                           
00001081  PORT5_IRQHandler                           
00001081  PORT5_IRQHandler                           
000098c7  PORT6_IRQHandler                           
000098c7  PSS_IRQHandler                             
000098c7  PendSV_Handler                             
00001011  RACE_set_run_values                        
000098c7  RTC_C_IRQHandler                           
000098bb  Reset_Handler                              
00009659  SPI_enableModule                           
00007997  SPI_initMaster                             
000098c7  SVC_Handler                                
000098c7  SysTick_Handler                            
20007bf0  SystemCoreClock                            
00005439  SystemCoreClockUpdate                      
000056b1  SystemInit                                 
000098c7  T32_INT1_IRQHandler                        
000098c7  T32_INT2_IRQHandler                        
000098c7  T32_INTC_IRQHandler                        
000098c7  TA0_0_IRQHandler                           
000098c7  TA0_N_IRQHandler                           
00001047  TA1_0_IRQHandler                           
00001047  TA1_0_IRQHandler                           
000098c7  TA1_N_IRQHandler                           
000098c7  TA2_0_IRQHandler                           
000098c7  TA2_N_IRQHandler                           
000098c7  TA3_0_IRQHandler                           
000098c7  TA3_N_IRQHandler                           
00009379  Timer_A_clearCaptureCompareInterrupt       
00008411  Timer_A_configureUpMode                    
000097b5  Timer_A_startCounter                       
00000def  UART0_config                               
00000f49  UART0_transmit_gps_data                    
00000e15  UART2_config                               
000097cb  UART_clearInterruptFlag                    
00009205  UART_disableInterrupt                      
00009235  UART_enableInterrupt                       
000097e1  UART_enableModule                          
00008549  UART_getEnabledInterruptStatus             
00009715  UART_getInterruptStatus                    
00006cad  UART_initModule                            
00009265  UART_receiveData                           
00009071  UART_transmitData                          
00000e91  UART_transmit_all_data_race                
00000e49  UART_transmit_string                       
000098c7  UsageFault_Handler                         
4000480c  WDTCTL_SYM                                 
000098c7  WDT_A_IRQHandler                           
000095b5  WDT_A_holdTimer                            
20007178  __CIOBUF_                                  
20010000  __STACK_END                                
00000200  __STACK_SIZE                               
00000400  __SYSMEM_SIZE                              
0000b128  __TI_CINIT_Base                            
0000b138  __TI_CINIT_Limit                           
0000b110  __TI_Handler_Table_Base                    
0000b11c  __TI_Handler_Table_Limit                   
00008c39  __TI_auto_init_nobinit_nopinit             
000090a5  __TI_cleanup                               
20007b94  __TI_cleanup_ptr                           
0000817d  __TI_closefile                             
00008479  __TI_decompress_lzss                       
000098ad  __TI_decompress_none                       
00008a41  __TI_doflush                               
20007b98  __TI_dtors_ptr                             
20007b9c  __TI_enable_exit_profile_output            
20007b84  __TI_ft_end                                
00008949  __TI_ltoa                                  
ffffffff  __TI_pprof_out_hndl                        
0000171d  __TI_printfi                               
ffffffff  __TI_prof_data_size                        
ffffffff  __TI_prof_data_start                       
000090d9  __TI_readmsg                               
00000000  __TI_static_base__                         
2000735c  __TI_tmpnams                               
00008ef5  __TI_writemsg                              
00008675  __TI_wrt_ok                                
000098ed  __TI_zero_init                             
00007ef1  __aeabi_cdcmpeq                            
00007ef1  __aeabi_cdcmple                            
00007f77  __aeabi_cdrcmple                           
000082cf  __aeabi_d2f                                
00008b69  __aeabi_d2iz                               
00006087  __aeabi_dadd                               
00006a51  __aeabi_ddiv                               
00007201  __aeabi_dmul                               
0000607d  __aeabi_dsub                               
00009905  __aeabi_errno_addr                         
00008f2d  __aeabi_f2d                                
000092c5  __aeabi_i2d                                
00003f9b  __aeabi_idiv0                              
00003f9b  __aeabi_ldiv0                              
00008101  __aeabi_memclr                             
00008101  __aeabi_memclr4                            
00008101  __aeabi_memclr8                            
00007c21  __aeabi_memcpy                             
00007c21  __aeabi_memcpy4                            
00007c21  __aeabi_memcpy8                            
00008103  __aeabi_memset                             
00008103  __aeabi_memset4                            
00008103  __aeabi_memset8                            
20007b90  __aeabi_stderr                             
20007b88  __aeabi_stdin                              
20007b8c  __aeabi_stdout                             
00008d81  __aeabi_uidiv                              
00008d81  __aeabi_uidivmod                           
00007cbd  __aeabi_uldivmod                           
ffffffff  __binit__                                  
ffffffff  __c_args__                                 
000063a9  __kernel_cos                               
00002b91  __kernel_rem_pio2                          
00006235  __kernel_sin                               
UNDEFED   __mpu_init                                 
2000fe00  __stack                                    
20000000  __start___llvm_prf_cnts                    
20000000  __stop___llvm_prf_cnts                     
00000525  _adcInit                                   
0000910d  _c_int00_noargs                            
0000a998  _ctypes_                                   
20007a08  _device                                    
20007918  _ftable                                    
00000593  _graphicsInit                              
000005d3  _hwInit                                    
20007bac  _lock                                      
0000216b  _nop                                       
20007a80  _stream                                    
20007518  _sys_memory                                
UNDEFED   _system_post_cinit                         
0000991d  _system_pre_init                           
20007bb0  _unlock                                    
00009921  abort                                      
00007101  aligned_alloc                              
0000576d  atan                                       
00005cc9  atan2                                      
00005cc9  atan2l                                     
0000576d  atanl                                      
00009847  atof                                       
00008a8d  atoi                                       
20007b60  b                                          
20007bbc  back_rect                                  
ffffffff  binit                                      
0000014d  change_position_l                          
00000129  change_position_r                          
20007b6c  chg_dsp                                    
20007ba0  circular_buffer                            
00008739  close                                      
000096fb  copysign                                   
000096fb  copysignl                                  
0000457d  cos                                        
0000457d  cosl                                       
20007b6f  current_state                              
20007b6e  current_state_run                          
00000219  draw_data                                  
00000351  draw_page                                  
20007ad0  ds                                         
20007be4  errno                                      
20007516  event                                      
00008b21  exit                                       
00009295  finddevice                                 
00003b03  float_to_string                            
000073f9  floor                                      
000073f9  floorl                                     
00000b85  fn_ARRIVED                                 
0000131d  fn_DESELECT                                
00000799  fn_FIXING                                  
000007bd  fn_IDLE                                    
00001551  fn_LEFT                                    
00000a55  fn_PAUSE                                   
000013b9  fn_RIGHT                                   
000008a5  fn_RUNNING                                 
00007d55  fputc                                      
00006dc9  fputs                                      
000074f1  free                                       
000085ad  frexp                                      
000085ad  frexpl                                     
00008611  fseek                                      
20007b20  fsm                                        
20007b48  fsm_run                                    
20007460  g_sContext                                 
20007b74  g_sCrystalfontz128x128                     
0000afa0  g_sCrystalfontz128x128_funcs               
0000ab68  g_sFontCmss14                              
0000ac30  g_sFontCmtt14                              
0000acf8  g_sFontFixed6x8                            
000000e5  generate_random_integer_string             
00000107  generate_random_integer_string1            
000024e1  get_distance_m                             
000026b5  get_seconds_from_time                      
00008c7d  getdevice                                  
20007298  gps                                        
000028b3  gps_data_valid                             
000027c9  gps_encode                                 
0000294f  gps_get_altitude                           
0000295d  gps_get_date                               
000028f1  gps_get_fix                                
00002a7b  gps_get_instant_speed                      
00002a33  gps_get_last_altitude                      
0000299d  gps_get_last_distance                      
00002979  gps_get_last_seconds                       
0000292b  gps_get_latitude                           
00002941  gps_get_longitude                          
00002913  gps_get_positions                          
0000296b  gps_get_time                               
00002731  gps_init                                   
00002ad1  gps_print_struct                           
000028d1  gps_set_data_valid                         
00003b1f  int_to_string                              
00000000  interruptVectors                           
20007b6d  jevent                                     
20007b68  joystick_pressed                           
20007bc4  l_rect                                     
00000479  lcd_rectangle                              
000005f9  lcd_show_state                             
00006ff1  ldexp                                      
00006ff1  ldexpl                                     
00009541  lseek                                      
00000171  m_to_km                                    
000006ed  main                                       
20007bcc  main_rect                                  
0000990d  malloc                                     
00007101  memalign                                   
00009691  memccpy                                    
000095fd  memchr                                     
00007c21  memcpy                                     
00008109  memset                                     
20007500  parmbuf                                    
20007b64  pos                                        
000084e1  printf                                     
00007d55  putc                                       
20007bd4  r_rect                                     
20000000  race                                       
00003bd5  race_get_avg_speed                         
00003bb7  race_get_distance                          
00003c0d  race_get_heigh_difference                  
00003ba7  race_get_instant_speed                     
00003bc7  race_get_run_time                          
00003b8d  race_get_start_date                        
00003b7b  race_get_start_done                        
00003b99  race_get_start_time                        
00003949  race_init                                  
00003d05  race_make_data_string                      
00003c39  race_make_data_title                       
00003e59  race_print_struct                          
00003a2d  race_set_distance                          
00003a4d  race_set_heigh_difference                  
000039bd  race_set_instant_speed                     
000039ff  race_set_pause_duration                    
00003a7b  race_set_positions                         
000039d1  race_set_run_duration                      
000039a1  race_set_start_date_time                   
00003ae9  race_set_start_run                         
00009141  rand                                       
000093d1  remove                                     
000001b3  resize_string                              
20007b61  running_pause_entered                      
00006ff1  scalbn                                     
00006ff1  scalbnl                                    
000075d5  setvbuf                                    
00003f9d  sin                                        
00003f9d  sinl                                       
00008dc1  sprintf                                    
00006679  sqrt                                       
00006679  sqrtl                                      
0000963b  strcat                                     
000097f7  strchr                                     
00009745  strcmp                                     
0000980d  strcpy                                     
000095d9  strcspn                                    
00009821  strlen                                     
000093a5  strncmp                                    
00008fd1  strncpy                                    
000093fd  strspn                                     
00004fd9  strtod                                     
00008e01  strtok                                     
00004fd9  strtold                                    
20007b70  timer_a_edge                               
20007b72  transmitted                                
0000af50  uartConfig0                                
0000af78  uartConfig1                                
000093d1  unlink                                     
0000afdc  upConfig                                   
20007bdc  up_rect                                    
00009859  wcslen                                     
20007b71  wifi_conn                                  
00009569  write                                      


GLOBAL SYMBOLS: SORTED BY Symbol Address 

address   name                                       
-------   ----                                       
00000000  __TI_static_base__                         
00000000  interruptVectors                           
000000e5  generate_random_integer_string             
00000107  generate_random_integer_string1            
00000129  change_position_r                          
0000014d  change_position_l                          
00000171  m_to_km                                    
000001b3  resize_string                              
00000200  __STACK_SIZE                               
00000219  draw_data                                  
00000351  draw_page                                  
00000400  __SYSMEM_SIZE                              
00000479  lcd_rectangle                              
00000525  _adcInit                                   
00000593  _graphicsInit                              
000005d3  _hwInit                                    
000005f9  lcd_show_state                             
000006ed  main                                       
00000799  fn_FIXING                                  
000007bd  fn_IDLE                                    
000008a5  fn_RUNNING                                 
00000a55  fn_PAUSE                                   
00000b85  fn_ARRIVED                                 
00000c45  GPIO_enable_pullup_all_buttons             
00000c6d  GPIO_enable_interrupt_all_buttons          
00000cb9  GPIO_enable_leds                           
00000d0d  LED_set_color                              
00000def  UART0_config                               
00000e15  UART2_config                               
00000e49  UART_transmit_string                       
00000e91  UART_transmit_all_data_race                
00000f49  UART0_transmit_gps_data                    
00000feb  INTERRUPT_enable                           
00001011  RACE_set_run_values                        
00001047  TA1_0_IRQHandler                           
00001047  TA1_0_IRQHandler                           
00001081  PORT5_IRQHandler                           
00001081  PORT5_IRQHandler                           
000010c5  PORT3_IRQHandler                           
000010c5  PORT3_IRQHandler                           
000010fd  PORT1_IRQHandler                           
000010fd  PORT1_IRQHandler                           
0000112d  EUSCIA2_IRQHandler                         
0000112d  EUSCIA2_IRQHandler                         
000011b5  ADC14_IRQHandler                           
000011b5  ADC14_IRQHandler                           
0000131d  fn_DESELECT                                
000013b9  fn_RIGHT                                   
00001551  fn_LEFT                                    
0000171d  __TI_printfi                               
0000216b  _nop                                       
000024e1  get_distance_m                             
000026b5  get_seconds_from_time                      
00002731  gps_init                                   
000027c9  gps_encode                                 
000028b3  gps_data_valid                             
000028d1  gps_set_data_valid                         
000028f1  gps_get_fix                                
00002913  gps_get_positions                          
0000292b  gps_get_latitude                           
00002941  gps_get_longitude                          
0000294f  gps_get_altitude                           
0000295d  gps_get_date                               
0000296b  gps_get_time                               
00002979  gps_get_last_seconds                       
0000299d  gps_get_last_distance                      
00002a33  gps_get_last_altitude                      
00002a7b  gps_get_instant_speed                      
00002ad1  gps_print_struct                           
00002b91  __kernel_rem_pio2                          
000032c9  Crystalfontz128x128_Init                   
000033dd  Crystalfontz128x128_SetDrawFrame           
0000350b  Crystalfontz128x128_SetOrientation         
00003949  race_init                                  
000039a1  race_set_start_date_time                   
000039bd  race_set_instant_speed                     
000039d1  race_set_run_duration                      
000039ff  race_set_pause_duration                    
00003a2d  race_set_distance                          
00003a4d  race_set_heigh_difference                  
00003a7b  race_set_positions                         
00003ae9  race_set_start_run                         
00003b03  float_to_string                            
00003b1f  int_to_string                              
00003b7b  race_get_start_done                        
00003b8d  race_get_start_date                        
00003b99  race_get_start_time                        
00003ba7  race_get_instant_speed                     
00003bb7  race_get_distance                          
00003bc7  race_get_run_time                          
00003bd5  race_get_avg_speed                         
00003c0d  race_get_heigh_difference                  
00003c39  race_make_data_title                       
00003d05  race_make_data_string                      
00003e59  race_print_struct                          
00003f9b  __aeabi_idiv0                              
00003f9b  __aeabi_ldiv0                              
00003f9d  sin                                        
00003f9d  sinl                                       
0000457d  cos                                        
0000457d  cosl                                       
00004b59  Graphics_drawString                        
00004fd9  strtod                                     
00004fd9  strtold                                    
00005439  SystemCoreClockUpdate                      
000056b1  SystemInit                                 
0000576d  atan                                       
0000576d  atanl                                      
00005cc9  atan2                                      
00005cc9  atan2l                                     
0000607d  __aeabi_dsub                               
00006087  __aeabi_dadd                               
00006235  __kernel_sin                               
000063a9  __kernel_cos                               
00006679  sqrt                                       
00006679  sqrtl                                      
00006a51  __aeabi_ddiv                               
00006cad  UART_initModule                            
00006dc9  fputs                                      
00006edd  Graphics_fillRectangle                     
00006ff1  ldexp                                      
00006ff1  ldexpl                                     
00006ff1  scalbn                                     
00006ff1  scalbnl                                    
00007101  aligned_alloc                              
00007101  memalign                                   
00007201  __aeabi_dmul                               
000072fd  Graphics_getStringWidth                    
000073f9  floor                                      
000073f9  floorl                                     
000074f1  free                                       
000075d5  setvbuf                                    
000076b1  HAL_LCD_PortInit                           
000076e1  HAL_LCD_SpiInit                            
00007717  HAL_LCD_writeCommand                       
00007747  HAL_LCD_writeData                          
0000777d  ADC14_configureConversionMemory            
00007831  ADC14_configureMultiSequenceMode           
00007997  SPI_initMaster                             
00007a47  Graphics_drawRectangle                     
00007ae9  Graphics_drawLineH                         
00007b85  Graphics_drawLineV                         
00007c21  __aeabi_memcpy                             
00007c21  __aeabi_memcpy4                            
00007c21  __aeabi_memcpy8                            
00007c21  memcpy                                     
00007cbd  __aeabi_uldivmod                           
00007d55  fputc                                      
00007d55  putc                                       
00007de1  GPIO_setAsPeripheralModuleFunctionInputPin 
00007e69  GPIO_setAsPeripheralModuleFunctionOutputPin
00007ef1  __aeabi_cdcmpeq                            
00007ef1  __aeabi_cdcmple                            
00007f77  __aeabi_cdrcmple                           
00007ffd  GPIO_getEnabledInterruptStatus             
00008081  Interrupt_enableInterrupt                  
00008101  __aeabi_memclr                             
00008101  __aeabi_memclr4                            
00008101  __aeabi_memclr8                            
00008103  __aeabi_memset                             
00008103  __aeabi_memset4                            
00008103  __aeabi_memset8                            
00008109  memset                                     
0000817d  __TI_closefile                             
000082cf  __aeabi_d2f                                
0000833d  HOSTrename                                 
000083a9  HOSTlseek                                  
00008411  Timer_A_configureUpMode                    
00008479  __TI_decompress_lzss                       
000084e1  printf                                     
00008549  UART_getEnabledInterruptStatus             
000085ad  frexp                                      
000085ad  frexpl                                     
00008611  fseek                                      
00008675  __TI_wrt_ok                                
000086d9  HOSTopen                                   
00008739  close                                      
00008795  GPIO_setAsInputPinWithPullUpResistor       
000087ed  HOSTread                                   
00008845  HOSTwrite                                  
000088f5  ADC14_initModule                           
00008949  __TI_ltoa                                  
0000899d  Graphics_initContext                       
00008a41  __TI_doflush                               
00008a8d  atoi                                       
00008ad9  Graphics_drawStringCentered                
00008b21  exit                                       
00008b69  __aeabi_d2iz                               
00008bb1  HOSTclose                                  
00008bf5  HOSTunlink                                 
00008c39  __TI_auto_init_nobinit_nopinit             
00008c7d  getdevice                                  
00008cc1  GPIO_setAsOutputPin                        
00008d81  __aeabi_uidiv                              
00008d81  __aeabi_uidivmod                           
00008dc1  sprintf                                    
00008e01  strtok                                     
00008e81  GPIO_interruptEdgeSelect                   
00008ebd  ADC14_getEnabledInterruptStatus            
00008ef5  __TI_writemsg                              
00008f23  C$$IO$$                                    
00008f2d  __aeabi_f2d                                
00008f65  Graphics_drawHorizontalLineOnDisplay       
00008f9b  Graphics_drawVerticalLineOnDisplay         
00008fd1  strncpy                                    
00009009  ADC14_enableSampleTimer                    
0000903d  CS_setDCOCenteredFrequency                 
00009071  UART_transmitData                          
000090a5  __TI_cleanup                               
000090d9  __TI_readmsg                               
0000910d  _c_int00_noargs                            
00009141  rand                                       
00009175  ADC14_clearInterruptFlag                   
000091a5  ADC14_enableInterrupt                      
000091d5  GPIO_getInputPinValue                      
00009205  UART_disableInterrupt                      
00009235  UART_enableInterrupt                       
00009265  UART_receiveData                           
00009295  finddevice                                 
000092c5  __aeabi_i2d                                
000092f5  ADC14_getInterruptStatus                   
00009321  ADC14_toggleConversionTrigger              
0000934d  Graphics_drawPixelOnDisplay                
00009379  Timer_A_clearCaptureCompareInterrupt       
000093a5  strncmp                                    
000093d1  remove                                     
000093d1  unlink                                     
000093fd  strspn                                     
00009429  ADC14_enableConversion                     
00009451  ADC14_getResult                            
00009479  GPIO_clearInterruptFlag                    
000094a1  GPIO_enableInterrupt                       
000094c9  GPIO_setOutputHighOnPin                    
000094f1  GPIO_setOutputLowOnPin                     
00009541  lseek                                      
00009569  write                                      
00009591  GPIO_getInterruptStatus                    
000095b5  WDT_A_holdTimer                            
000095d9  strcspn                                    
000095fd  memchr                                     
0000961d  Graphics_fillRectangleOnDisplay            
0000963b  strcat                                     
00009659  SPI_enableModule                           
00009691  memccpy                                    
000096ad  Graphics_clearDisplayOnDisplay             
000096c7  Graphics_setBackgroundColor                
000096e1  Graphics_setFont                           
000096fb  copysign                                   
000096fb  copysignl                                  
00009715  UART_getInterruptStatus                    
00009745  strcmp                                     
0000975d  EUSCI_A_SPI_enable                         
00009773  EUSCI_B_SPI_enable                         
00009789  Graphics_setForegroundColor                
0000979f  Graphics_translateColorOnDisplay           
000097b5  Timer_A_startCounter                       
000097cb  UART_clearInterruptFlag                    
000097e1  UART_enableModule                          
000097f7  strchr                                     
0000980d  strcpy                                     
00009821  strlen                                     
00009835  Graphics_clearDisplay                      
00009847  atof                                       
00009859  wcslen                                     
0000987d  Interrupt_disableMaster                    
0000988d  Interrupt_disableSleepOnIsrExit            
0000989d  Interrupt_enableMaster                     
000098ad  __TI_decompress_none                       
000098bb  Reset_Handler                              
000098c7  AES256_IRQHandler                          
000098c7  BusFault_Handler                           
000098c7  COMP_E0_IRQHandler                         
000098c7  COMP_E1_IRQHandler                         
000098c7  CS_IRQHandler                              
000098c7  DMA_ERR_IRQHandler                         
000098c7  DMA_INT0_IRQHandler                        
000098c7  DMA_INT1_IRQHandler                        
000098c7  DMA_INT2_IRQHandler                        
000098c7  DMA_INT3_IRQHandler                        
000098c7  DebugMon_Handler                           
000098c7  Default_Handler                            
000098c7  EUSCIA0_IRQHandler                         
000098c7  EUSCIA1_IRQHandler                         
000098c7  EUSCIA3_IRQHandler                         
000098c7  EUSCIB0_IRQHandler                         
000098c7  EUSCIB1_IRQHandler                         
000098c7  EUSCIB2_IRQHandler                         
000098c7  EUSCIB3_IRQHandler                         
000098c7  FLCTL_IRQHandler                           
000098c7  FPU_IRQHandler                             
000098c7  HardFault_Handler                          
000098c7  MemManage_Handler                          
000098c7  NMI_Handler                                
000098c7  PCM_IRQHandler                             
000098c7  PORT2_IRQHandler                           
000098c7  PORT4_IRQHandler                           
000098c7  PORT6_IRQHandler                           
000098c7  PSS_IRQHandler                             
000098c7  PendSV_Handler                             
000098c7  RTC_C_IRQHandler                           
000098c7  SVC_Handler                                
000098c7  SysTick_Handler                            
000098c7  T32_INT1_IRQHandler                        
000098c7  T32_INT2_IRQHandler                        
000098c7  T32_INTC_IRQHandler                        
000098c7  TA0_0_IRQHandler                           
000098c7  TA0_N_IRQHandler                           
000098c7  TA1_N_IRQHandler                           
000098c7  TA2_0_IRQHandler                           
000098c7  TA2_N_IRQHandler                           
000098c7  TA3_0_IRQHandler                           
000098c7  TA3_N_IRQHandler                           
000098c7  UsageFault_Handler                         
000098c7  WDT_A_IRQHandler                           
000098c9  ADC14_enableModule                         
000098d5  CPU_cpsid                                  
000098e1  CPU_cpsie                                  
000098ed  __TI_zero_init                             
00009905  __aeabi_errno_addr                         
0000990d  malloc                                     
0000991d  _system_pre_init                           
00009921  C$$EXIT                                    
00009921  abort                                      
0000a998  _ctypes_                                   
0000ab68  g_sFontCmss14                              
0000ac30  g_sFontCmtt14                              
0000acf8  g_sFontFixed6x8                            
0000af50  uartConfig0                                
0000af78  uartConfig1                                
0000afa0  g_sCrystalfontz128x128_funcs               
0000afdc  upConfig                                   
0000b110  __TI_Handler_Table_Base                    
0000b11c  __TI_Handler_Table_Limit                   
0000b128  __TI_CINIT_Base                            
0000b138  __TI_CINIT_Limit                           
20000000  __start___llvm_prf_cnts                    
20000000  __stop___llvm_prf_cnts                     
20000000  race                                       
20007178  __CIOBUF_                                  
20007298  gps                                        
2000735c  __TI_tmpnams                               
20007460  g_sContext                                 
20007500  parmbuf                                    
2000750c  Lcd_ScreenHeigth                           
2000750e  Lcd_ScreenWidth                            
20007510  Lcd_TouchTrim                              
20007512  Lcd_FlagRead                               
20007513  Lcd_FontSolid                              
20007514  Lcd_Orientation                            
20007515  Lcd_PenSolid                               
20007516  event                                      
20007518  _sys_memory                                
20007918  _ftable                                    
20007a08  _device                                    
20007a80  _stream                                    
20007ad0  ds                                         
20007b20  fsm                                        
20007b48  fsm_run                                    
20007b60  b                                          
20007b61  running_pause_entered                      
20007b64  pos                                        
20007b68  joystick_pressed                           
20007b6c  chg_dsp                                    
20007b6d  jevent                                     
20007b6e  current_state_run                          
20007b6f  current_state                              
20007b70  timer_a_edge                               
20007b71  wifi_conn                                  
20007b72  transmitted                                
20007b74  g_sCrystalfontz128x128                     
20007b84  __TI_ft_end                                
20007b88  __aeabi_stdin                              
20007b8c  __aeabi_stdout                             
20007b90  __aeabi_stderr                             
20007b94  __TI_cleanup_ptr                           
20007b98  __TI_dtors_ptr                             
20007b9c  __TI_enable_exit_profile_output            
20007ba0  circular_buffer                            
20007bac  _lock                                      
20007bb0  _unlock                                    
20007bbc  back_rect                                  
20007bc4  l_rect                                     
20007bcc  main_rect                                  
20007bd4  r_rect                                     
20007bdc  up_rect                                    
20007be4  errno                                      
20007bf0  SystemCoreClock                            
2000fe00  __stack                                    
20010000  __STACK_END                                
4000480c  WDTCTL_SYM                                 
ffffffff  __TI_pprof_out_hndl                        
ffffffff  __TI_prof_data_size                        
ffffffff  __TI_prof_data_start                       
ffffffff  __binit__                                  
ffffffff  __c_args__                                 
ffffffff  binit                                      
UNDEFED   __mpu_init                                 
UNDEFED   _system_post_cinit                         

[398 symbols]
