<?xml version="1.0" encoding="ISO-8859-1" ?>
<link_info>
   <banner>TI ARM Linker Unix v20.2.7.LTS</banner>
   <copyright>Copyright (c) 1996-2018 Texas Instruments Incorporated</copyright>
   <link_time>0x65d251fb</link_time>
   <link_errors>0x0</link_errors>
   <output_file>test_balbi_v3.out</output_file>
   <entry_point>
      <name>_c_int00_noargs</name>
      <address>0x932d</address>
   </entry_point>
   <input_file_list>
      <input_file id="fl-2">
         <path>./</path>
         <kind>object</kind>
         <file>gps.obj</file>
         <name>gps.obj</name>
      </input_file>
      <input_file id="fl-3">
         <path>./</path>
         <kind>object</kind>
         <file>graphics_functions.obj</file>
         <name>graphics_functions.obj</name>
      </input_file>
      <input_file id="fl-4">
         <path>./</path>
         <kind>object</kind>
         <file>main.obj</file>
         <name>main.obj</name>
      </input_file>
      <input_file id="fl-5">
         <path>./</path>
         <kind>object</kind>
         <file>race.obj</file>
         <name>race.obj</name>
      </input_file>
      <input_file id="fl-6">
         <path>./</path>
         <kind>object</kind>
         <file>startup_msp432p401r_ccs.obj</file>
         <name>startup_msp432p401r_ccs.obj</name>
      </input_file>
      <input_file id="fl-7">
         <path>./</path>
         <kind>object</kind>
         <file>system_msp432p401r.obj</file>
         <name>system_msp432p401r.obj</name>
      </input_file>
      <input_file id="fl-8">
         <path>./LcdDriver/</path>
         <kind>object</kind>
         <file>Crystalfontz128x128_ST7735.obj</file>
         <name>Crystalfontz128x128_ST7735.obj</name>
      </input_file>
      <input_file id="fl-9">
         <path>./LcdDriver/</path>
         <kind>object</kind>
         <file>HAL_MSP_EXP432P401R_Crystalfontz128x128_ST7735.obj</file>
         <name>HAL_MSP_EXP432P401R_Crystalfontz128x128_ST7735.obj</name>
      </input_file>
      <input_file id="fl-f">
         <kind>object</kind>
         <file>&lt;internal&gt;</file>
         <name>&lt;internal&gt;</name>
      </input_file>
      <input_file id="fl-c5">
         <path>/home/marco/ti/ccs1230/ccs/tools/compiler/ti-cgt-arm_20.2.7.LTS/lib/</path>
         <kind>archive</kind>
         <file>rtsv7M4_T_le_v4SPD16_eabi.lib</file>
         <name>e_atan2.c.obj</name>
      </input_file>
      <input_file id="fl-c6">
         <path>/home/marco/ti/ccs1230/ccs/tools/compiler/ti-cgt-arm_20.2.7.LTS/lib/</path>
         <kind>archive</kind>
         <file>rtsv7M4_T_le_v4SPD16_eabi.lib</file>
         <name>e_sqrt.c.obj</name>
      </input_file>
      <input_file id="fl-c7">
         <path>/home/marco/ti/ccs1230/ccs/tools/compiler/ti-cgt-arm_20.2.7.LTS/lib/</path>
         <kind>archive</kind>
         <file>rtsv7M4_T_le_v4SPD16_eabi.lib</file>
         <name>s_atan.c.obj</name>
      </input_file>
      <input_file id="fl-c8">
         <path>/home/marco/ti/ccs1230/ccs/tools/compiler/ti-cgt-arm_20.2.7.LTS/lib/</path>
         <kind>archive</kind>
         <file>rtsv7M4_T_le_v4SPD16_eabi.lib</file>
         <name>s_cos.c.obj</name>
      </input_file>
      <input_file id="fl-c9">
         <path>/home/marco/ti/ccs1230/ccs/tools/compiler/ti-cgt-arm_20.2.7.LTS/lib/</path>
         <kind>archive</kind>
         <file>rtsv7M4_T_le_v4SPD16_eabi.lib</file>
         <name>s_sin.c.obj</name>
      </input_file>
      <input_file id="fl-ca">
         <path>/home/marco/ti/ccs1230/ccs/tools/compiler/ti-cgt-arm_20.2.7.LTS/lib/</path>
         <kind>archive</kind>
         <file>rtsv7M4_T_le_v4SPD16_eabi.lib</file>
         <name>printf.c.obj</name>
      </input_file>
      <input_file id="fl-cb">
         <path>/home/marco/ti/ccs1230/ccs/tools/compiler/ti-cgt-arm_20.2.7.LTS/lib/</path>
         <kind>archive</kind>
         <file>rtsv7M4_T_le_v4SPD16_eabi.lib</file>
         <name>_printfi.c.obj</name>
      </input_file>
      <input_file id="fl-cc">
         <path>/home/marco/ti/ccs1230/ccs/tools/compiler/ti-cgt-arm_20.2.7.LTS/lib/</path>
         <kind>archive</kind>
         <file>rtsv7M4_T_le_v4SPD16_eabi.lib</file>
         <name>sprintf.c.obj</name>
      </input_file>
      <input_file id="fl-cd">
         <path>/home/marco/ti/ccs1230/ccs/tools/compiler/ti-cgt-arm_20.2.7.LTS/lib/</path>
         <kind>archive</kind>
         <file>rtsv7M4_T_le_v4SPD16_eabi.lib</file>
         <name>fputc.c.obj</name>
      </input_file>
      <input_file id="fl-ce">
         <path>/home/marco/ti/ccs1230/ccs/tools/compiler/ti-cgt-arm_20.2.7.LTS/lib/</path>
         <kind>archive</kind>
         <file>rtsv7M4_T_le_v4SPD16_eabi.lib</file>
         <name>fputs.c.obj</name>
      </input_file>
      <input_file id="fl-cf">
         <path>/home/marco/ti/ccs1230/ccs/tools/compiler/ti-cgt-arm_20.2.7.LTS/lib/</path>
         <kind>archive</kind>
         <file>rtsv7M4_T_le_v4SPD16_eabi.lib</file>
         <name>_io_perm.c.obj</name>
      </input_file>
      <input_file id="fl-d0">
         <path>/home/marco/ti/ccs1230/ccs/tools/compiler/ti-cgt-arm_20.2.7.LTS/lib/</path>
         <kind>archive</kind>
         <file>rtsv7M4_T_le_v4SPD16_eabi.lib</file>
         <name>setvbuf.c.obj</name>
      </input_file>
      <input_file id="fl-d1">
         <path>/home/marco/ti/ccs1230/ccs/tools/compiler/ti-cgt-arm_20.2.7.LTS/lib/</path>
         <kind>archive</kind>
         <file>rtsv7M4_T_le_v4SPD16_eabi.lib</file>
         <name>fd_add_t2.asm.obj</name>
      </input_file>
      <input_file id="fl-d2">
         <path>/home/marco/ti/ccs1230/ccs/tools/compiler/ti-cgt-arm_20.2.7.LTS/lib/</path>
         <kind>archive</kind>
         <file>rtsv7M4_T_le_v4SPD16_eabi.lib</file>
         <name>fd_cmp_t2.asm.obj</name>
      </input_file>
      <input_file id="fl-d3">
         <path>/home/marco/ti/ccs1230/ccs/tools/compiler/ti-cgt-arm_20.2.7.LTS/lib/</path>
         <kind>archive</kind>
         <file>rtsv7M4_T_le_v4SPD16_eabi.lib</file>
         <name>fd_div_t2.asm.obj</name>
      </input_file>
      <input_file id="fl-d4">
         <path>/home/marco/ti/ccs1230/ccs/tools/compiler/ti-cgt-arm_20.2.7.LTS/lib/</path>
         <kind>archive</kind>
         <file>rtsv7M4_T_le_v4SPD16_eabi.lib</file>
         <name>fd_mul_t2.asm.obj</name>
      </input_file>
      <input_file id="fl-d5">
         <path>/home/marco/ti/ccs1230/ccs/tools/compiler/ti-cgt-arm_20.2.7.LTS/lib/</path>
         <kind>archive</kind>
         <file>rtsv7M4_T_le_v4SPD16_eabi.lib</file>
         <name>fd_toi_t2.asm.obj</name>
      </input_file>
      <input_file id="fl-d6">
         <path>/home/marco/ti/ccs1230/ccs/tools/compiler/ti-cgt-arm_20.2.7.LTS/lib/</path>
         <kind>archive</kind>
         <file>rtsv7M4_T_le_v4SPD16_eabi.lib</file>
         <name>fd_tos_t2.asm.obj</name>
      </input_file>
      <input_file id="fl-d7">
         <path>/home/marco/ti/ccs1230/ccs/tools/compiler/ti-cgt-arm_20.2.7.LTS/lib/</path>
         <kind>archive</kind>
         <file>rtsv7M4_T_le_v4SPD16_eabi.lib</file>
         <name>fs_tod_t2.asm.obj</name>
      </input_file>
      <input_file id="fl-d8">
         <path>/home/marco/ti/ccs1230/ccs/tools/compiler/ti-cgt-arm_20.2.7.LTS/lib/</path>
         <kind>archive</kind>
         <file>rtsv7M4_T_le_v4SPD16_eabi.lib</file>
         <name>i_tofd_t2.asm.obj</name>
      </input_file>
      <input_file id="fl-d9">
         <path>/home/marco/ti/ccs1230/ccs/tools/compiler/ti-cgt-arm_20.2.7.LTS/lib/</path>
         <kind>archive</kind>
         <file>rtsv7M4_T_le_v4SPD16_eabi.lib</file>
         <name>memcpy_t2.asm.obj</name>
      </input_file>
      <input_file id="fl-da">
         <path>/home/marco/ti/ccs1230/ccs/tools/compiler/ti-cgt-arm_20.2.7.LTS/lib/</path>
         <kind>archive</kind>
         <file>rtsv7M4_T_le_v4SPD16_eabi.lib</file>
         <name>memset_t2.asm.obj</name>
      </input_file>
      <input_file id="fl-db">
         <path>/home/marco/ti/ccs1230/ccs/tools/compiler/ti-cgt-arm_20.2.7.LTS/lib/</path>
         <kind>archive</kind>
         <file>rtsv7M4_T_le_v4SPD16_eabi.lib</file>
         <name>u_divt2.asm.obj</name>
      </input_file>
      <input_file id="fl-dc">
         <path>/home/marco/ti/ccs1230/ccs/tools/compiler/ti-cgt-arm_20.2.7.LTS/lib/</path>
         <kind>archive</kind>
         <file>rtsv7M4_T_le_v4SPD16_eabi.lib</file>
         <name>ull_div_t2.asm.obj</name>
      </input_file>
      <input_file id="fl-dd">
         <path>/home/marco/ti/ccs1230/ccs/tools/compiler/ti-cgt-arm_20.2.7.LTS/lib/</path>
         <kind>archive</kind>
         <file>rtsv7M4_T_le_v4SPD16_eabi.lib</file>
         <name>copy_zero_init.c.obj</name>
      </input_file>
      <input_file id="fl-de">
         <path>/home/marco/ti/ccs1230/ccs/tools/compiler/ti-cgt-arm_20.2.7.LTS/lib/</path>
         <kind>archive</kind>
         <file>rtsv7M4_T_le_v4SPD16_eabi.lib</file>
         <name>copy_decompress_none.c.obj</name>
      </input_file>
      <input_file id="fl-df">
         <path>/home/marco/ti/ccs1230/ccs/tools/compiler/ti-cgt-arm_20.2.7.LTS/lib/</path>
         <kind>archive</kind>
         <file>rtsv7M4_T_le_v4SPD16_eabi.lib</file>
         <name>copy_decompress_lzss.c.obj</name>
      </input_file>
      <input_file id="fl-e0">
         <path>/home/marco/ti/ccs1230/ccs/tools/compiler/ti-cgt-arm_20.2.7.LTS/lib/</path>
         <kind>archive</kind>
         <file>rtsv7M4_T_le_v4SPD16_eabi.lib</file>
         <name>exit.c.obj</name>
      </input_file>
      <input_file id="fl-e1">
         <path>/home/marco/ti/ccs1230/ccs/tools/compiler/ti-cgt-arm_20.2.7.LTS/lib/</path>
         <kind>archive</kind>
         <file>rtsv7M4_T_le_v4SPD16_eabi.lib</file>
         <name>_lock.c.obj</name>
      </input_file>
      <input_file id="fl-e2">
         <path>/home/marco/ti/ccs1230/ccs/tools/compiler/ti-cgt-arm_20.2.7.LTS/lib/</path>
         <kind>archive</kind>
         <file>rtsv7M4_T_le_v4SPD16_eabi.lib</file>
         <name>_ltoa.c.obj</name>
      </input_file>
      <input_file id="fl-e3">
         <path>/home/marco/ti/ccs1230/ccs/tools/compiler/ti-cgt-arm_20.2.7.LTS/lib/</path>
         <kind>archive</kind>
         <file>rtsv7M4_T_le_v4SPD16_eabi.lib</file>
         <name>atof.c.obj</name>
      </input_file>
      <input_file id="fl-e4">
         <path>/home/marco/ti/ccs1230/ccs/tools/compiler/ti-cgt-arm_20.2.7.LTS/lib/</path>
         <kind>archive</kind>
         <file>rtsv7M4_T_le_v4SPD16_eabi.lib</file>
         <name>atoi.c.obj</name>
      </input_file>
      <input_file id="fl-e5">
         <path>/home/marco/ti/ccs1230/ccs/tools/compiler/ti-cgt-arm_20.2.7.LTS/lib/</path>
         <kind>archive</kind>
         <file>rtsv7M4_T_le_v4SPD16_eabi.lib</file>
         <name>ctype.c.obj</name>
      </input_file>
      <input_file id="fl-e6">
         <path>/home/marco/ti/ccs1230/ccs/tools/compiler/ti-cgt-arm_20.2.7.LTS/lib/</path>
         <kind>archive</kind>
         <file>rtsv7M4_T_le_v4SPD16_eabi.lib</file>
         <name>defs.c.obj</name>
      </input_file>
      <input_file id="fl-e7">
         <path>/home/marco/ti/ccs1230/ccs/tools/compiler/ti-cgt-arm_20.2.7.LTS/lib/</path>
         <kind>archive</kind>
         <file>rtsv7M4_T_le_v4SPD16_eabi.lib</file>
         <name>memccpy.c.obj</name>
      </input_file>
      <input_file id="fl-e8">
         <path>/home/marco/ti/ccs1230/ccs/tools/compiler/ti-cgt-arm_20.2.7.LTS/lib/</path>
         <kind>archive</kind>
         <file>rtsv7M4_T_le_v4SPD16_eabi.lib</file>
         <name>memchr.c.obj</name>
      </input_file>
      <input_file id="fl-e9">
         <path>/home/marco/ti/ccs1230/ccs/tools/compiler/ti-cgt-arm_20.2.7.LTS/lib/</path>
         <kind>archive</kind>
         <file>rtsv7M4_T_le_v4SPD16_eabi.lib</file>
         <name>memory.c.obj</name>
      </input_file>
      <input_file id="fl-ea">
         <path>/home/marco/ti/ccs1230/ccs/tools/compiler/ti-cgt-arm_20.2.7.LTS/lib/</path>
         <kind>archive</kind>
         <file>rtsv7M4_T_le_v4SPD16_eabi.lib</file>
         <name>rand.c.obj</name>
      </input_file>
      <input_file id="fl-eb">
         <path>/home/marco/ti/ccs1230/ccs/tools/compiler/ti-cgt-arm_20.2.7.LTS/lib/</path>
         <kind>archive</kind>
         <file>rtsv7M4_T_le_v4SPD16_eabi.lib</file>
         <name>strcat.c.obj</name>
      </input_file>
      <input_file id="fl-ec">
         <path>/home/marco/ti/ccs1230/ccs/tools/compiler/ti-cgt-arm_20.2.7.LTS/lib/</path>
         <kind>archive</kind>
         <file>rtsv7M4_T_le_v4SPD16_eabi.lib</file>
         <name>strchr.c.obj</name>
      </input_file>
      <input_file id="fl-ed">
         <path>/home/marco/ti/ccs1230/ccs/tools/compiler/ti-cgt-arm_20.2.7.LTS/lib/</path>
         <kind>archive</kind>
         <file>rtsv7M4_T_le_v4SPD16_eabi.lib</file>
         <name>strcmp.c.obj</name>
      </input_file>
      <input_file id="fl-ee">
         <path>/home/marco/ti/ccs1230/ccs/tools/compiler/ti-cgt-arm_20.2.7.LTS/lib/</path>
         <kind>archive</kind>
         <file>rtsv7M4_T_le_v4SPD16_eabi.lib</file>
         <name>strcpy.c.obj</name>
      </input_file>
      <input_file id="fl-ef">
         <path>/home/marco/ti/ccs1230/ccs/tools/compiler/ti-cgt-arm_20.2.7.LTS/lib/</path>
         <kind>archive</kind>
         <file>rtsv7M4_T_le_v4SPD16_eabi.lib</file>
         <name>strlen.c.obj</name>
      </input_file>
      <input_file id="fl-f0">
         <path>/home/marco/ti/ccs1230/ccs/tools/compiler/ti-cgt-arm_20.2.7.LTS/lib/</path>
         <kind>archive</kind>
         <file>rtsv7M4_T_le_v4SPD16_eabi.lib</file>
         <name>strncmp.c.obj</name>
      </input_file>
      <input_file id="fl-f1">
         <path>/home/marco/ti/ccs1230/ccs/tools/compiler/ti-cgt-arm_20.2.7.LTS/lib/</path>
         <kind>archive</kind>
         <file>rtsv7M4_T_le_v4SPD16_eabi.lib</file>
         <name>strncpy.c.obj</name>
      </input_file>
      <input_file id="fl-f2">
         <path>/home/marco/ti/ccs1230/ccs/tools/compiler/ti-cgt-arm_20.2.7.LTS/lib/</path>
         <kind>archive</kind>
         <file>rtsv7M4_T_le_v4SPD16_eabi.lib</file>
         <name>strtod.c.obj</name>
      </input_file>
      <input_file id="fl-f3">
         <path>/home/marco/ti/ccs1230/ccs/tools/compiler/ti-cgt-arm_20.2.7.LTS/lib/</path>
         <kind>archive</kind>
         <file>rtsv7M4_T_le_v4SPD16_eabi.lib</file>
         <name>strtok.c.obj</name>
      </input_file>
      <input_file id="fl-f4">
         <path>/home/marco/ti/ccs1230/ccs/tools/compiler/ti-cgt-arm_20.2.7.LTS/lib/</path>
         <kind>archive</kind>
         <file>rtsv7M4_T_le_v4SPD16_eabi.lib</file>
         <name>k_rem_pio2.c.obj</name>
      </input_file>
      <input_file id="fl-f5">
         <path>/home/marco/ti/ccs1230/ccs/tools/compiler/ti-cgt-arm_20.2.7.LTS/lib/</path>
         <kind>archive</kind>
         <file>rtsv7M4_T_le_v4SPD16_eabi.lib</file>
         <name>boot_cortex_m.c.obj</name>
      </input_file>
      <input_file id="fl-f6">
         <path>/home/marco/ti/ccs1230/ccs/tools/compiler/ti-cgt-arm_20.2.7.LTS/lib/</path>
         <kind>archive</kind>
         <file>rtsv7M4_T_le_v4SPD16_eabi.lib</file>
         <name>write.c.obj</name>
      </input_file>
      <input_file id="fl-f7">
         <path>/home/marco/ti/ccs1230/ccs/tools/compiler/ti-cgt-arm_20.2.7.LTS/lib/</path>
         <kind>archive</kind>
         <file>rtsv7M4_T_le_v4SPD16_eabi.lib</file>
         <name>host_device.c.obj</name>
      </input_file>
      <input_file id="fl-f8">
         <path>/home/marco/ti/ccs1230/ccs/tools/compiler/ti-cgt-arm_20.2.7.LTS/lib/</path>
         <kind>archive</kind>
         <file>rtsv7M4_T_le_v4SPD16_eabi.lib</file>
         <name>errno.c.obj</name>
      </input_file>
      <input_file id="fl-f9">
         <path>/home/marco/ti/ccs1230/ccs/tools/compiler/ti-cgt-arm_20.2.7.LTS/lib/</path>
         <kind>archive</kind>
         <file>rtsv7M4_T_le_v4SPD16_eabi.lib</file>
         <name>wcslen.c.obj</name>
      </input_file>
      <input_file id="fl-fa">
         <path>/home/marco/ti/ccs1230/ccs/tools/compiler/ti-cgt-arm_20.2.7.LTS/lib/</path>
         <kind>archive</kind>
         <file>rtsv7M4_T_le_v4SPD16_eabi.lib</file>
         <name>k_cos.c.obj</name>
      </input_file>
      <input_file id="fl-fb">
         <path>/home/marco/ti/ccs1230/ccs/tools/compiler/ti-cgt-arm_20.2.7.LTS/lib/</path>
         <kind>archive</kind>
         <file>rtsv7M4_T_le_v4SPD16_eabi.lib</file>
         <name>k_sin.c.obj</name>
      </input_file>
      <input_file id="fl-fc">
         <path>/home/marco/ti/ccs1230/ccs/tools/compiler/ti-cgt-arm_20.2.7.LTS/lib/</path>
         <kind>archive</kind>
         <file>rtsv7M4_T_le_v4SPD16_eabi.lib</file>
         <name>s_floor.c.obj</name>
      </input_file>
      <input_file id="fl-fd">
         <path>/home/marco/ti/ccs1230/ccs/tools/compiler/ti-cgt-arm_20.2.7.LTS/lib/</path>
         <kind>archive</kind>
         <file>rtsv7M4_T_le_v4SPD16_eabi.lib</file>
         <name>s_frexp.c.obj</name>
      </input_file>
      <input_file id="fl-fe">
         <path>/home/marco/ti/ccs1230/ccs/tools/compiler/ti-cgt-arm_20.2.7.LTS/lib/</path>
         <kind>archive</kind>
         <file>rtsv7M4_T_le_v4SPD16_eabi.lib</file>
         <name>s_scalbn.c.obj</name>
      </input_file>
      <input_file id="fl-ff">
         <path>/home/marco/ti/ccs1230/ccs/tools/compiler/ti-cgt-arm_20.2.7.LTS/lib/</path>
         <kind>archive</kind>
         <file>rtsv7M4_T_le_v4SPD16_eabi.lib</file>
         <name>fflush.c.obj</name>
      </input_file>
      <input_file id="fl-100">
         <path>/home/marco/ti/ccs1230/ccs/tools/compiler/ti-cgt-arm_20.2.7.LTS/lib/</path>
         <kind>archive</kind>
         <file>rtsv7M4_T_le_v4SPD16_eabi.lib</file>
         <name>fopen.c.obj</name>
      </input_file>
      <input_file id="fl-101">
         <path>/home/marco/ti/ccs1230/ccs/tools/compiler/ti-cgt-arm_20.2.7.LTS/lib/</path>
         <kind>archive</kind>
         <file>rtsv7M4_T_le_v4SPD16_eabi.lib</file>
         <name>fseek.c.obj</name>
      </input_file>
      <input_file id="fl-102">
         <path>/home/marco/ti/ccs1230/ccs/tools/compiler/ti-cgt-arm_20.2.7.LTS/lib/</path>
         <kind>archive</kind>
         <file>rtsv7M4_T_le_v4SPD16_eabi.lib</file>
         <name>div0.asm.obj</name>
      </input_file>
      <input_file id="fl-103">
         <path>/home/marco/ti/ccs1230/ccs/tools/compiler/ti-cgt-arm_20.2.7.LTS/lib/</path>
         <kind>archive</kind>
         <file>rtsv7M4_T_le_v4SPD16_eabi.lib</file>
         <name>autoinit.c.obj</name>
      </input_file>
      <input_file id="fl-104">
         <path>/home/marco/ti/ccs1230/ccs/tools/compiler/ti-cgt-arm_20.2.7.LTS/lib/</path>
         <kind>archive</kind>
         <file>rtsv7M4_T_le_v4SPD16_eabi.lib</file>
         <name>pre_init.c.obj</name>
      </input_file>
      <input_file id="fl-105">
         <path>/home/marco/ti/ccs1230/ccs/tools/compiler/ti-cgt-arm_20.2.7.LTS/lib/</path>
         <kind>archive</kind>
         <file>rtsv7M4_T_le_v4SPD16_eabi.lib</file>
         <name>cpy_tbl.c.obj</name>
      </input_file>
      <input_file id="fl-106">
         <path>/home/marco/ti/ccs1230/ccs/tools/compiler/ti-cgt-arm_20.2.7.LTS/lib/</path>
         <kind>archive</kind>
         <file>rtsv7M4_T_le_v4SPD16_eabi.lib</file>
         <name>args_main.c.obj</name>
      </input_file>
      <input_file id="fl-107">
         <path>/home/marco/ti/ccs1230/ccs/tools/compiler/ti-cgt-arm_20.2.7.LTS/lib/</path>
         <kind>archive</kind>
         <file>rtsv7M4_T_le_v4SPD16_eabi.lib</file>
         <name>strcspn.c.obj</name>
      </input_file>
      <input_file id="fl-108">
         <path>/home/marco/ti/ccs1230/ccs/tools/compiler/ti-cgt-arm_20.2.7.LTS/lib/</path>
         <kind>archive</kind>
         <file>rtsv7M4_T_le_v4SPD16_eabi.lib</file>
         <name>strspn.c.obj</name>
      </input_file>
      <input_file id="fl-109">
         <path>/home/marco/ti/ccs1230/ccs/tools/compiler/ti-cgt-arm_20.2.7.LTS/lib/</path>
         <kind>archive</kind>
         <file>rtsv7M4_T_le_v4SPD16_eabi.lib</file>
         <name>hostclose.c.obj</name>
      </input_file>
      <input_file id="fl-10a">
         <path>/home/marco/ti/ccs1230/ccs/tools/compiler/ti-cgt-arm_20.2.7.LTS/lib/</path>
         <kind>archive</kind>
         <file>rtsv7M4_T_le_v4SPD16_eabi.lib</file>
         <name>hostlseek.c.obj</name>
      </input_file>
      <input_file id="fl-10b">
         <path>/home/marco/ti/ccs1230/ccs/tools/compiler/ti-cgt-arm_20.2.7.LTS/lib/</path>
         <kind>archive</kind>
         <file>rtsv7M4_T_le_v4SPD16_eabi.lib</file>
         <name>hostopen.c.obj</name>
      </input_file>
      <input_file id="fl-10c">
         <path>/home/marco/ti/ccs1230/ccs/tools/compiler/ti-cgt-arm_20.2.7.LTS/lib/</path>
         <kind>archive</kind>
         <file>rtsv7M4_T_le_v4SPD16_eabi.lib</file>
         <name>hostread.c.obj</name>
      </input_file>
      <input_file id="fl-10d">
         <path>/home/marco/ti/ccs1230/ccs/tools/compiler/ti-cgt-arm_20.2.7.LTS/lib/</path>
         <kind>archive</kind>
         <file>rtsv7M4_T_le_v4SPD16_eabi.lib</file>
         <name>hostrename.c.obj</name>
      </input_file>
      <input_file id="fl-10e">
         <path>/home/marco/ti/ccs1230/ccs/tools/compiler/ti-cgt-arm_20.2.7.LTS/lib/</path>
         <kind>archive</kind>
         <file>rtsv7M4_T_le_v4SPD16_eabi.lib</file>
         <name>hostunlink.c.obj</name>
      </input_file>
      <input_file id="fl-10f">
         <path>/home/marco/ti/ccs1230/ccs/tools/compiler/ti-cgt-arm_20.2.7.LTS/lib/</path>
         <kind>archive</kind>
         <file>rtsv7M4_T_le_v4SPD16_eabi.lib</file>
         <name>hostwrite.c.obj</name>
      </input_file>
      <input_file id="fl-110">
         <path>/home/marco/ti/ccs1230/ccs/tools/compiler/ti-cgt-arm_20.2.7.LTS/lib/</path>
         <kind>archive</kind>
         <file>rtsv7M4_T_le_v4SPD16_eabi.lib</file>
         <name>trgmsg.c.obj</name>
      </input_file>
      <input_file id="fl-111">
         <path>/home/marco/ti/ccs1230/ccs/tools/compiler/ti-cgt-arm_20.2.7.LTS/lib/</path>
         <kind>archive</kind>
         <file>rtsv7M4_T_le_v4SPD16_eabi.lib</file>
         <name>open.c.obj</name>
      </input_file>
      <input_file id="fl-112">
         <path>/home/marco/ti/ccs1230/ccs/tools/compiler/ti-cgt-arm_20.2.7.LTS/lib/</path>
         <kind>archive</kind>
         <file>rtsv7M4_T_le_v4SPD16_eabi.lib</file>
         <name>lseek.c.obj</name>
      </input_file>
      <input_file id="fl-113">
         <path>/home/marco/ti/ccs1230/ccs/tools/compiler/ti-cgt-arm_20.2.7.LTS/lib/</path>
         <kind>archive</kind>
         <file>rtsv7M4_T_le_v4SPD16_eabi.lib</file>
         <name>s_copysign.c.obj</name>
      </input_file>
      <input_file id="fl-114">
         <path>/home/marco/ti/ccs1230/ccs/tools/compiler/ti-cgt-arm_20.2.7.LTS/lib/</path>
         <kind>archive</kind>
         <file>rtsv7M4_T_le_v4SPD16_eabi.lib</file>
         <name>fclose.c.obj</name>
      </input_file>
      <input_file id="fl-115">
         <path>/home/marco/ti/ccs1230/ccs/tools/compiler/ti-cgt-arm_20.2.7.LTS/lib/</path>
         <kind>archive</kind>
         <file>rtsv7M4_T_le_v4SPD16_eabi.lib</file>
         <name>getdevice.c.obj</name>
      </input_file>
      <input_file id="fl-116">
         <path>/home/marco/ti/ccs1230/ccs/tools/compiler/ti-cgt-arm_20.2.7.LTS/lib/</path>
         <kind>archive</kind>
         <file>rtsv7M4_T_le_v4SPD16_eabi.lib</file>
         <name>remove.c.obj</name>
      </input_file>
      <input_file id="fl-117">
         <path>/home/marco/ti/ccs1230/ccs/tools/compiler/ti-cgt-arm_20.2.7.LTS/lib/</path>
         <kind>archive</kind>
         <file>rtsv7M4_T_le_v4SPD16_eabi.lib</file>
         <name>close.c.obj</name>
      </input_file>
      <input_file id="fl-118">
         <path>/home/marco/ti/ccs1230/ccs/tools/compiler/ti-cgt-arm_20.2.7.LTS/lib/</path>
         <kind>archive</kind>
         <file>rtsv7M4_T_le_v4SPD16_eabi.lib</file>
         <name>unlink.c.obj</name>
      </input_file>
      <input_file id="fl-119">
         <path>/home/marco/UNI/5°semestre/ESIoT/progetto/MSP423/library/simplelink/simplelink_msp432p4_sdk_3_40_01_02/source/ti/devices/msp432p4xx/driverlib/ccs/</path>
         <kind>archive</kind>
         <file>msp432p4xx_driverlib.lib</file>
         <name>adc14.o</name>
      </input_file>
      <input_file id="fl-11a">
         <path>/home/marco/UNI/5°semestre/ESIoT/progetto/MSP423/library/simplelink/simplelink_msp432p4_sdk_3_40_01_02/source/ti/devices/msp432p4xx/driverlib/ccs/</path>
         <kind>archive</kind>
         <file>msp432p4xx_driverlib.lib</file>
         <name>cs.o</name>
      </input_file>
      <input_file id="fl-11b">
         <path>/home/marco/UNI/5°semestre/ESIoT/progetto/MSP423/library/simplelink/simplelink_msp432p4_sdk_3_40_01_02/source/ti/devices/msp432p4xx/driverlib/ccs/</path>
         <kind>archive</kind>
         <file>msp432p4xx_driverlib.lib</file>
         <name>gpio.o</name>
      </input_file>
      <input_file id="fl-11c">
         <path>/home/marco/UNI/5°semestre/ESIoT/progetto/MSP423/library/simplelink/simplelink_msp432p4_sdk_3_40_01_02/source/ti/devices/msp432p4xx/driverlib/ccs/</path>
         <kind>archive</kind>
         <file>msp432p4xx_driverlib.lib</file>
         <name>interrupt.o</name>
      </input_file>
      <input_file id="fl-11d">
         <path>/home/marco/UNI/5°semestre/ESIoT/progetto/MSP423/library/simplelink/simplelink_msp432p4_sdk_3_40_01_02/source/ti/devices/msp432p4xx/driverlib/ccs/</path>
         <kind>archive</kind>
         <file>msp432p4xx_driverlib.lib</file>
         <name>spi.o</name>
      </input_file>
      <input_file id="fl-11e">
         <path>/home/marco/UNI/5°semestre/ESIoT/progetto/MSP423/library/simplelink/simplelink_msp432p4_sdk_3_40_01_02/source/ti/devices/msp432p4xx/driverlib/ccs/</path>
         <kind>archive</kind>
         <file>msp432p4xx_driverlib.lib</file>
         <name>sysctl_a.o</name>
      </input_file>
      <input_file id="fl-11f">
         <path>/home/marco/UNI/5°semestre/ESIoT/progetto/MSP423/library/simplelink/simplelink_msp432p4_sdk_3_40_01_02/source/ti/devices/msp432p4xx/driverlib/ccs/</path>
         <kind>archive</kind>
         <file>msp432p4xx_driverlib.lib</file>
         <name>timer_a.o</name>
      </input_file>
      <input_file id="fl-120">
         <path>/home/marco/UNI/5°semestre/ESIoT/progetto/MSP423/library/simplelink/simplelink_msp432p4_sdk_3_40_01_02/source/ti/devices/msp432p4xx/driverlib/ccs/</path>
         <kind>archive</kind>
         <file>msp432p4xx_driverlib.lib</file>
         <name>uart.o</name>
      </input_file>
      <input_file id="fl-121">
         <path>/home/marco/UNI/5°semestre/ESIoT/progetto/MSP423/library/simplelink/simplelink_msp432p4_sdk_3_40_01_02/source/ti/devices/msp432p4xx/driverlib/ccs/</path>
         <kind>archive</kind>
         <file>msp432p4xx_driverlib.lib</file>
         <name>wdt_a.o</name>
      </input_file>
      <input_file id="fl-122">
         <path>/home/marco/UNI/5°semestre/ESIoT/progetto/MSP423/library/simplelink/simplelink_msp432p4_sdk_3_40_01_02/source/ti/devices/msp432p4xx/driverlib/ccs/</path>
         <kind>archive</kind>
         <file>msp432p4xx_driverlib.lib</file>
         <name>cpu.o</name>
      </input_file>
      <input_file id="fl-123">
         <path>/home/marco/UNI/5°semestre/ESIoT/progetto/MSP423/library/simplelink/simplelink_msp432p4_sdk_3_40_01_02/source/ti/grlib/lib/ccs/m4/</path>
         <kind>archive</kind>
         <file>grlib.a</file>
         <name>context.obj</name>
      </input_file>
      <input_file id="fl-124">
         <path>/home/marco/UNI/5°semestre/ESIoT/progetto/MSP423/library/simplelink/simplelink_msp432p4_sdk_3_40_01_02/source/ti/grlib/lib/ccs/m4/</path>
         <kind>archive</kind>
         <file>grlib.a</file>
         <name>display.obj</name>
      </input_file>
      <input_file id="fl-125">
         <path>/home/marco/UNI/5°semestre/ESIoT/progetto/MSP423/library/simplelink/simplelink_msp432p4_sdk_3_40_01_02/source/ti/grlib/lib/ccs/m4/</path>
         <kind>archive</kind>
         <file>grlib.a</file>
         <name>fontcmss14.obj</name>
      </input_file>
      <input_file id="fl-126">
         <path>/home/marco/UNI/5°semestre/ESIoT/progetto/MSP423/library/simplelink/simplelink_msp432p4_sdk_3_40_01_02/source/ti/grlib/lib/ccs/m4/</path>
         <kind>archive</kind>
         <file>grlib.a</file>
         <name>fontcmtt14.obj</name>
      </input_file>
      <input_file id="fl-127">
         <path>/home/marco/UNI/5°semestre/ESIoT/progetto/MSP423/library/simplelink/simplelink_msp432p4_sdk_3_40_01_02/source/ti/grlib/lib/ccs/m4/</path>
         <kind>archive</kind>
         <file>grlib.a</file>
         <name>fontfixed6x8.obj</name>
      </input_file>
      <input_file id="fl-128">
         <path>/home/marco/UNI/5°semestre/ESIoT/progetto/MSP423/library/simplelink/simplelink_msp432p4_sdk_3_40_01_02/source/ti/grlib/lib/ccs/m4/</path>
         <kind>archive</kind>
         <file>grlib.a</file>
         <name>rectangle.obj</name>
      </input_file>
      <input_file id="fl-129">
         <path>/home/marco/UNI/5°semestre/ESIoT/progetto/MSP423/library/simplelink/simplelink_msp432p4_sdk_3_40_01_02/source/ti/grlib/lib/ccs/m4/</path>
         <kind>archive</kind>
         <file>grlib.a</file>
         <name>string.obj</name>
      </input_file>
      <input_file id="fl-12a">
         <path>/home/marco/UNI/5°semestre/ESIoT/progetto/MSP423/library/simplelink/simplelink_msp432p4_sdk_3_40_01_02/source/ti/grlib/lib/ccs/m4/</path>
         <kind>archive</kind>
         <file>grlib.a</file>
         <name>line.obj</name>
      </input_file>
   </input_file_list>
   <object_component_list>
      <object_component id="oc-26">
         <name>.intvecs:retain</name>
         <load_address>0x0</load_address>
         <run_address>0x0</run_address>
         <size>0xe4</size>
         <input_file_ref idref="fl-6"/>
      </object_component>
      <object_component id="oc-70">
         <name>.text</name>
         <load_address>0xe4</load_address>
         <run_address>0xe4</run_address>
         <size>0x13cc</size>
         <input_file_ref idref="fl-4"/>
      </object_component>
      <object_component id="oc-2c3">
         <name>.text:__TI_printfi</name>
         <load_address>0x14b0</load_address>
         <run_address>0x14b0</run_address>
         <size>0xa4e</size>
         <input_file_ref idref="fl-cb"/>
      </object_component>
      <object_component id="oc-4c0">
         <name>.text:_nop</name>
         <load_address>0x1efe</load_address>
         <run_address>0x1efe</run_address>
         <size>0x2</size>
         <input_file_ref idref="fl-e1"/>
      </object_component>
      <object_component id="oc-13d">
         <name>.text</name>
         <load_address>0x1f00</load_address>
         <run_address>0x1f00</run_address>
         <size>0xa24</size>
         <input_file_ref idref="fl-2"/>
      </object_component>
      <object_component id="oc-5a4">
         <name>.text:__kernel_rem_pio2</name>
         <load_address>0x2924</load_address>
         <run_address>0x2924</run_address>
         <size>0x738</size>
         <input_file_ref idref="fl-f4"/>
      </object_component>
      <object_component id="oc-101">
         <name>.text</name>
         <load_address>0x305c</load_address>
         <run_address>0x305c</run_address>
         <size>0x680</size>
         <input_file_ref idref="fl-8"/>
      </object_component>
      <object_component id="oc-143">
         <name>.text</name>
         <load_address>0x36dc</load_address>
         <run_address>0x36dc</run_address>
         <size>0x652</size>
         <input_file_ref idref="fl-5"/>
      </object_component>
      <object_component id="oc-5e0">
         <name>.text</name>
         <load_address>0x3d2e</load_address>
         <run_address>0x3d2e</run_address>
         <size>0x2</size>
         <input_file_ref idref="fl-102"/>
      </object_component>
      <object_component id="oc-392">
         <name>.text:sin</name>
         <load_address>0x3d30</load_address>
         <run_address>0x3d30</run_address>
         <size>0x5e0</size>
         <input_file_ref idref="fl-c9"/>
      </object_component>
      <object_component id="oc-398">
         <name>.text:cos</name>
         <load_address>0x4310</load_address>
         <run_address>0x4310</run_address>
         <size>0x5dc</size>
         <input_file_ref idref="fl-c8"/>
      </object_component>
      <object_component id="oc-179">
         <name>.text</name>
         <load_address>0x48ec</load_address>
         <run_address>0x48ec</run_address>
         <size>0x48c</size>
         <input_file_ref idref="fl-3"/>
      </object_component>
      <object_component id="oc-345">
         <name>.text:Graphics_drawString</name>
         <load_address>0x4d78</load_address>
         <run_address>0x4d78</run_address>
         <size>0x47e</size>
         <input_file_ref idref="fl-129"/>
      </object_component>
      <object_component id="oc-587">
         <name>.text:strtod</name>
         <load_address>0x51f8</load_address>
         <run_address>0x51f8</run_address>
         <size>0x460</size>
         <input_file_ref idref="fl-f2"/>
      </object_component>
      <object_component id="oc-ac">
         <name>.text</name>
         <load_address>0x5658</load_address>
         <run_address>0x5658</run_address>
         <size>0x334</size>
         <input_file_ref idref="fl-7"/>
      </object_component>
      <object_component id="oc-5bb">
         <name>.text:atan</name>
         <load_address>0x598c</load_address>
         <run_address>0x598c</run_address>
         <size>0x2ec</size>
         <input_file_ref idref="fl-c7"/>
      </object_component>
      <object_component id="oc-4e9">
         <name>.text:_pconv_a</name>
         <load_address>0x5c78</load_address>
         <run_address>0x5c78</run_address>
         <size>0x270</size>
         <input_file_ref idref="fl-cb"/>
      </object_component>
      <object_component id="oc-3a4">
         <name>.text:atan2</name>
         <load_address>0x5ee8</load_address>
         <run_address>0x5ee8</run_address>
         <size>0x1e4</size>
         <input_file_ref idref="fl-c5"/>
      </object_component>
      <object_component id="oc-4d7">
         <name>.text:_pconv_g</name>
         <load_address>0x60cc</load_address>
         <run_address>0x60cc</run_address>
         <size>0x1d0</size>
         <input_file_ref idref="fl-cb"/>
      </object_component>
      <object_component id="oc-37d">
         <name>.text</name>
         <load_address>0x629c</load_address>
         <run_address>0x629c</run_address>
         <size>0x1b6</size>
         <input_file_ref idref="fl-d1"/>
      </object_component>
      <object_component id="oc-599">
         <name>.text:__kernel_sin</name>
         <load_address>0x6454</load_address>
         <run_address>0x6454</run_address>
         <size>0x174</size>
         <input_file_ref idref="fl-fb"/>
      </object_component>
      <object_component id="oc-5aa">
         <name>.text:__kernel_cos</name>
         <load_address>0x65c8</load_address>
         <run_address>0x65c8</run_address>
         <size>0x170</size>
         <input_file_ref idref="fl-fa"/>
      </object_component>
      <object_component id="oc-2f2">
         <name>.text:_getIndexForMemRegister</name>
         <load_address>0x6738</load_address>
         <run_address>0x6738</run_address>
         <size>0x160</size>
         <input_file_ref idref="fl-119"/>
      </object_component>
      <object_component id="oc-39e">
         <name>.text:sqrt</name>
         <load_address>0x6898</load_address>
         <run_address>0x6898</run_address>
         <size>0x158</size>
         <input_file_ref idref="fl-c6"/>
      </object_component>
      <object_component id="oc-3d1">
         <name>.text:privateTimer_AProcessClockSourceDivider</name>
         <load_address>0x69f0</load_address>
         <run_address>0x69f0</run_address>
         <size>0x144</size>
         <input_file_ref idref="fl-11f"/>
      </object_component>
      <object_component id="oc-4e3">
         <name>.text:_pconv_e</name>
         <load_address>0x6b34</load_address>
         <run_address>0x6b34</run_address>
         <size>0x13c</size>
         <input_file_ref idref="fl-cb"/>
      </object_component>
      <object_component id="oc-378">
         <name>.text</name>
         <load_address>0x6c70</load_address>
         <run_address>0x6c70</run_address>
         <size>0x136</size>
         <input_file_ref idref="fl-d3"/>
      </object_component>
      <object_component id="oc-66c">
         <name>.text:fcvt</name>
         <load_address>0x6da8</load_address>
         <run_address>0x6da8</run_address>
         <size>0x124</size>
         <input_file_ref idref="fl-cb"/>
      </object_component>
      <object_component id="oc-1b7">
         <name>.text:UART_initModule</name>
         <load_address>0x6ecc</load_address>
         <run_address>0x6ecc</run_address>
         <size>0x11c</size>
         <input_file_ref idref="fl-120"/>
      </object_component>
      <object_component id="oc-718">
         <name>.text:fputs</name>
         <load_address>0x6fe8</load_address>
         <run_address>0x6fe8</run_address>
         <size>0x114</size>
         <input_file_ref idref="fl-ce"/>
      </object_component>
      <object_component id="oc-220">
         <name>.text:Graphics_fillRectangle</name>
         <load_address>0x70fc</load_address>
         <run_address>0x70fc</run_address>
         <size>0x112</size>
         <input_file_ref idref="fl-128"/>
      </object_component>
      <object_component id="oc-680">
         <name>.text:scalbn</name>
         <load_address>0x7210</load_address>
         <run_address>0x7210</run_address>
         <size>0x110</size>
         <input_file_ref idref="fl-fe"/>
      </object_component>
      <object_component id="oc-5e6">
         <name>.text:aligned_alloc</name>
         <load_address>0x7320</load_address>
         <run_address>0x7320</run_address>
         <size>0x100</size>
         <input_file_ref idref="fl-e9"/>
      </object_component>
      <object_component id="oc-38c">
         <name>.text</name>
         <load_address>0x7420</load_address>
         <run_address>0x7420</run_address>
         <size>0xfc</size>
         <input_file_ref idref="fl-d4"/>
      </object_component>
      <object_component id="oc-33f">
         <name>.text:Graphics_getStringWidth</name>
         <load_address>0x751c</load_address>
         <run_address>0x751c</run_address>
         <size>0xfa</size>
         <input_file_ref idref="fl-129"/>
      </object_component>
      <object_component id="oc-6eb">
         <name>.text:floor</name>
         <load_address>0x7618</load_address>
         <run_address>0x7618</run_address>
         <size>0xf8</size>
         <input_file_ref idref="fl-fc"/>
      </object_component>
      <object_component id="oc-1d2">
         <name>.text:free</name>
         <load_address>0x7710</load_address>
         <run_address>0x7710</run_address>
         <size>0xe4</size>
         <input_file_ref idref="fl-e9"/>
      </object_component>
      <object_component id="oc-7c8">
         <name>.text:setvbuf</name>
         <load_address>0x77f4</load_address>
         <run_address>0x77f4</run_address>
         <size>0xdc</size>
         <input_file_ref idref="fl-d0"/>
      </object_component>
      <object_component id="oc-30d">
         <name>.text</name>
         <load_address>0x78d0</load_address>
         <run_address>0x78d0</run_address>
         <size>0xcc</size>
         <input_file_ref idref="fl-9"/>
      </object_component>
      <object_component id="oc-d7">
         <name>.text:ADC14_configureConversionMemory</name>
         <load_address>0x799c</load_address>
         <run_address>0x799c</run_address>
         <size>0xb4</size>
         <input_file_ref idref="fl-119"/>
      </object_component>
      <object_component id="oc-d1">
         <name>.text:ADC14_configureMultiSequenceMode</name>
         <load_address>0x7a50</load_address>
         <run_address>0x7a50</run_address>
         <size>0xb4</size>
         <input_file_ref idref="fl-119"/>
      </object_component>
      <object_component id="oc-4cc">
         <name>.text:_ltostr</name>
         <load_address>0x7b04</load_address>
         <run_address>0x7b04</run_address>
         <size>0xb1</size>
         <input_file_ref idref="fl-cb"/>
      </object_component>
      <object_component id="oc-538">
         <name>.text:SPI_initMaster</name>
         <load_address>0x7bb6</load_address>
         <run_address>0x7bb6</run_address>
         <size>0xb0</size>
         <input_file_ref idref="fl-11d"/>
      </object_component>
      <object_component id="oc-15d">
         <name>.text:Graphics_drawRectangle</name>
         <load_address>0x7c66</load_address>
         <run_address>0x7c66</run_address>
         <size>0xa2</size>
         <input_file_ref idref="fl-128"/>
      </object_component>
      <object_component id="oc-3da">
         <name>.text:Graphics_drawLineH</name>
         <load_address>0x7d08</load_address>
         <run_address>0x7d08</run_address>
         <size>0x9c</size>
         <input_file_ref idref="fl-12a"/>
      </object_component>
      <object_component id="oc-3e0">
         <name>.text:Graphics_drawLineV</name>
         <load_address>0x7da4</load_address>
         <run_address>0x7da4</run_address>
         <size>0x9c</size>
         <input_file_ref idref="fl-12a"/>
      </object_component>
      <object_component id="oc-3a">
         <name>.text</name>
         <load_address>0x7e40</load_address>
         <run_address>0x7e40</run_address>
         <size>0x9c</size>
         <input_file_ref idref="fl-d9"/>
      </object_component>
      <object_component id="oc-64d">
         <name>.text</name>
         <load_address>0x7edc</load_address>
         <run_address>0x7edc</run_address>
         <size>0x96</size>
         <input_file_ref idref="fl-dc"/>
      </object_component>
      <object_component id="oc-71f">
         <name>.text:fputc</name>
         <load_address>0x7f74</load_address>
         <run_address>0x7f74</run_address>
         <size>0x8c</size>
         <input_file_ref idref="fl-cd"/>
      </object_component>
      <object_component id="oc-bf">
         <name>.text:GPIO_setAsPeripheralModuleFunctionInputPin</name>
         <load_address>0x8000</load_address>
         <run_address>0x8000</run_address>
         <size>0x88</size>
         <input_file_ref idref="fl-11b"/>
      </object_component>
      <object_component id="oc-532">
         <name>.text:GPIO_setAsPeripheralModuleFunctionOutputPin</name>
         <load_address>0x8088</load_address>
         <run_address>0x8088</run_address>
         <size>0x88</size>
         <input_file_ref idref="fl-11b"/>
      </object_component>
      <object_component id="oc-4d2">
         <name>.text:__aeabi_cdcmple</name>
         <load_address>0x8110</load_address>
         <run_address>0x8110</run_address>
         <size>0x86</size>
         <input_file_ref idref="fl-d2"/>
      </object_component>
      <object_component id="oc-654">
         <name>.text:__aeabi_cdrcmple</name>
         <load_address>0x8196</load_address>
         <run_address>0x8196</run_address>
         <size>0x86</size>
         <input_file_ref idref="fl-d2"/>
      </object_component>
      <object_component id="oc-1e7">
         <name>.text:GPIO_getEnabledInterruptStatus</name>
         <load_address>0x821c</load_address>
         <run_address>0x821c</run_address>
         <size>0x84</size>
         <input_file_ref idref="fl-11b"/>
      </object_component>
      <object_component id="oc-e3">
         <name>.text:Interrupt_enableInterrupt</name>
         <load_address>0x82a0</load_address>
         <run_address>0x82a0</run_address>
         <size>0x80</size>
         <input_file_ref idref="fl-11c"/>
      </object_component>
      <object_component id="oc-94">
         <name>.text</name>
         <load_address>0x8320</load_address>
         <run_address>0x8320</run_address>
         <size>0x7a</size>
         <input_file_ref idref="fl-da"/>
      </object_component>
      <object_component id="oc-80e">
         <name>.text:__TI_closefile</name>
         <load_address>0x839c</load_address>
         <run_address>0x839c</run_address>
         <size>0x74</size>
         <input_file_ref idref="fl-114"/>
      </object_component>
      <object_component id="oc-72e">
         <name>.text:split</name>
         <load_address>0x8410</load_address>
         <run_address>0x8410</run_address>
         <size>0x70</size>
         <input_file_ref idref="fl-e9"/>
      </object_component>
      <object_component id="oc-665">
         <name>.text:_mcpy</name>
         <load_address>0x8480</load_address>
         <run_address>0x8480</run_address>
         <size>0x6e</size>
         <input_file_ref idref="fl-cb"/>
      </object_component>
      <object_component id="oc-382">
         <name>.text</name>
         <load_address>0x84ee</load_address>
         <run_address>0x84ee</run_address>
         <size>0x6e</size>
         <input_file_ref idref="fl-d6"/>
      </object_component>
      <object_component id="oc-83e">
         <name>.text:HOSTrename</name>
         <load_address>0x855c</load_address>
         <run_address>0x855c</run_address>
         <size>0x6c</size>
         <input_file_ref idref="fl-10d"/>
      </object_component>
      <object_component id="oc-832">
         <name>.text:HOSTlseek</name>
         <load_address>0x85c8</load_address>
         <run_address>0x85c8</run_address>
         <size>0x68</size>
         <input_file_ref idref="fl-10a"/>
      </object_component>
      <object_component id="oc-14f">
         <name>.text:Timer_A_configureUpMode</name>
         <load_address>0x8630</load_address>
         <run_address>0x8630</run_address>
         <size>0x68</size>
         <input_file_ref idref="fl-11f"/>
      </object_component>
      <object_component id="oc-17">
         <name>.text:decompress:lzss:__TI_decompress_lzss</name>
         <load_address>0x8698</load_address>
         <run_address>0x8698</run_address>
         <size>0x68</size>
         <input_file_ref idref="fl-df"/>
      </object_component>
      <object_component id="oc-3b2">
         <name>.text:printf</name>
         <load_address>0x8700</load_address>
         <run_address>0x8700</run_address>
         <size>0x68</size>
         <input_file_ref idref="fl-ca"/>
      </object_component>
      <object_component id="oc-1f3">
         <name>.text:UART_getEnabledInterruptStatus</name>
         <load_address>0x8768</load_address>
         <run_address>0x8768</run_address>
         <size>0x64</size>
         <input_file_ref idref="fl-120"/>
      </object_component>
      <object_component id="oc-67a">
         <name>.text:frexp</name>
         <load_address>0x87cc</load_address>
         <run_address>0x87cc</run_address>
         <size>0x64</size>
         <input_file_ref idref="fl-fd"/>
      </object_component>
      <object_component id="oc-7c2">
         <name>.text:fseek</name>
         <load_address>0x8830</load_address>
         <run_address>0x8830</run_address>
         <size>0x64</size>
         <input_file_ref idref="fl-101"/>
      </object_component>
      <object_component id="oc-798">
         <name>.text:__TI_wrt_ok</name>
         <load_address>0x8894</load_address>
         <run_address>0x8894</run_address>
         <size>0x62</size>
         <input_file_ref idref="fl-cf"/>
      </object_component>
      <object_component id="oc-81a">
         <name>.text:HOSTopen</name>
         <load_address>0x88f8</load_address>
         <run_address>0x88f8</run_address>
         <size>0x60</size>
         <input_file_ref idref="fl-10b"/>
      </object_component>
      <object_component id="oc-84a">
         <name>.text:close</name>
         <load_address>0x8958</load_address>
         <run_address>0x8958</run_address>
         <size>0x5c</size>
         <input_file_ref idref="fl-117"/>
      </object_component>
      <object_component id="oc-149">
         <name>.text:GPIO_setAsInputPinWithPullUpResistor</name>
         <load_address>0x89b4</load_address>
         <run_address>0x89b4</run_address>
         <size>0x58</size>
         <input_file_ref idref="fl-11b"/>
      </object_component>
      <object_component id="oc-826">
         <name>.text:HOSTread</name>
         <load_address>0x8a0c</load_address>
         <run_address>0x8a0c</run_address>
         <size>0x58</size>
         <input_file_ref idref="fl-10c"/>
      </object_component>
      <object_component id="oc-82c">
         <name>.text:HOSTwrite</name>
         <load_address>0x8a64</load_address>
         <run_address>0x8a64</run_address>
         <size>0x58</size>
         <input_file_ref idref="fl-10f"/>
      </object_component>
      <object_component id="oc-4dd">
         <name>.text:_pconv_f</name>
         <load_address>0x8abc</load_address>
         <run_address>0x8abc</run_address>
         <size>0x56</size>
         <input_file_ref idref="fl-cb"/>
      </object_component>
      <object_component id="oc-cb">
         <name>.text:ADC14_initModule</name>
         <load_address>0x8b14</load_address>
         <run_address>0x8b14</run_address>
         <size>0x54</size>
         <input_file_ref idref="fl-119"/>
      </object_component>
      <object_component id="oc-659">
         <name>.text:__TI_ltoa</name>
         <load_address>0x8b68</load_address>
         <run_address>0x8b68</run_address>
         <size>0x54</size>
         <input_file_ref idref="fl-e2"/>
      </object_component>
      <object_component id="oc-107">
         <name>.text:Graphics_initContext</name>
         <load_address>0x8bbc</load_address>
         <run_address>0x8bbc</run_address>
         <size>0x52</size>
         <input_file_ref idref="fl-123"/>
      </object_component>
      <object_component id="oc-65f">
         <name>.text:_ecpy</name>
         <load_address>0x8c0e</load_address>
         <run_address>0x8c0e</run_address>
         <size>0x52</size>
         <input_file_ref idref="fl-cb"/>
      </object_component>
      <object_component id="oc-7a4">
         <name>.text:__TI_doflush</name>
         <load_address>0x8c60</load_address>
         <run_address>0x8c60</run_address>
         <size>0x4c</size>
         <input_file_ref idref="fl-ff"/>
      </object_component>
      <object_component id="oc-3aa">
         <name>.text:atoi</name>
         <load_address>0x8cac</load_address>
         <run_address>0x8cac</run_address>
         <size>0x4c</size>
         <input_file_ref idref="fl-e4"/>
      </object_component>
      <object_component id="oc-131">
         <name>.text:Graphics_drawStringCentered</name>
         <load_address>0x8cf8</load_address>
         <run_address>0x8cf8</run_address>
         <size>0x48</size>
         <input_file_ref idref="fl-129"/>
      </object_component>
      <object_component id="oc-280">
         <name>.text:exit</name>
         <load_address>0x8d40</load_address>
         <run_address>0x8d40</run_address>
         <size>0x48</size>
         <input_file_ref idref="fl-e0"/>
      </object_component>
      <object_component id="oc-594">
         <name>.text</name>
         <load_address>0x8d88</load_address>
         <run_address>0x8d88</run_address>
         <size>0x48</size>
         <input_file_ref idref="fl-d5"/>
      </object_component>
      <object_component id="oc-820">
         <name>.text:HOSTclose</name>
         <load_address>0x8dd0</load_address>
         <run_address>0x8dd0</run_address>
         <size>0x44</size>
         <input_file_ref idref="fl-109"/>
      </object_component>
      <object_component id="oc-838">
         <name>.text:HOSTunlink</name>
         <load_address>0x8e14</load_address>
         <run_address>0x8e14</run_address>
         <size>0x44</size>
         <input_file_ref idref="fl-10e"/>
      </object_component>
      <object_component id="oc-286">
         <name>.text:__TI_auto_init_nobinit_nopinit:__TI_auto_init_nobinit_nopinit</name>
         <load_address>0x8e58</load_address>
         <run_address>0x8e58</run_address>
         <size>0x44</size>
         <input_file_ref idref="fl-103"/>
      </object_component>
      <object_component id="oc-879">
         <name>.text:getdevice</name>
         <load_address>0x8e9c</load_address>
         <run_address>0x8e9c</run_address>
         <size>0x44</size>
         <input_file_ref idref="fl-115"/>
      </object_component>
      <object_component id="oc-1a5">
         <name>.text:GPIO_setAsOutputPin</name>
         <load_address>0x8ee0</load_address>
         <run_address>0x8ee0</run_address>
         <size>0x40</size>
         <input_file_ref idref="fl-11b"/>
      </object_component>
      <object_component id="oc-55d">
         <name>.text:Graphics_getNumberOfLeadingZeros</name>
         <load_address>0x8f20</load_address>
         <run_address>0x8f20</run_address>
         <size>0x40</size>
         <input_file_ref idref="fl-129"/>
      </object_component>
      <object_component id="oc-6b1">
         <name>.text:is_A_Module</name>
         <load_address>0x8f60</load_address>
         <run_address>0x8f60</run_address>
         <size>0x40</size>
         <input_file_ref idref="fl-11d"/>
      </object_component>
      <object_component id="oc-3bf">
         <name>.text</name>
         <load_address>0x8fa0</load_address>
         <run_address>0x8fa0</run_address>
         <size>0x40</size>
         <input_file_ref idref="fl-db"/>
      </object_component>
      <object_component id="oc-b9">
         <name>.text:sprintf</name>
         <load_address>0x8fe0</load_address>
         <run_address>0x8fe0</run_address>
         <size>0x40</size>
         <input_file_ref idref="fl-cc"/>
      </object_component>
      <object_component id="oc-35a">
         <name>.text:strtok</name>
         <load_address>0x9020</load_address>
         <run_address>0x9020</run_address>
         <size>0x40</size>
         <input_file_ref idref="fl-f3"/>
      </object_component>
      <object_component id="oc-672">
         <name>.text:_fcpy</name>
         <load_address>0x9060</load_address>
         <run_address>0x9060</run_address>
         <size>0x3e</size>
         <input_file_ref idref="fl-cb"/>
      </object_component>
      <object_component id="oc-19f">
         <name>.text:GPIO_interruptEdgeSelect</name>
         <load_address>0x90a0</load_address>
         <run_address>0x90a0</run_address>
         <size>0x3c</size>
         <input_file_ref idref="fl-11b"/>
      </object_component>
      <object_component id="oc-20b">
         <name>.text:ADC14_getEnabledInterruptStatus</name>
         <load_address>0x90dc</load_address>
         <run_address>0x90dc</run_address>
         <size>0x38</size>
         <input_file_ref idref="fl-119"/>
      </object_component>
      <object_component id="oc-85b">
         <name>.text:__TI_writemsg</name>
         <load_address>0x9114</load_address>
         <run_address>0x9114</run_address>
         <size>0x38</size>
         <input_file_ref idref="fl-110"/>
      </object_component>
      <object_component id="oc-387">
         <name>.text</name>
         <load_address>0x914c</load_address>
         <run_address>0x914c</run_address>
         <size>0x38</size>
         <input_file_ref idref="fl-d7"/>
      </object_component>
      <object_component id="oc-5f7">
         <name>.text:Graphics_drawHorizontalLineOnDisplay</name>
         <load_address>0x9184</load_address>
         <run_address>0x9184</run_address>
         <size>0x36</size>
         <input_file_ref idref="fl-124"/>
      </object_component>
      <object_component id="oc-5ff">
         <name>.text:Graphics_drawVerticalLineOnDisplay</name>
         <load_address>0x91ba</load_address>
         <run_address>0x91ba</run_address>
         <size>0x36</size>
         <input_file_ref idref="fl-124"/>
      </object_component>
      <object_component id="oc-36c">
         <name>.text:strncpy</name>
         <load_address>0x91f0</load_address>
         <run_address>0x91f0</run_address>
         <size>0x36</size>
         <input_file_ref idref="fl-f1"/>
      </object_component>
      <object_component id="oc-ef">
         <name>.text:ADC14_enableSampleTimer</name>
         <load_address>0x9228</load_address>
         <run_address>0x9228</run_address>
         <size>0x34</size>
         <input_file_ref idref="fl-119"/>
      </object_component>
      <object_component id="oc-137">
         <name>.text:CS_setDCOCenteredFrequency</name>
         <load_address>0x925c</load_address>
         <run_address>0x925c</run_address>
         <size>0x34</size>
         <input_file_ref idref="fl-11a"/>
      </object_component>
      <object_component id="oc-1c3">
         <name>.text:UART_transmitData</name>
         <load_address>0x9290</load_address>
         <run_address>0x9290</run_address>
         <size>0x34</size>
         <input_file_ref idref="fl-120"/>
      </object_component>
      <object_component id="oc-7e5">
         <name>.text:__TI_cleanup</name>
         <load_address>0x92c4</load_address>
         <run_address>0x92c4</run_address>
         <size>0x34</size>
         <input_file_ref idref="fl-100"/>
      </object_component>
      <object_component id="oc-861">
         <name>.text:__TI_readmsg</name>
         <load_address>0x92f8</load_address>
         <run_address>0x92f8</run_address>
         <size>0x34</size>
         <input_file_ref idref="fl-110"/>
      </object_component>
      <object_component id="oc-58">
         <name>.text:_c_int00_noargs:_c_int00_noargs</name>
         <load_address>0x932c</load_address>
         <run_address>0x932c</run_address>
         <size>0x34</size>
         <input_file_ref idref="fl-f5"/>
      </object_component>
      <object_component id="oc-b3">
         <name>.text:rand</name>
         <load_address>0x9360</load_address>
         <run_address>0x9360</run_address>
         <size>0x34</size>
         <input_file_ref idref="fl-ea"/>
      </object_component>
      <object_component id="oc-211">
         <name>.text:ADC14_clearInterruptFlag</name>
         <load_address>0x9394</load_address>
         <run_address>0x9394</run_address>
         <size>0x30</size>
         <input_file_ref idref="fl-119"/>
      </object_component>
      <object_component id="oc-dd">
         <name>.text:ADC14_enableInterrupt</name>
         <load_address>0x93c4</load_address>
         <run_address>0x93c4</run_address>
         <size>0x30</size>
         <input_file_ref idref="fl-119"/>
      </object_component>
      <object_component id="oc-1db">
         <name>.text:GPIO_getInputPinValue</name>
         <load_address>0x93f4</load_address>
         <run_address>0x93f4</run_address>
         <size>0x30</size>
         <input_file_ref idref="fl-11b"/>
      </object_component>
      <object_component id="oc-18a">
         <name>.text:UART_disableInterrupt</name>
         <load_address>0x9424</load_address>
         <run_address>0x9424</run_address>
         <size>0x30</size>
         <input_file_ref idref="fl-120"/>
      </object_component>
      <object_component id="oc-190">
         <name>.text:UART_enableInterrupt</name>
         <load_address>0x9454</load_address>
         <run_address>0x9454</run_address>
         <size>0x30</size>
         <input_file_ref idref="fl-120"/>
      </object_component>
      <object_component id="oc-1f9">
         <name>.text:UART_receiveData</name>
         <load_address>0x9484</load_address>
         <run_address>0x9484</run_address>
         <size>0x30</size>
         <input_file_ref idref="fl-120"/>
      </object_component>
      <object_component id="oc-899">
         <name>.text:finddevice</name>
         <load_address>0x94b4</load_address>
         <run_address>0x94b4</run_address>
         <size>0x30</size>
         <input_file_ref idref="fl-115"/>
      </object_component>
      <object_component id="oc-59f">
         <name>.text</name>
         <load_address>0x94e4</load_address>
         <run_address>0x94e4</run_address>
         <size>0x2e</size>
         <input_file_ref idref="fl-d8"/>
      </object_component>
      <object_component id="oc-475">
         <name>.text:ADC14_getInterruptStatus</name>
         <load_address>0x9514</load_address>
         <run_address>0x9514</run_address>
         <size>0x2c</size>
         <input_file_ref idref="fl-119"/>
      </object_component>
      <object_component id="oc-fb">
         <name>.text:ADC14_toggleConversionTrigger</name>
         <load_address>0x9540</load_address>
         <run_address>0x9540</run_address>
         <size>0x2c</size>
         <input_file_ref idref="fl-119"/>
      </object_component>
      <object_component id="oc-563">
         <name>.text:Graphics_drawPixelOnDisplay</name>
         <load_address>0x956c</load_address>
         <run_address>0x956c</run_address>
         <size>0x2c</size>
         <input_file_ref idref="fl-124"/>
      </object_component>
      <object_component id="oc-1e1">
         <name>.text:Timer_A_clearCaptureCompareInterrupt</name>
         <load_address>0x9598</load_address>
         <run_address>0x9598</run_address>
         <size>0x2c</size>
         <input_file_ref idref="fl-11f"/>
      </object_component>
      <object_component id="oc-34e">
         <name>.text:strncmp</name>
         <load_address>0x95c4</load_address>
         <run_address>0x95c4</run_address>
         <size>0x2c</size>
         <input_file_ref idref="fl-f0"/>
      </object_component>
      <object_component id="oc-850">
         <name>.text:unlink</name>
         <load_address>0x95f0</load_address>
         <run_address>0x95f0</run_address>
         <size>0x2c</size>
         <input_file_ref idref="fl-118"/>
      </object_component>
      <object_component id="oc-570">
         <name>.text:strspn</name>
         <load_address>0x961c</load_address>
         <run_address>0x961c</run_address>
         <size>0x2a</size>
         <input_file_ref idref="fl-108"/>
      </object_component>
      <object_component id="oc-f5">
         <name>.text:ADC14_enableConversion</name>
         <load_address>0x9648</load_address>
         <run_address>0x9648</run_address>
         <size>0x28</size>
         <input_file_ref idref="fl-119"/>
      </object_component>
      <object_component id="oc-217">
         <name>.text:ADC14_getResult</name>
         <load_address>0x9670</load_address>
         <run_address>0x9670</run_address>
         <size>0x28</size>
         <input_file_ref idref="fl-119"/>
      </object_component>
      <object_component id="oc-1ed">
         <name>.text:GPIO_clearInterruptFlag</name>
         <load_address>0x9698</load_address>
         <run_address>0x9698</run_address>
         <size>0x28</size>
         <input_file_ref idref="fl-11b"/>
      </object_component>
      <object_component id="oc-199">
         <name>.text:GPIO_enableInterrupt</name>
         <load_address>0x96c0</load_address>
         <run_address>0x96c0</run_address>
         <size>0x28</size>
         <input_file_ref idref="fl-11b"/>
      </object_component>
      <object_component id="oc-1b1">
         <name>.text:GPIO_setOutputHighOnPin</name>
         <load_address>0x96e8</load_address>
         <run_address>0x96e8</run_address>
         <size>0x28</size>
         <input_file_ref idref="fl-11b"/>
      </object_component>
      <object_component id="oc-1ab">
         <name>.text:GPIO_setOutputLowOnPin</name>
         <load_address>0x9710</load_address>
         <run_address>0x9710</run_address>
         <size>0x28</size>
         <input_file_ref idref="fl-11b"/>
      </object_component>
      <object_component id="oc-458">
         <name>.text:free_list_insert</name>
         <load_address>0x9738</load_address>
         <run_address>0x9738</run_address>
         <size>0x28</size>
         <input_file_ref idref="fl-e9"/>
      </object_component>
      <object_component id="oc-7dd">
         <name>.text:lseek</name>
         <load_address>0x9760</load_address>
         <run_address>0x9760</run_address>
         <size>0x28</size>
         <input_file_ref idref="fl-112"/>
      </object_component>
      <object_component id="oc-7aa">
         <name>.text:write</name>
         <load_address>0x9788</load_address>
         <run_address>0x9788</run_address>
         <size>0x28</size>
         <input_file_ref idref="fl-f6"/>
      </object_component>
      <object_component id="oc-463">
         <name>.text:GPIO_getInterruptStatus</name>
         <load_address>0x97b0</load_address>
         <run_address>0x97b0</run_address>
         <size>0x24</size>
         <input_file_ref idref="fl-11b"/>
      </object_component>
      <object_component id="oc-125">
         <name>.text:WDT_A_holdTimer</name>
         <load_address>0x97d4</load_address>
         <run_address>0x97d4</run_address>
         <size>0x24</size>
         <input_file_ref idref="fl-121"/>
      </object_component>
      <object_component id="oc-576">
         <name>.text:strcspn</name>
         <load_address>0x97f8</load_address>
         <run_address>0x97f8</run_address>
         <size>0x24</size>
         <input_file_ref idref="fl-107"/>
      </object_component>
      <object_component id="oc-79e">
         <name>.text:memchr</name>
         <load_address>0x981c</load_address>
         <run_address>0x981c</run_address>
         <size>0x20</size>
         <input_file_ref idref="fl-e8"/>
      </object_component>
      <object_component id="oc-480">
         <name>.text:Graphics_fillRectangleOnDisplay</name>
         <load_address>0x983c</load_address>
         <run_address>0x983c</run_address>
         <size>0x1e</size>
         <input_file_ref idref="fl-124"/>
      </object_component>
      <object_component id="oc-366">
         <name>.text:strcat</name>
         <load_address>0x985a</load_address>
         <run_address>0x985a</run_address>
         <size>0x1e</size>
         <input_file_ref idref="fl-eb"/>
      </object_component>
      <object_component id="oc-53e">
         <name>.text:SPI_enableModule</name>
         <load_address>0x9878</load_address>
         <run_address>0x9878</run_address>
         <size>0x1c</size>
         <input_file_ref idref="fl-11d"/>
      </object_component>
      <object_component id="oc-452">
         <name>.text:free_list_remove</name>
         <load_address>0x9894</load_address>
         <run_address>0x9894</run_address>
         <size>0x1c</size>
         <input_file_ref idref="fl-e9"/>
      </object_component>
      <object_component id="oc-4ef">
         <name>.text:memccpy</name>
         <load_address>0x98b0</load_address>
         <run_address>0x98b0</run_address>
         <size>0x1c</size>
         <input_file_ref idref="fl-e7"/>
      </object_component>
      <object_component id="oc-330">
         <name>.text:Graphics_clearDisplayOnDisplay</name>
         <load_address>0x98cc</load_address>
         <run_address>0x98cc</run_address>
         <size>0x1a</size>
         <input_file_ref idref="fl-124"/>
      </object_component>
      <object_component id="oc-113">
         <name>.text:Graphics_setBackgroundColor</name>
         <load_address>0x98e6</load_address>
         <run_address>0x98e6</run_address>
         <size>0x1a</size>
         <input_file_ref idref="fl-123"/>
      </object_component>
      <object_component id="oc-119">
         <name>.text:Graphics_setFont</name>
         <load_address>0x9900</load_address>
         <run_address>0x9900</run_address>
         <size>0x1a</size>
         <input_file_ref idref="fl-123"/>
      </object_component>
      <object_component id="oc-751">
         <name>.text:copysign</name>
         <load_address>0x991a</load_address>
         <run_address>0x991a</run_address>
         <size>0x1a</size>
         <input_file_ref idref="fl-113"/>
      </object_component>
      <object_component id="oc-46b">
         <name>.text:UART_getInterruptStatus</name>
         <load_address>0x9934</load_address>
         <run_address>0x9934</run_address>
         <size>0x18</size>
         <input_file_ref idref="fl-120"/>
      </object_component>
      <object_component id="oc-2c9">
         <name>.text:_outs</name>
         <load_address>0x994c</load_address>
         <run_address>0x994c</run_address>
         <size>0x18</size>
         <input_file_ref idref="fl-cc"/>
      </object_component>
      <object_component id="oc-360">
         <name>.text:strcmp</name>
         <load_address>0x9964</load_address>
         <run_address>0x9964</run_address>
         <size>0x18</size>
         <input_file_ref idref="fl-ed"/>
      </object_component>
      <object_component id="oc-6b9">
         <name>.text:EUSCI_A_SPI_enable</name>
         <load_address>0x997c</load_address>
         <run_address>0x997c</run_address>
         <size>0x16</size>
         <input_file_ref idref="fl-11d"/>
      </object_component>
      <object_component id="oc-6bf">
         <name>.text:EUSCI_B_SPI_enable</name>
         <load_address>0x9992</load_address>
         <run_address>0x9992</run_address>
         <size>0x16</size>
         <input_file_ref idref="fl-11d"/>
      </object_component>
      <object_component id="oc-10d">
         <name>.text:Graphics_setForegroundColor</name>
         <load_address>0x99a8</load_address>
         <run_address>0x99a8</run_address>
         <size>0x16</size>
         <input_file_ref idref="fl-123"/>
      </object_component>
      <object_component id="oc-327">
         <name>.text:Graphics_translateColorOnDisplay</name>
         <load_address>0x99be</load_address>
         <run_address>0x99be</run_address>
         <size>0x16</size>
         <input_file_ref idref="fl-124"/>
      </object_component>
      <object_component id="oc-155">
         <name>.text:Timer_A_startCounter</name>
         <load_address>0x99d4</load_address>
         <run_address>0x99d4</run_address>
         <size>0x16</size>
         <input_file_ref idref="fl-11f"/>
      </object_component>
      <object_component id="oc-1ff">
         <name>.text:UART_clearInterruptFlag</name>
         <load_address>0x99ea</load_address>
         <run_address>0x99ea</run_address>
         <size>0x16</size>
         <input_file_ref idref="fl-120"/>
      </object_component>
      <object_component id="oc-1bd">
         <name>.text:UART_enableModule</name>
         <load_address>0x9a00</load_address>
         <run_address>0x9a00</run_address>
         <size>0x16</size>
         <input_file_ref idref="fl-120"/>
      </object_component>
      <object_component id="oc-686">
         <name>.text:strchr</name>
         <load_address>0x9a16</load_address>
         <run_address>0x9a16</run_address>
         <size>0x16</size>
         <input_file_ref idref="fl-ec"/>
      </object_component>
      <object_component id="oc-354">
         <name>.text:strcpy</name>
         <load_address>0x9a2c</load_address>
         <run_address>0x9a2c</run_address>
         <size>0x14</size>
         <input_file_ref idref="fl-ee"/>
      </object_component>
      <object_component id="oc-1c9">
         <name>.text:strlen</name>
         <load_address>0x9a40</load_address>
         <run_address>0x9a40</run_address>
         <size>0x14</size>
         <input_file_ref idref="fl-ef"/>
      </object_component>
      <object_component id="oc-11f">
         <name>.text:Graphics_clearDisplay</name>
         <load_address>0x9a54</load_address>
         <run_address>0x9a54</run_address>
         <size>0x12</size>
         <input_file_ref idref="fl-123"/>
      </object_component>
      <object_component id="oc-372">
         <name>.text:atof</name>
         <load_address>0x9a66</load_address>
         <run_address>0x9a66</run_address>
         <size>0x12</size>
         <input_file_ref idref="fl-e3"/>
      </object_component>
      <object_component id="oc-4f5">
         <name>.text:wcslen</name>
         <load_address>0x9a78</load_address>
         <run_address>0x9a78</run_address>
         <size>0x12</size>
         <input_file_ref idref="fl-f9"/>
      </object_component>
      <object_component id="oc-2eb">
         <name>.text:ADCIsConversionRunning</name>
         <load_address>0x9a8c</load_address>
         <run_address>0x9a8c</run_address>
         <size>0x10</size>
         <input_file_ref idref="fl-119"/>
      </object_component>
      <object_component id="oc-12b">
         <name>.text:Interrupt_disableMaster</name>
         <load_address>0x9a9c</load_address>
         <run_address>0x9a9c</run_address>
         <size>0x10</size>
         <input_file_ref idref="fl-11c"/>
      </object_component>
      <object_component id="oc-205">
         <name>.text:Interrupt_disableSleepOnIsrExit</name>
         <load_address>0x9aac</load_address>
         <run_address>0x9aac</run_address>
         <size>0x10</size>
         <input_file_ref idref="fl-11c"/>
      </object_component>
      <object_component id="oc-e9">
         <name>.text:Interrupt_enableMaster</name>
         <load_address>0x9abc</load_address>
         <run_address>0x9abc</run_address>
         <size>0x10</size>
         <input_file_ref idref="fl-11c"/>
      </object_component>
      <object_component id="oc-1d">
         <name>.text:decompress:none:__TI_decompress_none</name>
         <load_address>0x9acc</load_address>
         <run_address>0x9acc</run_address>
         <size>0xe</size>
         <input_file_ref idref="fl-de"/>
      </object_component>
      <object_component id="oc-6a">
         <name>.text</name>
         <load_address>0x9ada</load_address>
         <run_address>0x9ada</run_address>
         <size>0xe</size>
         <input_file_ref idref="fl-6"/>
      </object_component>
      <object_component id="oc-c5">
         <name>.text:ADC14_enableModule</name>
         <load_address>0x9ae8</load_address>
         <run_address>0x9ae8</run_address>
         <size>0xc</size>
         <input_file_ref idref="fl-119"/>
      </object_component>
      <object_component id="oc-338">
         <name>.text:CPU_cpsid</name>
         <load_address>0x9af4</load_address>
         <run_address>0x9af4</run_address>
         <size>0xc</size>
         <input_file_ref idref="fl-122"/>
      </object_component>
      <object_component id="oc-303">
         <name>.text:CPU_cpsie</name>
         <load_address>0x9b00</load_address>
         <run_address>0x9b00</run_address>
         <size>0xc</size>
         <input_file_ref idref="fl-122"/>
      </object_component>
      <object_component id="oc-4c">
         <name>.text:decompress:ZI:__TI_zero_init</name>
         <load_address>0x9b0c</load_address>
         <run_address>0x9b0c</run_address>
         <size>0xc</size>
         <input_file_ref idref="fl-dd"/>
      </object_component>
      <object_component id="oc-2cf">
         <name>.text:_outc</name>
         <load_address>0x9b18</load_address>
         <run_address>0x9b18</run_address>
         <size>0xa</size>
         <input_file_ref idref="fl-cc"/>
      </object_component>
      <object_component id="oc-4fb">
         <name>.text:__aeabi_errno_addr</name>
         <load_address>0x9b24</load_address>
         <run_address>0x9b24</run_address>
         <size>0x8</size>
         <input_file_ref idref="fl-f8"/>
      </object_component>
      <object_component id="oc-3c6">
         <name>.text:malloc</name>
         <load_address>0x9b2c</load_address>
         <run_address>0x9b2c</run_address>
         <size>0x8</size>
         <input_file_ref idref="fl-e9"/>
      </object_component>
      <object_component id="oc-5d1">
         <name>.text:_outc</name>
         <load_address>0x9b34</load_address>
         <run_address>0x9b34</run_address>
         <size>0x4</size>
         <input_file_ref idref="fl-ca"/>
      </object_component>
      <object_component id="oc-5cb">
         <name>.text:_outs</name>
         <load_address>0x9b38</load_address>
         <run_address>0x9b38</run_address>
         <size>0x4</size>
         <input_file_ref idref="fl-ca"/>
      </object_component>
      <object_component id="oc-9a">
         <name>.text:_system_pre_init</name>
         <load_address>0x9b3c</load_address>
         <run_address>0x9b3c</run_address>
         <size>0x4</size>
         <input_file_ref idref="fl-104"/>
      </object_component>
      <object_component id="oc-27a">
         <name>.text:abort:abort</name>
         <load_address>0x9b40</load_address>
         <run_address>0x9b40</run_address>
         <size>0x4</size>
         <input_file_ref idref="fl-e0"/>
      </object_component>
      <object_component id="oc-48c">
         <name>.const:.string:g_pucCmtt14Data</name>
         <load_address>0x9b48</load_address>
         <run_address>0x9b48</run_address>
         <size>0x615</size>
         <input_file_ref idref="fl-126"/>
      </object_component>
      <object_component id="oc-44c">
         <name>.const:.string:g_pucCmss14Data</name>
         <load_address>0xa15d</load_address>
         <run_address>0xa15d</run_address>
         <size>0x609</size>
         <input_file_ref idref="fl-125"/>
      </object_component>
      <object_component id="oc-418">
         <name>.const:.string:g_pucFontFixed6x8Data</name>
         <load_address>0xa766</load_address>
         <run_address>0xa766</run_address>
         <size>0x2f8</size>
         <input_file_ref idref="fl-127"/>
      </object_component>
      <object_component id="oc-6f1">
         <name>.const:$O1$$</name>
         <load_address>0xaa60</load_address>
         <run_address>0xaa60</run_address>
         <size>0x158</size>
         <input_file_ref idref="fl-f4"/>
      </object_component>
      <object_component id="oc-5c3">
         <name>.const:.string:_ctypes_</name>
         <load_address>0xabb8</load_address>
         <run_address>0xabb8</run_address>
         <size>0x101</size>
         <input_file_ref idref="fl-e5"/>
      </object_component>
      <object_component id="oc-6df">
         <name>.const:$O1$$</name>
         <load_address>0xacc0</load_address>
         <run_address>0xacc0</run_address>
         <size>0xc8</size>
         <input_file_ref idref="fl-f2"/>
      </object_component>
      <object_component id="oc-1cf">
         <name>.const:g_sFontCmss14</name>
         <load_address>0xad88</load_address>
         <run_address>0xad88</run_address>
         <size>0xc8</size>
         <input_file_ref idref="fl-125"/>
      </object_component>
      <object_component id="oc-226">
         <name>.const:g_sFontCmtt14</name>
         <load_address>0xae50</load_address>
         <run_address>0xae50</run_address>
         <size>0xc8</size>
         <input_file_ref idref="fl-126"/>
      </object_component>
      <object_component id="oc-16e">
         <name>.const:g_sFontFixed6x8</name>
         <load_address>0xaf18</load_address>
         <run_address>0xaf18</run_address>
         <size>0xc8</size>
         <input_file_ref idref="fl-127"/>
      </object_component>
      <object_component id="oc-709">
         <name>.const:$O1$$</name>
         <load_address>0xafe0</load_address>
         <run_address>0xafe0</run_address>
         <size>0x98</size>
         <input_file_ref idref="fl-c7"/>
      </object_component>
      <object_component id="oc-2f8">
         <name>.const:_ctlRegs</name>
         <load_address>0xb078</load_address>
         <run_address>0xb078</run_address>
         <size>0x80</size>
         <input_file_ref idref="fl-119"/>
      </object_component>
      <object_component id="oc-60c">
         <name>.const:.string</name>
         <load_address>0xb0f8</load_address>
         <run_address>0xb0f8</run_address>
         <size>0x46</size>
         <input_file_ref idref="fl-4"/>
      </object_component>
      <object_component id="oc-2dc">
         <name>.const:GPIO_PORT_TO_BASE</name>
         <load_address>0xb140</load_address>
         <run_address>0xb140</run_address>
[...]
         <value>0x8e15</value>
         <object_component_ref idref="oc-838"/>
      </symbol>
      <symbol id="sm-e72">
         <name>HOSTwrite</name>
         <value>0x8a65</value>
         <object_component_ref idref="oc-82c"/>
      </symbol>
      <symbol id="sm-e96">
         <name>__TI_readmsg</name>
         <value>0x92f9</value>
         <object_component_ref idref="oc-861"/>
      </symbol>
      <symbol id="sm-e97">
         <name>C$$IO$$</name>
         <value>0x9143</value>
         <object_component_ref idref="oc-85b"/>
      </symbol>
      <symbol id="sm-e98">
         <name>__CIOBUF_</name>
         <value>0x20007178</value>
         <object_component_ref idref="oc-883"/>
      </symbol>
      <symbol id="sm-e99">
         <name>__TI_writemsg</name>
         <value>0x9115</value>
         <object_component_ref idref="oc-85b"/>
      </symbol>
      <symbol id="sm-eaa">
         <name>lseek</name>
         <value>0x9761</value>
         <object_component_ref idref="oc-7dd"/>
      </symbol>
      <symbol id="sm-eb4">
         <name>copysign</name>
         <value>0x991b</value>
         <object_component_ref idref="oc-751"/>
      </symbol>
      <symbol id="sm-eb5">
         <name>copysignl</name>
         <value>0x991b</value>
         <object_component_ref idref="oc-751"/>
      </symbol>
      <symbol id="sm-eca">
         <name>__TI_closefile</name>
         <value>0x839d</value>
         <object_component_ref idref="oc-80e"/>
      </symbol>
      <symbol id="sm-eed">
         <name>finddevice</name>
         <value>0x94b5</value>
         <object_component_ref idref="oc-899"/>
      </symbol>
      <symbol id="sm-eee">
         <name>getdevice</name>
         <value>0x8e9d</value>
         <object_component_ref idref="oc-879"/>
      </symbol>
      <symbol id="sm-f03">
         <name>close</name>
         <value>0x8959</value>
         <object_component_ref idref="oc-84a"/>
      </symbol>
      <symbol id="sm-f13">
         <name>unlink</name>
         <value>0x95f1</value>
         <object_component_ref idref="oc-850"/>
      </symbol>
      <symbol id="sm-101e">
         <name>ADC14_enableInterrupt</name>
         <value>0x93c5</value>
         <object_component_ref idref="oc-dd"/>
      </symbol>
      <symbol id="sm-101f">
         <name>ADC14_getInterruptStatus</name>
         <value>0x9515</value>
         <object_component_ref idref="oc-475"/>
      </symbol>
      <symbol id="sm-1020">
         <name>ADC14_enableSampleTimer</name>
         <value>0x9229</value>
         <object_component_ref idref="oc-ef"/>
      </symbol>
      <symbol id="sm-1021">
         <name>ADC14_enableConversion</name>
         <value>0x9649</value>
         <object_component_ref idref="oc-f5"/>
      </symbol>
      <symbol id="sm-1022">
         <name>ADC14_toggleConversionTrigger</name>
         <value>0x9541</value>
         <object_component_ref idref="oc-fb"/>
      </symbol>
      <symbol id="sm-1023">
         <name>ADC14_getEnabledInterruptStatus</name>
         <value>0x90dd</value>
         <object_component_ref idref="oc-20b"/>
      </symbol>
      <symbol id="sm-1024">
         <name>ADC14_initModule</name>
         <value>0x8b15</value>
         <object_component_ref idref="oc-cb"/>
      </symbol>
      <symbol id="sm-1025">
         <name>ADC14_configureMultiSequenceMode</name>
         <value>0x7a51</value>
         <object_component_ref idref="oc-d1"/>
      </symbol>
      <symbol id="sm-1026">
         <name>ADC14_clearInterruptFlag</name>
         <value>0x9395</value>
         <object_component_ref idref="oc-211"/>
      </symbol>
      <symbol id="sm-1027">
         <name>ADC14_configureConversionMemory</name>
         <value>0x799d</value>
         <object_component_ref idref="oc-d7"/>
      </symbol>
      <symbol id="sm-1028">
         <name>ADC14_enableModule</name>
         <value>0x9ae9</value>
         <object_component_ref idref="oc-c5"/>
      </symbol>
      <symbol id="sm-1029">
         <name>ADC14_getResult</name>
         <value>0x9671</value>
         <object_component_ref idref="oc-217"/>
      </symbol>
      <symbol id="sm-1037">
         <name>CS_setDCOCenteredFrequency</name>
         <value>0x925d</value>
         <object_component_ref idref="oc-137"/>
      </symbol>
      <symbol id="sm-10d2">
         <name>GPIO_setOutputHighOnPin</name>
         <value>0x96e9</value>
         <object_component_ref idref="oc-1b1"/>
      </symbol>
      <symbol id="sm-10d3">
         <name>GPIO_setAsInputPinWithPullUpResistor</name>
         <value>0x89b5</value>
         <object_component_ref idref="oc-149"/>
      </symbol>
      <symbol id="sm-10d4">
         <name>GPIO_getInterruptStatus</name>
         <value>0x97b1</value>
         <object_component_ref idref="oc-463"/>
      </symbol>
      <symbol id="sm-10d5">
         <name>GPIO_enableInterrupt</name>
         <value>0x96c1</value>
         <object_component_ref idref="oc-199"/>
      </symbol>
      <symbol id="sm-10d6">
         <name>GPIO_getEnabledInterruptStatus</name>
         <value>0x821d</value>
         <object_component_ref idref="oc-1e7"/>
      </symbol>
      <symbol id="sm-10d7">
         <name>GPIO_setAsOutputPin</name>
         <value>0x8ee1</value>
         <object_component_ref idref="oc-1a5"/>
      </symbol>
      <symbol id="sm-10d8">
         <name>GPIO_interruptEdgeSelect</name>
         <value>0x90a1</value>
         <object_component_ref idref="oc-19f"/>
      </symbol>
      <symbol id="sm-10d9">
         <name>GPIO_setOutputLowOnPin</name>
         <value>0x9711</value>
         <object_component_ref idref="oc-1ab"/>
      </symbol>
      <symbol id="sm-10da">
         <name>GPIO_clearInterruptFlag</name>
         <value>0x9699</value>
         <object_component_ref idref="oc-1ed"/>
      </symbol>
      <symbol id="sm-10db">
         <name>GPIO_setAsPeripheralModuleFunctionOutputPin</name>
         <value>0x8089</value>
         <object_component_ref idref="oc-532"/>
      </symbol>
      <symbol id="sm-10dc">
         <name>GPIO_getInputPinValue</name>
         <value>0x93f5</value>
         <object_component_ref idref="oc-1db"/>
      </symbol>
      <symbol id="sm-10dd">
         <name>GPIO_setAsPeripheralModuleFunctionInputPin</name>
         <value>0x8001</value>
         <object_component_ref idref="oc-bf"/>
      </symbol>
      <symbol id="sm-1116">
         <name>Interrupt_disableMaster</name>
         <value>0x9a9d</value>
         <object_component_ref idref="oc-12b"/>
      </symbol>
      <symbol id="sm-1117">
         <name>Interrupt_enableMaster</name>
         <value>0x9abd</value>
         <object_component_ref idref="oc-e9"/>
      </symbol>
      <symbol id="sm-1118">
         <name>Interrupt_enableInterrupt</name>
         <value>0x82a1</value>
         <object_component_ref idref="oc-e3"/>
      </symbol>
      <symbol id="sm-1119">
         <name>Interrupt_disableSleepOnIsrExit</name>
         <value>0x9aad</value>
         <object_component_ref idref="oc-205"/>
      </symbol>
      <symbol id="sm-1158">
         <name>EUSCI_B_SPI_enable</name>
         <value>0x9993</value>
         <object_component_ref idref="oc-6bf"/>
      </symbol>
      <symbol id="sm-1159">
         <name>SPI_enableModule</name>
         <value>0x9879</value>
         <object_component_ref idref="oc-53e"/>
      </symbol>
      <symbol id="sm-115a">
         <name>EUSCI_A_SPI_enable</name>
         <value>0x997d</value>
         <object_component_ref idref="oc-6b9"/>
      </symbol>
      <symbol id="sm-115b">
         <name>SPI_initMaster</name>
         <value>0x7bb7</value>
         <object_component_ref idref="oc-538"/>
      </symbol>
      <symbol id="sm-119c">
         <name>Timer_A_clearCaptureCompareInterrupt</name>
         <value>0x9599</value>
         <object_component_ref idref="oc-1e1"/>
      </symbol>
      <symbol id="sm-119d">
         <name>Timer_A_startCounter</name>
         <value>0x99d5</value>
         <object_component_ref idref="oc-155"/>
      </symbol>
      <symbol id="sm-119e">
         <name>Timer_A_configureUpMode</name>
         <value>0x8631</value>
         <object_component_ref idref="oc-14f"/>
      </symbol>
      <symbol id="sm-1210">
         <name>UART_enableInterrupt</name>
         <value>0x9455</value>
         <object_component_ref idref="oc-190"/>
      </symbol>
      <symbol id="sm-1211">
         <name>UART_receiveData</name>
         <value>0x9485</value>
         <object_component_ref idref="oc-1f9"/>
      </symbol>
      <symbol id="sm-1212">
         <name>UART_enableModule</name>
         <value>0x9a01</value>
         <object_component_ref idref="oc-1bd"/>
      </symbol>
      <symbol id="sm-1213">
         <name>UART_getEnabledInterruptStatus</name>
         <value>0x8769</value>
         <object_component_ref idref="oc-1f3"/>
      </symbol>
      <symbol id="sm-1214">
         <name>UART_transmitData</name>
         <value>0x9291</value>
         <object_component_ref idref="oc-1c3"/>
      </symbol>
      <symbol id="sm-1215">
         <name>UART_getInterruptStatus</name>
         <value>0x9935</value>
         <object_component_ref idref="oc-46b"/>
      </symbol>
      <symbol id="sm-1216">
         <name>UART_initModule</name>
         <value>0x6ecd</value>
         <object_component_ref idref="oc-1b7"/>
      </symbol>
      <symbol id="sm-1217">
         <name>UART_clearInterruptFlag</name>
         <value>0x99eb</value>
         <object_component_ref idref="oc-1ff"/>
      </symbol>
      <symbol id="sm-1218">
         <name>UART_disableInterrupt</name>
         <value>0x9425</value>
         <object_component_ref idref="oc-18a"/>
      </symbol>
      <symbol id="sm-1224">
         <name>WDT_A_holdTimer</name>
         <value>0x97d5</value>
         <object_component_ref idref="oc-125"/>
      </symbol>
      <symbol id="sm-1236">
         <name>CPU_cpsie</name>
         <value>0x9b01</value>
         <object_component_ref idref="oc-303"/>
      </symbol>
      <symbol id="sm-1237">
         <name>CPU_cpsid</name>
         <value>0x9af5</value>
         <object_component_ref idref="oc-338"/>
      </symbol>
      <symbol id="sm-1269">
         <name>Graphics_setBackgroundColor</name>
         <value>0x98e7</value>
         <object_component_ref idref="oc-113"/>
      </symbol>
      <symbol id="sm-126a">
         <name>Graphics_setFont</name>
         <value>0x9901</value>
         <object_component_ref idref="oc-119"/>
      </symbol>
      <symbol id="sm-126b">
         <name>Graphics_initContext</name>
         <value>0x8bbd</value>
         <object_component_ref idref="oc-107"/>
      </symbol>
      <symbol id="sm-126c">
         <name>Graphics_setForegroundColor</name>
         <value>0x99a9</value>
         <object_component_ref idref="oc-10d"/>
      </symbol>
      <symbol id="sm-126d">
         <name>Graphics_clearDisplay</name>
         <value>0x9a55</value>
         <object_component_ref idref="oc-11f"/>
      </symbol>
      <symbol id="sm-12a2">
         <name>Graphics_clearDisplayOnDisplay</name>
         <value>0x98cd</value>
         <object_component_ref idref="oc-330"/>
      </symbol>
      <symbol id="sm-12a3">
         <name>Graphics_drawPixelOnDisplay</name>
         <value>0x956d</value>
         <object_component_ref idref="oc-563"/>
      </symbol>
      <symbol id="sm-12a4">
         <name>Graphics_translateColorOnDisplay</name>
         <value>0x99bf</value>
         <object_component_ref idref="oc-327"/>
      </symbol>
      <symbol id="sm-12a5">
         <name>Graphics_drawHorizontalLineOnDisplay</name>
         <value>0x9185</value>
         <object_component_ref idref="oc-5f7"/>
      </symbol>
      <symbol id="sm-12a6">
         <name>Graphics_drawVerticalLineOnDisplay</name>
         <value>0x91bb</value>
         <object_component_ref idref="oc-5ff"/>
      </symbol>
      <symbol id="sm-12a7">
         <name>Graphics_fillRectangleOnDisplay</name>
         <value>0x983d</value>
         <object_component_ref idref="oc-480"/>
      </symbol>
      <symbol id="sm-12b9">
         <name>g_sFontCmss14</name>
         <value>0xad88</value>
         <object_component_ref idref="oc-1cf"/>
      </symbol>
      <symbol id="sm-12cb">
         <name>g_sFontCmtt14</name>
         <value>0xae50</value>
         <object_component_ref idref="oc-226"/>
      </symbol>
      <symbol id="sm-12dd">
         <name>g_sFontFixed6x8</name>
         <value>0xaf18</value>
         <object_component_ref idref="oc-16e"/>
      </symbol>
      <symbol id="sm-12fd">
         <name>Graphics_drawRectangle</name>
         <value>0x7c67</value>
         <object_component_ref idref="oc-15d"/>
      </symbol>
      <symbol id="sm-12fe">
         <name>Graphics_fillRectangle</name>
         <value>0x70fd</value>
         <object_component_ref idref="oc-220"/>
      </symbol>
      <symbol id="sm-1356">
         <name>Graphics_drawStringCentered</name>
         <value>0x8cf9</value>
         <object_component_ref idref="oc-131"/>
      </symbol>
      <symbol id="sm-1357">
         <name>Graphics_drawString</name>
         <value>0x4d79</value>
         <object_component_ref idref="oc-345"/>
      </symbol>
      <symbol id="sm-1358">
         <name>Graphics_getStringWidth</name>
         <value>0x751d</value>
         <object_component_ref idref="oc-33f"/>
      </symbol>
      <symbol id="sm-1379">
         <name>Graphics_drawLineH</name>
         <value>0x7d09</value>
         <object_component_ref idref="oc-3da"/>
      </symbol>
      <symbol id="sm-137a">
         <name>Graphics_drawLineV</name>
         <value>0x7da5</value>
         <object_component_ref idref="oc-3e0"/>
      </symbol>
      <symbol id="sm-137b">
         <name>__TI_static_base__</name>
         <value>0x0</value>
      </symbol>
      <symbol id="sm-137e">
         <name>__mpu_init</name>
         <value>0x0</value>
      </symbol>
      <symbol id="sm-137f">
         <name>_system_post_cinit</name>
         <value>0x0</value>
      </symbol>
      <symbol id="sm-1380">
         <name>NMI_Handler</name>
         <value>0x9ae7</value>
      </symbol>
      <symbol id="sm-1381">
         <name>HardFault_Handler</name>
         <value>0x9ae7</value>
      </symbol>
      <symbol id="sm-1382">
         <name>MemManage_Handler</name>
         <value>0x9ae7</value>
      </symbol>
      <symbol id="sm-1383">
         <name>BusFault_Handler</name>
         <value>0x9ae7</value>
      </symbol>
      <symbol id="sm-1384">
         <name>UsageFault_Handler</name>
         <value>0x9ae7</value>
      </symbol>
      <symbol id="sm-1385">
         <name>SVC_Handler</name>
         <value>0x9ae7</value>
      </symbol>
      <symbol id="sm-1386">
         <name>DebugMon_Handler</name>
         <value>0x9ae7</value>
      </symbol>
      <symbol id="sm-1387">
         <name>PendSV_Handler</name>
         <value>0x9ae7</value>
      </symbol>
      <symbol id="sm-1388">
         <name>SysTick_Handler</name>
         <value>0x9ae7</value>
      </symbol>
      <symbol id="sm-1389">
         <name>PSS_IRQHandler</name>
         <value>0x9ae7</value>
      </symbol>
      <symbol id="sm-138a">
         <name>CS_IRQHandler</name>
         <value>0x9ae7</value>
      </symbol>
      <symbol id="sm-138b">
         <name>PCM_IRQHandler</name>
         <value>0x9ae7</value>
      </symbol>
      <symbol id="sm-138c">
         <name>WDT_A_IRQHandler</name>
         <value>0x9ae7</value>
      </symbol>
      <symbol id="sm-138d">
         <name>FPU_IRQHandler</name>
         <value>0x9ae7</value>
      </symbol>
      <symbol id="sm-138e">
         <name>FLCTL_IRQHandler</name>
         <value>0x9ae7</value>
      </symbol>
      <symbol id="sm-138f">
         <name>COMP_E0_IRQHandler</name>
         <value>0x9ae7</value>
      </symbol>
      <symbol id="sm-1390">
         <name>COMP_E1_IRQHandler</name>
         <value>0x9ae7</value>
      </symbol>
      <symbol id="sm-1391">
         <name>TA0_0_IRQHandler</name>
         <value>0x9ae7</value>
      </symbol>
      <symbol id="sm-1392">
         <name>TA0_N_IRQHandler</name>
         <value>0x9ae7</value>
      </symbol>
      <symbol id="sm-1393">
         <name>TA1_0_IRQHandler</name>
         <value>0xb83</value>
      </symbol>
      <symbol id="sm-1394">
         <name>TA1_N_IRQHandler</name>
         <value>0x9ae7</value>
      </symbol>
      <symbol id="sm-1395">
         <name>TA2_0_IRQHandler</name>
         <value>0x9ae7</value>
      </symbol>
      <symbol id="sm-1396">
         <name>TA2_N_IRQHandler</name>
         <value>0x9ae7</value>
      </symbol>
      <symbol id="sm-1397">
         <name>TA3_0_IRQHandler</name>
         <value>0x9ae7</value>
      </symbol>
      <symbol id="sm-1398">
         <name>TA3_N_IRQHandler</name>
         <value>0x9ae7</value>
      </symbol>
      <symbol id="sm-1399">
         <name>EUSCIA0_IRQHandler</name>
         <value>0x9ae7</value>
      </symbol>
      <symbol id="sm-139a">
         <name>EUSCIA1_IRQHandler</name>
         <value>0x9ae7</value>
      </symbol>
      <symbol id="sm-139b">
         <name>EUSCIA2_IRQHandler</name>
         <value>0xc65</value>
      </symbol>
      <symbol id="sm-139c">
         <name>EUSCIA3_IRQHandler</name>
         <value>0x9ae7</value>
      </symbol>
      <symbol id="sm-139d">
         <name>EUSCIB0_IRQHandler</name>
         <value>0x9ae7</value>
      </symbol>
      <symbol id="sm-139e">
         <name>EUSCIB1_IRQHandler</name>
         <value>0x9ae7</value>
      </symbol>
      <symbol id="sm-139f">
         <name>EUSCIB2_IRQHandler</name>
         <value>0x9ae7</value>
      </symbol>
      <symbol id="sm-13a0">
         <name>EUSCIB3_IRQHandler</name>
         <value>0x9ae7</value>
      </symbol>
      <symbol id="sm-13a1">
         <name>ADC14_IRQHandler</name>
         <value>0xca1</value>
      </symbol>
      <symbol id="sm-13a2">
         <name>T32_INT1_IRQHandler</name>
         <value>0x9ae7</value>
      </symbol>
      <symbol id="sm-13a3">
         <name>T32_INT2_IRQHandler</name>
         <value>0x9ae7</value>
      </symbol>
      <symbol id="sm-13a4">
         <name>T32_INTC_IRQHandler</name>
         <value>0x9ae7</value>
      </symbol>
      <symbol id="sm-13a5">
         <name>AES256_IRQHandler</name>
         <value>0x9ae7</value>
      </symbol>
      <symbol id="sm-13a6">
         <name>RTC_C_IRQHandler</name>
         <value>0x9ae7</value>
      </symbol>
      <symbol id="sm-13a7">
         <name>DMA_ERR_IRQHandler</name>
         <value>0x9ae7</value>
      </symbol>
      <symbol id="sm-13a8">
         <name>DMA_INT3_IRQHandler</name>
         <value>0x9ae7</value>
      </symbol>
      <symbol id="sm-13a9">
         <name>DMA_INT2_IRQHandler</name>
         <value>0x9ae7</value>
      </symbol>
      <symbol id="sm-13aa">
         <name>DMA_INT1_IRQHandler</name>
         <value>0x9ae7</value>
      </symbol>
      <symbol id="sm-13ab">
         <name>DMA_INT0_IRQHandler</name>
         <value>0x9ae7</value>
      </symbol>
      <symbol id="sm-13ac">
         <name>PORT1_IRQHandler</name>
         <value>0xc35</value>
      </symbol>
      <symbol id="sm-13ad">
         <name>PORT2_IRQHandler</name>
         <value>0x9ae7</value>
      </symbol>
      <symbol id="sm-13ae">
         <name>PORT3_IRQHandler</name>
         <value>0xbfd</value>
      </symbol>
      <symbol id="sm-13af">
         <name>PORT4_IRQHandler</name>
         <value>0x9ae7</value>
      </symbol>
      <symbol id="sm-13b0">
         <name>PORT5_IRQHandler</name>
         <value>0xbbd</value>
      </symbol>
      <symbol id="sm-13b1">
         <name>PORT6_IRQHandler</name>
         <value>0x9ae7</value>
      </symbol>
      <symbol id="sm-13b2">
         <name>remove</name>
         <value>0x95f1</value>
      </symbol>
   </symbol_table>
   <title>Link successful</title>
</link_info>
