******************************************************************************
                  TI ARM Linker Unix v20.2.7                   
******************************************************************************
>> Linked Sun Feb 18 19:52:43 2024

OUTPUT FILE NAME:   <test_balbi_v3.out>
ENTRY POINT SYMBOL: "_c_int00_noargs"  address: 0000932d


MEMORY CONFIGURATION

         name            origin    length      used     unused   attr    fill
----------------------  --------  ---------  --------  --------  ----  --------
  MAIN                  00000000   00040000  0000b348  00034cb8  R  X
  INFO                  00200000   00004000  00000000  00004000  R  X
  SRAM_CODE             01000000   00010000  00007e44  000081bc  RW X
  SRAM_DATA             20000000   00010000  00007e44  000081bc  RW  


SEGMENT ALLOCATION MAP

run origin  load origin   length   init length attrs members
----------  ----------- ---------- ----------- ----- -------
00000000    00000000    0000b350   0000b350    r-x
  00000000    00000000    000000e4   000000e4    r-- .intvecs
  000000e4    000000e4    00009a60   00009a60    r-x .text
  00009b48    00009b48    000016b4   000016b4    r-- .const
  0000b200    0000b200    00000150   00000150    r-- .cinit
20000000    20000000    00007c44   00000000    rw-
  20000000    20000000    00007518   00000000    rw- .bss
  20007518    20007518    00000400   00000000    rw- .sysmem
  20007918    20007918    0000032c   00000000    rw- .data
2000fe00    2000fe00    00000200   00000000    rw-
  2000fe00    2000fe00    00000200   00000000    rw- .stack


SECTION ALLOCATION MAP

 output                                  attributes/
section   page    origin      length       input sections
--------  ----  ----------  ----------   ----------------
.intvecs   0    00000000    000000e4     
                  00000000    000000e4     startup_msp432p401r_ccs.obj (.intvecs:retain)

.text      0    000000e4    00009a60     
                  000000e4    000013cc     main.obj (.text)
                  000014b0    00000a4e     rtsv7M4_T_le_v4SPD16_eabi.lib : _printfi.c.obj (.text:__TI_printfi)
                  00001efe    00000002                                   : _lock.c.obj (.text:_nop)
                  00001f00    00000a24     gps.obj (.text)
                  00002924    00000738     rtsv7M4_T_le_v4SPD16_eabi.lib : k_rem_pio2.c.obj (.text:__kernel_rem_pio2)
                  0000305c    00000680     Crystalfontz128x128_ST7735.obj (.text)
                  000036dc    00000652     race.obj (.text)
                  00003d2e    00000002     rtsv7M4_T_le_v4SPD16_eabi.lib : div0.asm.obj (.text)
                  00003d30    000005e0                                   : s_sin.c.obj (.text:sin)
                  00004310    000005dc                                   : s_cos.c.obj (.text:cos)
                  000048ec    0000048c     graphics_functions.obj (.text)
                  00004d78    0000047e     grlib.a : string.obj (.text:Graphics_drawString)
                  000051f6    00000002     --HOLE-- [fill = 0]
                  000051f8    00000460     rtsv7M4_T_le_v4SPD16_eabi.lib : strtod.c.obj (.text:strtod)
                  00005658    00000334     system_msp432p401r.obj (.text)
                  0000598c    000002ec     rtsv7M4_T_le_v4SPD16_eabi.lib : s_atan.c.obj (.text:atan)
                  00005c78    00000270                                   : _printfi.c.obj (.text:_pconv_a)
                  00005ee8    000001e4                                   : e_atan2.c.obj (.text:atan2)
                  000060cc    000001d0                                   : _printfi.c.obj (.text:_pconv_g)
                  0000629c    000001b6                                   : fd_add_t2.asm.obj (.text)
                  00006452    00000002     --HOLE-- [fill = 0]
                  00006454    00000174                                   : k_sin.c.obj (.text:__kernel_sin)
                  000065c8    00000170                                   : k_cos.c.obj (.text:__kernel_cos)
                  00006738    00000160     msp432p4xx_driverlib.lib : adc14.o (.text:_getIndexForMemRegister)
                  00006898    00000158     rtsv7M4_T_le_v4SPD16_eabi.lib : e_sqrt.c.obj (.text:sqrt)
                  000069f0    00000144     msp432p4xx_driverlib.lib : timer_a.o (.text:privateTimer_AProcessClockSourceDivider)
                  00006b34    0000013c     rtsv7M4_T_le_v4SPD16_eabi.lib : _printfi.c.obj (.text:_pconv_e)
                  00006c70    00000136                                   : fd_div_t2.asm.obj (.text)
                  00006da6    00000002     --HOLE-- [fill = 0]
                  00006da8    00000124                                   : _printfi.c.obj (.text:fcvt)
                  00006ecc    0000011c     msp432p4xx_driverlib.lib : uart.o (.text:UART_initModule)
                  00006fe8    00000114     rtsv7M4_T_le_v4SPD16_eabi.lib : fputs.c.obj (.text:fputs)
                  000070fc    00000112     grlib.a : rectangle.obj (.text:Graphics_fillRectangle)
                  0000720e    00000002     --HOLE-- [fill = 0]
                  00007210    00000110     rtsv7M4_T_le_v4SPD16_eabi.lib : s_scalbn.c.obj (.text:scalbn)
                  00007320    00000100                                   : memory.c.obj (.text:aligned_alloc)
                  00007420    000000fc                                   : fd_mul_t2.asm.obj (.text)
                  0000751c    000000fa     grlib.a : string.obj (.text:Graphics_getStringWidth)
                  00007616    00000002     --HOLE-- [fill = 0]
                  00007618    000000f8     rtsv7M4_T_le_v4SPD16_eabi.lib : s_floor.c.obj (.text:floor)
                  00007710    000000e4                                   : memory.c.obj (.text:free)
                  000077f4    000000dc                                   : setvbuf.c.obj (.text:setvbuf)
                  000078d0    000000cc     HAL_MSP_EXP432P401R_Crystalfontz128x128_ST7735.obj (.text)
                  0000799c    000000b4     msp432p4xx_driverlib.lib : adc14.o (.text:ADC14_configureConversionMemory)
                  00007a50    000000b4                              : adc14.o (.text:ADC14_configureMultiSequenceMode)
                  00007b04    000000b1     rtsv7M4_T_le_v4SPD16_eabi.lib : _printfi.c.obj (.text:_ltostr)
                  00007bb5    00000001     --HOLE-- [fill = 0]
                  00007bb6    000000b0     msp432p4xx_driverlib.lib : spi.o (.text:SPI_initMaster)
                  00007c66    000000a2     grlib.a : rectangle.obj (.text:Graphics_drawRectangle)
                  00007d08    0000009c             : line.obj (.text:Graphics_drawLineH)
                  00007da4    0000009c             : line.obj (.text:Graphics_drawLineV)
                  00007e40    0000009c     rtsv7M4_T_le_v4SPD16_eabi.lib : memcpy_t2.asm.obj (.text)
                  00007edc    00000096                                   : ull_div_t2.asm.obj (.text)
                  00007f72    00000002     --HOLE-- [fill = 0]
                  00007f74    0000008c                                   : fputc.c.obj (.text:fputc)
                  00008000    00000088     msp432p4xx_driverlib.lib : gpio.o (.text:GPIO_setAsPeripheralModuleFunctionInputPin)
                  00008088    00000088                              : gpio.o (.text:GPIO_setAsPeripheralModuleFunctionOutputPin)
                  00008110    00000086     rtsv7M4_T_le_v4SPD16_eabi.lib : fd_cmp_t2.asm.obj (.text:__aeabi_cdcmple)
                  00008196    00000086                                   : fd_cmp_t2.asm.obj (.text:__aeabi_cdrcmple)
                  0000821c    00000084     msp432p4xx_driverlib.lib : gpio.o (.text:GPIO_getEnabledInterruptStatus)
                  000082a0    00000080                              : interrupt.o (.text:Interrupt_enableInterrupt)
                  00008320    0000007a     rtsv7M4_T_le_v4SPD16_eabi.lib : memset_t2.asm.obj (.text)
                  0000839a    00000002     --HOLE-- [fill = 0]
                  0000839c    00000074                                   : fclose.c.obj (.text:__TI_closefile)
                  00008410    00000070                                   : memory.c.obj (.text:split)
                  00008480    0000006e                                   : _printfi.c.obj (.text:_mcpy)
                  000084ee    0000006e                                   : fd_tos_t2.asm.obj (.text)
                  0000855c    0000006c                                   : hostrename.c.obj (.text:HOSTrename)
                  000085c8    00000068                                   : hostlseek.c.obj (.text:HOSTlseek)
                  00008630    00000068     msp432p4xx_driverlib.lib : timer_a.o (.text:Timer_A_configureUpMode)
                  00008698    00000068     rtsv7M4_T_le_v4SPD16_eabi.lib : copy_decompress_lzss.c.obj (.text:decompress:lzss:__TI_decompress_lzss)
                  00008700    00000068                                   : printf.c.obj (.text:printf)
                  00008768    00000064     msp432p4xx_driverlib.lib : uart.o (.text:UART_getEnabledInterruptStatus)
                  000087cc    00000064     rtsv7M4_T_le_v4SPD16_eabi.lib : s_frexp.c.obj (.text:frexp)
                  00008830    00000064                                   : fseek.c.obj (.text:fseek)
                  00008894    00000062                                   : _io_perm.c.obj (.text:__TI_wrt_ok)
                  000088f6    00000002     --HOLE-- [fill = 0]
                  000088f8    00000060                                   : hostopen.c.obj (.text:HOSTopen)
                  00008958    0000005c                                   : close.c.obj (.text:close)
                  000089b4    00000058     msp432p4xx_driverlib.lib : gpio.o (.text:GPIO_setAsInputPinWithPullUpResistor)
                  00008a0c    00000058     rtsv7M4_T_le_v4SPD16_eabi.lib : hostread.c.obj (.text:HOSTread)
                  00008a64    00000058                                   : hostwrite.c.obj (.text:HOSTwrite)
                  00008abc    00000056                                   : _printfi.c.obj (.text:_pconv_f)
                  00008b12    00000002     --HOLE-- [fill = 0]
                  00008b14    00000054     msp432p4xx_driverlib.lib : adc14.o (.text:ADC14_initModule)
                  00008b68    00000054     rtsv7M4_T_le_v4SPD16_eabi.lib : _ltoa.c.obj (.text:__TI_ltoa)
                  00008bbc    00000052     grlib.a : context.obj (.text:Graphics_initContext)
                  00008c0e    00000052     rtsv7M4_T_le_v4SPD16_eabi.lib : _printfi.c.obj (.text:_ecpy)
                  00008c60    0000004c                                   : fflush.c.obj (.text:__TI_doflush)
                  00008cac    0000004c                                   : atoi.c.obj (.text:atoi)
                  00008cf8    00000048     grlib.a : string.obj (.text:Graphics_drawStringCentered)
                  00008d40    00000048     rtsv7M4_T_le_v4SPD16_eabi.lib : exit.c.obj (.text:exit)
                  00008d88    00000048                                   : fd_toi_t2.asm.obj (.text)
                  00008dd0    00000044                                   : hostclose.c.obj (.text:HOSTclose)
                  00008e14    00000044                                   : hostunlink.c.obj (.text:HOSTunlink)
                  00008e58    00000044                                   : autoinit.c.obj (.text:__TI_auto_init_nobinit_nopinit:__TI_auto_init_nobinit_nopinit)
                  00008e9c    00000044                                   : getdevice.c.obj (.text:getdevice)
                  00008ee0    00000040     msp432p4xx_driverlib.lib : gpio.o (.text:GPIO_setAsOutputPin)
                  00008f20    00000040     grlib.a : string.obj (.text:Graphics_getNumberOfLeadingZeros)
                  00008f60    00000040     msp432p4xx_driverlib.lib : spi.o (.text:is_A_Module)
                  00008fa0    00000040     rtsv7M4_T_le_v4SPD16_eabi.lib : u_divt2.asm.obj (.text)
                  00008fe0    00000040                                   : sprintf.c.obj (.text:sprintf)
                  00009020    00000040                                   : strtok.c.obj (.text:strtok)
                  00009060    0000003e                                   : _printfi.c.obj (.text:_fcpy)
                  0000909e    00000002     --HOLE-- [fill = 0]
                  000090a0    0000003c     msp432p4xx_driverlib.lib : gpio.o (.text:GPIO_interruptEdgeSelect)
                  000090dc    00000038                              : adc14.o (.text:ADC14_getEnabledInterruptStatus)
                  00009114    00000038     rtsv7M4_T_le_v4SPD16_eabi.lib : trgmsg.c.obj (.text:__TI_writemsg)
                  0000914c    00000038                                   : fs_tod_t2.asm.obj (.text)
                  00009184    00000036     grlib.a : display.obj (.text:Graphics_drawHorizontalLineOnDisplay)
                  000091ba    00000036             : display.obj (.text:Graphics_drawVerticalLineOnDisplay)
                  000091f0    00000036     rtsv7M4_T_le_v4SPD16_eabi.lib : strncpy.c.obj (.text:strncpy)
                  00009226    00000002     --HOLE-- [fill = 0]
                  00009228    00000034     msp432p4xx_driverlib.lib : adc14.o (.text:ADC14_enableSampleTimer)
                  0000925c    00000034                              : cs.o (.text:CS_setDCOCenteredFrequency)
                  00009290    00000034                              : uart.o (.text:UART_transmitData)
                  000092c4    00000034     rtsv7M4_T_le_v4SPD16_eabi.lib : fopen.c.obj (.text:__TI_cleanup)
                  000092f8    00000034                                   : trgmsg.c.obj (.text:__TI_readmsg)
                  0000932c    00000034                                   : boot_cortex_m.c.obj (.text:_c_int00_noargs:_c_int00_noargs)
                  00009360    00000034                                   : rand.c.obj (.text:rand)
                  00009394    00000030     msp432p4xx_driverlib.lib : adc14.o (.text:ADC14_clearInterruptFlag)
                  000093c4    00000030                              : adc14.o (.text:ADC14_enableInterrupt)
                  000093f4    00000030                              : gpio.o (.text:GPIO_getInputPinValue)
                  00009424    00000030                              : uart.o (.text:UART_disableInterrupt)
                  00009454    00000030                              : uart.o (.text:UART_enableInterrupt)
                  00009484    00000030                              : uart.o (.text:UART_receiveData)
                  000094b4    00000030     rtsv7M4_T_le_v4SPD16_eabi.lib : getdevice.c.obj (.text:finddevice)
                  000094e4    0000002e                                   : i_tofd_t2.asm.obj (.text)
                  00009512    00000002     --HOLE-- [fill = 0]
                  00009514    0000002c     msp432p4xx_driverlib.lib : adc14.o (.text:ADC14_getInterruptStatus)
                  00009540    0000002c                              : adc14.o (.text:ADC14_toggleConversionTrigger)
                  0000956c    0000002c     grlib.a : display.obj (.text:Graphics_drawPixelOnDisplay)
                  00009598    0000002c     msp432p4xx_driverlib.lib : timer_a.o (.text:Timer_A_clearCaptureCompareInterrupt)
                  000095c4    0000002c     rtsv7M4_T_le_v4SPD16_eabi.lib : strncmp.c.obj (.text:strncmp)
                  000095f0    0000002c                                   : unlink.c.obj (.text:unlink)
                  0000961c    0000002a                                   : strspn.c.obj (.text:strspn)
                  00009646    00000002     --HOLE-- [fill = 0]
                  00009648    00000028     msp432p4xx_driverlib.lib : adc14.o (.text:ADC14_enableConversion)
                  00009670    00000028                              : adc14.o (.text:ADC14_getResult)
                  00009698    00000028                              : gpio.o (.text:GPIO_clearInterruptFlag)
                  000096c0    00000028                              : gpio.o (.text:GPIO_enableInterrupt)
                  000096e8    00000028                              : gpio.o (.text:GPIO_setOutputHighOnPin)
                  00009710    00000028                              : gpio.o (.text:GPIO_setOutputLowOnPin)
                  00009738    00000028     rtsv7M4_T_le_v4SPD16_eabi.lib : memory.c.obj (.text:free_list_insert)
                  00009760    00000028                                   : lseek.c.obj (.text:lseek)
                  00009788    00000028                                   : write.c.obj (.text:write)
                  000097b0    00000024     msp432p4xx_driverlib.lib : gpio.o (.text:GPIO_getInterruptStatus)
                  000097d4    00000024                              : wdt_a.o (.text:WDT_A_holdTimer)
                  000097f8    00000024     rtsv7M4_T_le_v4SPD16_eabi.lib : strcspn.c.obj (.text:strcspn)
                  0000981c    00000020                                   : memchr.c.obj (.text:memchr)
                  0000983c    0000001e     grlib.a : display.obj (.text:Graphics_fillRectangleOnDisplay)
                  0000985a    0000001e     rtsv7M4_T_le_v4SPD16_eabi.lib : strcat.c.obj (.text:strcat)
                  00009878    0000001c     msp432p4xx_driverlib.lib : spi.o (.text:SPI_enableModule)
                  00009894    0000001c     rtsv7M4_T_le_v4SPD16_eabi.lib : memory.c.obj (.text:free_list_remove)
                  000098b0    0000001c                                   : memccpy.c.obj (.text:memccpy)
                  000098cc    0000001a     grlib.a : display.obj (.text:Graphics_clearDisplayOnDisplay)
                  000098e6    0000001a             : context.obj (.text:Graphics_setBackgroundColor)
                  00009900    0000001a             : context.obj (.text:Graphics_setFont)
                  0000991a    0000001a     rtsv7M4_T_le_v4SPD16_eabi.lib : s_copysign.c.obj (.text:copysign)
                  00009934    00000018     msp432p4xx_driverlib.lib : uart.o (.text:UART_getInterruptStatus)
                  0000994c    00000018     rtsv7M4_T_le_v4SPD16_eabi.lib : sprintf.c.obj (.text:_outs)
                  00009964    00000018                                   : strcmp.c.obj (.text:strcmp)
                  0000997c    00000016     msp432p4xx_driverlib.lib : spi.o (.text:EUSCI_A_SPI_enable)
                  00009992    00000016                              : spi.o (.text:EUSCI_B_SPI_enable)
                  000099a8    00000016     grlib.a : context.obj (.text:Graphics_setForegroundColor)
                  000099be    00000016             : display.obj (.text:Graphics_translateColorOnDisplay)
                  000099d4    00000016     msp432p4xx_driverlib.lib : timer_a.o (.text:Timer_A_startCounter)
                  000099ea    00000016                              : uart.o (.text:UART_clearInterruptFlag)
                  00009a00    00000016                              : uart.o (.text:UART_enableModule)
                  00009a16    00000016     rtsv7M4_T_le_v4SPD16_eabi.lib : strchr.c.obj (.text:strchr)
                  00009a2c    00000014                                   : strcpy.c.obj (.text:strcpy)
                  00009a40    00000014                                   : strlen.c.obj (.text:strlen)
                  00009a54    00000012     grlib.a : context.obj (.text:Graphics_clearDisplay)
                  00009a66    00000012     rtsv7M4_T_le_v4SPD16_eabi.lib : atof.c.obj (.text:atof)
                  00009a78    00000012                                   : wcslen.c.obj (.text:wcslen)
                  00009a8a    00000002     --HOLE-- [fill = 0]
                  00009a8c    00000010     msp432p4xx_driverlib.lib : adc14.o (.text:ADCIsConversionRunning)
                  00009a9c    00000010                              : interrupt.o (.text:Interrupt_disableMaster)
                  00009aac    00000010                              : interrupt.o (.text:Interrupt_disableSleepOnIsrExit)
                  00009abc    00000010                              : interrupt.o (.text:Interrupt_enableMaster)
                  00009acc    0000000e     rtsv7M4_T_le_v4SPD16_eabi.lib : copy_decompress_none.c.obj (.text:decompress:none:__TI_decompress_none)
                  00009ada    0000000e     startup_msp432p401r_ccs.obj (.text)
                  00009ae8    0000000c     msp432p4xx_driverlib.lib : adc14.o (.text:ADC14_enableModule)
                  00009af4    0000000c                              : cpu.o (.text:CPU_cpsid)
                  00009b00    0000000c                              : cpu.o (.text:CPU_cpsie)
                  00009b0c    0000000c     rtsv7M4_T_le_v4SPD16_eabi.lib : copy_zero_init.c.obj (.text:decompress:ZI:__TI_zero_init)
                  00009b18    0000000a                                   : sprintf.c.obj (.text:_outc)
                  00009b22    00000002     --HOLE-- [fill = 0]
                  00009b24    00000008                                   : errno.c.obj (.text:__aeabi_errno_addr)
                  00009b2c    00000008                                   : memory.c.obj (.text:malloc)
                  00009b34    00000004                                   : printf.c.obj (.text:_outc)
                  00009b38    00000004                                   : printf.c.obj (.text:_outs)
                  00009b3c    00000004                                   : pre_init.c.obj (.text:_system_pre_init)
                  00009b40    00000004                                   : exit.c.obj (.text:abort:abort)

.const     0    00009b48    000016b4     
                  00009b48    00000615     grlib.a : fontcmtt14.obj (.const:.string:g_pucCmtt14Data)
                  0000a15d    00000609             : fontcmss14.obj (.const:.string:g_pucCmss14Data)
                  0000a766    000002f8             : fontfixed6x8.obj (.const:.string:g_pucFontFixed6x8Data)
                  0000aa5e    00000002     --HOLE-- [fill = 0]
                  0000aa60    00000158     rtsv7M4_T_le_v4SPD16_eabi.lib : k_rem_pio2.c.obj (.const:$O1$$)
                  0000abb8    00000101                                   : ctype.c.obj (.const:.string:_ctypes_)
                  0000acb9    00000007     --HOLE-- [fill = 0]
                  0000acc0    000000c8                                   : strtod.c.obj (.const:$O1$$)
                  0000ad88    000000c8     grlib.a : fontcmss14.obj (.const:g_sFontCmss14)
                  0000ae50    000000c8             : fontcmtt14.obj (.const:g_sFontCmtt14)
                  0000af18    000000c8             : fontfixed6x8.obj (.const:g_sFontFixed6x8)
                  0000afe0    00000098     rtsv7M4_T_le_v4SPD16_eabi.lib : s_atan.c.obj (.const:$O1$$)
                  0000b078    00000080     msp432p4xx_driverlib.lib : adc14.o (.const:_ctlRegs)
                  0000b0f8    00000046     main.obj (.const:.string)
                  0000b13e    00000002     --HOLE-- [fill = 0]
                  0000b140    00000030     msp432p4xx_driverlib.lib : gpio.o (.const:GPIO_PORT_TO_BASE)
                  0000b170    00000028     main.obj (.const:uartConfig1)
                  0000b198    00000020     Crystalfontz128x128_ST7735.obj (.const:g_sCrystalfontz128x128_funcs)
                  0000b1b8    0000001c     HAL_MSP_EXP432P401R_Crystalfontz128x128_ST7735.obj (.const:$P$T0$1)
                  0000b1d4    00000018     main.obj (.const:upConfig)
                  0000b1ec    00000008     Crystalfontz128x128_ST7735.obj (.const:$P$T0$1)
                  0000b1f4    00000008     msp432p4xx_driverlib.lib : interrupt.o (.const:g_pulEnRegs)

.cinit     0    0000b200    00000150     
                  0000b200    0000012a     (.cinit..data.load) [load image, compression = lzss]
                  0000b32a    00000002     --HOLE-- [fill = 0]
                  0000b32c    0000000c     (__TI_handler_table)
                  0000b338    00000008     (.cinit..bss.load) [load image, compression = zero_init]
                  0000b340    00000010     (__TI_cinit_table)

.init_array 
*          0    00000000    00000000     UNINITIALIZED

.binit     0    00000000    00000000     

.bss       0    20000000    00007518     UNINITIALIZED
                  20000000    00007178     (.common:race)
                  20007178    00000120     rtsv7M4_T_le_v4SPD16_eabi.lib : trgmsg.c.obj (.bss:_CIOBUF_)
                  20007298    000000c4     (.common:gps)
                  2000735c    000000a0     (.common:__TI_tmpnams)
                  200073fc    00000064     race.obj (.bss:str$4)
                  20007460    0000001c     (.common:g_sContext)
                  2000747c    00000014     race.obj (.bss:buffer$1)
                  20007490    00000014     race.obj (.bss:buffer$2)
                  200074a4    00000014     graphics_functions.obj (.bss:output_str$1)
                  200074b8    0000000c     gps.obj (.bss:buffer_pos_to_decimal$1)
                  200074c4    0000000c     gps.obj (.bss:buffer_set_position$2)
                  200074d0    0000000c     gps.obj (.bss:buffer_temporal_separator$3)
                  200074dc    0000000c     race.obj (.bss:time$3)
                  200074e8    00000008     graphics_functions.obj (.bss:last_five$2)
                  200074f0    00000008     main.obj (.bss:str$1)
                  200074f8    00000008     main.obj (.bss:str$2)
                  20007500    00000008     (.common:parmbuf)
                  20007508    00000004     main.obj (.bss:resultsBuffer)
                  2000750c    00000002     (.common:Lcd_ScreenHeigth)
                  2000750e    00000002     (.common:Lcd_ScreenWidth)
                  20007510    00000002     (.common:Lcd_TouchTrim)
                  20007512    00000001     (.common:Lcd_FlagRead)
                  20007513    00000001     (.common:Lcd_FontSolid)
                  20007514    00000001     (.common:Lcd_Orientation)
                  20007515    00000001     (.common:Lcd_PenSolid)
                  20007516    00000001     (.common:current_state)
                  20007517    00000001     (.common:event)

.sysmem    0    20007518    00000400     UNINITIALIZED
                  20007518    00000010     rtsv7M4_T_le_v4SPD16_eabi.lib : memory.c.obj (.sysmem)
                  20007528    000003f0     --HOLE--

.data      0    20007918    0000032c     UNINITIALIZED
                  20007918    000000f0     rtsv7M4_T_le_v4SPD16_eabi.lib : defs.c.obj (.data:_ftable)
                  20007a08    00000078                                   : host_device.c.obj (.data:_device)
                  20007a80    00000050                                   : host_device.c.obj (.data:_stream)
                  20007ad0    00000050     main.obj (.data:ds)
                  20007b20    00000028     main.obj (.data:fsm)
                  20007b48    00000028     main.obj (.data:fsm_arrived)
                  20007b70    00000018     main.obj (.data:fsm_run)
                  20007b88    00000014     main.obj (.data)
                  20007b9c    00000010     Crystalfontz128x128_ST7735.obj (.data:g_sCrystalfontz128x128)
                  20007bac    00000010     rtsv7M4_T_le_v4SPD16_eabi.lib : defs.c.obj (.data)
                  20007bbc    0000000c                                   : exit.c.obj (.data:$O1$$)
                  20007bc8    0000000c     main.obj (.data:circular_buffer)
                  20007bd4    00000008     rtsv7M4_T_le_v4SPD16_eabi.lib : _lock.c.obj (.data:$O1$$)
                  20007bdc    00000008                                   : memory.c.obj (.data:$O1$$)
                  20007be4    00000008     graphics_functions.obj (.data:back_rect)
                  20007bec    00000008     main.obj (.data:back_rect)
                  20007bf4    00000008     graphics_functions.obj (.data:l_rect)
                  20007bfc    00000008     main.obj (.data:l_rect)
                  20007c04    00000008     graphics_functions.obj (.data:main_rect)
                  20007c0c    00000008     main.obj (.data:main_rect)
                  20007c14    00000008     graphics_functions.obj (.data:r_rect)
                  20007c1c    00000008     main.obj (.data:r_rect)
                  20007c24    00000008     graphics_functions.obj (.data:up_rect)
                  20007c2c    00000008     main.obj (.data:up_rect)
                  20007c34    00000004     rtsv7M4_T_le_v4SPD16_eabi.lib : errno.c.obj (.data)
                  20007c38    00000004                                   : rand.c.obj (.data)
                  20007c3c    00000004                                   : strtok.c.obj (.data)
                  20007c40    00000004     system_msp432p401r.obj (.data)

.stack     0    2000fe00    00000200     UNINITIALIZED
                  2000fe00    00000004     rtsv7M4_T_le_v4SPD16_eabi.lib : boot_cortex_m.c.obj (.stack)
                  2000fe04    000001fc     --HOLE--

__llvm_prf_cnts 
*          0    20000000    00000000     UNINITIALIZED

MODULE SUMMARY

       Module                                               code    ro data   rw data
       ------                                               ----    -------   -------
    ./
       main.obj                                             5068    134       59044  
       gps.obj                                              2596    0         72     
       race.obj                                             1618    0         304    
       graphics_functions.obj                               1164    0         192    
       system_msp432p401r.obj                               820     0         8      
       startup_msp432p401r_ccs.obj                          14      228       0      
    +--+----------------------------------------------------+-------+---------+---------+
       Total:                                               11280   362       59620  
                                                                                     
    ./LcdDriver/
       Crystalfontz128x128_ST7735.obj                       1664    40        52     
       HAL_MSP_EXP432P401R_Crystalfontz128x128_ST7735.obj   204     28        0      
    +--+----------------------------------------------------+-------+---------+---------+
       Total:                                               1868    68        52     
                                                                                     
    /home/marco/UNI/5°semestre/ESIoT/progetto/MSP423/library/simplelink/simplelink_msp432p4_sdk_3_40_01_02/source/ti/devices/msp432p4xx/driverlib/ccs/msp432p4xx_driverlib.lib
       adc14.o                                              1196    128       0      
       gpio.o                                               860     48        0      
       uart.o                                               648     0         0      
       timer_a.o                                            494     0         0      
       spi.o                                                312     0         0      
       interrupt.o                                          176     8         0      
       cs.o                                                 52      0         0      
       wdt_a.o                                              36      0         0      
       cpu.o                                                24      0         0      
    +--+----------------------------------------------------+-------+---------+---------+
       Total:                                               3798    184       0      
                                                                                     
    /home/marco/UNI/5°semestre/ESIoT/progetto/MSP423/library/simplelink/simplelink_msp432p4_sdk_3_40_01_02/source/ti/grlib/lib/ccs/m4/grlib.a
       fontcmtt14.obj                                       0       1757      0      
       fontcmss14.obj                                       0       1745      0      
       string.obj                                           1536    0         0      
       fontfixed6x8.obj                                     0       960       0      
       rectangle.obj                                        436     0         0      
       line.obj                                             312     0         0      
       display.obj                                          230     0         0      
       context.obj                                          174     0         0      
    +--+----------------------------------------------------+-------+---------+---------+
       Total:                                               2688    4462      0      
                                                                                     
    /home/marco/ti/ccs1230/ccs/tools/compiler/ti-cgt-arm_20.2.7.LTS/lib/rtsv7M4_T_le_v4SPD16_eabi.lib
       _printfi.c.obj                                       4851    0         0      
       k_rem_pio2.c.obj                                     1848    344       0      
       s_sin.c.obj                                          1504    0         0      
       s_cos.c.obj                                          1500    0         0      
       strtod.c.obj                                         1120    200       0      
       s_atan.c.obj                                         748     152       0      
       defs.c.obj                                           0       0         832    
       memory.c.obj                                         672     0         16     
       trgmsg.c.obj                                         108     0         576    
       e_atan2.c.obj                                        484     0         0      
       fd_add_t2.asm.obj                                    438     0         0      
       host_device.c.obj                                    0       0         400    
       k_sin.c.obj                                          372     0         0      
       k_cos.c.obj                                          368     0         0      
       e_sqrt.c.obj                                         344     0         0      
       fd_div_t2.asm.obj                                    310     0         0      
       fputs.c.obj                                          276     0         0      
       s_scalbn.c.obj                                       272     0         0      
       fd_cmp_t2.asm.obj                                    268     0         0      
       ctype.c.obj                                          0       257       0      
       fd_mul_t2.asm.obj                                    252     0         0      
       s_floor.c.obj                                        248     0         0      
       setvbuf.c.obj                                        220     0         0      
       memcpy_t2.asm.obj                                    156     0         0      
       ull_div_t2.asm.obj                                   150     0         0      
       fputc.c.obj                                          140     0         0      
       memset_t2.asm.obj                                    122     0         0      
       fclose.c.obj                                         116     0         0      
       getdevice.c.obj                                      116     0         0      
       hostopen.c.obj                                       96      0         16     
       printf.c.obj                                         112     0         0      
       fd_tos_t2.asm.obj                                    110     0         0      
       hostrename.c.obj                                     108     0         0      
       copy_decompress_lzss.c.obj                           104     0         0      
       hostlseek.c.obj                                      104     0         0      
       exit.c.obj                                           76      0         24     
       fseek.c.obj                                          100     0         0      
       s_frexp.c.obj                                        100     0         0      
       _io_perm.c.obj                                       98      0         0      
       sprintf.c.obj                                        98      0         0      
       close.c.obj                                          92      0         0      
       hostread.c.obj                                       88      0         0      
       hostwrite.c.obj                                      88      0         0      
       _ltoa.c.obj                                          84      0         0      
       atoi.c.obj                                           76      0         0      
       fflush.c.obj                                         76      0         0      
       fd_toi_t2.asm.obj                                    72      0         0      
       strtok.c.obj                                         64      0         8      
       autoinit.c.obj                                       68      0         0      
       hostclose.c.obj                                      68      0         0      
       hostunlink.c.obj                                     68      0         0      
       u_divt2.asm.obj                                      64      0         0      
       rand.c.obj                                           52      0         8      
       fs_tod_t2.asm.obj                                    56      0         0      
       strncpy.c.obj                                        54      0         0      
       boot_cortex_m.c.obj                                  52      0         0      
       fopen.c.obj                                          52      0         0      
       i_tofd_t2.asm.obj                                    46      0         0      
       strncmp.c.obj                                        44      0         0      
       unlink.c.obj                                         44      0         0      
       strspn.c.obj                                         42      0         0      
       lseek.c.obj                                          40      0         0      
       write.c.obj                                          40      0         0      
       strcspn.c.obj                                        36      0         0      
       memchr.c.obj                                         32      0         0      
       strcat.c.obj                                         30      0         0      
       memccpy.c.obj                                        28      0         0      
       s_copysign.c.obj                                     26      0         0      
       strcmp.c.obj                                         24      0         0      
       strchr.c.obj                                         22      0         0      
       strcpy.c.obj                                         20      0         0      
       strlen.c.obj                                         20      0         0      
       _lock.c.obj                                          2       0         16     
       atof.c.obj                                           18      0         0      
       wcslen.c.obj                                         18      0         0      
       errno.c.obj                                          8       0         8      
       copy_decompress_none.c.obj                           14      0         0      
       copy_zero_init.c.obj                                 12      0         0      
       pre_init.c.obj                                       4       0         0      
       div0.asm.obj                                         2       0         0      
    +--+----------------------------------------------------+-------+---------+---------+
       Total:                                               19855   953       1904   
                                                                                     
       Heap:                                                0       0         2048   
       Stack:                                               0       0         1024   
       Linker Generated:                                    0       334       0      
    +--+----------------------------------------------------+-------+---------+---------+
       Grand Total:                                         39489   6363      64648  


LINKER GENERATED COPY TABLES

__TI_cinit_table @ 0000b340 records: 2, size/record: 8, table size: 16
	.data: load addr=0000b200, load size=0000012a bytes, run addr=20007918, run size=0000032c bytes, compression=lzss
	.bss: load addr=0000b338, load size=00000008 bytes, run addr=20000000, run size=00007518 bytes, compression=zero_init


LINKER GENERATED HANDLER TABLE

__TI_handler_table @ 0000b32c records: 3, size/record: 4, table size: 12
	index: 0, handler: __TI_decompress_lzss
	index: 1, handler: __TI_decompress_none
	index: 2, handler: __TI_zero_init


GLOBAL SYMBOLS: SORTED ALPHABETICALLY BY Name 

address   name                                       
-------   ----                                       
00000ca1  ADC14_IRQHandler                           
00000ca1  ADC14_IRQHandler                           
00009395  ADC14_clearInterruptFlag                   
0000799d  ADC14_configureConversionMemory            
00007a51  ADC14_configureMultiSequenceMode           
00009649  ADC14_enableConversion                     
000093c5  ADC14_enableInterrupt                      
00009ae9  ADC14_enableModule                         
00009229  ADC14_enableSampleTimer                    
000090dd  ADC14_getEnabledInterruptStatus            
00009515  ADC14_getInterruptStatus                   
00009671  ADC14_getResult                            
00008b15  ADC14_initModule                           
00009541  ADC14_toggleConversionTrigger              
00009ae7  AES256_IRQHandler                          
00009ae7  BusFault_Handler                           
00009b41  C$$EXIT                                    
00009143  C$$IO$$                                    
00009ae7  COMP_E0_IRQHandler                         
00009ae7  COMP_E1_IRQHandler                         
00009af5  CPU_cpsid                                  
00009b01  CPU_cpsie                                  
00009ae7  CS_IRQHandler                              
0000925d  CS_setDCOCenteredFrequency                 
0000305d  Crystalfontz128x128_Init                   
00003171  Crystalfontz128x128_SetDrawFrame           
0000329f  Crystalfontz128x128_SetOrientation         
00009ae7  DMA_ERR_IRQHandler                         
00009ae7  DMA_INT0_IRQHandler                        
00009ae7  DMA_INT1_IRQHandler                        
00009ae7  DMA_INT2_IRQHandler                        
00009ae7  DMA_INT3_IRQHandler                        
00009ae7  DebugMon_Handler                           
00009ae7  Default_Handler                            
00009ae7  EUSCIA0_IRQHandler                         
00009ae7  EUSCIA1_IRQHandler                         
00000c65  EUSCIA2_IRQHandler                         
00000c65  EUSCIA2_IRQHandler                         
00009ae7  EUSCIA3_IRQHandler                         
00009ae7  EUSCIB0_IRQHandler                         
00009ae7  EUSCIB1_IRQHandler                         
00009ae7  EUSCIB2_IRQHandler                         
00009ae7  EUSCIB3_IRQHandler                         
0000997d  EUSCI_A_SPI_enable                         
00009993  EUSCI_B_SPI_enable                         
00009ae7  FLCTL_IRQHandler                           
00009ae7  FPU_IRQHandler                             
00009699  GPIO_clearInterruptFlag                    
000096c1  GPIO_enableInterrupt                       
00000841  GPIO_enable_interrupt_all_buttons          
00000891  GPIO_enable_leds                           
00000813  GPIO_enable_pullup_all_buttons             
0000821d  GPIO_getEnabledInterruptStatus             
000093f5  GPIO_getInputPinValue                      
000097b1  GPIO_getInterruptStatus                    
000090a1  GPIO_interruptEdgeSelect                   
000089b5  GPIO_setAsInputPinWithPullUpResistor       
00008ee1  GPIO_setAsOutputPin                        
00008001  GPIO_setAsPeripheralModuleFunctionInputPin 
00008089  GPIO_setAsPeripheralModuleFunctionOutputPin
000096e9  GPIO_setOutputHighOnPin                    
00009711  GPIO_setOutputLowOnPin                     
00009a55  Graphics_clearDisplay                      
000098cd  Graphics_clearDisplayOnDisplay             
00009185  Graphics_drawHorizontalLineOnDisplay       
00007d09  Graphics_drawLineH                         
00007da5  Graphics_drawLineV                         
0000956d  Graphics_drawPixelOnDisplay                
00007c67  Graphics_drawRectangle                     
00004d79  Graphics_drawString                        
00008cf9  Graphics_drawStringCentered                
000091bb  Graphics_drawVerticalLineOnDisplay         
000070fd  Graphics_fillRectangle                     
0000983d  Graphics_fillRectangleOnDisplay            
0000751d  Graphics_getStringWidth                    
00008bbd  Graphics_initContext                       
000098e7  Graphics_setBackgroundColor                
00009901  Graphics_setFont                           
000099a9  Graphics_setForegroundColor                
000099bf  Graphics_translateColorOnDisplay           
000078d1  HAL_LCD_PortInit                           
00007901  HAL_LCD_SpiInit                            
00007937  HAL_LCD_writeCommand                       
00007967  HAL_LCD_writeData                          
00008dd1  HOSTclose                                  
000085c9  HOSTlseek                                  
000088f9  HOSTopen                                   
00008a0d  HOSTread                                   
0000855d  HOSTrename                                 
00008e15  HOSTunlink                                 
00008a65  HOSTwrite                                  
00009ae7  HardFault_Handler                          
00000b21  INTERRUPT_enable                           
00009a9d  Interrupt_disableMaster                    
00009aad  Interrupt_disableSleepOnIsrExit            
000082a1  Interrupt_enableInterrupt                  
00009abd  Interrupt_enableMaster                     
000008dd  LED_set_color                              
20007512  Lcd_FlagRead                               
20007513  Lcd_FontSolid                              
20007514  Lcd_Orientation                            
20007515  Lcd_PenSolid                               
2000750c  Lcd_ScreenHeigth                           
2000750e  Lcd_ScreenWidth                            
20007510  Lcd_TouchTrim                              
00009ae7  MemManage_Handler                          
00009ae7  NMI_Handler                                
00009ae7  PCM_IRQHandler                             
00000c35  PORT1_IRQHandler                           
00000c35  PORT1_IRQHandler                           
00009ae7  PORT2_IRQHandler                           
00000bfd  PORT3_IRQHandler                           
00000bfd  PORT3_IRQHandler                           
00009ae7  PORT4_IRQHandler                           
00000bbd  PORT5_IRQHandler                           
00000bbd  PORT5_IRQHandler                           
00009ae7  PORT6_IRQHandler                           
00009ae7  PSS_IRQHandler                             
00009ae7  PendSV_Handler                             
00000b4d  RACE_set_run_values                        
00009ae7  RTC_C_IRQHandler                           
00009adb  Reset_Handler                              
00009879  SPI_enableModule                           
00007bb7  SPI_initMaster                             
00009ae7  SVC_Handler                                
00009ae7  SysTick_Handler                            
20007c40  SystemCoreClock                            
00005659  SystemCoreClockUpdate                      
000058d1  SystemInit                                 
00009ae7  T32_INT1_IRQHandler                        
00009ae7  T32_INT2_IRQHandler                        
00009ae7  T32_INTC_IRQHandler                        
00009ae7  TA0_0_IRQHandler                           
00009ae7  TA0_N_IRQHandler                           
00000b83  TA1_0_IRQHandler                           
00000b83  TA1_0_IRQHandler                           
00009ae7  TA1_N_IRQHandler                           
00009ae7  TA2_0_IRQHandler                           
00009ae7  TA2_N_IRQHandler                           
00009ae7  TA3_0_IRQHandler                           
00009ae7  TA3_N_IRQHandler                           
00009599  Timer_A_clearCaptureCompareInterrupt       
00008631  Timer_A_configureUpMode                    
000099d5  Timer_A_startCounter                       
000009bf  UART0_config                               
000009e5  UART2_config                               
000099eb  UART_clearInterruptFlag                    
00009425  UART_disableInterrupt                      
00009455  UART_enableInterrupt                       
00009a01  UART_enableModule                          
00008769  UART_getEnabledInterruptStatus             
00009935  UART_getInterruptStatus                    
00006ecd  UART_initModule                            
00009485  UART_receiveData                           
00009291  UART_transmitData                          
00000a75  UART_transmit_all_data_race                
00000a19  UART_transmit_string                       
00009ae7  UsageFault_Handler                         
4000480c  WDTCTL_SYM                                 
00009ae7  WDT_A_IRQHandler                           
000097d5  WDT_A_holdTimer                            
20007178  __CIOBUF_                                  
20010000  __STACK_END                                
00000200  __STACK_SIZE                               
00000400  __SYSMEM_SIZE                              
0000b340  __TI_CINIT_Base                            
0000b350  __TI_CINIT_Limit                           
0000b32c  __TI_Handler_Table_Base                    
0000b338  __TI_Handler_Table_Limit                   
00008e59  __TI_auto_init_nobinit_nopinit             
000092c5  __TI_cleanup                               
20007bbc  __TI_cleanup_ptr                           
0000839d  __TI_closefile                             
00008699  __TI_decompress_lzss                       
00009acd  __TI_decompress_none                       
00008c61  __TI_doflush                               
20007bc0  __TI_dtors_ptr                             
20007bc4  __TI_enable_exit_profile_output            
20007bac  __TI_ft_end                                
00008b69  __TI_ltoa                                  
ffffffff  __TI_pprof_out_hndl                        
000014b1  __TI_printfi                               
ffffffff  __TI_prof_data_size                        
ffffffff  __TI_prof_data_start                       
000092f9  __TI_readmsg                               
00000000  __TI_static_base__                         
2000735c  __TI_tmpnams                               
00009115  __TI_writemsg                              
00008895  __TI_wrt_ok                                
00009b0d  __TI_zero_init                             
00008111  __aeabi_cdcmpeq                            
00008111  __aeabi_cdcmple                            
00008197  __aeabi_cdrcmple                           
000084ef  __aeabi_d2f                                
00008d89  __aeabi_d2iz                               
000062a7  __aeabi_dadd                               
00006c71  __aeabi_ddiv                               
00007421  __aeabi_dmul                               
0000629d  __aeabi_dsub                               
00009b25  __aeabi_errno_addr                         
0000914d  __aeabi_f2d                                
000094e5  __aeabi_i2d                                
00003d2f  __aeabi_idiv0                              
00003d2f  __aeabi_ldiv0                              
00008321  __aeabi_memclr                             
00008321  __aeabi_memclr4                            
00008321  __aeabi_memclr8                            
00007e41  __aeabi_memcpy                             
00007e41  __aeabi_memcpy4                            
00007e41  __aeabi_memcpy8                            
00008323  __aeabi_memset                             
00008323  __aeabi_memset4                            
00008323  __aeabi_memset8                            
20007bb8  __aeabi_stderr                             
20007bb0  __aeabi_stdin                              
20007bb4  __aeabi_stdout                             
00008fa1  __aeabi_uidiv                              
00008fa1  __aeabi_uidivmod                           
00007edd  __aeabi_uldivmod                           
ffffffff  __binit__                                  
ffffffff  __c_args__                                 
000065c9  __kernel_cos                               
00002925  __kernel_rem_pio2                          
00006455  __kernel_sin                               
UNDEFED   __mpu_init                                 
2000fe00  __stack                                    
20000000  __start___llvm_prf_cnts                    
20000000  __stop___llvm_prf_cnts                     
00000129  _adcInit                                   
0000932d  _c_int00_noargs                            
0000abb8  _ctypes_                                   
20007a08  _device                                    
20007918  _ftable                                    
00000197  _graphicsInit                              
000001d1  _hwInit                                    
20007bd4  _lock                                      
00001eff  _nop                                       
20007a80  _stream                                    
20007518  _sys_memory                                
UNDEFED   _system_post_cinit                         
00009b3d  _system_pre_init                           
20007bd8  _unlock                                    
00009b41  abort                                      
00007321  aligned_alloc                              
0000598d  atan                                       
00005ee9  atan2                                      
00005ee9  atan2l                                     
0000598d  atanl                                      
00009a67  atof                                       
00008cad  atoi                                       
20007b88  b                                          
ffffffff  binit                                      
00004911  change_position_l                          
000048ed  change_position_r                          
20007b95  chg_dsp                                    
20007bc8  circular_buffer                            
00008959  close                                      
0000991b  copysign                                   
0000991b  copysignl                                  
00004311  cos                                        
00004311  cosl                                       
20007516  current_state                              
20007b98  current_state_arrived                      
20007b97  current_state_run                          
000049dd  draw_data                                  
00004b01  draw_page                                  
20007ad0  ds                                         
20007c34  errno                                      
20007517  event                                      
00008d41  exit                                       
000094b5  finddevice                                 
00003897  float_to_string                            
00007619  floor                                      
00007619  floorl                                     
00000739  fn_ARRIVED                                 
00000da9  fn_DESELECT                                
0000032d  fn_FIXING                                  
00000365  fn_IDLE                                    
0000100d  fn_LEFT                                    
0000119d  fn_PAGE0                                   
000011dd  fn_PAGE1                                   
00001289  fn_PAGE2                                   
00001351  fn_PAGE3                                   
000013f9  fn_PAGE4                                   
00000609  fn_PAUSE                                   
00000e71  fn_RIGHT                                   
00000469  fn_RUNNING                                 
00007f75  fputc                                      
00006fe9  fputs                                      
00007711  free                                       
000087cd  frexp                                      
000087cd  frexpl                                     
00008831  fseek                                      
20007b20  fsm                                        
20007b48  fsm_arrived                                
20007b70  fsm_run                                    
20007460  g_sContext                                 
20007b9c  g_sCrystalfontz128x128                     
0000b198  g_sCrystalfontz128x128_funcs               
0000ad88  g_sFontCmss14                              
0000ae50  g_sFontCmtt14                              
0000af18  g_sFontFixed6x8                            
000000e5  generate_random_integer_string             
00000107  generate_random_integer_string1            
00002275  get_distance_m                             
00002449  get_seconds_from_time                      
00008e9d  getdevice                                  
20007298  gps                                        
00002647  gps_data_valid                             
0000255d  gps_encode                                 
000026e3  gps_get_altitude                           
000026f1  gps_get_date                               
00002685  gps_get_fix                                
0000280f  gps_get_instant_speed                      
000027c7  gps_get_last_altitude                      
00002731  gps_get_last_distance                      
0000270d  gps_get_last_seconds                       
000026bf  gps_get_latitude                           
000026d5  gps_get_longitude                          
000026a7  gps_get_positions                          
000026ff  gps_get_time                               
000024c5  gps_init                                   
00002865  gps_print_struct                           
00002665  gps_set_data_valid                         
000038b3  int_to_string                              
00000000  interruptVectors                           
20007b96  jevent                                     
20007b90  joystick_pressed                           
00004c65  lcd_running_pause_page                     
000001e5  lcd_show_state                             
00007211  ldexp                                      
00007211  ldexpl                                     
00009761  lseek                                      
00004935  m_to_km                                    
000002ab  main                                       
00009b2d  malloc                                     
00007321  memalign                                   
000098b1  memccpy                                    
0000981d  memchr                                     
00007e41  memcpy                                     
00008329  memset                                     
20007b94  page_drawn                                 
20007500  parmbuf                                    
20007b8c  pos                                        
00008701  printf                                     
00007f75  putc                                       
20000000  race                                       
00003969  race_get_avg_speed                         
0000394b  race_get_distance                          
000039a1  race_get_heigh_difference                  
0000393b  race_get_instant_speed                     
0000395b  race_get_run_time                          
00003921  race_get_start_date                        
0000390f  race_get_start_done                        
0000392d  race_get_start_time                        
000036dd  race_init                                  
00003a99  race_make_data_string                      
000039cd  race_make_data_title                       
00003bed  race_print_struct                          
000037c1  race_set_distance                          
000037e1  race_set_heigh_difference                  
00003751  race_set_instant_speed                     
00003793  race_set_pause_duration                    
0000380f  race_set_positions                         
00003765  race_set_run_duration                      
00003735  race_set_start_date_time                   
0000387d  race_set_start_run                         
00009361  rand                                       
000095f1  remove                                     
00004977  resize_string                              
20007b89  running_pause_entered                      
00007211  scalbn                                     
00007211  scalbnl                                    
000077f5  setvbuf                                    
00003d31  sin                                        
00003d31  sinl                                       
00008fe1  sprintf                                    
00006899  sqrt                                       
00006899  sqrtl                                      
0000985b  strcat                                     
00009a17  strchr                                     
00009965  strcmp                                     
00009a2d  strcpy                                     
000097f9  strcspn                                    
00009a41  strlen                                     
000095c5  strncmp                                    
000091f1  strncpy                                    
0000961d  strspn                                     
000051f9  strtod                                     
00009021  strtok                                     
000051f9  strtold                                    
20007b99  timer_a_edge                               
20007b9b  transmitted                                
0000b170  uartConfig1                                
000095f1  unlink                                     
0000b1d4  upConfig                                   
00009a79  wcslen                                     
20007b9a  wifi_conn                                  
00009789  write                                      


GLOBAL SYMBOLS: SORTED BY Symbol Address 

address   name                                       
-------   ----                                       
00000000  __TI_static_base__                         
00000000  interruptVectors                           
000000e5  generate_random_integer_string             
00000107  generate_random_integer_string1            
00000129  _adcInit                                   
00000197  _graphicsInit                              
000001d1  _hwInit                                    
000001e5  lcd_show_state                             
00000200  __STACK_SIZE                               
000002ab  main                                       
0000032d  fn_FIXING                                  
00000365  fn_IDLE                                    
00000400  __SYSMEM_SIZE                              
00000469  fn_RUNNING                                 
00000609  fn_PAUSE                                   
00000739  fn_ARRIVED                                 
00000813  GPIO_enable_pullup_all_buttons             
00000841  GPIO_enable_interrupt_all_buttons          
00000891  GPIO_enable_leds                           
000008dd  LED_set_color                              
000009bf  UART0_config                               
000009e5  UART2_config                               
00000a19  UART_transmit_string                       
00000a75  UART_transmit_all_data_race                
00000b21  INTERRUPT_enable                           
00000b4d  RACE_set_run_values                        
00000b83  TA1_0_IRQHandler                           
00000b83  TA1_0_IRQHandler                           
00000bbd  PORT5_IRQHandler                           
00000bbd  PORT5_IRQHandler                           
00000bfd  PORT3_IRQHandler                           
00000bfd  PORT3_IRQHandler                           
00000c35  PORT1_IRQHandler                           
00000c35  PORT1_IRQHandler                           
00000c65  EUSCIA2_IRQHandler                         
00000c65  EUSCIA2_IRQHandler                         
00000ca1  ADC14_IRQHandler                           
00000ca1  ADC14_IRQHandler                           
00000da9  fn_DESELECT                                
00000e71  fn_RIGHT                                   
0000100d  fn_LEFT                                    
0000119d  fn_PAGE0                                   
000011dd  fn_PAGE1                                   
00001289  fn_PAGE2                                   
00001351  fn_PAGE3                                   
000013f9  fn_PAGE4                                   
000014b1  __TI_printfi                               
00001eff  _nop                                       
00002275  get_distance_m                             
00002449  get_seconds_from_time                      
000024c5  gps_init                                   
0000255d  gps_encode                                 
00002647  gps_data_valid                             
00002665  gps_set_data_valid                         
00002685  gps_get_fix                                
000026a7  gps_get_positions                          
000026bf  gps_get_latitude                           
000026d5  gps_get_longitude                          
000026e3  gps_get_altitude                           
000026f1  gps_get_date                               
000026ff  gps_get_time                               
0000270d  gps_get_last_seconds                       
00002731  gps_get_last_distance                      
000027c7  gps_get_last_altitude                      
0000280f  gps_get_instant_speed                      
00002865  gps_print_struct                           
00002925  __kernel_rem_pio2                          
0000305d  Crystalfontz128x128_Init                   
00003171  Crystalfontz128x128_SetDrawFrame           
0000329f  Crystalfontz128x128_SetOrientation         
000036dd  race_init                                  
00003735  race_set_start_date_time                   
00003751  race_set_instant_speed                     
00003765  race_set_run_duration                      
00003793  race_set_pause_duration                    
000037c1  race_set_distance                          
000037e1  race_set_heigh_difference                  
0000380f  race_set_positions                         
0000387d  race_set_start_run                         
00003897  float_to_string                            
000038b3  int_to_string                              
0000390f  race_get_start_done                        
00003921  race_get_start_date                        
0000392d  race_get_start_time                        
0000393b  race_get_instant_speed                     
0000394b  race_get_distance                          
0000395b  race_get_run_time                          
00003969  race_get_avg_speed                         
000039a1  race_get_heigh_difference                  
000039cd  race_make_data_title                       
00003a99  race_make_data_string                      
00003bed  race_print_struct                          
00003d2f  __aeabi_idiv0                              
00003d2f  __aeabi_ldiv0                              
00003d31  sin                                        
00003d31  sinl                                       
00004311  cos                                        
00004311  cosl                                       
000048ed  change_position_r                          
00004911  change_position_l                          
00004935  m_to_km                                    
00004977  resize_string                              
000049dd  draw_data                                  
00004b01  draw_page                                  
00004c65  lcd_running_pause_page                     
00004d79  Graphics_drawString                        
000051f9  strtod                                     
000051f9  strtold                                    
00005659  SystemCoreClockUpdate                      
000058d1  SystemInit                                 
0000598d  atan                                       
0000598d  atanl                                      
00005ee9  atan2                                      
00005ee9  atan2l                                     
0000629d  __aeabi_dsub                               
000062a7  __aeabi_dadd                               
00006455  __kernel_sin                               
000065c9  __kernel_cos                               
00006899  sqrt                                       
00006899  sqrtl                                      
00006c71  __aeabi_ddiv                               
00006ecd  UART_initModule                            
00006fe9  fputs                                      
000070fd  Graphics_fillRectangle                     
00007211  ldexp                                      
00007211  ldexpl                                     
00007211  scalbn                                     
00007211  scalbnl                                    
00007321  aligned_alloc                              
00007321  memalign                                   
00007421  __aeabi_dmul                               
0000751d  Graphics_getStringWidth                    
00007619  floor                                      
00007619  floorl                                     
00007711  free                                       
000077f5  setvbuf                                    
000078d1  HAL_LCD_PortInit                           
00007901  HAL_LCD_SpiInit                            
00007937  HAL_LCD_writeCommand                       
00007967  HAL_LCD_writeData                          
0000799d  ADC14_configureConversionMemory            
00007a51  ADC14_configureMultiSequenceMode           
00007bb7  SPI_initMaster                             
00007c67  Graphics_drawRectangle                     
00007d09  Graphics_drawLineH                         
00007da5  Graphics_drawLineV                         
00007e41  __aeabi_memcpy                             
00007e41  __aeabi_memcpy4                            
00007e41  __aeabi_memcpy8                            
00007e41  memcpy                                     
00007edd  __aeabi_uldivmod                           
00007f75  fputc                                      
00007f75  putc                                       
00008001  GPIO_setAsPeripheralModuleFunctionInputPin 
00008089  GPIO_setAsPeripheralModuleFunctionOutputPin
00008111  __aeabi_cdcmpeq                            
00008111  __aeabi_cdcmple                            
00008197  __aeabi_cdrcmple                           
0000821d  GPIO_getEnabledInterruptStatus             
000082a1  Interrupt_enableInterrupt                  
00008321  __aeabi_memclr                             
00008321  __aeabi_memclr4                            
00008321  __aeabi_memclr8                            
00008323  __aeabi_memset                             
00008323  __aeabi_memset4                            
00008323  __aeabi_memset8                            
00008329  memset                                     
0000839d  __TI_closefile                             
000084ef  __aeabi_d2f                                
0000855d  HOSTrename                                 
000085c9  HOSTlseek                                  
00008631  Timer_A_configureUpMode                    
00008699  __TI_decompress_lzss                       
00008701  printf                                     
00008769  UART_getEnabledInterruptStatus             
000087cd  frexp                                      
000087cd  frexpl                                     
00008831  fseek                                      
00008895  __TI_wrt_ok                                
000088f9  HOSTopen                                   
00008959  close                                      
000089b5  GPIO_setAsInputPinWithPullUpResistor       
00008a0d  HOSTread                                   
00008a65  HOSTwrite                                  
00008b15  ADC14_initModule                           
00008b69  __TI_ltoa                                  
00008bbd  Graphics_initContext                       
00008c61  __TI_doflush                               
00008cad  atoi                                       
00008cf9  Graphics_drawStringCentered                
00008d41  exit                                       
00008d89  __aeabi_d2iz                               
00008dd1  HOSTclose                                  
00008e15  HOSTunlink                                 
00008e59  __TI_auto_init_nobinit_nopinit             
00008e9d  getdevice                                  
00008ee1  GPIO_setAsOutputPin                        
00008fa1  __aeabi_uidiv                              
00008fa1  __aeabi_uidivmod                           
00008fe1  sprintf                                    
00009021  strtok                                     
000090a1  GPIO_interruptEdgeSelect                   
000090dd  ADC14_getEnabledInterruptStatus            
00009115  __TI_writemsg                              
00009143  C$$IO$$                                    
0000914d  __aeabi_f2d                                
00009185  Graphics_drawHorizontalLineOnDisplay       
000091bb  Graphics_drawVerticalLineOnDisplay         
000091f1  strncpy                                    
00009229  ADC14_enableSampleTimer                    
0000925d  CS_setDCOCenteredFrequency                 
00009291  UART_transmitData                          
000092c5  __TI_cleanup                               
000092f9  __TI_readmsg                               
0000932d  _c_int00_noargs                            
00009361  rand                                       
00009395  ADC14_clearInterruptFlag                   
000093c5  ADC14_enableInterrupt                      
000093f5  GPIO_getInputPinValue                      
00009425  UART_disableInterrupt                      
00009455  UART_enableInterrupt                       
00009485  UART_receiveData                           
000094b5  finddevice                                 
000094e5  __aeabi_i2d                                
00009515  ADC14_getInterruptStatus                   
00009541  ADC14_toggleConversionTrigger              
0000956d  Graphics_drawPixelOnDisplay                
00009599  Timer_A_clearCaptureCompareInterrupt       
000095c5  strncmp                                    
000095f1  remove                                     
000095f1  unlink                                     
0000961d  strspn                                     
00009649  ADC14_enableConversion                     
00009671  ADC14_getResult                            
00009699  GPIO_clearInterruptFlag                    
000096c1  GPIO_enableInterrupt                       
000096e9  GPIO_setOutputHighOnPin                    
00009711  GPIO_setOutputLowOnPin                     
00009761  lseek                                      
00009789  write                                      
000097b1  GPIO_getInterruptStatus                    
000097d5  WDT_A_holdTimer                            
000097f9  strcspn                                    
0000981d  memchr                                     
0000983d  Graphics_fillRectangleOnDisplay            
0000985b  strcat                                     
00009879  SPI_enableModule                           
000098b1  memccpy                                    
000098cd  Graphics_clearDisplayOnDisplay             
000098e7  Graphics_setBackgroundColor                
00009901  Graphics_setFont                           
0000991b  copysign                                   
0000991b  copysignl                                  
00009935  UART_getInterruptStatus                    
00009965  strcmp                                     
0000997d  EUSCI_A_SPI_enable                         
00009993  EUSCI_B_SPI_enable                         
000099a9  Graphics_setForegroundColor                
000099bf  Graphics_translateColorOnDisplay           
000099d5  Timer_A_startCounter                       
000099eb  UART_clearInterruptFlag                    
00009a01  UART_enableModule                          
00009a17  strchr                                     
00009a2d  strcpy                                     
00009a41  strlen                                     
00009a55  Graphics_clearDisplay                      
00009a67  atof                                       
00009a79  wcslen                                     
00009a9d  Interrupt_disableMaster                    
00009aad  Interrupt_disableSleepOnIsrExit            
00009abd  Interrupt_enableMaster                     
00009acd  __TI_decompress_none                       
00009adb  Reset_Handler                              
00009ae7  AES256_IRQHandler                          
00009ae7  BusFault_Handler                           
00009ae7  COMP_E0_IRQHandler                         
00009ae7  COMP_E1_IRQHandler                         
00009ae7  CS_IRQHandler                              
00009ae7  DMA_ERR_IRQHandler                         
00009ae7  DMA_INT0_IRQHandler                        
00009ae7  DMA_INT1_IRQHandler                        
00009ae7  DMA_INT2_IRQHandler                        
00009ae7  DMA_INT3_IRQHandler                        
00009ae7  DebugMon_Handler                           
00009ae7  Default_Handler                            
00009ae7  EUSCIA0_IRQHandler                         
00009ae7  EUSCIA1_IRQHandler                         
00009ae7  EUSCIA3_IRQHandler                         
00009ae7  EUSCIB0_IRQHandler                         
00009ae7  EUSCIB1_IRQHandler                         
00009ae7  EUSCIB2_IRQHandler                         
00009ae7  EUSCIB3_IRQHandler                         
00009ae7  FLCTL_IRQHandler                           
00009ae7  FPU_IRQHandler                             
00009ae7  HardFault_Handler                          
00009ae7  MemManage_Handler                          
00009ae7  NMI_Handler                                
00009ae7  PCM_IRQHandler                             
00009ae7  PORT2_IRQHandler                           
00009ae7  PORT4_IRQHandler                           
00009ae7  PORT6_IRQHandler                           
00009ae7  PSS_IRQHandler                             
00009ae7  PendSV_Handler                             
00009ae7  RTC_C_IRQHandler                           
00009ae7  SVC_Handler                                
00009ae7  SysTick_Handler                            
00009ae7  T32_INT1_IRQHandler                        
00009ae7  T32_INT2_IRQHandler                        
00009ae7  T32_INTC_IRQHandler                        
00009ae7  TA0_0_IRQHandler                           
00009ae7  TA0_N_IRQHandler                           
00009ae7  TA1_N_IRQHandler                           
00009ae7  TA2_0_IRQHandler                           
00009ae7  TA2_N_IRQHandler                           
00009ae7  TA3_0_IRQHandler                           
00009ae7  TA3_N_IRQHandler                           
00009ae7  UsageFault_Handler                         
00009ae7  WDT_A_IRQHandler                           
00009ae9  ADC14_enableModule                         
00009af5  CPU_cpsid                                  
00009b01  CPU_cpsie                                  
00009b0d  __TI_zero_init                             
00009b25  __aeabi_errno_addr                         
00009b2d  malloc                                     
00009b3d  _system_pre_init                           
00009b41  C$$EXIT                                    
00009b41  abort                                      
0000abb8  _ctypes_                                   
0000ad88  g_sFontCmss14                              
0000ae50  g_sFontCmtt14                              
0000af18  g_sFontFixed6x8                            
0000b170  uartConfig1                                
0000b198  g_sCrystalfontz128x128_funcs               
0000b1d4  upConfig                                   
0000b32c  __TI_Handler_Table_Base                    
0000b338  __TI_Handler_Table_Limit                   
0000b340  __TI_CINIT_Base                            
0000b350  __TI_CINIT_Limit                           
20000000  __start___llvm_prf_cnts                    
20000000  __stop___llvm_prf_cnts                     
20000000  race                                       
20007178  __CIOBUF_                                  
20007298  gps                                        
2000735c  __TI_tmpnams                               
20007460  g_sContext                                 
20007500  parmbuf                                    
2000750c  Lcd_ScreenHeigth                           
2000750e  Lcd_ScreenWidth                            
20007510  Lcd_TouchTrim                              
20007512  Lcd_FlagRead                               
20007513  Lcd_FontSolid                              
20007514  Lcd_Orientation                            
20007515  Lcd_PenSolid                               
20007516  current_state                              
20007517  event                                      
20007518  _sys_memory                                
20007918  _ftable                                    
20007a08  _device                                    
20007a80  _stream                                    
20007ad0  ds                                         
20007b20  fsm                                        
20007b48  fsm_arrived                                
20007b70  fsm_run                                    
20007b88  b                                          
20007b89  running_pause_entered                      
20007b8c  pos                                        
20007b90  joystick_pressed                           
20007b94  page_drawn                                 
20007b95  chg_dsp                                    
20007b96  jevent                                     
20007b97  current_state_run                          
20007b98  current_state_arrived                      
20007b99  timer_a_edge                               
20007b9a  wifi_conn                                  
20007b9b  transmitted                                
20007b9c  g_sCrystalfontz128x128                     
20007bac  __TI_ft_end                                
20007bb0  __aeabi_stdin                              
20007bb4  __aeabi_stdout                             
20007bb8  __aeabi_stderr                             
20007bbc  __TI_cleanup_ptr                           
20007bc0  __TI_dtors_ptr                             
20007bc4  __TI_enable_exit_profile_output            
20007bc8  circular_buffer                            
20007bd4  _lock                                      
20007bd8  _unlock                                    
20007c34  errno                                      
20007c40  SystemCoreClock                            
2000fe00  __stack                                    
20010000  __STACK_END                                
4000480c  WDTCTL_SYM                                 
ffffffff  __TI_pprof_out_hndl                        
ffffffff  __TI_prof_data_size                        
ffffffff  __TI_prof_data_start                       
ffffffff  __binit__                                  
ffffffff  __c_args__                                 
ffffffff  binit                                      
UNDEFED   __mpu_init                                 
UNDEFED   _system_post_cinit                         

[399 symbols]
