<?xml version="1.0" encoding="ISO-8859-1" ?>
<link_info>
   <banner>TI ARM Linker Unix v20.2.7.LTS</banner>
   <copyright>Copyright (c) 1996-2018 Texas Instruments Incorporated</copyright>
   <link_time>0x65c20ca3</link_time>
   <link_errors>0x0</link_errors>
   <output_file>test_SM_gpslib.out</output_file>
   <entry_point>
      <name>_c_int00_noargs</name>
      <address>0x6d0d</address>
   </entry_point>
   <input_file_list>
      <input_file id="fl-1">
         <path>./</path>
         <kind>object</kind>
         <file>gps.obj</file>
         <name>gps.obj</name>
      </input_file>
      <input_file id="fl-2">
         <path>./</path>
         <kind>object</kind>
         <file>main.obj</file>
         <name>main.obj</name>
      </input_file>
      <input_file id="fl-3">
         <path>./</path>
         <kind>object</kind>
         <file>race.obj</file>
         <name>race.obj</name>
      </input_file>
      <input_file id="fl-4">
         <path>./</path>
         <kind>object</kind>
         <file>startup_msp432p401r_ccs.obj</file>
         <name>startup_msp432p401r_ccs.obj</name>
      </input_file>
      <input_file id="fl-5">
         <path>./</path>
         <kind>object</kind>
         <file>system_msp432p401r.obj</file>
         <name>system_msp432p401r.obj</name>
      </input_file>
      <input_file id="fl-a">
         <kind>object</kind>
         <file>&lt;internal&gt;</file>
         <name>&lt;internal&gt;</name>
      </input_file>
      <input_file id="fl-c0">
         <path>/home/marco/ti/ccs1230/ccs/tools/compiler/ti-cgt-arm_20.2.7.LTS/lib/</path>
         <kind>archive</kind>
         <file>rtsv7M4_T_le_v4SPD16_eabi.lib</file>
         <name>e_atan2.c.obj</name>
      </input_file>
      <input_file id="fl-c1">
         <path>/home/marco/ti/ccs1230/ccs/tools/compiler/ti-cgt-arm_20.2.7.LTS/lib/</path>
         <kind>archive</kind>
         <file>rtsv7M4_T_le_v4SPD16_eabi.lib</file>
         <name>e_sqrt.c.obj</name>
      </input_file>
      <input_file id="fl-c2">
         <path>/home/marco/ti/ccs1230/ccs/tools/compiler/ti-cgt-arm_20.2.7.LTS/lib/</path>
         <kind>archive</kind>
         <file>rtsv7M4_T_le_v4SPD16_eabi.lib</file>
         <name>s_atan.c.obj</name>
      </input_file>
      <input_file id="fl-c3">
         <path>/home/marco/ti/ccs1230/ccs/tools/compiler/ti-cgt-arm_20.2.7.LTS/lib/</path>
         <kind>archive</kind>
         <file>rtsv7M4_T_le_v4SPD16_eabi.lib</file>
         <name>s_cos.c.obj</name>
      </input_file>
      <input_file id="fl-c4">
         <path>/home/marco/ti/ccs1230/ccs/tools/compiler/ti-cgt-arm_20.2.7.LTS/lib/</path>
         <kind>archive</kind>
         <file>rtsv7M4_T_le_v4SPD16_eabi.lib</file>
         <name>s_sin.c.obj</name>
      </input_file>
      <input_file id="fl-c5">
         <path>/home/marco/ti/ccs1230/ccs/tools/compiler/ti-cgt-arm_20.2.7.LTS/lib/</path>
         <kind>archive</kind>
         <file>rtsv7M4_T_le_v4SPD16_eabi.lib</file>
         <name>printf.c.obj</name>
      </input_file>
      <input_file id="fl-c6">
         <path>/home/marco/ti/ccs1230/ccs/tools/compiler/ti-cgt-arm_20.2.7.LTS/lib/</path>
         <kind>archive</kind>
         <file>rtsv7M4_T_le_v4SPD16_eabi.lib</file>
         <name>_printfi.c.obj</name>
      </input_file>
      <input_file id="fl-c7">
         <path>/home/marco/ti/ccs1230/ccs/tools/compiler/ti-cgt-arm_20.2.7.LTS/lib/</path>
         <kind>archive</kind>
         <file>rtsv7M4_T_le_v4SPD16_eabi.lib</file>
         <name>sprintf.c.obj</name>
      </input_file>
      <input_file id="fl-c8">
         <path>/home/marco/ti/ccs1230/ccs/tools/compiler/ti-cgt-arm_20.2.7.LTS/lib/</path>
         <kind>archive</kind>
         <file>rtsv7M4_T_le_v4SPD16_eabi.lib</file>
         <name>fputc.c.obj</name>
      </input_file>
      <input_file id="fl-c9">
         <path>/home/marco/ti/ccs1230/ccs/tools/compiler/ti-cgt-arm_20.2.7.LTS/lib/</path>
         <kind>archive</kind>
         <file>rtsv7M4_T_le_v4SPD16_eabi.lib</file>
         <name>fputs.c.obj</name>
      </input_file>
      <input_file id="fl-ca">
         <path>/home/marco/ti/ccs1230/ccs/tools/compiler/ti-cgt-arm_20.2.7.LTS/lib/</path>
         <kind>archive</kind>
         <file>rtsv7M4_T_le_v4SPD16_eabi.lib</file>
         <name>_io_perm.c.obj</name>
      </input_file>
      <input_file id="fl-cb">
         <path>/home/marco/ti/ccs1230/ccs/tools/compiler/ti-cgt-arm_20.2.7.LTS/lib/</path>
         <kind>archive</kind>
         <file>rtsv7M4_T_le_v4SPD16_eabi.lib</file>
         <name>setvbuf.c.obj</name>
      </input_file>
      <input_file id="fl-cc">
         <path>/home/marco/ti/ccs1230/ccs/tools/compiler/ti-cgt-arm_20.2.7.LTS/lib/</path>
         <kind>archive</kind>
         <file>rtsv7M4_T_le_v4SPD16_eabi.lib</file>
         <name>fd_add_t2.asm.obj</name>
      </input_file>
      <input_file id="fl-cd">
         <path>/home/marco/ti/ccs1230/ccs/tools/compiler/ti-cgt-arm_20.2.7.LTS/lib/</path>
         <kind>archive</kind>
         <file>rtsv7M4_T_le_v4SPD16_eabi.lib</file>
         <name>fd_cmp_t2.asm.obj</name>
      </input_file>
      <input_file id="fl-ce">
         <path>/home/marco/ti/ccs1230/ccs/tools/compiler/ti-cgt-arm_20.2.7.LTS/lib/</path>
         <kind>archive</kind>
         <file>rtsv7M4_T_le_v4SPD16_eabi.lib</file>
         <name>fd_div_t2.asm.obj</name>
      </input_file>
      <input_file id="fl-cf">
         <path>/home/marco/ti/ccs1230/ccs/tools/compiler/ti-cgt-arm_20.2.7.LTS/lib/</path>
         <kind>archive</kind>
         <file>rtsv7M4_T_le_v4SPD16_eabi.lib</file>
         <name>fd_mul_t2.asm.obj</name>
      </input_file>
      <input_file id="fl-d0">
         <path>/home/marco/ti/ccs1230/ccs/tools/compiler/ti-cgt-arm_20.2.7.LTS/lib/</path>
         <kind>archive</kind>
         <file>rtsv7M4_T_le_v4SPD16_eabi.lib</file>
         <name>fd_toi_t2.asm.obj</name>
      </input_file>
      <input_file id="fl-d1">
         <path>/home/marco/ti/ccs1230/ccs/tools/compiler/ti-cgt-arm_20.2.7.LTS/lib/</path>
         <kind>archive</kind>
         <file>rtsv7M4_T_le_v4SPD16_eabi.lib</file>
         <name>fd_tos_t2.asm.obj</name>
      </input_file>
      <input_file id="fl-d2">
         <path>/home/marco/ti/ccs1230/ccs/tools/compiler/ti-cgt-arm_20.2.7.LTS/lib/</path>
         <kind>archive</kind>
         <file>rtsv7M4_T_le_v4SPD16_eabi.lib</file>
         <name>fs_tod_t2.asm.obj</name>
      </input_file>
      <input_file id="fl-d3">
         <path>/home/marco/ti/ccs1230/ccs/tools/compiler/ti-cgt-arm_20.2.7.LTS/lib/</path>
         <kind>archive</kind>
         <file>rtsv7M4_T_le_v4SPD16_eabi.lib</file>
         <name>i_tofd_t2.asm.obj</name>
      </input_file>
      <input_file id="fl-d4">
         <path>/home/marco/ti/ccs1230/ccs/tools/compiler/ti-cgt-arm_20.2.7.LTS/lib/</path>
         <kind>archive</kind>
         <file>rtsv7M4_T_le_v4SPD16_eabi.lib</file>
         <name>memcpy_t2.asm.obj</name>
      </input_file>
      <input_file id="fl-d5">
         <path>/home/marco/ti/ccs1230/ccs/tools/compiler/ti-cgt-arm_20.2.7.LTS/lib/</path>
         <kind>archive</kind>
         <file>rtsv7M4_T_le_v4SPD16_eabi.lib</file>
         <name>memset_t2.asm.obj</name>
      </input_file>
      <input_file id="fl-d6">
         <path>/home/marco/ti/ccs1230/ccs/tools/compiler/ti-cgt-arm_20.2.7.LTS/lib/</path>
         <kind>archive</kind>
         <file>rtsv7M4_T_le_v4SPD16_eabi.lib</file>
         <name>u_divt2.asm.obj</name>
      </input_file>
      <input_file id="fl-d7">
         <path>/home/marco/ti/ccs1230/ccs/tools/compiler/ti-cgt-arm_20.2.7.LTS/lib/</path>
         <kind>archive</kind>
         <file>rtsv7M4_T_le_v4SPD16_eabi.lib</file>
         <name>ull_div_t2.asm.obj</name>
      </input_file>
      <input_file id="fl-d8">
         <path>/home/marco/ti/ccs1230/ccs/tools/compiler/ti-cgt-arm_20.2.7.LTS/lib/</path>
         <kind>archive</kind>
         <file>rtsv7M4_T_le_v4SPD16_eabi.lib</file>
         <name>copy_zero_init.c.obj</name>
      </input_file>
      <input_file id="fl-d9">
         <path>/home/marco/ti/ccs1230/ccs/tools/compiler/ti-cgt-arm_20.2.7.LTS/lib/</path>
         <kind>archive</kind>
         <file>rtsv7M4_T_le_v4SPD16_eabi.lib</file>
         <name>copy_decompress_none.c.obj</name>
      </input_file>
      <input_file id="fl-da">
         <path>/home/marco/ti/ccs1230/ccs/tools/compiler/ti-cgt-arm_20.2.7.LTS/lib/</path>
         <kind>archive</kind>
         <file>rtsv7M4_T_le_v4SPD16_eabi.lib</file>
         <name>copy_decompress_lzss.c.obj</name>
      </input_file>
      <input_file id="fl-db">
         <path>/home/marco/ti/ccs1230/ccs/tools/compiler/ti-cgt-arm_20.2.7.LTS/lib/</path>
         <kind>archive</kind>
         <file>rtsv7M4_T_le_v4SPD16_eabi.lib</file>
         <name>exit.c.obj</name>
      </input_file>
      <input_file id="fl-dc">
         <path>/home/marco/ti/ccs1230/ccs/tools/compiler/ti-cgt-arm_20.2.7.LTS/lib/</path>
         <kind>archive</kind>
         <file>rtsv7M4_T_le_v4SPD16_eabi.lib</file>
         <name>_lock.c.obj</name>
      </input_file>
      <input_file id="fl-dd">
         <path>/home/marco/ti/ccs1230/ccs/tools/compiler/ti-cgt-arm_20.2.7.LTS/lib/</path>
         <kind>archive</kind>
         <file>rtsv7M4_T_le_v4SPD16_eabi.lib</file>
         <name>_ltoa.c.obj</name>
      </input_file>
      <input_file id="fl-de">
         <path>/home/marco/ti/ccs1230/ccs/tools/compiler/ti-cgt-arm_20.2.7.LTS/lib/</path>
         <kind>archive</kind>
         <file>rtsv7M4_T_le_v4SPD16_eabi.lib</file>
         <name>atof.c.obj</name>
      </input_file>
      <input_file id="fl-df">
         <path>/home/marco/ti/ccs1230/ccs/tools/compiler/ti-cgt-arm_20.2.7.LTS/lib/</path>
         <kind>archive</kind>
         <file>rtsv7M4_T_le_v4SPD16_eabi.lib</file>
         <name>atoi.c.obj</name>
      </input_file>
      <input_file id="fl-e0">
         <path>/home/marco/ti/ccs1230/ccs/tools/compiler/ti-cgt-arm_20.2.7.LTS/lib/</path>
         <kind>archive</kind>
         <file>rtsv7M4_T_le_v4SPD16_eabi.lib</file>
         <name>ctype.c.obj</name>
      </input_file>
      <input_file id="fl-e1">
         <path>/home/marco/ti/ccs1230/ccs/tools/compiler/ti-cgt-arm_20.2.7.LTS/lib/</path>
         <kind>archive</kind>
         <file>rtsv7M4_T_le_v4SPD16_eabi.lib</file>
         <name>defs.c.obj</name>
      </input_file>
      <input_file id="fl-e2">
         <path>/home/marco/ti/ccs1230/ccs/tools/compiler/ti-cgt-arm_20.2.7.LTS/lib/</path>
         <kind>archive</kind>
         <file>rtsv7M4_T_le_v4SPD16_eabi.lib</file>
         <name>memccpy.c.obj</name>
      </input_file>
      <input_file id="fl-e3">
         <path>/home/marco/ti/ccs1230/ccs/tools/compiler/ti-cgt-arm_20.2.7.LTS/lib/</path>
         <kind>archive</kind>
         <file>rtsv7M4_T_le_v4SPD16_eabi.lib</file>
         <name>memchr.c.obj</name>
      </input_file>
      <input_file id="fl-e4">
         <path>/home/marco/ti/ccs1230/ccs/tools/compiler/ti-cgt-arm_20.2.7.LTS/lib/</path>
         <kind>archive</kind>
         <file>rtsv7M4_T_le_v4SPD16_eabi.lib</file>
         <name>memory.c.obj</name>
      </input_file>
      <input_file id="fl-e5">
         <path>/home/marco/ti/ccs1230/ccs/tools/compiler/ti-cgt-arm_20.2.7.LTS/lib/</path>
         <kind>archive</kind>
         <file>rtsv7M4_T_le_v4SPD16_eabi.lib</file>
         <name>strcat.c.obj</name>
      </input_file>
      <input_file id="fl-e6">
         <path>/home/marco/ti/ccs1230/ccs/tools/compiler/ti-cgt-arm_20.2.7.LTS/lib/</path>
         <kind>archive</kind>
         <file>rtsv7M4_T_le_v4SPD16_eabi.lib</file>
         <name>strchr.c.obj</name>
      </input_file>
      <input_file id="fl-e7">
         <path>/home/marco/ti/ccs1230/ccs/tools/compiler/ti-cgt-arm_20.2.7.LTS/lib/</path>
         <kind>archive</kind>
         <file>rtsv7M4_T_le_v4SPD16_eabi.lib</file>
         <name>strcmp.c.obj</name>
      </input_file>
      <input_file id="fl-e8">
         <path>/home/marco/ti/ccs1230/ccs/tools/compiler/ti-cgt-arm_20.2.7.LTS/lib/</path>
         <kind>archive</kind>
         <file>rtsv7M4_T_le_v4SPD16_eabi.lib</file>
         <name>strcpy.c.obj</name>
      </input_file>
      <input_file id="fl-e9">
         <path>/home/marco/ti/ccs1230/ccs/tools/compiler/ti-cgt-arm_20.2.7.LTS/lib/</path>
         <kind>archive</kind>
         <file>rtsv7M4_T_le_v4SPD16_eabi.lib</file>
         <name>strlen.c.obj</name>
      </input_file>
      <input_file id="fl-ea">
         <path>/home/marco/ti/ccs1230/ccs/tools/compiler/ti-cgt-arm_20.2.7.LTS/lib/</path>
         <kind>archive</kind>
         <file>rtsv7M4_T_le_v4SPD16_eabi.lib</file>
         <name>strncmp.c.obj</name>
      </input_file>
      <input_file id="fl-eb">
         <path>/home/marco/ti/ccs1230/ccs/tools/compiler/ti-cgt-arm_20.2.7.LTS/lib/</path>
         <kind>archive</kind>
         <file>rtsv7M4_T_le_v4SPD16_eabi.lib</file>
         <name>strncpy.c.obj</name>
      </input_file>
      <input_file id="fl-ec">
         <path>/home/marco/ti/ccs1230/ccs/tools/compiler/ti-cgt-arm_20.2.7.LTS/lib/</path>
         <kind>archive</kind>
         <file>rtsv7M4_T_le_v4SPD16_eabi.lib</file>
         <name>strtod.c.obj</name>
      </input_file>
      <input_file id="fl-ed">
         <path>/home/marco/ti/ccs1230/ccs/tools/compiler/ti-cgt-arm_20.2.7.LTS/lib/</path>
         <kind>archive</kind>
         <file>rtsv7M4_T_le_v4SPD16_eabi.lib</file>
         <name>strtok.c.obj</name>
      </input_file>
      <input_file id="fl-ee">
         <path>/home/marco/ti/ccs1230/ccs/tools/compiler/ti-cgt-arm_20.2.7.LTS/lib/</path>
         <kind>archive</kind>
         <file>rtsv7M4_T_le_v4SPD16_eabi.lib</file>
         <name>k_rem_pio2.c.obj</name>
      </input_file>
      <input_file id="fl-ef">
         <path>/home/marco/ti/ccs1230/ccs/tools/compiler/ti-cgt-arm_20.2.7.LTS/lib/</path>
         <kind>archive</kind>
         <file>rtsv7M4_T_le_v4SPD16_eabi.lib</file>
         <name>boot_cortex_m.c.obj</name>
      </input_file>
      <input_file id="fl-f0">
         <path>/home/marco/ti/ccs1230/ccs/tools/compiler/ti-cgt-arm_20.2.7.LTS/lib/</path>
         <kind>archive</kind>
         <file>rtsv7M4_T_le_v4SPD16_eabi.lib</file>
         <name>write.c.obj</name>
      </input_file>
      <input_file id="fl-f1">
         <path>/home/marco/ti/ccs1230/ccs/tools/compiler/ti-cgt-arm_20.2.7.LTS/lib/</path>
         <kind>archive</kind>
         <file>rtsv7M4_T_le_v4SPD16_eabi.lib</file>
         <name>host_device.c.obj</name>
      </input_file>
      <input_file id="fl-f2">
         <path>/home/marco/ti/ccs1230/ccs/tools/compiler/ti-cgt-arm_20.2.7.LTS/lib/</path>
         <kind>archive</kind>
         <file>rtsv7M4_T_le_v4SPD16_eabi.lib</file>
         <name>errno.c.obj</name>
      </input_file>
      <input_file id="fl-f3">
         <path>/home/marco/ti/ccs1230/ccs/tools/compiler/ti-cgt-arm_20.2.7.LTS/lib/</path>
         <kind>archive</kind>
         <file>rtsv7M4_T_le_v4SPD16_eabi.lib</file>
         <name>wcslen.c.obj</name>
      </input_file>
      <input_file id="fl-f4">
         <path>/home/marco/ti/ccs1230/ccs/tools/compiler/ti-cgt-arm_20.2.7.LTS/lib/</path>
         <kind>archive</kind>
         <file>rtsv7M4_T_le_v4SPD16_eabi.lib</file>
         <name>k_cos.c.obj</name>
      </input_file>
      <input_file id="fl-f5">
         <path>/home/marco/ti/ccs1230/ccs/tools/compiler/ti-cgt-arm_20.2.7.LTS/lib/</path>
         <kind>archive</kind>
         <file>rtsv7M4_T_le_v4SPD16_eabi.lib</file>
         <name>k_sin.c.obj</name>
      </input_file>
      <input_file id="fl-f6">
         <path>/home/marco/ti/ccs1230/ccs/tools/compiler/ti-cgt-arm_20.2.7.LTS/lib/</path>
         <kind>archive</kind>
         <file>rtsv7M4_T_le_v4SPD16_eabi.lib</file>
         <name>s_floor.c.obj</name>
      </input_file>
      <input_file id="fl-f7">
         <path>/home/marco/ti/ccs1230/ccs/tools/compiler/ti-cgt-arm_20.2.7.LTS/lib/</path>
         <kind>archive</kind>
         <file>rtsv7M4_T_le_v4SPD16_eabi.lib</file>
         <name>s_frexp.c.obj</name>
      </input_file>
      <input_file id="fl-f8">
         <path>/home/marco/ti/ccs1230/ccs/tools/compiler/ti-cgt-arm_20.2.7.LTS/lib/</path>
         <kind>archive</kind>
         <file>rtsv7M4_T_le_v4SPD16_eabi.lib</file>
         <name>s_scalbn.c.obj</name>
      </input_file>
      <input_file id="fl-f9">
         <path>/home/marco/ti/ccs1230/ccs/tools/compiler/ti-cgt-arm_20.2.7.LTS/lib/</path>
         <kind>archive</kind>
         <file>rtsv7M4_T_le_v4SPD16_eabi.lib</file>
         <name>fflush.c.obj</name>
      </input_file>
      <input_file id="fl-fa">
         <path>/home/marco/ti/ccs1230/ccs/tools/compiler/ti-cgt-arm_20.2.7.LTS/lib/</path>
         <kind>archive</kind>
         <file>rtsv7M4_T_le_v4SPD16_eabi.lib</file>
         <name>fopen.c.obj</name>
      </input_file>
      <input_file id="fl-fb">
         <path>/home/marco/ti/ccs1230/ccs/tools/compiler/ti-cgt-arm_20.2.7.LTS/lib/</path>
         <kind>archive</kind>
         <file>rtsv7M4_T_le_v4SPD16_eabi.lib</file>
         <name>fseek.c.obj</name>
      </input_file>
      <input_file id="fl-fc">
         <path>/home/marco/ti/ccs1230/ccs/tools/compiler/ti-cgt-arm_20.2.7.LTS/lib/</path>
         <kind>archive</kind>
         <file>rtsv7M4_T_le_v4SPD16_eabi.lib</file>
         <name>div0.asm.obj</name>
      </input_file>
      <input_file id="fl-fd">
         <path>/home/marco/ti/ccs1230/ccs/tools/compiler/ti-cgt-arm_20.2.7.LTS/lib/</path>
         <kind>archive</kind>
         <file>rtsv7M4_T_le_v4SPD16_eabi.lib</file>
         <name>autoinit.c.obj</name>
      </input_file>
      <input_file id="fl-fe">
         <path>/home/marco/ti/ccs1230/ccs/tools/compiler/ti-cgt-arm_20.2.7.LTS/lib/</path>
         <kind>archive</kind>
         <file>rtsv7M4_T_le_v4SPD16_eabi.lib</file>
         <name>pre_init.c.obj</name>
      </input_file>
      <input_file id="fl-ff">
         <path>/home/marco/ti/ccs1230/ccs/tools/compiler/ti-cgt-arm_20.2.7.LTS/lib/</path>
         <kind>archive</kind>
         <file>rtsv7M4_T_le_v4SPD16_eabi.lib</file>
         <name>cpy_tbl.c.obj</name>
      </input_file>
      <input_file id="fl-100">
         <path>/home/marco/ti/ccs1230/ccs/tools/compiler/ti-cgt-arm_20.2.7.LTS/lib/</path>
         <kind>archive</kind>
         <file>rtsv7M4_T_le_v4SPD16_eabi.lib</file>
         <name>args_main.c.obj</name>
      </input_file>
      <input_file id="fl-101">
         <path>/home/marco/ti/ccs1230/ccs/tools/compiler/ti-cgt-arm_20.2.7.LTS/lib/</path>
         <kind>archive</kind>
         <file>rtsv7M4_T_le_v4SPD16_eabi.lib</file>
         <name>strcspn.c.obj</name>
      </input_file>
      <input_file id="fl-102">
         <path>/home/marco/ti/ccs1230/ccs/tools/compiler/ti-cgt-arm_20.2.7.LTS/lib/</path>
         <kind>archive</kind>
         <file>rtsv7M4_T_le_v4SPD16_eabi.lib</file>
         <name>strspn.c.obj</name>
      </input_file>
      <input_file id="fl-103">
         <path>/home/marco/ti/ccs1230/ccs/tools/compiler/ti-cgt-arm_20.2.7.LTS/lib/</path>
         <kind>archive</kind>
         <file>rtsv7M4_T_le_v4SPD16_eabi.lib</file>
         <name>hostclose.c.obj</name>
      </input_file>
      <input_file id="fl-104">
         <path>/home/marco/ti/ccs1230/ccs/tools/compiler/ti-cgt-arm_20.2.7.LTS/lib/</path>
         <kind>archive</kind>
         <file>rtsv7M4_T_le_v4SPD16_eabi.lib</file>
         <name>hostlseek.c.obj</name>
      </input_file>
      <input_file id="fl-105">
         <path>/home/marco/ti/ccs1230/ccs/tools/compiler/ti-cgt-arm_20.2.7.LTS/lib/</path>
         <kind>archive</kind>
         <file>rtsv7M4_T_le_v4SPD16_eabi.lib</file>
         <name>hostopen.c.obj</name>
      </input_file>
      <input_file id="fl-106">
         <path>/home/marco/ti/ccs1230/ccs/tools/compiler/ti-cgt-arm_20.2.7.LTS/lib/</path>
         <kind>archive</kind>
         <file>rtsv7M4_T_le_v4SPD16_eabi.lib</file>
         <name>hostread.c.obj</name>
      </input_file>
      <input_file id="fl-107">
         <path>/home/marco/ti/ccs1230/ccs/tools/compiler/ti-cgt-arm_20.2.7.LTS/lib/</path>
         <kind>archive</kind>
         <file>rtsv7M4_T_le_v4SPD16_eabi.lib</file>
         <name>hostrename.c.obj</name>
      </input_file>
      <input_file id="fl-108">
         <path>/home/marco/ti/ccs1230/ccs/tools/compiler/ti-cgt-arm_20.2.7.LTS/lib/</path>
         <kind>archive</kind>
         <file>rtsv7M4_T_le_v4SPD16_eabi.lib</file>
         <name>hostunlink.c.obj</name>
      </input_file>
      <input_file id="fl-109">
         <path>/home/marco/ti/ccs1230/ccs/tools/compiler/ti-cgt-arm_20.2.7.LTS/lib/</path>
         <kind>archive</kind>
         <file>rtsv7M4_T_le_v4SPD16_eabi.lib</file>
         <name>hostwrite.c.obj</name>
      </input_file>
      <input_file id="fl-10a">
         <path>/home/marco/ti/ccs1230/ccs/tools/compiler/ti-cgt-arm_20.2.7.LTS/lib/</path>
         <kind>archive</kind>
         <file>rtsv7M4_T_le_v4SPD16_eabi.lib</file>
         <name>trgmsg.c.obj</name>
      </input_file>
      <input_file id="fl-10b">
         <path>/home/marco/ti/ccs1230/ccs/tools/compiler/ti-cgt-arm_20.2.7.LTS/lib/</path>
         <kind>archive</kind>
         <file>rtsv7M4_T_le_v4SPD16_eabi.lib</file>
         <name>open.c.obj</name>
      </input_file>
      <input_file id="fl-10c">
         <path>/home/marco/ti/ccs1230/ccs/tools/compiler/ti-cgt-arm_20.2.7.LTS/lib/</path>
         <kind>archive</kind>
         <file>rtsv7M4_T_le_v4SPD16_eabi.lib</file>
         <name>lseek.c.obj</name>
      </input_file>
      <input_file id="fl-10d">
         <path>/home/marco/ti/ccs1230/ccs/tools/compiler/ti-cgt-arm_20.2.7.LTS/lib/</path>
         <kind>archive</kind>
         <file>rtsv7M4_T_le_v4SPD16_eabi.lib</file>
         <name>s_copysign.c.obj</name>
      </input_file>
      <input_file id="fl-10e">
         <path>/home/marco/ti/ccs1230/ccs/tools/compiler/ti-cgt-arm_20.2.7.LTS/lib/</path>
         <kind>archive</kind>
         <file>rtsv7M4_T_le_v4SPD16_eabi.lib</file>
         <name>fclose.c.obj</name>
      </input_file>
      <input_file id="fl-10f">
         <path>/home/marco/ti/ccs1230/ccs/tools/compiler/ti-cgt-arm_20.2.7.LTS/lib/</path>
         <kind>archive</kind>
         <file>rtsv7M4_T_le_v4SPD16_eabi.lib</file>
         <name>getdevice.c.obj</name>
      </input_file>
      <input_file id="fl-110">
         <path>/home/marco/ti/ccs1230/ccs/tools/compiler/ti-cgt-arm_20.2.7.LTS/lib/</path>
         <kind>archive</kind>
         <file>rtsv7M4_T_le_v4SPD16_eabi.lib</file>
         <name>remove.c.obj</name>
      </input_file>
      <input_file id="fl-111">
         <path>/home/marco/ti/ccs1230/ccs/tools/compiler/ti-cgt-arm_20.2.7.LTS/lib/</path>
         <kind>archive</kind>
         <file>rtsv7M4_T_le_v4SPD16_eabi.lib</file>
         <name>close.c.obj</name>
      </input_file>
      <input_file id="fl-112">
         <path>/home/marco/ti/ccs1230/ccs/tools/compiler/ti-cgt-arm_20.2.7.LTS/lib/</path>
         <kind>archive</kind>
         <file>rtsv7M4_T_le_v4SPD16_eabi.lib</file>
         <name>unlink.c.obj</name>
      </input_file>
      <input_file id="fl-113">
         <path>/home/marco/UNI/5°semestre/ESIoT/progetto/MSP423/library/simplelink/simplelink_msp432p4_sdk_3_40_01_02/source/ti/devices/msp432p4xx/driverlib/ccs/</path>
         <kind>archive</kind>
         <file>msp432p4xx_driverlib.lib</file>
         <name>gpio.o</name>
      </input_file>
      <input_file id="fl-114">
         <path>/home/marco/UNI/5°semestre/ESIoT/progetto/MSP423/library/simplelink/simplelink_msp432p4_sdk_3_40_01_02/source/ti/devices/msp432p4xx/driverlib/ccs/</path>
         <kind>archive</kind>
         <file>msp432p4xx_driverlib.lib</file>
         <name>interrupt.o</name>
      </input_file>
      <input_file id="fl-115">
         <path>/home/marco/UNI/5°semestre/ESIoT/progetto/MSP423/library/simplelink/simplelink_msp432p4_sdk_3_40_01_02/source/ti/devices/msp432p4xx/driverlib/ccs/</path>
         <kind>archive</kind>
         <file>msp432p4xx_driverlib.lib</file>
         <name>timer_a.o</name>
      </input_file>
      <input_file id="fl-116">
         <path>/home/marco/UNI/5°semestre/ESIoT/progetto/MSP423/library/simplelink/simplelink_msp432p4_sdk_3_40_01_02/source/ti/devices/msp432p4xx/driverlib/ccs/</path>
         <kind>archive</kind>
         <file>msp432p4xx_driverlib.lib</file>
         <name>uart.o</name>
      </input_file>
      <input_file id="fl-117">
         <path>/home/marco/UNI/5°semestre/ESIoT/progetto/MSP423/library/simplelink/simplelink_msp432p4_sdk_3_40_01_02/source/ti/devices/msp432p4xx/driverlib/ccs/</path>
         <kind>archive</kind>
         <file>msp432p4xx_driverlib.lib</file>
         <name>wdt_a.o</name>
      </input_file>
      <input_file id="fl-118">
         <path>/home/marco/UNI/5°semestre/ESIoT/progetto/MSP423/library/simplelink/simplelink_msp432p4_sdk_3_40_01_02/source/ti/devices/msp432p4xx/driverlib/ccs/</path>
         <kind>archive</kind>
         <file>msp432p4xx_driverlib.lib</file>
         <name>cpu.o</name>
      </input_file>
      <input_file id="fl-119">
         <path>/home/marco/UNI/5°semestre/ESIoT/progetto/MSP423/library/simplelink/simplelink_msp432p4_sdk_3_40_01_02/source/ti/devices/msp432p4xx/driverlib/ccs/</path>
         <kind>archive</kind>
         <file>msp432p4xx_driverlib.lib</file>
         <name>sysctl_a.o</name>
      </input_file>
   </input_file_list>
   <object_component_list>
      <object_component id="oc-26">
         <name>.intvecs:retain</name>
         <load_address>0x0</load_address>
         <run_address>0x0</run_address>
         <size>0xe4</size>
         <input_file_ref idref="fl-4"/>
      </object_component>
      <object_component id="oc-34e">
         <name>.text:__TI_printfi</name>
         <load_address>0xe4</load_address>
         <run_address>0xe4</run_address>
         <size>0xa4e</size>
         <input_file_ref idref="fl-c6"/>
      </object_component>
      <object_component id="oc-3f1">
         <name>.text:_nop</name>
         <load_address>0xb32</load_address>
         <run_address>0xb32</run_address>
         <size>0x2</size>
         <input_file_ref idref="fl-dc"/>
      </object_component>
      <object_component id="oc-b9">
         <name>.text</name>
         <load_address>0xb34</load_address>
         <run_address>0xb34</run_address>
         <size>0xa10</size>
         <input_file_ref idref="fl-1"/>
      </object_component>
      <object_component id="oc-70">
         <name>.text</name>
         <load_address>0x1544</load_address>
         <run_address>0x1544</run_address>
         <size>0x870</size>
         <input_file_ref idref="fl-2"/>
      </object_component>
      <object_component id="oc-37d">
         <name>.text:__kernel_rem_pio2</name>
         <load_address>0x1db4</load_address>
         <run_address>0x1db4</run_address>
         <size>0x738</size>
         <input_file_ref idref="fl-ee"/>
      </object_component>
      <object_component id="oc-d1">
         <name>.text</name>
         <load_address>0x24ec</load_address>
         <run_address>0x24ec</run_address>
         <size>0x662</size>
         <input_file_ref idref="fl-3"/>
      </object_component>
      <object_component id="oc-3d4">
         <name>.text</name>
         <load_address>0x2b4e</load_address>
         <run_address>0x2b4e</run_address>
         <size>0x2</size>
         <input_file_ref idref="fl-fc"/>
      </object_component>
      <object_component id="oc-243">
         <name>.text:sin</name>
         <load_address>0x2b50</load_address>
         <run_address>0x2b50</run_address>
         <size>0x5e0</size>
         <input_file_ref idref="fl-c4"/>
      </object_component>
      <object_component id="oc-249">
         <name>.text:cos</name>
         <load_address>0x3130</load_address>
         <run_address>0x3130</run_address>
         <size>0x5dc</size>
         <input_file_ref idref="fl-c3"/>
      </object_component>
      <object_component id="oc-342">
         <name>.text:strtod</name>
         <load_address>0x370c</load_address>
         <run_address>0x370c</run_address>
         <size>0x460</size>
         <input_file_ref idref="fl-ec"/>
      </object_component>
      <object_component id="oc-ac">
         <name>.text</name>
         <load_address>0x3b6c</load_address>
         <run_address>0x3b6c</run_address>
         <size>0x334</size>
         <input_file_ref idref="fl-5"/>
      </object_component>
      <object_component id="oc-39a">
         <name>.text:atan</name>
         <load_address>0x3ea0</load_address>
         <run_address>0x3ea0</run_address>
         <size>0x2ec</size>
         <input_file_ref idref="fl-c2"/>
      </object_component>
      <object_component id="oc-450">
         <name>.text:_pconv_a</name>
         <load_address>0x418c</load_address>
         <run_address>0x418c</run_address>
         <size>0x270</size>
         <input_file_ref idref="fl-c6"/>
      </object_component>
      <object_component id="oc-255">
         <name>.text:atan2</name>
         <load_address>0x43fc</load_address>
         <run_address>0x43fc</run_address>
         <size>0x1e4</size>
         <input_file_ref idref="fl-c0"/>
      </object_component>
      <object_component id="oc-43e">
         <name>.text:_pconv_g</name>
         <load_address>0x45e0</load_address>
         <run_address>0x45e0</run_address>
         <size>0x1d0</size>
         <input_file_ref idref="fl-c6"/>
      </object_component>
      <object_component id="oc-228">
         <name>.text</name>
         <load_address>0x47b0</load_address>
         <run_address>0x47b0</run_address>
         <size>0x1b6</size>
         <input_file_ref idref="fl-cc"/>
      </object_component>
      <object_component id="oc-36d">
         <name>.text:__kernel_sin</name>
         <load_address>0x4968</load_address>
         <run_address>0x4968</run_address>
         <size>0x174</size>
         <input_file_ref idref="fl-f5"/>
      </object_component>
      <object_component id="oc-383">
         <name>.text:__kernel_cos</name>
         <load_address>0x4adc</load_address>
         <run_address>0x4adc</run_address>
         <size>0x170</size>
         <input_file_ref idref="fl-f4"/>
      </object_component>
      <object_component id="oc-24f">
         <name>.text:sqrt</name>
         <load_address>0x4c4c</load_address>
         <run_address>0x4c4c</run_address>
         <size>0x158</size>
         <input_file_ref idref="fl-c1"/>
      </object_component>
      <object_component id="oc-279">
         <name>.text:privateTimer_AProcessClockSourceDivider</name>
         <load_address>0x4da4</load_address>
         <run_address>0x4da4</run_address>
         <size>0x144</size>
         <input_file_ref idref="fl-115"/>
      </object_component>
      <object_component id="oc-44a">
         <name>.text:_pconv_e</name>
         <load_address>0x4ee8</load_address>
         <run_address>0x4ee8</run_address>
         <size>0x13c</size>
         <input_file_ref idref="fl-c6"/>
      </object_component>
      <object_component id="oc-223">
         <name>.text</name>
         <load_address>0x5024</load_address>
         <run_address>0x5024</run_address>
         <size>0x136</size>
         <input_file_ref idref="fl-ce"/>
      </object_component>
      <object_component id="oc-509">
         <name>.text:fcvt</name>
         <load_address>0x515c</load_address>
         <run_address>0x515c</run_address>
         <size>0x124</size>
         <input_file_ref idref="fl-c6"/>
      </object_component>
      <object_component id="oc-11a">
         <name>.text:UART_initModule</name>
         <load_address>0x5280</load_address>
         <run_address>0x5280</run_address>
         <size>0x11c</size>
         <input_file_ref idref="fl-116"/>
      </object_component>
      <object_component id="oc-4ae">
         <name>.text:fputs</name>
         <load_address>0x539c</load_address>
         <run_address>0x539c</run_address>
         <size>0x114</size>
         <input_file_ref idref="fl-c9"/>
      </object_component>
      <object_component id="oc-42a">
         <name>.text:scalbn</name>
         <load_address>0x54b0</load_address>
         <run_address>0x54b0</run_address>
         <size>0x110</size>
         <input_file_ref idref="fl-f8"/>
      </object_component>
      <object_component id="oc-3da">
         <name>.text:aligned_alloc</name>
         <load_address>0x55c0</load_address>
         <run_address>0x55c0</run_address>
         <size>0x100</size>
         <input_file_ref idref="fl-e4"/>
      </object_component>
      <object_component id="oc-23d">
         <name>.text</name>
         <load_address>0x56c0</load_address>
         <run_address>0x56c0</run_address>
         <size>0xfc</size>
         <input_file_ref idref="fl-cf"/>
      </object_component>
      <object_component id="oc-477">
         <name>.text:floor</name>
         <load_address>0x57bc</load_address>
         <run_address>0x57bc</run_address>
         <size>0xf8</size>
         <input_file_ref idref="fl-f6"/>
      </object_component>
      <object_component id="oc-132">
         <name>.text:free</name>
         <load_address>0x58b4</load_address>
         <run_address>0x58b4</run_address>
         <size>0xe4</size>
         <input_file_ref idref="fl-e4"/>
      </object_component>
      <object_component id="oc-59d">
         <name>.text:setvbuf</name>
         <load_address>0x5998</load_address>
         <run_address>0x5998</run_address>
         <size>0xdc</size>
         <input_file_ref idref="fl-cb"/>
      </object_component>
      <object_component id="oc-438">
         <name>.text:_ltostr</name>
         <load_address>0x5a74</load_address>
         <run_address>0x5a74</run_address>
         <size>0xb1</size>
         <input_file_ref idref="fl-c6"/>
      </object_component>
      <object_component id="oc-3a">
         <name>.text</name>
         <load_address>0x5b26</load_address>
         <run_address>0x5b26</run_address>
         <size>0x9c</size>
         <input_file_ref idref="fl-d4"/>
      </object_component>
      <object_component id="oc-4f0">
         <name>.text</name>
         <load_address>0x5bc2</load_address>
         <run_address>0x5bc2</run_address>
         <size>0x96</size>
         <input_file_ref idref="fl-d7"/>
      </object_component>
      <object_component id="oc-4b5">
         <name>.text:fputc</name>
         <load_address>0x5c58</load_address>
         <run_address>0x5c58</run_address>
         <size>0x8c</size>
         <input_file_ref idref="fl-c8"/>
      </object_component>
      <object_component id="oc-114">
         <name>.text:GPIO_setAsPeripheralModuleFunctionInputPin</name>
         <load_address>0x5ce4</load_address>
         <run_address>0x5ce4</run_address>
         <size>0x88</size>
         <input_file_ref idref="fl-113"/>
      </object_component>
      <object_component id="oc-378">
         <name>.text:__aeabi_cdcmple</name>
         <load_address>0x5d6c</load_address>
         <run_address>0x5d6c</run_address>
         <size>0x86</size>
         <input_file_ref idref="fl-cd"/>
      </object_component>
      <object_component id="oc-47d">
         <name>.text:__aeabi_cdrcmple</name>
         <load_address>0x5df2</load_address>
         <run_address>0x5df2</run_address>
         <size>0x86</size>
         <input_file_ref idref="fl-cd"/>
      </object_component>
      <object_component id="oc-150">
         <name>.text:GPIO_getEnabledInterruptStatus</name>
         <load_address>0x5e78</load_address>
         <run_address>0x5e78</run_address>
         <size>0x84</size>
         <input_file_ref idref="fl-113"/>
      </object_component>
      <object_component id="oc-138">
         <name>.text:Interrupt_enableInterrupt</name>
         <load_address>0x5efc</load_address>
         <run_address>0x5efc</run_address>
         <size>0x80</size>
         <input_file_ref idref="fl-114"/>
      </object_component>
      <object_component id="oc-94">
         <name>.text</name>
         <load_address>0x5f7c</load_address>
         <run_address>0x5f7c</run_address>
         <size>0x7a</size>
         <input_file_ref idref="fl-d5"/>
      </object_component>
      <object_component id="oc-5e9">
         <name>.text:__TI_closefile</name>
         <load_address>0x5ff8</load_address>
         <run_address>0x5ff8</run_address>
         <size>0x74</size>
         <input_file_ref idref="fl-10e"/>
      </object_component>
      <object_component id="oc-4c6">
         <name>.text:split</name>
         <load_address>0x606c</load_address>
         <run_address>0x606c</run_address>
         <size>0x70</size>
         <input_file_ref idref="fl-e4"/>
      </object_component>
      <object_component id="oc-502">
         <name>.text:_mcpy</name>
         <load_address>0x60dc</load_address>
         <run_address>0x60dc</run_address>
         <size>0x6e</size>
         <input_file_ref idref="fl-c6"/>
      </object_component>
      <object_component id="oc-22d">
         <name>.text</name>
         <load_address>0x614a</load_address>
         <run_address>0x614a</run_address>
         <size>0x6e</size>
         <input_file_ref idref="fl-d1"/>
      </object_component>
      <object_component id="oc-619">
         <name>.text:HOSTrename</name>
         <load_address>0x61b8</load_address>
         <run_address>0x61b8</run_address>
         <size>0x6c</size>
         <input_file_ref idref="fl-107"/>
      </object_component>
      <object_component id="oc-60d">
         <name>.text:HOSTlseek</name>
         <load_address>0x6224</load_address>
         <run_address>0x6224</run_address>
         <size>0x68</size>
         <input_file_ref idref="fl-104"/>
      </object_component>
      <object_component id="oc-c5">
         <name>.text:Timer_A_configureUpMode</name>
         <load_address>0x628c</load_address>
         <run_address>0x628c</run_address>
         <size>0x68</size>
         <input_file_ref idref="fl-115"/>
      </object_component>
      <object_component id="oc-17">
         <name>.text:decompress:lzss:__TI_decompress_lzss</name>
         <load_address>0x62f4</load_address>
         <run_address>0x62f4</run_address>
         <size>0x68</size>
         <input_file_ref idref="fl-da"/>
      </object_component>
      <object_component id="oc-263">
         <name>.text:printf</name>
         <load_address>0x635c</load_address>
         <run_address>0x635c</run_address>
         <size>0x68</size>
         <input_file_ref idref="fl-c5"/>
      </object_component>
      <object_component id="oc-15c">
         <name>.text:UART_getEnabledInterruptStatus</name>
         <load_address>0x63c4</load_address>
         <run_address>0x63c4</run_address>
         <size>0x64</size>
         <input_file_ref idref="fl-116"/>
      </object_component>
      <object_component id="oc-517">
         <name>.text:frexp</name>
         <load_address>0x6428</load_address>
         <run_address>0x6428</run_address>
         <size>0x64</size>
         <input_file_ref idref="fl-f7"/>
      </object_component>
      <object_component id="oc-597">
         <name>.text:fseek</name>
         <load_address>0x648c</load_address>
         <run_address>0x648c</run_address>
         <size>0x64</size>
         <input_file_ref idref="fl-fb"/>
      </object_component>
      <object_component id="oc-55a">
         <name>.text:__TI_wrt_ok</name>
         <load_address>0x64f0</load_address>
         <run_address>0x64f0</run_address>
         <size>0x62</size>
         <input_file_ref idref="fl-ca"/>
      </object_component>
      <object_component id="oc-5f5">
         <name>.text:HOSTopen</name>
         <load_address>0x6554</load_address>
         <run_address>0x6554</run_address>
         <size>0x60</size>
         <input_file_ref idref="fl-105"/>
      </object_component>
      <object_component id="oc-625">
         <name>.text:close</name>
         <load_address>0x65b4</load_address>
         <run_address>0x65b4</run_address>
         <size>0x5c</size>
         <input_file_ref idref="fl-111"/>
      </object_component>
      <object_component id="oc-bf">
         <name>.text:GPIO_setAsInputPinWithPullUpResistor</name>
         <load_address>0x6610</load_address>
         <run_address>0x6610</run_address>
         <size>0x58</size>
         <input_file_ref idref="fl-113"/>
      </object_component>
      <object_component id="oc-601">
         <name>.text:HOSTread</name>
         <load_address>0x6668</load_address>
         <run_address>0x6668</run_address>
         <size>0x58</size>
         <input_file_ref idref="fl-106"/>
      </object_component>
      <object_component id="oc-607">
         <name>.text:HOSTwrite</name>
         <load_address>0x66c0</load_address>
         <run_address>0x66c0</run_address>
         <size>0x58</size>
         <input_file_ref idref="fl-109"/>
      </object_component>
      <object_component id="oc-444">
         <name>.text:_pconv_f</name>
         <load_address>0x6718</load_address>
         <run_address>0x6718</run_address>
         <size>0x56</size>
         <input_file_ref idref="fl-c6"/>
      </object_component>
      <object_component id="oc-4f6">
         <name>.text:__TI_ltoa</name>
         <load_address>0x676e</load_address>
         <run_address>0x676e</run_address>
         <size>0x54</size>
         <input_file_ref idref="fl-dd"/>
      </object_component>
      <object_component id="oc-4fc">
         <name>.text:_ecpy</name>
         <load_address>0x67c2</load_address>
         <run_address>0x67c2</run_address>
         <size>0x52</size>
         <input_file_ref idref="fl-c6"/>
      </object_component>
      <object_component id="oc-566">
         <name>.text:__TI_doflush</name>
         <load_address>0x6814</load_address>
         <run_address>0x6814</run_address>
         <size>0x4c</size>
         <input_file_ref idref="fl-f9"/>
      </object_component>
      <object_component id="oc-25b">
         <name>.text:atoi</name>
         <load_address>0x6860</load_address>
         <run_address>0x6860</run_address>
         <size>0x4c</size>
         <input_file_ref idref="fl-df"/>
      </object_component>
      <object_component id="oc-1b7">
         <name>.text:exit</name>
         <load_address>0x68ac</load_address>
         <run_address>0x68ac</run_address>
         <size>0x48</size>
         <input_file_ref idref="fl-db"/>
      </object_component>
      <object_component id="oc-368">
         <name>.text</name>
         <load_address>0x68f4</load_address>
         <run_address>0x68f4</run_address>
         <size>0x48</size>
         <input_file_ref idref="fl-d0"/>
      </object_component>
      <object_component id="oc-5fb">
         <name>.text:HOSTclose</name>
         <load_address>0x693c</load_address>
         <run_address>0x693c</run_address>
         <size>0x44</size>
         <input_file_ref idref="fl-103"/>
      </object_component>
      <object_component id="oc-613">
         <name>.text:HOSTunlink</name>
         <load_address>0x6980</load_address>
         <run_address>0x6980</run_address>
         <size>0x44</size>
         <input_file_ref idref="fl-108"/>
      </object_component>
      <object_component id="oc-1bd">
         <name>.text:__TI_auto_init_nobinit_nopinit:__TI_auto_init_nobinit_nopinit</name>
         <load_address>0x69c4</load_address>
         <run_address>0x69c4</run_address>
         <size>0x44</size>
         <input_file_ref idref="fl-fd"/>
      </object_component>
      <object_component id="oc-654">
         <name>.text:getdevice</name>
         <load_address>0x6a08</load_address>
         <run_address>0x6a08</run_address>
         <size>0x44</size>
         <input_file_ref idref="fl-10f"/>
      </object_component>
      <object_component id="oc-102">
         <name>.text:GPIO_setAsOutputPin</name>
         <load_address>0x6a4c</load_address>
         <run_address>0x6a4c</run_address>
         <size>0x40</size>
         <input_file_ref idref="fl-113"/>
      </object_component>
      <object_component id="oc-282">
         <name>.text</name>
         <load_address>0x6a8c</load_address>
         <run_address>0x6a8c</run_address>
         <size>0x40</size>
         <input_file_ref idref="fl-d6"/>
      </object_component>
      <object_component id="oc-237">
         <name>.text:sprintf</name>
         <load_address>0x6acc</load_address>
         <run_address>0x6acc</run_address>
         <size>0x40</size>
         <input_file_ref idref="fl-c7"/>
      </object_component>
      <object_component id="oc-205">
         <name>.text:strtok</name>
         <load_address>0x6b0c</load_address>
         <run_address>0x6b0c</run_address>
         <size>0x40</size>
         <input_file_ref idref="fl-ed"/>
      </object_component>
      <object_component id="oc-50f">
         <name>.text:_fcpy</name>
         <load_address>0x6b4c</load_address>
         <run_address>0x6b4c</run_address>
         <size>0x3e</size>
         <input_file_ref idref="fl-c6"/>
      </object_component>
      <object_component id="oc-fb">
         <name>.text:GPIO_interruptEdgeSelect</name>
         <load_address>0x6b8c</load_address>
         <run_address>0x6b8c</run_address>
         <size>0x3c</size>
         <input_file_ref idref="fl-113"/>
      </object_component>
      <object_component id="oc-636">
         <name>.text:__TI_writemsg</name>
         <load_address>0x6bc8</load_address>
         <run_address>0x6bc8</run_address>
         <size>0x38</size>
         <input_file_ref idref="fl-10a"/>
      </object_component>
      <object_component id="oc-232">
         <name>.text</name>
         <load_address>0x6c00</load_address>
         <run_address>0x6c00</run_address>
         <size>0x38</size>
         <input_file_ref idref="fl-d2"/>
      </object_component>
      <object_component id="oc-217">
         <name>.text:strncpy</name>
         <load_address>0x6c38</load_address>
         <run_address>0x6c38</run_address>
         <size>0x36</size>
         <input_file_ref idref="fl-eb"/>
      </object_component>
      <object_component id="oc-126">
         <name>.text:UART_transmitData</name>
         <load_address>0x6c70</load_address>
         <run_address>0x6c70</run_address>
         <size>0x34</size>
         <input_file_ref idref="fl-116"/>
      </object_component>
      <object_component id="oc-5c0">
         <name>.text:__TI_cleanup</name>
         <load_address>0x6ca4</load_address>
         <run_address>0x6ca4</run_address>
         <size>0x34</size>
         <input_file_ref idref="fl-fa"/>
      </object_component>
      <object_component id="oc-63c">
         <name>.text:__TI_readmsg</name>
         <load_address>0x6cd8</load_address>
         <run_address>0x6cd8</run_address>
         <size>0x34</size>
         <input_file_ref idref="fl-10a"/>
      </object_component>
      <object_component id="oc-58">
         <name>.text:_c_int00_noargs:_c_int00_noargs</name>
         <load_address>0x6d0c</load_address>
         <run_address>0x6d0c</run_address>
         <size>0x34</size>
         <input_file_ref idref="fl-ef"/>
      </object_component>
      <object_component id="oc-144">
         <name>.text:GPIO_getInputPinValue</name>
         <load_address>0x6d40</load_address>
         <run_address>0x6d40</run_address>
         <size>0x30</size>
         <input_file_ref idref="fl-113"/>
      </object_component>
      <object_component id="oc-e9">
         <name>.text:UART_disableInterrupt</name>
         <load_address>0x6d70</load_address>
         <run_address>0x6d70</run_address>
         <size>0x30</size>
         <input_file_ref idref="fl-116"/>
      </object_component>
      <object_component id="oc-ef">
         <name>.text:UART_enableInterrupt</name>
         <load_address>0x6da0</load_address>
         <run_address>0x6da0</run_address>
         <size>0x30</size>
         <input_file_ref idref="fl-116"/>
      </object_component>
      <object_component id="oc-162">
         <name>.text:UART_receiveData</name>
         <load_address>0x6dd0</load_address>
         <run_address>0x6dd0</run_address>
         <size>0x30</size>
         <input_file_ref idref="fl-116"/>
      </object_component>
      <object_component id="oc-674">
         <name>.text:finddevice</name>
         <load_address>0x6e00</load_address>
         <run_address>0x6e00</run_address>
         <size>0x30</size>
         <input_file_ref idref="fl-10f"/>
      </object_component>
      <object_component id="oc-373">
         <name>.text</name>
         <load_address>0x6e30</load_address>
         <run_address>0x6e30</run_address>
         <size>0x2e</size>
         <input_file_ref idref="fl-d3"/>
      </object_component>
      <object_component id="oc-14a">
         <name>.text:Timer_A_clearCaptureCompareInterrupt</name>
         <load_address>0x6e60</load_address>
         <run_address>0x6e60</run_address>
         <size>0x2c</size>
         <input_file_ref idref="fl-115"/>
      </object_component>
      <object_component id="oc-1f9">
         <name>.text:strncmp</name>
         <load_address>0x6e8c</load_address>
         <run_address>0x6e8c</run_address>
         <size>0x2c</size>
         <input_file_ref idref="fl-ea"/>
      </object_component>
      <object_component id="oc-62b">
         <name>.text:unlink</name>
         <load_address>0x6eb8</load_address>
         <run_address>0x6eb8</run_address>
         <size>0x2c</size>
         <input_file_ref idref="fl-112"/>
      </object_component>
      <object_component id="oc-32b">
         <name>.text:strspn</name>
         <load_address>0x6ee4</load_address>
         <run_address>0x6ee4</run_address>
         <size>0x2a</size>
         <input_file_ref idref="fl-102"/>
      </object_component>
      <object_component id="oc-156">
         <name>.text:GPIO_clearInterruptFlag</name>
         <load_address>0x6f10</load_address>
         <run_address>0x6f10</run_address>
         <size>0x28</size>
         <input_file_ref idref="fl-113"/>
      </object_component>
      <object_component id="oc-f5">
         <name>.text:GPIO_enableInterrupt</name>
         <load_address>0x6f38</load_address>
         <run_address>0x6f38</run_address>
         <size>0x28</size>
         <input_file_ref idref="fl-113"/>
      </object_component>
      <object_component id="oc-10e">
         <name>.text:GPIO_setOutputHighOnPin</name>
         <load_address>0x6f60</load_address>
         <run_address>0x6f60</run_address>
         <size>0x28</size>
         <input_file_ref idref="fl-113"/>
      </object_component>
      <object_component id="oc-108">
         <name>.text:GPIO_setOutputLowOnPin</name>
         <load_address>0x6f88</load_address>
         <run_address>0x6f88</run_address>
         <size>0x28</size>
         <input_file_ref idref="fl-113"/>
      </object_component>
      <object_component id="oc-2d5">
         <name>.text:free_list_insert</name>
         <load_address>0x6fb0</load_address>
         <run_address>0x6fb0</run_address>
         <size>0x28</size>
         <input_file_ref idref="fl-e4"/>
      </object_component>
      <object_component id="oc-5b8">
         <name>.text:lseek</name>
         <load_address>0x6fd8</load_address>
         <run_address>0x6fd8</run_address>
         <size>0x28</size>
         <input_file_ref idref="fl-10c"/>
      </object_component>
      <object_component id="oc-56c">
         <name>.text:write</name>
         <load_address>0x7000</load_address>
         <run_address>0x7000</run_address>
         <size>0x28</size>
         <input_file_ref idref="fl-f0"/>
      </object_component>
      <object_component id="oc-2ec">
         <name>.text:GPIO_getInterruptStatus</name>
         <load_address>0x7028</load_address>
         <run_address>0x7028</run_address>
         <size>0x24</size>
         <input_file_ref idref="fl-113"/>
      </object_component>
      <object_component id="oc-b3">
         <name>.text:WDT_A_holdTimer</name>
         <load_address>0x704c</load_address>
         <run_address>0x704c</run_address>
         <size>0x24</size>
         <input_file_ref idref="fl-117"/>
      </object_component>
      <object_component id="oc-331">
         <name>.text:strcspn</name>
         <load_address>0x7070</load_address>
         <run_address>0x7070</run_address>
         <size>0x24</size>
         <input_file_ref idref="fl-101"/>
      </object_component>
      <object_component id="oc-560">
         <name>.text:memchr</name>
         <load_address>0x7094</load_address>
         <run_address>0x7094</run_address>
         <size>0x20</size>
         <input_file_ref idref="fl-e3"/>
      </object_component>
      <object_component id="oc-211">
         <name>.text:strcat</name>
         <load_address>0x70b4</load_address>
         <run_address>0x70b4</run_address>
         <size>0x1e</size>
         <input_file_ref idref="fl-e5"/>
      </object_component>
      <object_component id="oc-2cf">
         <name>.text:free_list_remove</name>
         <load_address>0x70d4</load_address>
         <run_address>0x70d4</run_address>
         <size>0x1c</size>
         <input_file_ref idref="fl-e4"/>
      </object_component>
      <object_component id="oc-456">
         <name>.text:memccpy</name>
         <load_address>0x70f0</load_address>
         <run_address>0x70f0</run_address>
         <size>0x1c</size>
         <input_file_ref idref="fl-e2"/>
      </object_component>
      <object_component id="oc-4e4">
         <name>.text:copysign</name>
         <load_address>0x710c</load_address>
         <run_address>0x710c</run_address>
         <size>0x1a</size>
         <input_file_ref idref="fl-10d"/>
      </object_component>
      <object_component id="oc-2f4">
         <name>.text:UART_getInterruptStatus</name>
         <load_address>0x7126</load_address>
         <run_address>0x7126</run_address>
         <size>0x18</size>
         <input_file_ref idref="fl-116"/>
      </object_component>
      <object_component id="oc-354">
         <name>.text:_outs</name>
         <load_address>0x713e</load_address>
         <run_address>0x713e</run_address>
         <size>0x18</size>
         <input_file_ref idref="fl-c7"/>
      </object_component>
      <object_component id="oc-20b">
         <name>.text:strcmp</name>
         <load_address>0x7156</load_address>
         <run_address>0x7156</run_address>
         <size>0x18</size>
         <input_file_ref idref="fl-e7"/>
      </object_component>
      <object_component id="oc-cb">
         <name>.text:Timer_A_startCounter</name>
         <load_address>0x716e</load_address>
         <run_address>0x716e</run_address>
         <size>0x16</size>
         <input_file_ref idref="fl-115"/>
      </object_component>
      <object_component id="oc-168">
         <name>.text:UART_clearInterruptFlag</name>
         <load_address>0x7184</load_address>
         <run_address>0x7184</run_address>
         <size>0x16</size>
         <input_file_ref idref="fl-116"/>
      </object_component>
      <object_component id="oc-120">
         <name>.text:UART_enableModule</name>
         <load_address>0x719a</load_address>
         <run_address>0x719a</run_address>
         <size>0x16</size>
         <input_file_ref idref="fl-116"/>
      </object_component>
      <object_component id="oc-51d">
         <name>.text:strchr</name>
         <load_address>0x71b0</load_address>
         <run_address>0x71b0</run_address>
         <size>0x16</size>
         <input_file_ref idref="fl-e6"/>
      </object_component>
      <object_component id="oc-1ff">
         <name>.text:strcpy</name>
         <load_address>0x71c6</load_address>
         <run_address>0x71c6</run_address>
         <size>0x14</size>
         <input_file_ref idref="fl-e8"/>
      </object_component>
      <object_component id="oc-12c">
         <name>.text:strlen</name>
         <load_address>0x71da</load_address>
         <run_address>0x71da</run_address>
         <size>0x14</size>
         <input_file_ref idref="fl-e9"/>
      </object_component>
      <object_component id="oc-21d">
         <name>.text:atof</name>
         <load_address>0x71ee</load_address>
         <run_address>0x71ee</run_address>
         <size>0x12</size>
         <input_file_ref idref="fl-de"/>
      </object_component>
      <object_component id="oc-45c">
         <name>.text:wcslen</name>
         <load_address>0x7200</load_address>
         <run_address>0x7200</run_address>
         <size>0x12</size>
         <input_file_ref idref="fl-f3"/>
      </object_component>
      <object_component id="oc-16e">
         <name>.text:Interrupt_disableSleepOnIsrExit</name>
         <load_address>0x7214</load_address>
         <run_address>0x7214</run_address>
         <size>0x10</size>
         <input_file_ref idref="fl-114"/>
      </object_component>
      <object_component id="oc-13e">
         <name>.text:Interrupt_enableMaster</name>
         <load_address>0x7224</load_address>
         <run_address>0x7224</run_address>
         <size>0x10</size>
         <input_file_ref idref="fl-114"/>
      </object_component>
      <object_component id="oc-1d">
         <name>.text:decompress:none:__TI_decompress_none</name>
         <load_address>0x7234</load_address>
         <run_address>0x7234</run_address>
         <size>0xe</size>
         <input_file_ref idref="fl-d9"/>
      </object_component>
      <object_component id="oc-6a">
         <name>.text</name>
         <load_address>0x7242</load_address>
         <run_address>0x7242</run_address>
         <size>0xe</size>
         <input_file_ref idref="fl-4"/>
      </object_component>
      <object_component id="oc-2e3">
         <name>.text:CPU_cpsie</name>
         <load_address>0x7250</load_address>
         <run_address>0x7250</run_address>
         <size>0xc</size>
         <input_file_ref idref="fl-118"/>
      </object_component>
      <object_component id="oc-4c">
         <name>.text:decompress:ZI:__TI_zero_init</name>
         <load_address>0x725c</load_address>
         <run_address>0x725c</run_address>
         <size>0xc</size>
         <input_file_ref idref="fl-d8"/>
      </object_component>
      <object_component id="oc-35a">
         <name>.text:_outc</name>
         <load_address>0x7268</load_address>
         <run_address>0x7268</run_address>
         <size>0xa</size>
         <input_file_ref idref="fl-c7"/>
      </object_component>
      <object_component id="oc-392">
         <name>.text:__aeabi_errno_addr</name>
         <load_address>0x7274</load_address>
         <run_address>0x7274</run_address>
         <size>0x8</size>
         <input_file_ref idref="fl-f2"/>
      </object_component>
      <object_component id="oc-287">
         <name>.text:malloc</name>
         <load_address>0x727c</load_address>
         <run_address>0x727c</run_address>
         <size>0x8</size>
         <input_file_ref idref="fl-e4"/>
      </object_component>
      <object_component id="oc-3b0">
         <name>.text:_outc</name>
         <load_address>0x7284</load_address>
         <run_address>0x7284</run_address>
         <size>0x4</size>
         <input_file_ref idref="fl-c5"/>
      </object_component>
      <object_component id="oc-3aa">
         <name>.text:_outs</name>
         <load_address>0x7288</load_address>
         <run_address>0x7288</run_address>
         <size>0x4</size>
         <input_file_ref idref="fl-c5"/>
      </object_component>
      <object_component id="oc-9a">
         <name>.text:_system_pre_init</name>
         <load_address>0x728c</load_address>
         <run_address>0x728c</run_address>
         <size>0x4</size>
         <input_file_ref idref="fl-fe"/>
      </object_component>
      <object_component id="oc-1b1">
         <name>.text:abort:abort</name>
         <load_address>0x7290</load_address>
         <run_address>0x7290</run_address>
         <size>0x4</size>
         <input_file_ref idref="fl-db"/>
      </object_component>
      <object_component id="oc-482">
         <name>.const:$O1$$</name>
         <load_address>0x7298</load_address>
         <run_address>0x7298</run_address>
         <size>0x158</size>
         <input_file_ref idref="fl-ee"/>
      </object_component>
      <object_component id="oc-3a2">
         <name>.const:.string:_ctypes_</name>
         <load_address>0x73f0</load_address>
         <run_address>0x73f0</run_address>
         <size>0x101</size>
         <input_file_ref idref="fl-e0"/>
      </object_component>
      <object_component id="oc-430">
         <name>.const:$O1$$</name>
         <load_address>0x74f8</load_address>
         <run_address>0x74f8</run_address>
         <size>0xc8</size>
         <input_file_ref idref="fl-ec"/>
      </object_component>
      <object_component id="oc-49f">
         <name>.const:$O1$$</name>
         <load_address>0x75c0</load_address>
         <run_address>0x75c0</run_address>
         <size>0x98</size>
         <input_file_ref idref="fl-c2"/>
      </object_component>
      <object_component id="oc-270">
         <name>.const:GPIO_PORT_TO_BASE</name>
         <load_address>0x7658</load_address>
         <run_address>0x7658</run_address>
         <size>0x30</size>
         <input_file_ref idref="fl-113"/>
      </object_component>
      <object_component id="oc-da">
         <name>.const:uartConfig0</name>
         <load_address>0x7688</load_address>
         <run_address>0x7688</run_address>
         <size>0x28</size>
         <input_file_ref idref="fl-2"/>
      </object_component>
      <object_component id="oc-dd">
         <name>.const:uartConfig1</name>
         <load_address>0x76b0</load_address>
         <run_address>0x76b0</run_address>
         <size>0x28</size>
         <input_file_ref idref="fl-2"/>
      </object_component>
      <object_component id="oc-e0">
         <name>.const:upConfig</name>
         <load_address>0x76d8</load_address>
         <run_address>0x76d8</run_address>
         <size>0x18</size>
         <input_file_ref idref="fl-2"/>
      </object_component>
      <object_component id="oc-2df">
         <name>.const:g_pulEnRegs</name>
         <load_address>0x76f0</load_address>
         <run_address>0x76f0</run_address>
         <size>0x8</size>
         <input_file_ref idref="fl-114"/>
      </object_component>
      <object_component id="oc-6bb">
         <name>.cinit..data.load</name>
         <load_address>0x76f8</load_address>
         <run_address>0x76f8</run_address>
         <size>0x90</size>
      </object_component>
      <object_component id="oc-6b9">
         <name>__TI_handler_table</name>
         <load_address>0x7788</load_address>
         <run_address>0x7788</run_address>
         <size>0xc</size>
      </object_component>
      <object_component id="oc-6bc">
         <name>.cinit..bss.load</name>
         <load_address>0x7798</load_address>
         <run_address>0x7798</run_address>
         <size>0x8</size>
      </object_component>
      <object_component id="oc-6ba">
         <name>__TI_cinit_table</name>
         <load_address>0x77a0</load_address>
         <run_address>0x77a0</run_address>
         <size>0x10</size>
      </object_component>
      <object_component id="oc-68d">
         <name>.binit</name>
         <load_address>0x0</load_address>
         <run_address>0x0</run_address>
         <size>0x0</size>
      </object_component>
      <object_component id="oc-e6">
         <name>.data:fsm</name>
         <load_address>0x20007a18</load_address>
         <run_address>0x20007a18</run_address>
         <size>0x30</size>
         <input_file_ref idref="fl-2"/>
      </object_component>
      <object_component id="oc-e3">
         <name>.data</name>
         <load_address>0x20007a74</load_address>
         <run_address>0x20007a74</run_address>
         <size>0x5</size>
         <input_file_ref idref="fl-2"/>
      </object_component>
      <object_component id="oc-1ef">
         <name>.data</name>
         <load_address>0x20007a84</load_address>
         <run_address>0x20007a84</run_address>
         <size>0x4</size>
         <input_file_ref idref="fl-5"/>
      </object_component>
      <object_component id="oc-304">
         <name>.data:$O1$$</name>
         <load_address>0x20007a58</load_address>
         <run_address>0x20007a58</run_address>
         <size>0xc</size>
         <input_file_ref idref="fl-db"/>
      </object_component>
      <object_component id="oc-2db">
         <name>.data:$O1$$</name>
         <load_address>0x20007a64</load_address>
         <run_address>0x20007a64</run_address>
         <size>0x8</size>
         <input_file_ref idref="fl-dc"/>
      </object_component>
      <object_component id="oc-3a7">
         <name>.data:_ftable</name>
         <load_address>0x20007860</load_address>
         <run_address>0x20007860</run_address>
         <size>0xf0</size>
         <input_file_ref idref="fl-e1"/>
      </object_component>
      <object_component id="oc-5ef">
         <name>.data</name>
         <load_address>0x20007a48</load_address>
         <run_address>0x20007a48</run_address>
         <size>0x10</size>
         <input_file_ref idref="fl-e1"/>
      </object_component>
      <object_component id="oc-3ec">
         <name>.data:$O1$$</name>
         <load_address>0x20007a6c</load_address>
         <run_address>0x20007a6c</run_address>
         <size>0x8</size>
         <input_file_ref idref="fl-e4"/>
      </object_component>
      <object_component id="oc-337">
         <name>.data</name>
         <load_address>0x20007a80</load_address>
         <run_address>0x20007a80</run_address>
         <size>0x4</size>
         <input_file_ref idref="fl-ed"/>
      </object_component>
      <object_component id="oc-5d3">
         <name>.data:_device</name>
         <load_address>0x20007950</load_address>
         <run_address>0x20007950</run_address>
         <size>0x78</size>
         <input_file_ref idref="fl-f1"/>
      </object_component>
      <object_component id="oc-5a9">
         <name>.data:_stream</name>
         <load_address>0x200079c8</load_address>
         <run_address>0x200079c8</run_address>
         <size>0x50</size>
         <input_file_ref idref="fl-f1"/>
      </object_component>
      <object_component id="oc-498">
         <name>.data</name>
         <load_address>0x20007a7c</load_address>
         <run_address>0x20007a7c</run_address>
         <size>0x4</size>
         <input_file_ref idref="fl-f2"/>
      </object_component>
      <object_component id="oc-242">
         <name>.bss:buffer_pos_to_decimal$1</name>
         <uninitialized>true</uninitialized>
         <run_address>0x20007424</run_address>
         <size>0xc</size>
         <input_file_ref idref="fl-1"/>
      </object_component>
      <object_component id="oc-261">
         <name>.bss:buffer_set_position$2</name>
         <uninitialized>true</uninitialized>
         <run_address>0x20007430</run_address>
         <size>0xc</size>
         <input_file_ref idref="fl-1"/>
      </object_component>
      <object_component id="oc-262">
         <name>.bss:buffer_temporal_separator$3</name>
         <uninitialized>true</uninitialized>
         <run_address>0x2000743c</run_address>
         <size>0xc</size>
         <input_file_ref idref="fl-1"/>
      </object_component>
      <object_component id="oc-28d">
         <name>.bss:buffer$1</name>
         <uninitialized>true</uninitialized>
         <run_address>0x200073fc</run_address>
         <size>0x14</size>
         <input_file_ref idref="fl-3"/>
      </object_component>
      <object_component id="oc-28e">
         <name>.bss:buffer$2</name>
         <uninitialized>true</uninitialized>
         <run_address>0x20007410</run_address>
         <size>0x14</size>
         <input_file_ref idref="fl-3"/>
      </object_component>
      <object_component id="oc-28f">
         <name>.bss:time$3</name>
         <uninitialized>true</uninitialized>
         <run_address>0x20007448</run_address>
         <size>0xc</size>
         <input_file_ref idref="fl-3"/>
      </object_component>
      <object_component id="oc-65e">
         <name>.bss:_CIOBUF_</name>
         <uninitialized>true</uninitialized>
         <run_address>0x20007178</run_address>
         <size>0x120</size>
         <input_file_ref idref="fl-10a"/>
      </object_component>
      <object_component id="oc-d7">
         <name>.common:gps</name>
         <uninitialized>true</uninitialized>
         <run_address>0x20007298</run_address>
         <size>0xc4</size>
      </object_component>
      <object_component id="oc-101">
         <name>.common:race</name>
         <uninitialized>true</uninitialized>
         <run_address>0x20000000</run_address>
         <size>0x7178</size>
      </object_component>
      <object_component id="oc-631">
         <name>.common:__TI_tmpnams</name>
         <uninitialized>true</uninitialized>
         <run_address>0x2000735c</run_address>
         <size>0xa0</size>
      </object_component>
      <object_component id="oc-642">
         <name>.common:parmbuf</name>
         <uninitialized>true</uninitialized>
         <run_address>0x20007454</run_address>
         <size>0x8</size>
      </object_component>
      <object_component id="oc-29">
         <name>.sysmem</name>
         <uninitialized>true</uninitialized>
         <run_address>0x20007460</run_address>
         <size>0x10</size>
         <input_file_ref idref="fl-e4"/>
      </object_component>
      <object_component id="oc-6bf">
         <name>.sysmem</name>
         <uninitialized>true</uninitialized>
         <run_address>0x20007460</run_address>
         <size>0x0</size>
      </object_component>
      <object_component id="oc-2c">
         <name>.stack</name>
         <uninitialized>true</uninitialized>
         <run_address>0x2000fe00</run_address>
         <size>0x4</size>
         <input_file_ref idref="fl-ef"/>
      </object_component>
      <object_component id="oc-6be">
         <name>.stack</name>
         <uninitialized>true</uninitialized>
         <run_address>0x2000fe00</run_address>
         <size>0x0</size>
      </object_component>
      <object_component id="oc-26a">
         <name>.debug_info</name>
         <load_address>0x0</load_address>
         <run_address>0x0</run_address>
         <size>0x5a0</size>
         <input_file_ref idref="fl-1"/>
      </object_component>
      <object_component id="oc-ba">
         <name>.debug_info</name>
         <load_address>0x5a0</load_address>
         <run_address>0x5a0</run_address>
         <size>0x19cb</size>
         <input_file_ref idref="fl-1"/>
      </object_component>
      <object_component id="oc-190">
         <name>.debug_info</name>
         <load_address>0x1f6b</load_address>
         <run_address>0x1f6b</run_address>
         <size>0x26b</size>
         <input_file_ref idref="fl-1"/>
      </object_component>
      <object_component id="oc-26b">
         <name>.debug_info</name>
         <load_address>0x21d6</load_address>
         <run_address>0x21d6</run_address>
         <size>0x187</size>
         <input_file_ref idref="fl-1"/>
      </object_component>
      <object_component id="oc-175">
         <name>.debug_info</name>
         <load_address>0x235d</load_address>
         <run_address>0x235d</run_address>
         <size>0x8b</size>
         <input_file_ref idref="fl-1"/>
      </object_component>
      <object_component id="oc-2fe">
         <name>.debug_info</name>
         <load_address>0x23e8</load_address>
         <run_address>0x23e8</run_address>
         <size>0x2a4</size>
         <input_file_ref idref="fl-1"/>
      </object_component>
      <object_component id="oc-2b2">
         <name>.debug_info</name>
         <load_address>0x268c</load_address>
         <run_address>0x268c</run_address>
         <size>0xcc</size>
         <input_file_ref idref="fl-1"/>
      </object_component>
      <object_component id="oc-362">
         <name>.debug_info</name>
         <load_address>0x2758</load_address>
         <run_address>0x2758</run_address>
         <size>0x2c</size>
         <input_file_ref idref="fl-1"/>
      </object_component>
      <object_component id="oc-2ad">
         <name>.debug_info</name>
         <load_address>0x2784</load_address>
         <run_address>0x2784</run_address>
         <size>0x35</size>
         <input_file_ref idref="fl-1"/>
      </object_component>
      <object_component id="oc-d8">
         <name>.debug_info</name>
         <load_address>0x27b9</load_address>
         <run_address>0x27b9</run_address>
         <size>0x12e5</size>
         <input_file_ref idref="fl-2"/>
      </object_component>
      <object_component id="oc-db">
         <name>.debug_info</name>
         <load_address>0x3a9e</load_address>
         <run_address>0x3a9e</run_address>
         <size>0x10b</size>
         <input_file_ref idref="fl-2"/>
      </object_component>
      <object_component id="oc-de">
         <name>.debug_info</name>
         <load_address>0x3ba9</load_address>
         <run_address>0x3ba9</run_address>
         <size>0x10b</size>
         <input_file_ref idref="fl-2"/>
      </object_component>
      <object_component id="oc-e1">
         <name>.debug_info</name>
         <load_address>0x3cb4</load_address>
         <run_address>0x3cb4</run_address>
         <size>0x105</size>
         <input_file_ref idref="fl-2"/>
      </object_component>
      <object_component id="oc-e7">
         <name>.debug_info</name>
         <load_address>0x3db9</load_address>
         <run_address>0x3db9</run_address>
         <size>0xfb</size>
         <input_file_ref idref="fl-2"/>
      </object_component>
      <object_component id="oc-e4">
         <name>.debug_info</name>
         <load_address>0x3eb4</load_address>
         <run_address>0x3eb4</run_address>
         <size>0x1a5</size>
         <input_file_ref idref="fl-2"/>
      </object_component>
      <object_component id="oc-71">
         <name>.debug_info</name>
         <load_address>0x4059</load_address>
         <run_address>0x4059</run_address>
         <size>0x194f</size>
         <input_file_ref idref="fl-2"/>
      </object_component>
      <object_component id="oc-294">
         <name>.debug_info</name>
         <load_address>0x59a8</load_address>
         <run_address>0x59a8</run_address>
         <size>0xb4</size>
         <input_file_ref idref="fl-2"/>
      </object_component>
      <object_component id="oc-29e">
         <name>.debug_info</name>
         <load_address>0x5a5c</load_address>
         <run_address>0x5a5c</run_address>
         <size>0x1055</size>
         <input_file_ref idref="fl-2"/>
      </object_component>
      <object_component id="oc-299">
         <name>.debug_info</name>
         <load_address>0x6ab1</load_address>
         <run_address>0x6ab1</run_address>
         <size>0x37e2</size>
         <input_file_ref idref="fl-2"/>
      </object_component>
      <object_component id="oc-17a">
         <name>.debug_info</name>
         <load_address>0xa293</load_address>
         <run_address>0xa293</run_address>
         <size>0x79</size>
         <input_file_ref idref="fl-2"/>
      </object_component>
      <object_component id="oc-2a3">
         <name>.debug_info</name>
         <load_address>0xa30c</load_address>
         <run_address>0xa30c</run_address>
         <size>0x107</size>
         <input_file_ref idref="fl-2"/>
      </object_component>
      <object_component id="oc-2a8">
         <name>.debug_info</name>
         <load_address>0xa413</load_address>
         <run_address>0xa413</run_address>
         <size>0x341</size>
         <input_file_ref idref="fl-2"/>
      </object_component>
      <object_component id="oc-189">
         <name>.debug_info</name>
         <load_address>0xa754</load_address>
         <run_address>0xa754</run_address>
         <size>0xef</size>
         <input_file_ref idref="fl-2"/>
      </object_component>
      <object_component id="oc-184">
         <name>.debug_info</name>
         <load_address>0xa843</load_address>
         <run_address>0xa843</run_address>
         <size>0xbb</size>
         <input_file_ref idref="fl-2"/>
      </object_component>
      <object_component id="oc-17f">
         <name>.debug_info</name>
         <load_address>0xa8fe</load_address>
         <run_address>0xa8fe</run_address>
         <size>0x102</size>
         <input_file_ref idref="fl-2"/>
      </object_component>
      <object_component id="oc-291">
         <name>.debug_info</name>
         <load_address>0xaa00</load_address>
         <run_address>0xaa00</run_address>
         <size>0x4a0</size>
         <input_file_ref idref="fl-3"/>
      </object_component>
      <object_component id="oc-d2">
         <name>.debug_info</name>
         <load_address>0xaea0</load_address>
         <run_address>0xaea0</run_address>
         <size>0x1488</size>
         <input_file_ref idref="fl-3"/>
      </object_component>
      <object_component id="oc-78">
         <name>.debug_info</name>
         <load_address>0xc328</load_address>
         <run_address>0xc328</run_address>
         <size>0x2fc</size>
         <input_file_ref idref="fl-4"/>
      </object_component>
      <object_component id="oc-27">
         <name>.debug_info</name>
         <load_address>0xc624</load_address>
         <run_address>0xc624</run_address>
         <size>0x128</size>
         <input_file_ref idref="fl-4"/>
      </object_component>
      <object_component id="oc-6b">
         <name>.debug_info</name>
         <load_address>0xc74c</load_address>
         <run_address>0xc74c</run_address>
         <size>0x1ef</size>
         <input_file_ref idref="fl-4"/>
      </object_component>
      <object_component id="oc-35">
         <name>.debug_info</name>
         <load_address>0xc93b</load_address>
         <run_address>0xc93b</run_address>
         <size>0x84</size>
         <input_file_ref idref="fl-4"/>
      </object_component>
      <object_component id="oc-1f0">
         <name>.debug_info</name>
         <load_address>0xc9bf</load_address>
         <run_address>0xc9bf</run_address>
         <size>0x121</size>
         <input_file_ref idref="fl-5"/>
      </object_component>
      <object_component id="oc-ad">
         <name>.debug_info</name>
         <load_address>0xcae0</load_address>
         <run_address>0xcae0</run_address>
         <size>0x293</size>
         <input_file_ref idref="fl-5"/>
      </object_component>
      <object_component id="oc-3a1">
         <name>.debug_info</name>
         <load_address>0xcd73</load_address>
         <run_address>0xcd73</run_address>
         <size>0x2a9</size>
         <input_file_ref idref="fl-c0"/>
      </object_component>
      <object_component id="oc-256">
         <name>.debug_info</name>
         <load_address>0xd01c</load_address>
         <run_address>0xd01c</run_address>
         <size>0x247</size>
         <input_file_ref idref="fl-c0"/>
      </object_component>
      <object_component id="oc-491">
         <name>.debug_info</name>
         <load_address>0xd263</load_address>
         <run_address>0xd263</run_address>
         <size>0x46</size>
         <input_file_ref idref="fl-c0"/>
      </object_component>
      <object_component id="oc-38b">
         <name>.debug_info</name>
         <load_address>0xd2a9</load_address>
         <run_address>0xd2a9</run_address>
         <size>0x39</size>
         <input_file_ref idref="fl-c0"/>
      </object_component>
      <object_component id="oc-399">
         <name>.debug_info</name>
         <load_address>0xd2e2</load_address>
         <run_address>0xd2e2</run_address>
         <size>0x2c5</size>
         <input_file_ref idref="fl-c1"/>
      </object_component>
      <object_component id="oc-253">
         <name>.debug_info</name>
         <load_address>0xd5a7</load_address>
         <run_address>0xd5a7</run_address>
         <size>0x24e</size>
         <input_file_ref idref="fl-c1"/>
      </object_component>
      <object_component id="oc-554">
         <name>.debug_info</name>
         <load_address>0xd7f5</load_address>
[...]
         <object_component_ref idref="oc-287"/>
      </symbol>
      <symbol id="sm-893">
         <name>aligned_alloc</name>
         <value>0x55c1</value>
         <object_component_ref idref="oc-3da"/>
      </symbol>
      <symbol id="sm-8a3">
         <name>strcat</name>
         <value>0x70b5</value>
         <object_component_ref idref="oc-211"/>
      </symbol>
      <symbol id="sm-8b3">
         <name>strchr</name>
         <value>0x71b1</value>
         <object_component_ref idref="oc-51d"/>
      </symbol>
      <symbol id="sm-8c2">
         <name>strcmp</name>
         <value>0x7157</value>
         <object_component_ref idref="oc-20b"/>
      </symbol>
      <symbol id="sm-8d0">
         <name>strcpy</name>
         <value>0x71c7</value>
         <object_component_ref idref="oc-1ff"/>
      </symbol>
      <symbol id="sm-8de">
         <name>strlen</name>
         <value>0x71db</value>
         <object_component_ref idref="oc-12c"/>
      </symbol>
      <symbol id="sm-8ee">
         <name>strncmp</name>
         <value>0x6e8d</value>
         <object_component_ref idref="oc-1f9"/>
      </symbol>
      <symbol id="sm-8fe">
         <name>strncpy</name>
         <value>0x6c39</value>
         <object_component_ref idref="oc-217"/>
      </symbol>
      <symbol id="sm-95e">
         <name>strtold</name>
         <value>0x370d</value>
         <object_component_ref idref="oc-342"/>
      </symbol>
      <symbol id="sm-95f">
         <name>strtod</name>
         <value>0x370d</value>
         <object_component_ref idref="oc-342"/>
      </symbol>
      <symbol id="sm-977">
         <name>strtok</name>
         <value>0x6b0d</value>
         <object_component_ref idref="oc-205"/>
      </symbol>
      <symbol id="sm-9e7">
         <name>__kernel_rem_pio2</name>
         <value>0x1db5</value>
         <object_component_ref idref="oc-37d"/>
      </symbol>
      <symbol id="sm-9fa">
         <name>__stack</name>
         <value>0x2000fe00</value>
         <object_component_ref idref="oc-2c"/>
      </symbol>
      <symbol id="sm-9fb">
         <name>_c_int00_noargs</name>
         <value>0x6d0d</value>
         <object_component_ref idref="oc-58"/>
      </symbol>
      <symbol id="sm-a15">
         <name>write</name>
         <value>0x7001</value>
         <object_component_ref idref="oc-56c"/>
      </symbol>
      <symbol id="sm-a26">
         <name>_stream</name>
         <value>0x200079c8</value>
         <object_component_ref idref="oc-5a9"/>
      </symbol>
      <symbol id="sm-a27">
         <name>_device</name>
         <value>0x20007950</value>
         <object_component_ref idref="oc-5d3"/>
      </symbol>
      <symbol id="sm-a3d">
         <name>__aeabi_errno_addr</name>
         <value>0x7275</value>
         <object_component_ref idref="oc-392"/>
      </symbol>
      <symbol id="sm-a3e">
         <name>errno</name>
         <value>0x20007a7c</value>
         <object_component_ref idref="oc-498"/>
      </symbol>
      <symbol id="sm-a57">
         <name>wcslen</name>
         <value>0x7201</value>
         <object_component_ref idref="oc-45c"/>
      </symbol>
      <symbol id="sm-a6d">
         <name>__kernel_cos</name>
         <value>0x4add</value>
         <object_component_ref idref="oc-383"/>
      </symbol>
      <symbol id="sm-a84">
         <name>__kernel_sin</name>
         <value>0x4969</value>
         <object_component_ref idref="oc-36d"/>
      </symbol>
      <symbol id="sm-aa1">
         <name>floorl</name>
         <value>0x57bd</value>
         <object_component_ref idref="oc-477"/>
      </symbol>
      <symbol id="sm-aa2">
         <name>floor</name>
         <value>0x57bd</value>
         <object_component_ref idref="oc-477"/>
      </symbol>
      <symbol id="sm-ab8">
         <name>frexpl</name>
         <value>0x6429</value>
         <object_component_ref idref="oc-517"/>
      </symbol>
      <symbol id="sm-ab9">
         <name>frexp</name>
         <value>0x6429</value>
         <object_component_ref idref="oc-517"/>
      </symbol>
      <symbol id="sm-ad6">
         <name>scalbn</name>
         <value>0x54b1</value>
         <object_component_ref idref="oc-42a"/>
      </symbol>
      <symbol id="sm-ad7">
         <name>scalbnl</name>
         <value>0x54b1</value>
         <object_component_ref idref="oc-42a"/>
      </symbol>
      <symbol id="sm-ad8">
         <name>ldexpl</name>
         <value>0x54b1</value>
         <object_component_ref idref="oc-42a"/>
      </symbol>
      <symbol id="sm-ad9">
         <name>ldexp</name>
         <value>0x54b1</value>
         <object_component_ref idref="oc-42a"/>
      </symbol>
      <symbol id="sm-ae9">
         <name>__TI_doflush</name>
         <value>0x6815</value>
         <object_component_ref idref="oc-566"/>
      </symbol>
      <symbol id="sm-af9">
         <name>__TI_cleanup</name>
         <value>0x6ca5</value>
         <object_component_ref idref="oc-5c0"/>
      </symbol>
      <symbol id="sm-b0b">
         <name>fseek</name>
         <value>0x648d</value>
         <object_component_ref idref="oc-597"/>
      </symbol>
      <symbol id="sm-b15">
         <name>__aeabi_idiv0</name>
         <value>0x2b4f</value>
         <object_component_ref idref="oc-3d4"/>
      </symbol>
      <symbol id="sm-b16">
         <name>__aeabi_ldiv0</name>
         <value>0x2b4f</value>
         <object_component_ref idref="oc-3d4"/>
      </symbol>
      <symbol id="sm-b3e">
         <name>__TI_auto_init_nobinit_nopinit</name>
         <value>0x69c5</value>
         <object_component_ref idref="oc-1bd"/>
      </symbol>
      <symbol id="sm-b48">
         <name>_system_pre_init</name>
         <value>0x728d</value>
         <object_component_ref idref="oc-9a"/>
      </symbol>
      <symbol id="sm-b5b">
         <name>strcspn</name>
         <value>0x7071</value>
         <object_component_ref idref="oc-331"/>
      </symbol>
      <symbol id="sm-b6d">
         <name>strspn</name>
         <value>0x6ee5</value>
         <object_component_ref idref="oc-32b"/>
      </symbol>
      <symbol id="sm-b7e">
         <name>HOSTclose</name>
         <value>0x693d</value>
         <object_component_ref idref="oc-5fb"/>
      </symbol>
      <symbol id="sm-b8f">
         <name>HOSTlseek</name>
         <value>0x6225</value>
         <object_component_ref idref="oc-60d"/>
      </symbol>
      <symbol id="sm-ba1">
         <name>parmbuf</name>
         <value>0x20007454</value>
      </symbol>
      <symbol id="sm-ba2">
         <name>HOSTopen</name>
         <value>0x6555</value>
         <object_component_ref idref="oc-5f5"/>
      </symbol>
      <symbol id="sm-bb3">
         <name>HOSTread</name>
         <value>0x6669</value>
         <object_component_ref idref="oc-601"/>
      </symbol>
      <symbol id="sm-bc4">
         <name>HOSTrename</name>
         <value>0x61b9</value>
         <object_component_ref idref="oc-619"/>
      </symbol>
      <symbol id="sm-bd5">
         <name>HOSTunlink</name>
         <value>0x6981</value>
         <object_component_ref idref="oc-613"/>
      </symbol>
      <symbol id="sm-be6">
         <name>HOSTwrite</name>
         <value>0x66c1</value>
         <object_component_ref idref="oc-607"/>
      </symbol>
      <symbol id="sm-c0a">
         <name>__TI_readmsg</name>
         <value>0x6cd9</value>
         <object_component_ref idref="oc-63c"/>
      </symbol>
      <symbol id="sm-c0b">
         <name>C$$IO$$</name>
         <value>0x6bf7</value>
         <object_component_ref idref="oc-636"/>
      </symbol>
      <symbol id="sm-c0c">
         <name>__CIOBUF_</name>
         <value>0x20007178</value>
         <object_component_ref idref="oc-65e"/>
      </symbol>
      <symbol id="sm-c0d">
         <name>__TI_writemsg</name>
         <value>0x6bc9</value>
         <object_component_ref idref="oc-636"/>
      </symbol>
      <symbol id="sm-c1e">
         <name>lseek</name>
         <value>0x6fd9</value>
         <object_component_ref idref="oc-5b8"/>
      </symbol>
      <symbol id="sm-c28">
         <name>copysign</name>
         <value>0x710d</value>
         <object_component_ref idref="oc-4e4"/>
      </symbol>
      <symbol id="sm-c29">
         <name>copysignl</name>
         <value>0x710d</value>
         <object_component_ref idref="oc-4e4"/>
      </symbol>
      <symbol id="sm-c3e">
         <name>__TI_closefile</name>
         <value>0x5ff9</value>
         <object_component_ref idref="oc-5e9"/>
      </symbol>
      <symbol id="sm-c61">
         <name>finddevice</name>
         <value>0x6e01</value>
         <object_component_ref idref="oc-674"/>
      </symbol>
      <symbol id="sm-c62">
         <name>getdevice</name>
         <value>0x6a09</value>
         <object_component_ref idref="oc-654"/>
      </symbol>
      <symbol id="sm-c77">
         <name>close</name>
         <value>0x65b5</value>
         <object_component_ref idref="oc-625"/>
      </symbol>
      <symbol id="sm-c87">
         <name>unlink</name>
         <value>0x6eb9</value>
         <object_component_ref idref="oc-62b"/>
      </symbol>
      <symbol id="sm-d31">
         <name>GPIO_setOutputHighOnPin</name>
         <value>0x6f61</value>
         <object_component_ref idref="oc-10e"/>
      </symbol>
      <symbol id="sm-d32">
         <name>GPIO_setAsInputPinWithPullUpResistor</name>
         <value>0x6611</value>
         <object_component_ref idref="oc-bf"/>
      </symbol>
      <symbol id="sm-d33">
         <name>GPIO_getInterruptStatus</name>
         <value>0x7029</value>
         <object_component_ref idref="oc-2ec"/>
      </symbol>
      <symbol id="sm-d34">
         <name>GPIO_enableInterrupt</name>
         <value>0x6f39</value>
         <object_component_ref idref="oc-f5"/>
      </symbol>
      <symbol id="sm-d35">
         <name>GPIO_getEnabledInterruptStatus</name>
         <value>0x5e79</value>
         <object_component_ref idref="oc-150"/>
      </symbol>
      <symbol id="sm-d36">
         <name>GPIO_setAsOutputPin</name>
         <value>0x6a4d</value>
         <object_component_ref idref="oc-102"/>
      </symbol>
      <symbol id="sm-d37">
         <name>GPIO_interruptEdgeSelect</name>
         <value>0x6b8d</value>
         <object_component_ref idref="oc-fb"/>
      </symbol>
      <symbol id="sm-d38">
         <name>GPIO_setOutputLowOnPin</name>
         <value>0x6f89</value>
         <object_component_ref idref="oc-108"/>
      </symbol>
      <symbol id="sm-d39">
         <name>GPIO_clearInterruptFlag</name>
         <value>0x6f11</value>
         <object_component_ref idref="oc-156"/>
      </symbol>
      <symbol id="sm-d3a">
         <name>GPIO_getInputPinValue</name>
         <value>0x6d41</value>
         <object_component_ref idref="oc-144"/>
      </symbol>
      <symbol id="sm-d3b">
         <name>GPIO_setAsPeripheralModuleFunctionInputPin</name>
         <value>0x5ce5</value>
         <object_component_ref idref="oc-114"/>
      </symbol>
      <symbol id="sm-d6b">
         <name>Interrupt_enableMaster</name>
         <value>0x7225</value>
         <object_component_ref idref="oc-13e"/>
      </symbol>
      <symbol id="sm-d6c">
         <name>Interrupt_enableInterrupt</name>
         <value>0x5efd</value>
         <object_component_ref idref="oc-138"/>
      </symbol>
      <symbol id="sm-d6d">
         <name>Interrupt_disableSleepOnIsrExit</name>
         <value>0x7215</value>
         <object_component_ref idref="oc-16e"/>
      </symbol>
      <symbol id="sm-dad">
         <name>Timer_A_clearCaptureCompareInterrupt</name>
         <value>0x6e61</value>
         <object_component_ref idref="oc-14a"/>
      </symbol>
      <symbol id="sm-dae">
         <name>Timer_A_startCounter</name>
         <value>0x716f</value>
         <object_component_ref idref="oc-cb"/>
      </symbol>
      <symbol id="sm-daf">
         <name>Timer_A_configureUpMode</name>
         <value>0x628d</value>
         <object_component_ref idref="oc-c5"/>
      </symbol>
      <symbol id="sm-e21">
         <name>UART_enableInterrupt</name>
         <value>0x6da1</value>
         <object_component_ref idref="oc-ef"/>
      </symbol>
      <symbol id="sm-e22">
         <name>UART_receiveData</name>
         <value>0x6dd1</value>
         <object_component_ref idref="oc-162"/>
      </symbol>
      <symbol id="sm-e23">
         <name>UART_enableModule</name>
         <value>0x719b</value>
         <object_component_ref idref="oc-120"/>
      </symbol>
      <symbol id="sm-e24">
         <name>UART_getEnabledInterruptStatus</name>
         <value>0x63c5</value>
         <object_component_ref idref="oc-15c"/>
      </symbol>
      <symbol id="sm-e25">
         <name>UART_transmitData</name>
         <value>0x6c71</value>
         <object_component_ref idref="oc-126"/>
      </symbol>
      <symbol id="sm-e26">
         <name>UART_getInterruptStatus</name>
         <value>0x7127</value>
         <object_component_ref idref="oc-2f4"/>
      </symbol>
      <symbol id="sm-e27">
         <name>UART_initModule</name>
         <value>0x5281</value>
         <object_component_ref idref="oc-11a"/>
      </symbol>
      <symbol id="sm-e28">
         <name>UART_clearInterruptFlag</name>
         <value>0x7185</value>
         <object_component_ref idref="oc-168"/>
      </symbol>
      <symbol id="sm-e29">
         <name>UART_disableInterrupt</name>
         <value>0x6d71</value>
         <object_component_ref idref="oc-e9"/>
      </symbol>
      <symbol id="sm-e35">
         <name>WDT_A_holdTimer</name>
         <value>0x704d</value>
         <object_component_ref idref="oc-b3"/>
      </symbol>
      <symbol id="sm-e3f">
         <name>CPU_cpsie</name>
         <value>0x7251</value>
         <object_component_ref idref="oc-2e3"/>
      </symbol>
      <symbol id="sm-e41">
         <name>__TI_static_base__</name>
         <value>0x0</value>
      </symbol>
      <symbol id="sm-e44">
         <name>__mpu_init</name>
         <value>0x0</value>
      </symbol>
      <symbol id="sm-e45">
         <name>_system_post_cinit</name>
         <value>0x0</value>
      </symbol>
      <symbol id="sm-e46">
         <name>NMI_Handler</name>
         <value>0x724f</value>
      </symbol>
      <symbol id="sm-e47">
         <name>HardFault_Handler</name>
         <value>0x724f</value>
      </symbol>
      <symbol id="sm-e48">
         <name>MemManage_Handler</name>
         <value>0x724f</value>
      </symbol>
      <symbol id="sm-e49">
         <name>BusFault_Handler</name>
         <value>0x724f</value>
      </symbol>
      <symbol id="sm-e4a">
         <name>UsageFault_Handler</name>
         <value>0x724f</value>
      </symbol>
      <symbol id="sm-e4b">
         <name>SVC_Handler</name>
         <value>0x724f</value>
      </symbol>
      <symbol id="sm-e4c">
         <name>DebugMon_Handler</name>
         <value>0x724f</value>
      </symbol>
      <symbol id="sm-e4d">
         <name>PendSV_Handler</name>
         <value>0x724f</value>
      </symbol>
      <symbol id="sm-e4e">
         <name>SysTick_Handler</name>
         <value>0x724f</value>
      </symbol>
      <symbol id="sm-e4f">
         <name>PSS_IRQHandler</name>
         <value>0x724f</value>
      </symbol>
      <symbol id="sm-e50">
         <name>CS_IRQHandler</name>
         <value>0x724f</value>
      </symbol>
      <symbol id="sm-e51">
         <name>PCM_IRQHandler</name>
         <value>0x724f</value>
      </symbol>
      <symbol id="sm-e52">
         <name>WDT_A_IRQHandler</name>
         <value>0x724f</value>
      </symbol>
      <symbol id="sm-e53">
         <name>FPU_IRQHandler</name>
         <value>0x724f</value>
      </symbol>
      <symbol id="sm-e54">
         <name>FLCTL_IRQHandler</name>
         <value>0x724f</value>
      </symbol>
      <symbol id="sm-e55">
         <name>COMP_E0_IRQHandler</name>
         <value>0x724f</value>
      </symbol>
      <symbol id="sm-e56">
         <name>COMP_E1_IRQHandler</name>
         <value>0x724f</value>
      </symbol>
      <symbol id="sm-e57">
         <name>TA0_0_IRQHandler</name>
         <value>0x724f</value>
      </symbol>
      <symbol id="sm-e58">
         <name>TA0_N_IRQHandler</name>
         <value>0x724f</value>
      </symbol>
      <symbol id="sm-e59">
         <name>TA1_0_IRQHandler</name>
         <value>0x1c35</value>
      </symbol>
      <symbol id="sm-e5a">
         <name>TA1_N_IRQHandler</name>
         <value>0x724f</value>
      </symbol>
      <symbol id="sm-e5b">
         <name>TA2_0_IRQHandler</name>
         <value>0x724f</value>
      </symbol>
      <symbol id="sm-e5c">
         <name>TA2_N_IRQHandler</name>
         <value>0x724f</value>
      </symbol>
      <symbol id="sm-e5d">
         <name>TA3_0_IRQHandler</name>
         <value>0x724f</value>
      </symbol>
      <symbol id="sm-e5e">
         <name>TA3_N_IRQHandler</name>
         <value>0x724f</value>
      </symbol>
      <symbol id="sm-e5f">
         <name>EUSCIA0_IRQHandler</name>
         <value>0x724f</value>
      </symbol>
      <symbol id="sm-e60">
         <name>EUSCIA1_IRQHandler</name>
         <value>0x724f</value>
      </symbol>
      <symbol id="sm-e61">
         <name>EUSCIA2_IRQHandler</name>
         <value>0x1cdb</value>
      </symbol>
      <symbol id="sm-e62">
         <name>EUSCIA3_IRQHandler</name>
         <value>0x724f</value>
      </symbol>
      <symbol id="sm-e63">
         <name>EUSCIB0_IRQHandler</name>
         <value>0x724f</value>
      </symbol>
      <symbol id="sm-e64">
         <name>EUSCIB1_IRQHandler</name>
         <value>0x724f</value>
      </symbol>
      <symbol id="sm-e65">
         <name>EUSCIB2_IRQHandler</name>
         <value>0x724f</value>
      </symbol>
      <symbol id="sm-e66">
         <name>EUSCIB3_IRQHandler</name>
         <value>0x724f</value>
      </symbol>
      <symbol id="sm-e67">
         <name>ADC14_IRQHandler</name>
         <value>0x724f</value>
      </symbol>
      <symbol id="sm-e68">
         <name>T32_INT1_IRQHandler</name>
         <value>0x724f</value>
      </symbol>
      <symbol id="sm-e69">
         <name>T32_INT2_IRQHandler</name>
         <value>0x724f</value>
      </symbol>
      <symbol id="sm-e6a">
         <name>T32_INTC_IRQHandler</name>
         <value>0x724f</value>
      </symbol>
      <symbol id="sm-e6b">
         <name>AES256_IRQHandler</name>
         <value>0x724f</value>
      </symbol>
      <symbol id="sm-e6c">
         <name>RTC_C_IRQHandler</name>
         <value>0x724f</value>
      </symbol>
      <symbol id="sm-e6d">
         <name>DMA_ERR_IRQHandler</name>
         <value>0x724f</value>
      </symbol>
      <symbol id="sm-e6e">
         <name>DMA_INT3_IRQHandler</name>
         <value>0x724f</value>
      </symbol>
      <symbol id="sm-e6f">
         <name>DMA_INT2_IRQHandler</name>
         <value>0x724f</value>
      </symbol>
      <symbol id="sm-e70">
         <name>DMA_INT1_IRQHandler</name>
         <value>0x724f</value>
      </symbol>
      <symbol id="sm-e71">
         <name>DMA_INT0_IRQHandler</name>
         <value>0x724f</value>
      </symbol>
      <symbol id="sm-e72">
         <name>PORT1_IRQHandler</name>
         <value>0x1c6f</value>
      </symbol>
      <symbol id="sm-e73">
         <name>PORT2_IRQHandler</name>
         <value>0x724f</value>
      </symbol>
      <symbol id="sm-e74">
         <name>PORT3_IRQHandler</name>
         <value>0x724f</value>
      </symbol>
      <symbol id="sm-e75">
         <name>PORT4_IRQHandler</name>
         <value>0x724f</value>
      </symbol>
      <symbol id="sm-e76">
         <name>PORT5_IRQHandler</name>
         <value>0x724f</value>
      </symbol>
      <symbol id="sm-e77">
         <name>PORT6_IRQHandler</name>
         <value>0x724f</value>
      </symbol>
      <symbol id="sm-e78">
         <name>remove</name>
         <value>0x6eb9</value>
      </symbol>
   </symbol_table>
   <title>Link successful</title>
</link_info>
